Processing command line options
Opening files
IP VALUE ERROR:  'audioengineering.com\n' does not appear to be an IPv4 or IPv6 address
CHECK IP audioengineering.com

208.126.32.108
IP VALUE ERROR:  'psamathe.net\n' does not appear to be an IPv4 or IPv6 address
CHECK IP psamathe.net

107.6.153.214
IP VALUE ERROR:  'batmanov.de\n' does not appear to be an IPv4 or IPv6 address
CHECK IP batmanov.de

217.160.0.219
IP VALUE ERROR:  'maureencooke.com\n' does not appear to be an IPv4 or IPv6 address
CHECK IP maureencooke.com

INVALID HOSTNAME ERROR:  [Errno -5] No address associated with hostname
IP VALUE ERROR:  'maureenfcooke.com\n' does not appear to be an IPv4 or IPv6 address
CHECK IP maureenfcooke.com

INVALID HOSTNAME ERROR:  [Errno -3] Temporary failure in name resolution
IP VALUE ERROR:  'boshandmurphy.com\n' does not appear to be an IPv4 or IPv6 address
CHECK IP boshandmurphy.com

156.254.213.41
IP VALUE ERROR:  'buscharter.com.au\n' does not appear to be an IPv4 or IPv6 address
CHECK IP buscharter.com.au

188.114.97.0
IP VALUE ERROR:  'www.potteryalpacas.co.uk\n' does not appear to be an IPv4 or IPv6 address
CHECK IP www.potteryalpacas.co.uk

104.21.8.124
IP VALUE ERROR:  'metrorail.com.ng\n' does not appear to be an IPv4 or IPv6 address
CHECK IP metrorail.com.ng

108.179.235.106
IP VALUE ERROR:  'nsixtymedia.com\n' does not appear to be an IPv4 or IPv6 address
CHECK IP nsixtymedia.com

52.73.103.42
IP VALUE ERROR:  'webdav.ppmrecruit.com\n' does not appear to be an IPv4 or IPv6 address
CHECK IP webdav.ppmrecruit.com

162.13.46.210
IP VALUE ERROR:  'www.d-tradlogo.ch\n' does not appear to be an IPv4 or IPv6 address
CHECK IP www.d-tradlogo.ch

83.173.205.128
IP VALUE ERROR:  'www.portal.myspotmarketing.com\n' does not appear to be an IPv4 or IPv6 address
CHECK IP www.portal.myspotmarketing.com

INVALID HOSTNAME ERROR:  [Errno -2] Name or service not known
IP VALUE ERROR:  'privy.com\n' does not appear to be an IPv4 or IPv6 address
CHECK IP privy.com

104.22.21.108
IP VALUE ERROR:  'omegafire.co.uk\n' does not appear to be an IPv4 or IPv6 address
CHECK IP omegafire.co.uk

199.59.243.222
IP VALUE ERROR:  'batmanov.ch\n' does not appear to be an IPv4 or IPv6 address
CHECK IP batmanov.ch

188.114.97.0
IP VALUE ERROR:  'caddishome.co.uk\n' does not appear to be an IPv4 or IPv6 address
CHECK IP caddishome.co.uk

188.114.96.0
IP VALUE ERROR:  'mail.d-translingua.ch\n' does not appear to be an IPv4 or IPv6 address
CHECK IP mail.d-translingua.ch

INVALID HOSTNAME ERROR:  [Errno -3] Temporary failure in name resolution
IP VALUE ERROR:  'www.smithqc.ca\n' does not appear to be an IPv4 or IPv6 address
CHECK IP www.smithqc.ca

149.56.23.144
IP VALUE ERROR:  'ktcgkpv.org\n' does not appear to be an IPv4 or IPv6 address
CHECK IP ktcgkpv.org

45.77.171.47
IP VALUE ERROR:  'privy-staging.com\n' does not appear to be an IPv4 or IPv6 address
CHECK IP privy-staging.com

104.26.5.155
IP VALUE ERROR:  'sliver85.eu\n' does not appear to be an IPv4 or IPv6 address
CHECK IP sliver85.eu

23.94.220.18
IP VALUE ERROR:  'qoobic.co.uk\n' does not appear to be an IPv4 or IPv6 address
CHECK IP qoobic.co.uk

188.114.96.0
IP VALUE ERROR:  'www.dev.myspotmarketing.com\n' does not appear to be an IPv4 or IPv6 address
CHECK IP www.dev.myspotmarketing.com

87.106.253.104
IP VALUE ERROR:  'mail.d-tradlogo.ch\n' does not appear to be an IPv4 or IPv6 address
CHECK IP mail.d-tradlogo.ch

83.173.205.128
IP VALUE ERROR:  'satomsa.ch\n' does not appear to be an IPv4 or IPv6 address
CHECK IP satomsa.ch

128.65.195.56
IP VALUE ERROR:  'probello.nl\n' does not appear to be an IPv4 or IPv6 address
CHECK IP probello.nl

141.138.169.225
IP VALUE ERROR:  'principalhomerepair.com\n' does not appear to be an IPv4 or IPv6 address
CHECK IP principalhomerepair.com

198.187.29.237
IP VALUE ERROR:  'mail.currenge.com\n' does not appear to be an IPv4 or IPv6 address
CHECK IP mail.currenge.com

52.60.222.59
IP VALUE ERROR:  'bushire.com.au\n' does not appear to be an IPv4 or IPv6 address
CHECK IP bushire.com.au

188.114.97.0
IP VALUE ERROR:  'bookingbeyond.com\n' does not appear to be an IPv4 or IPv6 address
CHECK IP bookingbeyond.com

172.67.200.7
IP VALUE ERROR:  'aden.bluserwer.pl\n' does not appear to be an IPv4 or IPv6 address
CHECK IP aden.bluserwer.pl

46.238.215.10
IP VALUE ERROR:  'james.hargreaves.me.uk\n' does not appear to be an IPv4 or IPv6 address
CHECK IP james.hargreaves.me.uk

162.13.46.210
IP VALUE ERROR:  'probello.eu\n' does not appear to be an IPv4 or IPv6 address
CHECK IP probello.eu

141.138.169.225
IP VALUE ERROR:  'carrarotractors.com\n' does not appear to be an IPv4 or IPv6 address
CHECK IP carrarotractors.com

34.65.31.248
IP VALUE ERROR:  'carrarodrivetech.com\n' does not appear to be an IPv4 or IPv6 address
CHECK IP carrarodrivetech.com

35.214.235.251
IP VALUE ERROR:  'nsixty.net\n' does not appear to be an IPv4 or IPv6 address
CHECK IP nsixty.net

52.205.165.68
IP VALUE ERROR:  'www.omegafire.co.uk\n' does not appear to be an IPv4 or IPv6 address
CHECK IP www.omegafire.co.uk

199.59.243.222
IP VALUE ERROR:  'rdi1.com\n' does not appear to be an IPv4 or IPv6 address
CHECK IP rdi1.com

208.126.32.107
IP VALUE ERROR:  'reeniefoley.com\n' does not appear to be an IPv4 or IPv6 address
CHECK IP reeniefoley.com

INVALID HOSTNAME ERROR:  [Errno -3] Temporary failure in name resolution
IP VALUE ERROR:  'ht-ch.synology.me\n' does not appear to be an IPv4 or IPv6 address
CHECK IP ht-ch.synology.me

83.173.205.128
IP VALUE ERROR:  'transporters.io\n' does not appear to be an IPv4 or IPv6 address
CHECK IP transporters.io

172.67.73.54
IP VALUE ERROR:  'www.bookitware.com\n' does not appear to be an IPv4 or IPv6 address
CHECK IP www.bookitware.com

216.58.208.115
IP VALUE ERROR:  'chunklechip.work\n' does not appear to be an IPv4 or IPv6 address
CHECK IP chunklechip.work

INVALID HOSTNAME ERROR:  [Errno -5] No address associated with hostname
IP VALUE ERROR:  'www.ppmrecruit.com\n' does not appear to be an IPv4 or IPv6 address
CHECK IP www.ppmrecruit.com

104.21.10.223
IP VALUE ERROR:  'uiblog.it\n' does not appear to be an IPv4 or IPv6 address
CHECK IP uiblog.it

104.21.14.214
IP VALUE ERROR:  'cloudun.de\n' does not appear to be an IPv4 or IPv6 address
CHECK IP cloudun.de

212.227.214.50
IP VALUE ERROR:  'demo1.virtual.ax\n' does not appear to be an IPv4 or IPv6 address
CHECK IP demo1.virtual.ax

65.21.56.69
IP VALUE ERROR:  'www.bowdonrufc.com\n' does not appear to be an IPv4 or IPv6 address
CHECK IP www.bowdonrufc.com

188.114.96.0
IP VALUE ERROR:  'smithqc.ca\n' does not appear to be an IPv4 or IPv6 address
CHECK IP smithqc.ca

149.56.23.144
IP VALUE ERROR:  'www.boshandmurphy.com\n' does not appear to be an IPv4 or IPv6 address
CHECK IP www.boshandmurphy.com

156.254.213.41
IP VALUE ERROR:  'competent-company.com\n' does not appear to be an IPv4 or IPv6 address
CHECK IP competent-company.com

INVALID HOSTNAME ERROR:  [Errno -3] Temporary failure in name resolution
IP VALUE ERROR:  'mikewieland.ch\n' does not appear to be an IPv4 or IPv6 address
CHECK IP mikewieland.ch

94.231.94.134
IP VALUE ERROR:  'greengrasspr.com\n' does not appear to be an IPv4 or IPv6 address
CHECK IP greengrasspr.com

INVALID HOSTNAME ERROR:  [Errno -2] Name or service not known
IP VALUE ERROR:  'intrepid.de\n' does not appear to be an IPv4 or IPv6 address
CHECK IP intrepid.de

85.214.33.84
IP VALUE ERROR:  'vaxthusbutik.se\n' does not appear to be an IPv4 or IPv6 address
CHECK IP vaxthusbutik.se

INVALID HOSTNAME ERROR:  [Errno -2] Name or service not known
IP VALUE ERROR:  'bellenbunty.win\n' does not appear to be an IPv4 or IPv6 address
CHECK IP bellenbunty.win

INVALID HOSTNAME ERROR:  [Errno -2] Name or service not known
IP VALUE ERROR:  'corwenanddistrictanglingclub.co.uk\n' does not appear to be an IPv4 or IPv6 address
CHECK IP corwenanddistrictanglingclub.co.uk

172.67.133.246
IP VALUE ERROR:  'nikolaithewolfdog.com\n' does not appear to be an IPv4 or IPv6 address
CHECK IP nikolaithewolfdog.com

INVALID HOSTNAME ERROR:  [Errno -5] No address associated with hostname
IP VALUE ERROR:  'desdea.com\n' does not appear to be an IPv4 or IPv6 address
CHECK IP desdea.com

199.36.158.100
IP VALUE ERROR:  'brindalpagas.ca\n' does not appear to be an IPv4 or IPv6 address
CHECK IP brindalpagas.ca

149.56.23.144
IP VALUE ERROR:  'agritalia.it\n' does not appear to be an IPv4 or IPv6 address
CHECK IP agritalia.it

35.214.235.251
IP VALUE ERROR:  'inkitiki.com\n' does not appear to be an IPv4 or IPv6 address
CHECK IP inkitiki.com

185.199.108.153
IP VALUE ERROR:  'www.corwenanddistrictanglingclub.co.uk\n' does not appear to be an IPv4 or IPv6 address
CHECK IP www.corwenanddistrictanglingclub.co.uk

104.21.25.93
IP VALUE ERROR:  'docupet.com\n' does not appear to be an IPv4 or IPv6 address
CHECK IP docupet.com

104.197.180.14
IP VALUE ERROR:  'rdiworks.com\n' does not appear to be an IPv4 or IPv6 address
CHECK IP rdiworks.com

208.126.32.111
IP VALUE ERROR:  'backoffice.shop.nanotempertech.com\n' does not appear to be an IPv4 or IPv6 address
CHECK IP backoffice.shop.nanotempertech.com

52.29.26.169
IP VALUE ERROR:  'nomzamo.spdns.org\n' does not appear to be an IPv4 or IPv6 address
CHECK IP nomzamo.spdns.org

212.241.103.156
IP VALUE ERROR:  'www.qoobic.co.uk\n' does not appear to be an IPv4 or IPv6 address
CHECK IP www.qoobic.co.uk

188.114.96.0
IP VALUE ERROR:  'laaxapartment.com\n' does not appear to be an IPv4 or IPv6 address
CHECK IP laaxapartment.com

INVALID HOSTNAME ERROR:  [Errno -2] Name or service not known
IP VALUE ERROR:  'mycifr.com\n' does not appear to be an IPv4 or IPv6 address
CHECK IP mycifr.com

INVALID HOSTNAME ERROR:  [Errno -5] No address associated with hostname
IP VALUE ERROR:  'potteryalpacas.co.uk\n' does not appear to be an IPv4 or IPv6 address
CHECK IP potteryalpacas.co.uk

172.67.157.88
IP VALUE ERROR:  'groupquality.com\n' does not appear to be an IPv4 or IPv6 address
CHECK IP groupquality.com

101.0.112.7
IP VALUE ERROR:  'backend.borisfx.com\n' does not appear to be an IPv4 or IPv6 address
CHECK IP backend.borisfx.com

54.221.251.148
IP VALUE ERROR:  'ht-it-backup.synology.me\n' does not appear to be an IPv4 or IPv6 address
CHECK IP ht-it-backup.synology.me

INVALID HOSTNAME ERROR:  [Errno -2] Name or service not known
IP VALUE ERROR:  'scandienst.de\n' does not appear to be an IPv4 or IPv6 address
CHECK IP scandienst.de

81.169.145.158
IP VALUE ERROR:  'www.ht-ch.synology.me\n' does not appear to be an IPv4 or IPv6 address
CHECK IP www.ht-ch.synology.me

83.173.205.128
IP VALUE ERROR:  'ppleads.getlandy.com\n' does not appear to be an IPv4 or IPv6 address
CHECK IP ppleads.getlandy.com

INVALID HOSTNAME ERROR:  [Errno -5] No address associated with hostname
IP VALUE ERROR:  'siapgears.com\n' does not appear to be an IPv4 or IPv6 address
CHECK IP siapgears.com

35.214.235.251
IP VALUE ERROR:  'oliver-fassbender.de\n' does not appear to be an IPv4 or IPv6 address
CHECK IP oliver-fassbender.de

85.214.33.84
IP VALUE ERROR:  'dashboard.istatus.com\n' does not appear to be an IPv4 or IPv6 address
CHECK IP dashboard.istatus.com

208.126.32.119
IP VALUE ERROR:  '4jaegerzug-gustorf.de\n' does not appear to be an IPv4 or IPv6 address
CHECK IP 4jaegerzug-gustorf.de

85.214.33.84
IP VALUE ERROR:  'rocketfailover.com\n' does not appear to be an IPv4 or IPv6 address
CHECK IP rocketfailover.com

208.126.32.45
IP VALUE ERROR:  'nogoodnamesleft.net\n' does not appear to be an IPv4 or IPv6 address
CHECK IP nogoodnamesleft.net

107.6.153.214
IP VALUE ERROR:  'storynomy.com\n' does not appear to be an IPv4 or IPv6 address
CHECK IP storynomy.com

34.102.136.180
IP VALUE ERROR:  'probello.be\n' does not appear to be an IPv4 or IPv6 address
CHECK IP probello.be

141.138.169.225
IP VALUE ERROR:  'bowdonrufc.com\n' does not appear to be an IPv4 or IPv6 address
CHECK IP bowdonrufc.com

188.114.96.0
IP VALUE ERROR:  'scandienst.net\n' does not appear to be an IPv4 or IPv6 address
CHECK IP scandienst.net

81.169.145.93
IP VALUE ERROR:  'element119.com\n' does not appear to be an IPv4 or IPv6 address
CHECK IP element119.com

188.114.96.0
IP VALUE ERROR:  'bookamat.com\n' does not appear to be an IPv4 or IPv6 address
CHECK IP bookamat.com

212.83.34.228
IP VALUE ERROR:  'www.funbus.me.uk\n' does not appear to be an IPv4 or IPv6 address
CHECK IP www.funbus.me.uk

INVALID HOSTNAME ERROR:  [Errno -2] Name or service not known
IP VALUE ERROR:  'okoboji.com\n' does not appear to be an IPv4 or IPv6 address
CHECK IP okoboji.com

208.126.32.122
IP VALUE ERROR:  'docs.ppmrecruit.com\n' does not appear to be an IPv4 or IPv6 address
CHECK IP docs.ppmrecruit.com

104.21.10.223
IP VALUE ERROR:  'register.ppmrecruit.com\n' does not appear to be an IPv4 or IPv6 address
CHECK IP register.ppmrecruit.com

104.21.10.223
IP VALUE ERROR:  'themadcaretiver.com\n' does not appear to be an IPv4 or IPv6 address
CHECK IP themadcaretiver.com

INVALID HOSTNAME ERROR:  [Errno -2] Name or service not known
IP VALUE ERROR:  'transportnetworkaustralia.com.au\n' does not appear to be an IPv4 or IPv6 address
CHECK IP transportnetworkaustralia.com.au

188.114.97.0
IP VALUE ERROR:  'funbus.me.uk\n' does not appear to be an IPv4 or IPv6 address
CHECK IP funbus.me.uk

INVALID HOSTNAME ERROR:  [Errno -2] Name or service not known
IP VALUE ERROR:  'psamathe.eu\n' does not appear to be an IPv4 or IPv6 address
CHECK IP psamathe.eu

INVALID HOSTNAME ERROR:  [Errno -2] Name or service not known
IP VALUE ERROR:  'brisbanecitybushire.com.au\n' does not appear to be an IPv4 or IPv6 address
CHECK IP brisbanecitybushire.com.au

104.21.62.121
IP VALUE ERROR:  'istatus.com\n' does not appear to be an IPv4 or IPv6 address
CHECK IP istatus.com

208.126.32.106
IP VALUE ERROR:  'bushire.co.nz\n' does not appear to be an IPv4 or IPv6 address
CHECK IP bushire.co.nz

188.114.96.0
IP VALUE ERROR:  'nsixty.com\n' does not appear to be an IPv4 or IPv6 address
CHECK IP nsixty.com

15.197.142.173
IP VALUE ERROR:  'ppmrecruit.com\n' does not appear to be an IPv4 or IPv6 address
CHECK IP ppmrecruit.com

104.21.10.223
IP VALUE ERROR:  'internetanywhere.com\n' does not appear to be an IPv4 or IPv6 address
CHECK IP internetanywhere.com

208.126.32.110
IP VALUE ERROR:  'www.demo-cms.myspotmarketing.com\n' does not appear to be an IPv4 or IPv6 address
CHECK IP www.demo-cms.myspotmarketing.com

87.106.253.104
IP VALUE ERROR:  'dokidocs.com\n' does not appear to be an IPv4 or IPv6 address
CHECK IP dokidocs.com

137.74.25.179
IP VALUE ERROR:  'forum.corwenanddistrictanglingclub.co.uk\n' does not appear to be an IPv4 or IPv6 address
CHECK IP forum.corwenanddistrictanglingclub.co.uk

172.67.133.246
IP VALUE ERROR:  'upperbay.info\n' does not appear to be an IPv4 or IPv6 address
CHECK IP upperbay.info

104.26.13.108
IP VALUE ERROR:  'demo-cms.myspotmarketing.com\n' does not appear to be an IPv4 or IPv6 address
CHECK IP demo-cms.myspotmarketing.com

87.106.253.104
IP VALUE ERROR:  'rocketbroadband.com\n' does not appear to be an IPv4 or IPv6 address
CHECK IP rocketbroadband.com

208.126.32.45
IP VALUE ERROR:  'scanndienst.de\n' does not appear to be an IPv4 or IPv6 address
CHECK IP scanndienst.de

81.169.145.95
IP VALUE ERROR:  'zentralarchiv.de\n' does not appear to be an IPv4 or IPv6 address
CHECK IP zentralarchiv.de

81.169.145.93
IP VALUE ERROR:  'leads.getlandy.com\n' does not appear to be an IPv4 or IPv6 address
CHECK IP leads.getlandy.com

34.140.51.251
IP VALUE ERROR:  'www.caddishome.co.uk\n' does not appear to be an IPv4 or IPv6 address
CHECK IP www.caddishome.co.uk

188.114.96.0
IP VALUE ERROR:  'teleradphilippines.com\n' does not appear to be an IPv4 or IPv6 address
CHECK IP teleradphilippines.com

INVALID HOSTNAME ERROR:  [Errno -2] Name or service not known
IP VALUE ERROR:  'computer.doctor\n' does not appear to be an IPv4 or IPv6 address
CHECK IP computer.doctor

50.87.190.173
IP VALUE ERROR:  'www.brindalpagas.ca\n' does not appear to be an IPv4 or IPv6 address
CHECK IP www.brindalpagas.ca

149.56.23.144
IP VALUE ERROR:  'thinix.com\n' does not appear to be an IPv4 or IPv6 address
CHECK IP thinix.com

208.126.32.112
IP VALUE ERROR:  'urineluck.com\n' does not appear to be an IPv4 or IPv6 address
CHECK IP urineluck.com

104.26.15.6
IP VALUE ERROR:  'forms.ppmrecruit.com\n' does not appear to be an IPv4 or IPv6 address
CHECK IP forms.ppmrecruit.com

104.21.10.223
IP VALUE ERROR:  'isag.melbourne\n' does not appear to be an IPv4 or IPv6 address
CHECK IP isag.melbourne

172.67.74.153
IP VALUE ERROR:  'meowclown.de\n' does not appear to be an IPv4 or IPv6 address
CHECK IP meowclown.de

87.156.182.88
IP VALUE ERROR:  'olcsokereso.hu\n' does not appear to be an IPv4 or IPv6 address
CHECK IP olcsokereso.hu

188.114.96.0
IP VALUE ERROR:  'licensee.politepix.com\n' does not appear to be an IPv4 or IPv6 address
CHECK IP licensee.politepix.com

159.69.183.118
IP VALUE ERROR:  'cloudun.spdns.de\n' does not appear to be an IPv4 or IPv6 address
CHECK IP cloudun.spdns.de

212.227.214.50
IP VALUE ERROR:  'www.laaxapartment.com\n' does not appear to be an IPv4 or IPv6 address
CHECK IP www.laaxapartment.com

INVALID HOSTNAME ERROR:  [Errno -2] Name or service not known
IP VALUE ERROR:  'carraro.com\n' does not appear to be an IPv4 or IPv6 address
CHECK IP carraro.com

35.214.235.251
week3-roots.pem
Reading input file
Creating connection for 46.30.213.117 using <_io.TextIOWrapper name='logs.json' mode='a' encoding='UTF-8'> and week3-roots.pem
Creating connection for 195.3.245.100 using <_io.TextIOWrapper name='logs.json' mode='a' encoding='UTF-8'> and week3-roots.pem
Creating connection for 172.66.43.95 using <_io.TextIOWrapper name='logs.json' mode='a' encoding='UTF-8'> and week3-roots.pem
Creating connection for 104.208.126.77 using <_io.TextIOWrapper name='logs.json' mode='a' encoding='UTF-8'> and week3-roots.pem
Creating connection for 8.130.165.135 using <_io.TextIOWrapper name='logs.json' mode='a' encoding='UTF-8'> and week3-roots.pem
Creating connection for 92.53.96.115 using <_io.TextIOWrapper name='logs.json' mode='a' encoding='UTF-8'> and week3-roots.pem
Creating connection for 212.30.39.124 using <_io.TextIOWrapper name='logs.json' mode='a' encoding='UTF-8'> and week3-roots.pem
Creating connection for 34.194.156.2 using <_io.TextIOWrapper name='logs.json' mode='a' encoding='UTF-8'> and week3-roots.pem
Creating connection for 65.9.86.7 using <_io.TextIOWrapper name='logs.json' mode='a' encoding='UTF-8'> and week3-roots.pem
Creating connection for 54.247.69.169 using <_io.TextIOWrapper name='logs.json' mode='a' encoding='UTF-8'> and week3-roots.pem
Creating connection for 104.26.1.251 using <_io.TextIOWrapper name='logs.json' mode='a' encoding='UTF-8'> and week3-roots.pem
Creating connection for 204.11.56.48 using <_io.TextIOWrapper name='logs.json' mode='a' encoding='UTF-8'> and week3-roots.pem
Creating connection for 104.22.10.217 using <_io.TextIOWrapper name='logs.json' mode='a' encoding='UTF-8'> and week3-roots.pem
Creating connection for 104.26.3.159 using <_io.TextIOWrapper name='logs.json' mode='a' encoding='UTF-8'> and week3-roots.pem
Creating connection for 104.26.7.98 using <_io.TextIOWrapper name='logs.json' mode='a' encoding='UTF-8'> and week3-roots.pem
CONNECTION ERROR:  
Creating connection for 192.0.66.2 using <_io.TextIOWrapper name='logs.json' mode='a' encoding='UTF-8'> and week3-roots.pem
Creating connection for 3.220.224.14 using <_io.TextIOWrapper name='logs.json' mode='a' encoding='UTF-8'> and week3-roots.pem
Creating connection for 78.107.75.250 using <_io.TextIOWrapper name='logs.json' mode='a' encoding='UTF-8'> and week3-roots.pem
CONNECTION ERROR:  
Creating connection for 172.67.169.241 using <_io.TextIOWrapper name='logs.json' mode='a' encoding='UTF-8'> and week3-roots.pem
Creating connection for 183.111.251.23 using <_io.TextIOWrapper name='logs.json' mode='a' encoding='UTF-8'> and week3-roots.pem
Creating connection for 172.67.72.9 using <_io.TextIOWrapper name='logs.json' mode='a' encoding='UTF-8'> and week3-roots.pem
CONNECTION ERROR:  
CONNECTION ERROR:  
CONNECTION ERROR:  
Creating connection for 104.21.86.201 using <_io.TextIOWrapper name='logs.json' mode='a' encoding='UTF-8'> and week3-roots.pem
CONNECTION ERROR:  
Creating connection for 172.67.192.99 using <_io.TextIOWrapper name='logs.json' mode='a' encoding='UTF-8'> and week3-roots.pem
Creating connection for 104.21.234.161 using <_io.TextIOWrapper name='logs.json' mode='a' encoding='UTF-8'> and week3-roots.pem
Creating connection for 67.195.231.8 using <_io.TextIOWrapper name='logs.json' mode='a' encoding='UTF-8'> and week3-roots.pem
CONNECTION ERROR:  
Creating connection for 164.92.83.59 using <_io.TextIOWrapper name='logs.json' mode='a' encoding='UTF-8'> and week3-roots.pem
Creating connection for 167.235.18.85 using <_io.TextIOWrapper name='logs.json' mode='a' encoding='UTF-8'> and week3-roots.pem
Creating connection for 52.2.111.101 using <_io.TextIOWrapper name='logs.json' mode='a' encoding='UTF-8'> and week3-roots.pem
CONNECTION ERROR:  
Creating connection for 45.33.20.235 using <_io.TextIOWrapper name='logs.json' mode='a' encoding='UTF-8'> and week3-roots.pem
Creating connection for 92.222.139.190 using <_io.TextIOWrapper name='logs.json' mode='a' encoding='UTF-8'> and week3-roots.pem
Creating connection for 38.29.223.154 using <_io.TextIOWrapper name='logs.json' mode='a' encoding='UTF-8'> and week3-roots.pem
Creating connection for 199.246.76.77 using <_io.TextIOWrapper name='logs.json' mode='a' encoding='UTF-8'> and week3-roots.pem
Creating connection for 45.137.11.60 using <_io.TextIOWrapper name='logs.json' mode='a' encoding='UTF-8'> and week3-roots.pem
CONNECTION ERROR:  
Creating connection for 151.101.1.195 using <_io.TextIOWrapper name='logs.json' mode='a' encoding='UTF-8'> and week3-roots.pem
Creating connection for 104.206.12.171 using <_io.TextIOWrapper name='logs.json' mode='a' encoding='UTF-8'> and week3-roots.pem
Creating connection for 104.19.181.72 using <_io.TextIOWrapper name='logs.json' mode='a' encoding='UTF-8'> and week3-roots.pem
Creating connection for 203.17.226.228 using <_io.TextIOWrapper name='logs.json' mode='a' encoding='UTF-8'> and week3-roots.pem
CONNECTION ERROR:  
CONNECTION ERROR:  
Creating connection for 104.21.53.143 using <_io.TextIOWrapper name='logs.json' mode='a' encoding='UTF-8'> and week3-roots.pem
CONNECTION ERROR:  
CONNECTION ERROR:  
Creating connection for 62.146.65.76 using <_io.TextIOWrapper name='logs.json' mode='a' encoding='UTF-8'> and week3-roots.pem
Creating connection for 104.18.194.239 using <_io.TextIOWrapper name='logs.json' mode='a' encoding='UTF-8'> and week3-roots.pem
Creating connection for 23.185.0.2 using <_io.TextIOWrapper name='logs.json' mode='a' encoding='UTF-8'> and week3-roots.pem
Creating connection for 216.58.208.110 using <_io.TextIOWrapper name='logs.json' mode='a' encoding='UTF-8'> and week3-roots.pem
Creating connection for 104.21.86.189 using <_io.TextIOWrapper name='logs.json' mode='a' encoding='UTF-8'> and week3-roots.pem
Creating connection for 104.21.50.6 using <_io.TextIOWrapper name='logs.json' mode='a' encoding='UTF-8'> and week3-roots.pem
CONNECTION ERROR:  
CONNECTION ERROR:  
Creating connection for 203.195.121.105 using <_io.TextIOWrapper name='logs.json' mode='a' encoding='UTF-8'> and week3-roots.pem
CONNECTION ERROR:  
CONNECTION ERROR:  
Creating connection for 162.55.237.202 using <_io.TextIOWrapper name='logs.json' mode='a' encoding='UTF-8'> and week3-roots.pem
CONNECTION ERROR:  
Creating connection for 23.227.38.65 using <_io.TextIOWrapper name='logs.json' mode='a' encoding='UTF-8'> and week3-roots.pem
Creating connection for 151.101.38.132 using <_io.TextIOWrapper name='logs.json' mode='a' encoding='UTF-8'> and week3-roots.pem
Creating connection for 18.157.114.243 using <_io.TextIOWrapper name='logs.json' mode='a' encoding='UTF-8'> and week3-roots.pem
Creating connection for 82.200.159.172 using <_io.TextIOWrapper name='logs.json' mode='a' encoding='UTF-8'> and week3-roots.pem
CONNECTION ERROR:  
Creating connection for 195.144.11.40 using <_io.TextIOWrapper name='logs.json' mode='a' encoding='UTF-8'> and week3-roots.pem
Creating connection for 34.210.182.99 using <_io.TextIOWrapper name='logs.json' mode='a' encoding='UTF-8'> and week3-roots.pem
CONNECTION ERROR:  
CONNECTION ERROR:  
Creating connection for 104.21.10.184 using <_io.TextIOWrapper name='logs.json' mode='a' encoding='UTF-8'> and week3-roots.pem
Creating connection for 18.134.32.106 using <_io.TextIOWrapper name='logs.json' mode='a' encoding='UTF-8'> and week3-roots.pem
CONNECTION ERROR:  
CONNECTION ERROR:  
Creating connection for 199.83.132.123 using <_io.TextIOWrapper name='logs.json' mode='a' encoding='UTF-8'> and week3-roots.pemCONNECTION ERROR:  
CONNECTION ERROR:  

CONNECTION ERROR:  
Creating connection for 80.83.6.152 using <_io.TextIOWrapper name='logs.json' mode='a' encoding='UTF-8'> and week3-roots.pem
CONNECTION ERROR:  
Creating connection for 62.149.128.157 using <_io.TextIOWrapper name='logs.json' mode='a' encoding='UTF-8'> and week3-roots.pem
CONNECTION ERROR:  
Creating connection for 192.0.66.40 using <_io.TextIOWrapper name='logs.json' mode='a' encoding='UTF-8'> and week3-roots.pem
Creating connection for 87.230.60.82 using <_io.TextIOWrapper name='logs.json' mode='a' encoding='UTF-8'> and week3-roots.pem
Creating connection for 104.21.51.216 using <_io.TextIOWrapper name='logs.json' mode='a' encoding='UTF-8'> and week3-roots.pem
CONNECTION ERROR:  
Creating connection for 104.21.31.225 using <_io.TextIOWrapper name='logs.json' mode='a' encoding='UTF-8'> and week3-roots.pem
CONNECTION ERROR:  
Creating connection for 34.218.149.246 using <_io.TextIOWrapper name='logs.json' mode='a' encoding='UTF-8'> and week3-roots.pem
CONNECTION ERROR:  
Creating connection for 212.77.241.193 using <_io.TextIOWrapper name='logs.json' mode='a' encoding='UTF-8'> and week3-roots.pem
CONNECTION ERROR:  
Creating connection for 67.225.241.101 using <_io.TextIOWrapper name='logs.json' mode='a' encoding='UTF-8'> and week3-roots.pem
Creating connection for 180.163.203.49 using <_io.TextIOWrapper name='logs.json' mode='a' encoding='UTF-8'> and week3-roots.pem
Creating connection for 188.114.97.12 using <_io.TextIOWrapper name='logs.json' mode='a' encoding='UTF-8'> and week3-roots.pem
CONNECTION ERROR:  
CONNECTION ERROR:  
CONNECTION ERROR:  
CONNECTION ERROR:  
Creating connection for 203.29.55.241 using <_io.TextIOWrapper name='logs.json' mode='a' encoding='UTF-8'> and week3-roots.pem
Creating connection for 151.101.130.159 using <_io.TextIOWrapper name='logs.json' mode='a' encoding='UTF-8'> and week3-roots.pem
Creating connection for 213.206.205.131 using <_io.TextIOWrapper name='logs.json' mode='a' encoding='UTF-8'> and week3-roots.pem
Creating connection for 104.21.18.221 using <_io.TextIOWrapper name='logs.json' mode='a' encoding='UTF-8'> and week3-roots.pem
Creating connection for 83.137.145.183 using <_io.TextIOWrapper name='logs.json' mode='a' encoding='UTF-8'> and week3-roots.pem
Creating connection for 61.244.16.45 using <_io.TextIOWrapper name='logs.json' mode='a' encoding='UTF-8'> and week3-roots.pem
Creating connection for 107.154.80.204 using <_io.TextIOWrapper name='logs.json' mode='a' encoding='UTF-8'> and week3-roots.pem
Creating connection for 64.185.181.238 using <_io.TextIOWrapper name='logs.json' mode='a' encoding='UTF-8'> and week3-roots.pem
Creating connection for 172.217.168.201 using <_io.TextIOWrapper name='logs.json' mode='a' encoding='UTF-8'> and week3-roots.pem
Creating connection for 198.185.159.145 using <_io.TextIOWrapper name='logs.json' mode='a' encoding='UTF-8'> and week3-roots.pem
CONNECTION ERROR:  
CONNECTION ERROR:  
Creating connection for 95.211.183.76 using <_io.TextIOWrapper name='logs.json' mode='a' encoding='UTF-8'> and week3-roots.pem
CONNECTION ERROR:  
CONNECTION ERROR:  
Creating connection for 151.101.66.216 using <_io.TextIOWrapper name='logs.json' mode='a' encoding='UTF-8'> and week3-roots.pem
Creating connection for 172.67.140.192 using <_io.TextIOWrapper name='logs.json' mode='a' encoding='UTF-8'> and week3-roots.pem
CONNECTION ERROR:  
CONNECTION ERROR:  
CONNECTION ERROR:  
CONNECTION ERROR:  
Creating connection for 35.205.61.67 using <_io.TextIOWrapper name='logs.json' mode='a' encoding='UTF-8'> and week3-roots.pem
CONNECTION ERROR:  
CONNECTION ERROR:  
Creating connection for 34.73.83.172 using <_io.TextIOWrapper name='logs.json' mode='a' encoding='UTF-8'> and week3-roots.pem
CONNECTION ERROR:  
Creating connection for 66.170.179.108 using <_io.TextIOWrapper name='logs.json' mode='a' encoding='UTF-8'> and week3-roots.pem
CONNECTION ERROR:  
Creating connection for 164.100.65.85 using <_io.TextIOWrapper name='logs.json' mode='a' encoding='UTF-8'> and week3-roots.pem
Creating connection for 62.233.120.72 using <_io.TextIOWrapper name='logs.json' mode='a' encoding='UTF-8'> and week3-roots.pem
Creating connection for 35.208.247.53 using <_io.TextIOWrapper name='logs.json' mode='a' encoding='UTF-8'> and week3-roots.pem
CONNECTION ERROR:  
CONNECTION ERROR:  
CONNECTION ERROR:  
Creating connection for 141.193.213.11 using <_io.TextIOWrapper name='logs.json' mode='a' encoding='UTF-8'> and week3-roots.pem
Creating connection for 107.170.198.193 using <_io.TextIOWrapper name='logs.json' mode='a' encoding='UTF-8'> and week3-roots.pem
CONNECTION ERROR:  [Errno 111] Connection refused
CONNECTION ERROR:  
Creating connection for 199.60.103.254 using <_io.TextIOWrapper name='logs.json' mode='a' encoding='UTF-8'> and week3-roots.pem
CONNECTION ERROR:  (32, 'EPIPE')
Creating connection for 88.221.144.137 using <_io.TextIOWrapper name='logs.json' mode='a' encoding='UTF-8'> and week3-roots.pem
Creating connection for 104.130.170.252 using <_io.TextIOWrapper name='logs.json' mode='a' encoding='UTF-8'> and week3-roots.pem
Creating connection for 52.147.74.109 using <_io.TextIOWrapper name='logs.json' mode='a' encoding='UTF-8'> and week3-roots.pem
Creating connection for 185.151.30.168 using <_io.TextIOWrapper name='logs.json' mode='a' encoding='UTF-8'> and week3-roots.pem
Creating connection for 172.67.144.57 using <_io.TextIOWrapper name='logs.json' mode='a' encoding='UTF-8'> and week3-roots.pem
Creating connection for 172.67.179.222 using <_io.TextIOWrapper name='logs.json' mode='a' encoding='UTF-8'> and week3-roots.pem
CONNECTION ERROR:  
Creating connection for 24.134.235.161 using <_io.TextIOWrapper name='logs.json' mode='a' encoding='UTF-8'> and week3-roots.pem
Creating connection for 172.67.131.79 using <_io.TextIOWrapper name='logs.json' mode='a' encoding='UTF-8'> and week3-roots.pem
CONNECTION ERROR:  
Creating connection for 87.233.102.106 using <_io.TextIOWrapper name='logs.json' mode='a' encoding='UTF-8'> and week3-roots.pem
Creating connection for 63.141.128.18 using <_io.TextIOWrapper name='logs.json' mode='a' encoding='UTF-8'> and week3-roots.pem
CONNECTION ERROR:  
Creating connection for 23.227.38.65 using <_io.TextIOWrapper name='logs.json' mode='a' encoding='UTF-8'> and week3-roots.pem
Creating connection for 216.239.32.21 using <_io.TextIOWrapper name='logs.json' mode='a' encoding='UTF-8'> and week3-roots.pem
Creating connection for 209.124.82.51 using <_io.TextIOWrapper name='logs.json' mode='a' encoding='UTF-8'> and week3-roots.pem
Creating connection for 44.193.238.67 using <_io.TextIOWrapper name='logs.json' mode='a' encoding='UTF-8'> and week3-roots.pem
Creating connection for 185.178.208.187 using <_io.TextIOWrapper name='logs.json' mode='a' encoding='UTF-8'> and week3-roots.pem
CONNECTION ERROR:  
CONNECTION ERROR:  
CONNECTION ERROR:  
Creating connection for 62.109.151.8 using <_io.TextIOWrapper name='logs.json' mode='a' encoding='UTF-8'> and week3-roots.pem
CONNECTION ERROR:  
CONNECTION ERROR:  
Creating connection for 185.151.213.30 using <_io.TextIOWrapper name='logs.json' mode='a' encoding='UTF-8'> and week3-roots.pem
Creating connection for 172.67.150.99 using <_io.TextIOWrapper name='logs.json' mode='a' encoding='UTF-8'> and week3-roots.pem
CONNECTION ERROR:  
Creating connection for 104.21.55.136 using <_io.TextIOWrapper name='logs.json' mode='a' encoding='UTF-8'> and week3-roots.pem
Creating connection for 52.49.122.19 using <_io.TextIOWrapper name='logs.json' mode='a' encoding='UTF-8'> and week3-roots.pem
Creating connection for 23.227.38.74 using <_io.TextIOWrapper name='logs.json' mode='a' encoding='UTF-8'> and week3-roots.pem
Creating connection for 31.214.178.37 using <_io.TextIOWrapper name='logs.json' mode='a' encoding='UTF-8'> and week3-roots.pem
CONNECTION ERROR:  
CONNECTION ERROR:  
Creating connection for 83.111.145.114 using <_io.TextIOWrapper name='logs.json' mode='a' encoding='UTF-8'> and week3-roots.pem
Creating connection for 18.192.76.182 using <_io.TextIOWrapper name='logs.json' mode='a' encoding='UTF-8'> and week3-roots.pem
Creating connection for 194.78.68.71 using <_io.TextIOWrapper name='logs.json' mode='a' encoding='UTF-8'> and week3-roots.pem
Creating connection for 109.237.214.172 using <_io.TextIOWrapper name='logs.json' mode='a' encoding='UTF-8'> and week3-roots.pem
CONNECTION ERROR:  
Creating connection for 27.101.207.66 using <_io.TextIOWrapper name='logs.json' mode='a' encoding='UTF-8'> and week3-roots.pem
Creating connection for 172.67.219.201 using <_io.TextIOWrapper name='logs.json' mode='a' encoding='UTF-8'> and week3-roots.pem
CONNECTION ERROR:  
CONNECTION ERROR:  
CONNECTION ERROR:  
Creating connection for 195.154.177.219 using <_io.TextIOWrapper name='logs.json' mode='a' encoding='UTF-8'> and week3-roots.pem
Creating connection for 35.214.143.173 using <_io.TextIOWrapper name='logs.json' mode='a' encoding='UTF-8'> and week3-roots.pem
Creating connection for 104.21.74.53 using <_io.TextIOWrapper name='logs.json' mode='a' encoding='UTF-8'> and week3-roots.pem
Creating connection for 69.10.61.62 using <_io.TextIOWrapper name='logs.json' mode='a' encoding='UTF-8'> and week3-roots.pem
CONNECTION ERROR:  
Creating connection for 13.73.142.103 using <_io.TextIOWrapper name='logs.json' mode='a' encoding='UTF-8'> and week3-roots.pem
Creating connection for 65.9.86.116 using <_io.TextIOWrapper name='logs.json' mode='a' encoding='UTF-8'> and week3-roots.pem
Creating connection for 148.251.177.114 using <_io.TextIOWrapper name='logs.json' mode='a' encoding='UTF-8'> and week3-roots.pem
Creating connection for 178.162.131.202 using <_io.TextIOWrapper name='logs.json' mode='a' encoding='UTF-8'> and week3-roots.pem
CONNECTION ERROR:  
CONNECTION ERROR:  
CONNECTION ERROR:  
CONNECTION ERROR:  
CONNECTION ERROR:  
CONNECTION ERROR:  [Errno 111] Connection refused
CONNECTION ERROR:  
Creating connection for 23.227.38.74 using <_io.TextIOWrapper name='logs.json' mode='a' encoding='UTF-8'> and week3-roots.pem
CONNECTION ERROR:  
CONNECTION ERROR:  (32, 'EPIPE')
CONNECTION ERROR:  
CONNECTION ERROR:  
CONNECTION ERROR:  
CONNECTION ERROR:  
Creating connection for 104.26.5.246 using <_io.TextIOWrapper name='logs.json' mode='a' encoding='UTF-8'> and week3-roots.pem
CONNECTION ERROR:  
CONNECTION ERROR:  
Creating connection for 104.22.6.83 using <_io.TextIOWrapper name='logs.json' mode='a' encoding='UTF-8'> and week3-roots.pem
CONNECTION ERROR:  
CONNECTION ERROR:  
Creating connection for 142.132.154.58 using <_io.TextIOWrapper name='logs.json' mode='a' encoding='UTF-8'> and week3-roots.pem
Creating connection for 205.166.250.150 using <_io.TextIOWrapper name='logs.json' mode='a' encoding='UTF-8'> and week3-roots.pem
Creating connection for 74.114.154.18 using <_io.TextIOWrapper name='logs.json' mode='a' encoding='UTF-8'> and week3-roots.pem
Creating connection for 185.31.240.240 using <_io.TextIOWrapper name='logs.json' mode='a' encoding='UTF-8'> and week3-roots.pem
Creating connection for 85.158.1.162 using <_io.TextIOWrapper name='logs.json' mode='a' encoding='UTF-8'> and week3-roots.pem
Creating connection for 104.21.39.38 using <_io.TextIOWrapper name='logs.json' mode='a' encoding='UTF-8'> and week3-roots.pem
CONNECTION ERROR:  [Errno 111] Connection refused
CONNECTION ERROR:  (32, 'EPIPE')
CONNECTION ERROR:  
Creating connection for 104.26.10.8 using <_io.TextIOWrapper name='logs.json' mode='a' encoding='UTF-8'> and week3-roots.pem
CONNECTION ERROR:  
Creating connection for 35.157.115.159 using <_io.TextIOWrapper name='logs.json' mode='a' encoding='UTF-8'> and week3-roots.pem
CONNECTION ERROR:  
CONNECTION ERROR:  
CONNECTION ERROR:  
Creating connection for 190.115.26.62 using <_io.TextIOWrapper name='logs.json' mode='a' encoding='UTF-8'> and week3-roots.pem
Creating connection for 162.159.135.42 using <_io.TextIOWrapper name='logs.json' mode='a' encoding='UTF-8'> and week3-roots.pem
Creating connection for 173.255.218.166 using <_io.TextIOWrapper name='logs.json' mode='a' encoding='UTF-8'> and week3-roots.pem
Creating connection for 104.131.152.40 using <_io.TextIOWrapper name='logs.json' mode='a' encoding='UTF-8'> and week3-roots.pem
Creating connection for 198.72.99.66 using <_io.TextIOWrapper name='logs.json' mode='a' encoding='UTF-8'> and week3-roots.pem
CONNECTION ERROR:  
CONNECTION ERROR:  
CONNECTION ERROR:  
Creating connection for 172.67.134.207 using <_io.TextIOWrapper name='logs.json' mode='a' encoding='UTF-8'> and week3-roots.pem
Creating connection for 104.18.25.33 using <_io.TextIOWrapper name='logs.json' mode='a' encoding='UTF-8'> and week3-roots.pem
Creating connection for 148.251.128.74 using <_io.TextIOWrapper name='logs.json' mode='a' encoding='UTF-8'> and week3-roots.pem
Creating connection for 174.143.113.64 using <_io.TextIOWrapper name='logs.json' mode='a' encoding='UTF-8'> and week3-roots.pem
Creating connection for 172.67.74.42 using <_io.TextIOWrapper name='logs.json' mode='a' encoding='UTF-8'> and week3-roots.pem
Creating connection for 3.33.152.147 using <_io.TextIOWrapper name='logs.json' mode='a' encoding='UTF-8'> and week3-roots.pem
Creating connection for 212.232.26.218 using <_io.TextIOWrapper name='logs.json' mode='a' encoding='UTF-8'> and week3-roots.pem
Creating connection for 188.114.97.12 using <_io.TextIOWrapper name='logs.json' mode='a' encoding='UTF-8'> and week3-roots.pem
Creating connection for 185.241.192.90 using <_io.TextIOWrapper name='logs.json' mode='a' encoding='UTF-8'> and week3-roots.pem
CONNECTION ERROR:  
CONNECTION ERROR:  
Creating connection for 172.67.163.97 using <_io.TextIOWrapper name='logs.json' mode='a' encoding='UTF-8'> and week3-roots.pem
CONNECTION ERROR:  
CONNECTION ERROR:  
CONNECTION ERROR:  
CONNECTION ERROR:  
CONNECTION ERROR:  
CONNECTION ERROR:  
CONNECTION ERROR:  
CONNECTION ERROR:  
Creating connection for 34.194.20.231 using <_io.TextIOWrapper name='logs.json' mode='a' encoding='UTF-8'> and week3-roots.pem
Creating connection for 54.70.181.249 using <_io.TextIOWrapper name='logs.json' mode='a' encoding='UTF-8'> and week3-roots.pem
Creating connection for 172.67.205.166 using <_io.TextIOWrapper name='logs.json' mode='a' encoding='UTF-8'> and week3-roots.pem
CONNECTION ERROR:  
Creating connection for 34.253.101.190 using <_io.TextIOWrapper name='logs.json' mode='a' encoding='UTF-8'> and week3-roots.pem
Creating connection for 104.214.231.110 using <_io.TextIOWrapper name='logs.json' mode='a' encoding='UTF-8'> and week3-roots.pem
Creating connection for 64.190.63.111 using <_io.TextIOWrapper name='logs.json' mode='a' encoding='UTF-8'> and week3-roots.pem
Creating connection for 52.176.153.103 using <_io.TextIOWrapper name='logs.json' mode='a' encoding='UTF-8'> and week3-roots.pem
CONNECTION ERROR:  
Creating connection for 65.9.86.62 using <_io.TextIOWrapper name='logs.json' mode='a' encoding='UTF-8'> and week3-roots.pem
Creating connection for 20.54.59.148 using <_io.TextIOWrapper name='logs.json' mode='a' encoding='UTF-8'> and week3-roots.pem
CONNECTION ERROR:  
CONNECTION ERROR:  [Errno 111] Connection refused
CONNECTION ERROR:  
CONNECTION ERROR:  (32, 'EPIPE')
CONNECTION ERROR:  
Creating connection for 104.21.52.185 using <_io.TextIOWrapper name='logs.json' mode='a' encoding='UTF-8'> and week3-roots.pem
Creating connection for 104.21.12.238 using <_io.TextIOWrapper name='logs.json' mode='a' encoding='UTF-8'> and week3-roots.pem
Creating connection for 104.21.46.72 using <_io.TextIOWrapper name='logs.json' mode='a' encoding='UTF-8'> and week3-roots.pem
CONNECTION ERROR:  
Creating connection for 203.126.220.198 using <_io.TextIOWrapper name='logs.json' mode='a' encoding='UTF-8'> and week3-roots.pem
Creating connection for 13.81.48.74 using <_io.TextIOWrapper name='logs.json' mode='a' encoding='UTF-8'> and week3-roots.pem
Creating connection for 51.68.85.158 using <_io.TextIOWrapper name='logs.json' mode='a' encoding='UTF-8'> and week3-roots.pem
CONNECTION ERROR:  
CONNECTION ERROR:  
Creating connection for 159.226.242.44 using <_io.TextIOWrapper name='logs.json' mode='a' encoding='UTF-8'> and week3-roots.pem
Creating connection for 138.113.36.169 using <_io.TextIOWrapper name='logs.json' mode='a' encoding='UTF-8'> and week3-roots.pem
Creating connection for 104.22.17.227 using <_io.TextIOWrapper name='logs.json' mode='a' encoding='UTF-8'> and week3-roots.pem
Creating connection for 45.80.111.245 using <_io.TextIOWrapper name='logs.json' mode='a' encoding='UTF-8'> and week3-roots.pem
Creating connection for 104.21.3.47 using <_io.TextIOWrapper name='logs.json' mode='a' encoding='UTF-8'> and week3-roots.pem
CONNECTION ERROR:  
Creating connection for 172.67.174.12 using <_io.TextIOWrapper name='logs.json' mode='a' encoding='UTF-8'> and week3-roots.pem
Creating connection for 31.214.178.25 using <_io.TextIOWrapper name='logs.json' mode='a' encoding='UTF-8'> and week3-roots.pem
CONNECTION ERROR:  
CONNECTION ERROR:  
CONNECTION ERROR:  
Creating connection for 23.227.135.34 using <_io.TextIOWrapper name='logs.json' mode='a' encoding='UTF-8'> and week3-roots.pem
CONNECTION ERROR:  
Creating connection for 118.123.21.216 using <_io.TextIOWrapper name='logs.json' mode='a' encoding='UTF-8'> and week3-roots.pem
CONNECTION ERROR:  
CONNECTION ERROR:  
CONNECTION ERROR:  
Creating connection for 185.230.63.171 using <_io.TextIOWrapper name='logs.json' mode='a' encoding='UTF-8'> and week3-roots.pem
CONNECTION ERROR:  
Creating connection for 65.108.94.253 using <_io.TextIOWrapper name='logs.json' mode='a' encoding='UTF-8'> and week3-roots.pem
CONNECTION ERROR:  
Creating connection for 172.67.202.221 using <_io.TextIOWrapper name='logs.json' mode='a' encoding='UTF-8'> and week3-roots.pem
CONNECTION ERROR:  
Creating connection for 104.21.64.156 using <_io.TextIOWrapper name='logs.json' mode='a' encoding='UTF-8'> and week3-roots.pem
CONNECTION ERROR:  
CONNECTION ERROR:  
CONNECTION ERROR:  
CONNECTION ERROR:  
CONNECTION ERROR:  
CONNECTION ERROR:  
Creating connection for 104.26.9.4 using <_io.TextIOWrapper name='logs.json' mode='a' encoding='UTF-8'> and week3-roots.pem
Creating connection for 52.31.27.173 using <_io.TextIOWrapper name='logs.json' mode='a' encoding='UTF-8'> and week3-roots.pem
Creating connection for 52.21.227.162 using <_io.TextIOWrapper name='logs.json' mode='a' encoding='UTF-8'> and week3-roots.pem
Creating connection for 104.26.0.3 using <_io.TextIOWrapper name='logs.json' mode='a' encoding='UTF-8'> and week3-roots.pem
Creating connection for 75.2.26.18 using <_io.TextIOWrapper name='logs.json' mode='a' encoding='UTF-8'> and week3-roots.pem
Creating connection for 194.67.71.124 using <_io.TextIOWrapper name='logs.json' mode='a' encoding='UTF-8'> and week3-roots.pem
Creating connection for 195.201.188.46 using <_io.TextIOWrapper name='logs.json' mode='a' encoding='UTF-8'> and week3-roots.pem
CONNECTION ERROR:  
CONNECTION ERROR:  
CONNECTION ERROR:  
Creating connection for 58.223.161.43 using <_io.TextIOWrapper name='logs.json' mode='a' encoding='UTF-8'> and week3-roots.pem
CONNECTION ERROR:  
Creating connection for 185.209.21.56 using <_io.TextIOWrapper name='logs.json' mode='a' encoding='UTF-8'> and week3-roots.pem
Creating connection for 78.108.209.137 using <_io.TextIOWrapper name='logs.json' mode='a' encoding='UTF-8'> and week3-roots.pem
CONNECTION ERROR:  
CONNECTION ERROR:  
Creating connection for 3.24.27.141 using <_io.TextIOWrapper name='logs.json' mode='a' encoding='UTF-8'> and week3-roots.pem
CONNECTION ERROR:  
CONNECTION ERROR:  
CONNECTION ERROR:  
CONNECTION ERROR:  
Creating connection for 66.70.180.50 using <_io.TextIOWrapper name='logs.json' mode='a' encoding='UTF-8'> and week3-roots.pem
Creating connection for 172.67.161.4 using <_io.TextIOWrapper name='logs.json' mode='a' encoding='UTF-8'> and week3-roots.pem
CONNECTION ERROR:  
CONNECTION ERROR:  
Creating connection for 65.9.86.49 using <_io.TextIOWrapper name='logs.json' mode='a' encoding='UTF-8'> and week3-roots.pem
Creating connection for 178.210.66.80 using <_io.TextIOWrapper name='logs.json' mode='a' encoding='UTF-8'> and week3-roots.pem
Creating connection for 104.21.8.89 using <_io.TextIOWrapper name='logs.json' mode='a' encoding='UTF-8'> and week3-roots.pem
CONNECTION ERROR:  
CONNECTION ERROR:  
CONNECTION ERROR:  
CONNECTION ERROR:  [Errno 111] Connection refused
Creating connection for 90.156.201.99 using <_io.TextIOWrapper name='logs.json' mode='a' encoding='UTF-8'> and week3-roots.pem
CONNECTION ERROR:  (32, 'EPIPE')
Creating connection for 219.94.214.240 using <_io.TextIOWrapper name='logs.json' mode='a' encoding='UTF-8'> and week3-roots.pem
Creating connection for 65.9.86.9 using <_io.TextIOWrapper name='logs.json' mode='a' encoding='UTF-8'> and week3-roots.pem
Creating connection for 151.101.2.132 using <_io.TextIOWrapper name='logs.json' mode='a' encoding='UTF-8'> and week3-roots.pem
CONNECTION ERROR:  
Creating connection for 192.243.59.13 using <_io.TextIOWrapper name='logs.json' mode='a' encoding='UTF-8'> and week3-roots.pem
Creating connection for 172.67.15.9 using <_io.TextIOWrapper name='logs.json' mode='a' encoding='UTF-8'> and week3-roots.pem
CONNECTION ERROR:  
Creating connection for 92.205.1.222 using <_io.TextIOWrapper name='logs.json' mode='a' encoding='UTF-8'> and week3-roots.pem
CONNECTION ERROR:  
CONNECTION ERROR:  
Creating connection for 23.198.16.212 using <_io.TextIOWrapper name='logs.json' mode='a' encoding='UTF-8'> and week3-roots.pem
CONNECTION ERROR:  
CONNECTION ERROR:  
CONNECTION ERROR:  
Creating connection for 54.210.110.135 using <_io.TextIOWrapper name='logs.json' mode='a' encoding='UTF-8'> and week3-roots.pem
Creating connection for 35.160.186.158 using <_io.TextIOWrapper name='logs.json' mode='a' encoding='UTF-8'> and week3-roots.pem
Creating connection for 172.67.165.65 using <_io.TextIOWrapper name='logs.json' mode='a' encoding='UTF-8'> and week3-roots.pem
Creating connection for 198.185.159.145 using <_io.TextIOWrapper name='logs.json' mode='a' encoding='UTF-8'> and week3-roots.pem
Creating connection for 65.9.86.27 using <_io.TextIOWrapper name='logs.json' mode='a' encoding='UTF-8'> and week3-roots.pem
CONNECTION ERROR:  
CONNECTION ERROR:  
Creating connection for 104.21.71.157 using <_io.TextIOWrapper name='logs.json' mode='a' encoding='UTF-8'> and week3-roots.pem
Creating connection for 185.23.129.251 using <_io.TextIOWrapper name='logs.json' mode='a' encoding='UTF-8'> and week3-roots.pem
CONNECTION ERROR:  
Creating connection for 31.186.101.74 using <_io.TextIOWrapper name='logs.json' mode='a' encoding='UTF-8'> and week3-roots.pem
Creating connection for 93.174.127.97 using <_io.TextIOWrapper name='logs.json' mode='a' encoding='UTF-8'> and week3-roots.pem
Creating connection for 131.153.165.43 using <_io.TextIOWrapper name='logs.json' mode='a' encoding='UTF-8'> and week3-roots.pem
Creating connection for 188.114.96.12 using <_io.TextIOWrapper name='logs.json' mode='a' encoding='UTF-8'> and week3-roots.pem
Creating connection for 104.21.76.170 using <_io.TextIOWrapper name='logs.json' mode='a' encoding='UTF-8'> and week3-roots.pem
Creating connection for 172.98.59.21 using <_io.TextIOWrapper name='logs.json' mode='a' encoding='UTF-8'> and week3-roots.pem
CONNECTION ERROR:  
Creating connection for 208.91.197.23 using <_io.TextIOWrapper name='logs.json' mode='a' encoding='UTF-8'> and week3-roots.pem
CONNECTION ERROR:  
CONNECTION ERROR:  
CONNECTION ERROR:  
CONNECTION ERROR:  
CONNECTION ERROR:  
Creating connection for 172.67.149.144 using <_io.TextIOWrapper name='logs.json' mode='a' encoding='UTF-8'> and week3-roots.pem
Creating connection for 149.255.58.1 using <_io.TextIOWrapper name='logs.json' mode='a' encoding='UTF-8'> and week3-roots.pem
Creating connection for 35.190.1.20 using <_io.TextIOWrapper name='logs.json' mode='a' encoding='UTF-8'> and week3-roots.pem
Creating connection for 120.35.30.131 using <_io.TextIOWrapper name='logs.json' mode='a' encoding='UTF-8'> and week3-roots.pem
Creating connection for 94.103.90.120 using <_io.TextIOWrapper name='logs.json' mode='a' encoding='UTF-8'> and week3-roots.pem
Creating connection for 52.201.133.229 using <_io.TextIOWrapper name='logs.json' mode='a' encoding='UTF-8'> and week3-roots.pem
CONNECTION ERROR:  
CONNECTION ERROR:  
Creating connection for 120.77.153.154 using <_io.TextIOWrapper name='logs.json' mode='a' encoding='UTF-8'> and week3-roots.pem
Creating connection for 188.114.97.2 using <_io.TextIOWrapper name='logs.json' mode='a' encoding='UTF-8'> and week3-roots.pem
Creating connection for 185.30.157.56 using <_io.TextIOWrapper name='logs.json' mode='a' encoding='UTF-8'> and week3-roots.pem
CONNECTION ERROR: Creating connection for 104.227.245.154 using <_io.TextIOWrapper name='logs.json' mode='a' encoding='UTF-8'> and week3-roots.pem
CONNECTION ERROR:  
Creating connection for 34.83.142.129 using <_io.TextIOWrapper name='logs.json' mode='a' encoding='UTF-8'> and week3-roots.pem
 
CONNECTION ERROR:  
Creating connection for 172.67.151.204 using <_io.TextIOWrapper name='logs.json' mode='a' encoding='UTF-8'> and week3-roots.pem
CONNECTION ERROR:  
CONNECTION ERROR:  
Creating connection for 74.208.236.147 using <_io.TextIOWrapper name='logs.json' mode='a' encoding='UTF-8'> and week3-roots.pem
Creating connection for 89.111.176.29 using <_io.TextIOWrapper name='logs.json' mode='a' encoding='UTF-8'> and week3-roots.pem
Creating connection for 81.169.145.165 using <_io.TextIOWrapper name='logs.json' mode='a' encoding='UTF-8'> and week3-roots.pem
CONNECTION ERROR:  
CONNECTION ERROR:  
Creating connection for 104.18.34.95 using <_io.TextIOWrapper name='logs.json' mode='a' encoding='UTF-8'> and week3-roots.pem
Creating connection for 185.151.30.167 using <_io.TextIOWrapper name='logs.json' mode='a' encoding='UTF-8'> and week3-roots.pem
CONNECTION ERROR:  [Errno 111] Connection refused
Creating connection for 72.52.10.14 using <_io.TextIOWrapper name='logs.json' mode='a' encoding='UTF-8'> and week3-roots.pem
CONNECTION ERROR:  (32, 'EPIPE')
CONNECTION ERROR:  
Creating connection for 52.205.229.223 using <_io.TextIOWrapper name='logs.json' mode='a' encoding='UTF-8'> and week3-roots.pem
CONNECTION ERROR:  
Creating connection for 104.26.14.74 using <_io.TextIOWrapper name='logs.json' mode='a' encoding='UTF-8'> and week3-roots.pem
Creating connection for 192.0.78.155 using <_io.TextIOWrapper name='logs.json' mode='a' encoding='UTF-8'> and week3-roots.pem
CONNECTION ERROR:  
Creating connection for 104.26.5.63 using <_io.TextIOWrapper name='logs.json' mode='a' encoding='UTF-8'> and week3-roots.pem
CONNECTION ERROR:  
Creating connection for 172.67.181.169 using <_io.TextIOWrapper name='logs.json' mode='a' encoding='UTF-8'> and week3-roots.pem
Creating connection for 35.208.102.1 using <_io.TextIOWrapper name='logs.json' mode='a' encoding='UTF-8'> and week3-roots.pem
CONNECTION ERROR:  
CONNECTION ERROR:  
CONNECTION ERROR:  
CONNECTION ERROR:  
Creating connection for 65.82.130.238 using <_io.TextIOWrapper name='logs.json' mode='a' encoding='UTF-8'> and week3-roots.pem
CONNECTION ERROR:  
Creating connection for 66.96.149.1 using <_io.TextIOWrapper name='logs.json' mode='a' encoding='UTF-8'> and week3-roots.pem
CONNECTION ERROR:  
Creating connection for 81.173.112.129 using <_io.TextIOWrapper name='logs.json' mode='a' encoding='UTF-8'> and week3-roots.pem
CONNECTION ERROR:  
CONNECTION ERROR:  
CONNECTION ERROR:  
Creating connection for 52.207.115.3 using <_io.TextIOWrapper name='logs.json' mode='a' encoding='UTF-8'> and week3-roots.pem
Creating connection for 85.214.214.2 using <_io.TextIOWrapper name='logs.json' mode='a' encoding='UTF-8'> and week3-roots.pem
CONNECTION ERROR:  
Creating connection for 172.67.163.105 using <_io.TextIOWrapper name='logs.json' mode='a' encoding='UTF-8'> and week3-roots.pem
Creating connection for 104.21.235.76 using <_io.TextIOWrapper name='logs.json' mode='a' encoding='UTF-8'> and week3-roots.pem
CONNECTION ERROR:  
CONNECTION ERROR:  
Creating connection for 65.9.86.70 using <_io.TextIOWrapper name='logs.json' mode='a' encoding='UTF-8'> and week3-roots.pem
Creating connection for 203.30.188.99 using <_io.TextIOWrapper name='logs.json' mode='a' encoding='UTF-8'> and week3-roots.pem
Creating connection for 178.18.91.243 using <_io.TextIOWrapper name='logs.json' mode='a' encoding='UTF-8'> and week3-roots.pem
CONNECTION ERROR:  
CONNECTION ERROR:  
Creating connection for 103.231.43.85 using <_io.TextIOWrapper name='logs.json' mode='a' encoding='UTF-8'> and week3-roots.pem
Creating connection for 172.67.151.220 using <_io.TextIOWrapper name='logs.json' mode='a' encoding='UTF-8'> and week3-roots.pem
Creating connection for 208.91.197.26 using <_io.TextIOWrapper name='logs.json' mode='a' encoding='UTF-8'> and week3-roots.pem
Creating connection for 162.241.226.82 using <_io.TextIOWrapper name='logs.json' mode='a' encoding='UTF-8'> and week3-roots.pem
CONNECTION ERROR:  
CONNECTION ERROR:  
Creating connection for 104.26.6.115 using <_io.TextIOWrapper name='logs.json' mode='a' encoding='UTF-8'> and week3-roots.pem
CONNECTION ERROR:  
CONNECTION ERROR:  
CONNECTION ERROR:  
CONNECTION ERROR:  
Creating connection for 5.252.192.109 using <_io.TextIOWrapper name='logs.json' mode='a' encoding='UTF-8'> and week3-roots.pem
Creating connection for 34.227.130.181 using <_io.TextIOWrapper name='logs.json' mode='a' encoding='UTF-8'> and week3-roots.pem
Creating connection for 185.230.63.171 using <_io.TextIOWrapper name='logs.json' mode='a' encoding='UTF-8'> and week3-roots.pem
CONNECTION ERROR:  
CONNECTION ERROR:  
CONNECTION ERROR:  
CONNECTION ERROR:  
Creating connection for 172.67.206.85 using <_io.TextIOWrapper name='logs.json' mode='a' encoding='UTF-8'> and week3-roots.pem
CONNECTION ERROR:  
Creating connection for 194.113.40.57 using <_io.TextIOWrapper name='logs.json' mode='a' encoding='UTF-8'> and week3-roots.pem
Creating connection for 24.117.144.160 using <_io.TextIOWrapper name='logs.json' mode='a' encoding='UTF-8'> and week3-roots.pem
CONNECTION ERROR:  
Creating connection for 172.67.183.135 using <_io.TextIOWrapper name='logs.json' mode='a' encoding='UTF-8'> and week3-roots.pem
Creating connection for 88.208.46.20 using <_io.TextIOWrapper name='logs.json' mode='a' encoding='UTF-8'> and week3-roots.pem
Creating connection for 104.22.25.177 using <_io.TextIOWrapper name='logs.json' mode='a' encoding='UTF-8'> and week3-roots.pem
Creating connection for 85.10.195.79 using <_io.TextIOWrapper name='logs.json' mode='a' encoding='UTF-8'> and week3-roots.pem
Creating connection for 192.254.224.24 using <_io.TextIOWrapper name='logs.json' mode='a' encoding='UTF-8'> and week3-roots.pem
CONNECTION ERROR:  
CONNECTION ERROR:  
Creating connection for 77.221.130.56 using <_io.TextIOWrapper name='logs.json' mode='a' encoding='UTF-8'> and week3-roots.pem
CONNECTION ERROR:  
Creating connection for 202.103.252.132 using <_io.TextIOWrapper name='logs.json' mode='a' encoding='UTF-8'> and week3-roots.pem
Creating connection for 104.18.29.99 using <_io.TextIOWrapper name='logs.json' mode='a' encoding='UTF-8'> and week3-roots.pem
Creating connection for 45.79.168.40 using <_io.TextIOWrapper name='logs.json' mode='a' encoding='UTF-8'> and week3-roots.pem
Creating connection for 104.21.20.244 using <_io.TextIOWrapper name='logs.json' mode='a' encoding='UTF-8'> and week3-roots.pem
Creating connection for 172.66.41.9 using <_io.TextIOWrapper name='logs.json' mode='a' encoding='UTF-8'> and week3-roots.pem
Creating connection for 46.229.230.105 using <_io.TextIOWrapper name='logs.json' mode='a' encoding='UTF-8'> and week3-roots.pem
CONNECTION ERROR:  
CONNECTION ERROR:  
CONNECTION ERROR:  
CONNECTION ERROR:  
CONNECTION ERROR:  
Creating connection for 72.3.153.91 using <_io.TextIOWrapper name='logs.json' mode='a' encoding='UTF-8'> and week3-roots.pem
CONNECTION ERROR:  
Creating connection for 104.21.22.12 using <_io.TextIOWrapper name='logs.json' mode='a' encoding='UTF-8'> and week3-roots.pem
CONNECTION ERROR:  
CONNECTION ERROR:  
CONNECTION ERROR:  [Errno 111] Connection refused
CONNECTION ERROR:  
CONNECTION ERROR:  (32, 'EPIPE')
Creating connection for 208.91.197.20 using <_io.TextIOWrapper name='logs.json' mode='a' encoding='UTF-8'> and week3-roots.pem
Creating connection for 94.76.246.86 using <_io.TextIOWrapper name='logs.json' mode='a' encoding='UTF-8'> and week3-roots.pem
CONNECTION ERROR:  
Creating connection for 104.42.152.64 using <_io.TextIOWrapper name='logs.json' mode='a' encoding='UTF-8'> and week3-roots.pem
CONNECTION ERROR:  
CONNECTION ERROR:  
Creating connection for 172.67.134.162 using <_io.TextIOWrapper name='logs.json' mode='a' encoding='UTF-8'> and week3-roots.pem
Creating connection for 95.214.58.133 using <_io.TextIOWrapper name='logs.json' mode='a' encoding='UTF-8'> and week3-roots.pem
Creating connection for 192.185.129.151 using <_io.TextIOWrapper name='logs.json' mode='a' encoding='UTF-8'> and week3-roots.pem
Creating connection for 23.109.248.166 using <_io.TextIOWrapper name='logs.json' mode='a' encoding='UTF-8'> and week3-roots.pem
CONNECTION ERROR:  
Creating connection for 210.114.0.212 using <_io.TextIOWrapper name='logs.json' mode='a' encoding='UTF-8'> and week3-roots.pem
Creating connection for 185.105.252.211 using <_io.TextIOWrapper name='logs.json' mode='a' encoding='UTF-8'> and week3-roots.pem
Creating connection for 66.42.44.147 using <_io.TextIOWrapper name='logs.json' mode='a' encoding='UTF-8'> and week3-roots.pem
CONNECTION ERROR:  
CONNECTION ERROR:  
Creating connection for 69.164.197.204 using <_io.TextIOWrapper name='logs.json' mode='a' encoding='UTF-8'> and week3-roots.pem
CONNECTION ERROR:  
CONNECTION ERROR:  
Creating connection for 172.66.43.76 using <_io.TextIOWrapper name='logs.json' mode='a' encoding='UTF-8'> and week3-roots.pem
CONNECTION ERROR:  
Creating connection for 172.67.153.200 using <_io.TextIOWrapper name='logs.json' mode='a' encoding='UTF-8'> and week3-roots.pem
Creating connection for 51.89.219.144 using <_io.TextIOWrapper name='logs.json' mode='a' encoding='UTF-8'> and week3-roots.pem
CONNECTION ERROR:  
CONNECTION ERROR:  
Creating connection for 72.5.187.50 using <_io.TextIOWrapper name='logs.json' mode='a' encoding='UTF-8'> and week3-roots.pem
Creating connection for 104.20.14.45 using <_io.TextIOWrapper name='logs.json' mode='a' encoding='UTF-8'> and week3-roots.pem
Creating connection for 104.21.80.219 using <_io.TextIOWrapper name='logs.json' mode='a' encoding='UTF-8'> and week3-roots.pem
Creating connection for 216.40.34.37 using <_io.TextIOWrapper name='logs.json' mode='a' encoding='UTF-8'> and week3-roots.pem
Creating connection for 123.59.180.228 using <_io.TextIOWrapper name='logs.json' mode='a' encoding='UTF-8'> and week3-roots.pem
Creating connection for 39.107.238.40 using <_io.TextIOWrapper name='logs.json' mode='a' encoding='UTF-8'> and week3-roots.pem
CONNECTION ERROR:  
CONNECTION ERROR:  
CONNECTION ERROR:  
CONNECTION ERROR:  
Creating connection for 103.76.248.202 using <_io.TextIOWrapper name='logs.json' mode='a' encoding='UTF-8'> and week3-roots.pem
Creating connection for 35.174.132.21 using <_io.TextIOWrapper name='logs.json' mode='a' encoding='UTF-8'> and week3-roots.pem
CONNECTION ERROR:  
Creating connection for 52.31.83.14 using <_io.TextIOWrapper name='logs.json' mode='a' encoding='UTF-8'> and week3-roots.pem
Creating connection for 104.21.57.140 using <_io.TextIOWrapper name='logs.json' mode='a' encoding='UTF-8'> and week3-roots.pem
Creating connection for 151.101.130.191 using <_io.TextIOWrapper name='logs.json' mode='a' encoding='UTF-8'> and week3-roots.pem
CONNECTION ERROR:  [Errno 111] Connection refused
Creating connection for 13.107.213.67 using <_io.TextIOWrapper name='logs.json' mode='a' encoding='UTF-8'> and week3-roots.pem
CONNECTION ERROR:  (32, 'EPIPE')
CONNECTION ERROR:  
CONNECTION ERROR:  
Creating connection for 18.140.253.240 using <_io.TextIOWrapper name='logs.json' mode='a' encoding='UTF-8'> and week3-roots.pem
Creating connection for 54.194.170.100 using <_io.TextIOWrapper name='logs.json' mode='a' encoding='UTF-8'> and week3-roots.pem
CONNECTION ERROR:  
CONNECTION ERROR:  
Creating connection for 156.67.222.207 using <_io.TextIOWrapper name='logs.json' mode='a' encoding='UTF-8'> and week3-roots.pem
Creating connection for 129.206.4.250 using <_io.TextIOWrapper name='logs.json' mode='a' encoding='UTF-8'> and week3-roots.pem
Creating connection for 104.18.225.41 using <_io.TextIOWrapper name='logs.json' mode='a' encoding='UTF-8'> and week3-roots.pem
CONNECTION ERROR:  
CONNECTION ERROR:  
Creating connection for 199.15.163.138 using <_io.TextIOWrapper name='logs.json' mode='a' encoding='UTF-8'> and week3-roots.pem
CONNECTION ERROR:  
Creating connection for 172.67.136.193 using <_io.TextIOWrapper name='logs.json' mode='a' encoding='UTF-8'> and week3-roots.pem
Creating connection for 204.93.216.86 using <_io.TextIOWrapper name='logs.json' mode='a' encoding='UTF-8'> and week3-roots.pem
Creating connection for 104.18.26.145 using <_io.TextIOWrapper name='logs.json' mode='a' encoding='UTF-8'> and week3-roots.pem
Creating connection for 192.0.78.134 using <_io.TextIOWrapper name='logs.json' mode='a' encoding='UTF-8'> and week3-roots.pem
CONNECTION ERROR:  
CONNECTION ERROR:  
CONNECTION ERROR:  
Creating connection for 80.69.163.42 using <_io.TextIOWrapper name='logs.json' mode='a' encoding='UTF-8'> and week3-roots.pem
CONNECTION ERROR:  
Creating connection for 104.26.11.243 using <_io.TextIOWrapper name='logs.json' mode='a' encoding='UTF-8'> and week3-roots.pem
Creating connection for 42.120.60.2 using <_io.TextIOWrapper name='logs.json' mode='a' encoding='UTF-8'> and week3-roots.pem
Creating connection for 91.221.204.38 using <_io.TextIOWrapper name='logs.json' mode='a' encoding='UTF-8'> and week3-roots.pem
Creating connection for 160.153.137.5 using <_io.TextIOWrapper name='logs.json' mode='a' encoding='UTF-8'> and week3-roots.pem
Creating connection for 65.9.86.92 using <_io.TextIOWrapper name='logs.json' mode='a' encoding='UTF-8'> and week3-roots.pem
Creating connection for 213.203.253.105 using <_io.TextIOWrapper name='logs.json' mode='a' encoding='UTF-8'> and week3-roots.pem
CONNECTION ERROR:  
Creating connection for 35.181.27.204 using <_io.TextIOWrapper name='logs.json' mode='a' encoding='UTF-8'> and week3-roots.pem
CONNECTION ERROR:  
CONNECTION ERROR:  
Creating connection for 178.63.253.189 using <_io.TextIOWrapper name='logs.json' mode='a' encoding='UTF-8'> and week3-roots.pem
Creating connection for 34.251.201.224 using <_io.TextIOWrapper name='logs.json' mode='a' encoding='UTF-8'> and week3-roots.pem
Creating connection for 35.186.242.75 using <_io.TextIOWrapper name='logs.json' mode='a' encoding='UTF-8'> and week3-roots.pem
CONNECTION ERROR:  
Creating connection for 104.26.10.248 using <_io.TextIOWrapper name='logs.json' mode='a' encoding='UTF-8'> and week3-roots.pem
Creating connection for 45.60.198.182 using <_io.TextIOWrapper name='logs.json' mode='a' encoding='UTF-8'> and week3-roots.pem
CONNECTION ERROR:  
Creating connection for 34.251.201.224 using <_io.TextIOWrapper name='logs.json' mode='a' encoding='UTF-8'> and week3-roots.pem
Creating connection for 104.21.8.167 using <_io.TextIOWrapper name='logs.json' mode='a' encoding='UTF-8'> and week3-roots.pem
Creating connection for 157.230.67.179 using <_io.TextIOWrapper name='logs.json' mode='a' encoding='UTF-8'> and week3-roots.pem
Creating connection for 141.193.213.10 using <_io.TextIOWrapper name='logs.json' mode='a' encoding='UTF-8'> and week3-roots.pem
CONNECTION ERROR:  
CONNECTION ERROR:  
CONNECTION ERROR:  
Creating connection for 65.9.86.52 using <_io.TextIOWrapper name='logs.json' mode='a' encoding='UTF-8'> and week3-roots.pem
CONNECTION ERROR:  
Creating connection for 172.67.74.88 using <_io.TextIOWrapper name='logs.json' mode='a' encoding='UTF-8'> and week3-roots.pem
CONNECTION ERROR:  
CONNECTION ERROR:  
Creating connection for 52.34.255.222 using <_io.TextIOWrapper name='logs.json' mode='a' encoding='UTF-8'> and week3-roots.pem
CONNECTION ERROR:  
CONNECTION ERROR:  
Creating connection for 104.21.89.110 using <_io.TextIOWrapper name='logs.json' mode='a' encoding='UTF-8'> and week3-roots.pem
Creating connection for 65.9.86.13 using <_io.TextIOWrapper name='logs.json' mode='a' encoding='UTF-8'> and week3-roots.pem
CONNECTION ERROR:  
CONNECTION ERROR:  
CONNECTION ERROR:  
CONNECTION ERROR:  
CONNECTION ERROR:  
CONNECTION ERROR:  
Creating connection for 104.26.14.142 using <_io.TextIOWrapper name='logs.json' mode='a' encoding='UTF-8'> and week3-roots.pem
CONNECTION ERROR:  
CONNECTION ERROR:  
Creating connection for 31.31.198.167 using <_io.TextIOWrapper name='logs.json' mode='a' encoding='UTF-8'> and week3-roots.pem
Creating connection for 213.164.65.43 using <_io.TextIOWrapper name='logs.json' mode='a' encoding='UTF-8'> and week3-roots.pem
CONNECTION ERROR:  
CONNECTION ERROR:  
CONNECTION ERROR:  
Creating connection for 65.9.86.38 using <_io.TextIOWrapper name='logs.json' mode='a' encoding='UTF-8'> and week3-roots.pem
Creating connection for 172.67.145.9 using <_io.TextIOWrapper name='logs.json' mode='a' encoding='UTF-8'> and week3-roots.pemCONNECTION ERROR:  
CONNECTION ERROR:  

CONNECTION ERROR:  
Creating connection for 104.21.61.43 using <_io.TextIOWrapper name='logs.json' mode='a' encoding='UTF-8'> and week3-roots.pem
CONNECTION ERROR:  
CONNECTION ERROR:  
CONNECTION ERROR:  
Creating connection for 104.18.42.67 using <_io.TextIOWrapper name='logs.json' mode='a' encoding='UTF-8'> and week3-roots.pem
Creating connection for 34.218.149.246 using <_io.TextIOWrapper name='logs.json' mode='a' encoding='UTF-8'> and week3-roots.pem
CONNECTION ERROR:  
CONNECTION ERROR:  
Creating connection for 65.9.86.24 using <_io.TextIOWrapper name='logs.json' mode='a' encoding='UTF-8'> and week3-roots.pem
Creating connection for 188.126.112.163 using <_io.TextIOWrapper name='logs.json' mode='a' encoding='UTF-8'> and week3-roots.pem
Creating connection for 192.34.55.186 using <_io.TextIOWrapper name='logs.json' mode='a' encoding='UTF-8'> and week3-roots.pem
CONNECTION ERROR:  
Creating connection for 78.129.136.45 using <_io.TextIOWrapper name='logs.json' mode='a' encoding='UTF-8'> and week3-roots.pem
CONNECTION ERROR:  
CONNECTION ERROR:  
Creating connection for 151.101.65.124 using <_io.TextIOWrapper name='logs.json' mode='a' encoding='UTF-8'> and week3-roots.pem
CONNECTION ERROR:  
Creating connection for 185.18.215.226 using <_io.TextIOWrapper name='logs.json' mode='a' encoding='UTF-8'> and week3-roots.pem
Creating connection for 45.113.122.245 using <_io.TextIOWrapper name='logs.json' mode='a' encoding='UTF-8'> and week3-roots.pem
CONNECTION ERROR:  
CONNECTION ERROR:  
CONNECTION ERROR:  
Creating connection for 172.67.174.114 using <_io.TextIOWrapper name='logs.json' mode='a' encoding='UTF-8'> and week3-roots.pem
CONNECTION ERROR:  
CONNECTION ERROR:  
Creating connection for 104.21.10.40 using <_io.TextIOWrapper name='logs.json' mode='a' encoding='UTF-8'> and week3-roots.pem
CONNECTION ERROR:  
CONNECTION ERROR:  
Creating connection for 104.21.24.8 using <_io.TextIOWrapper name='logs.json' mode='a' encoding='UTF-8'> and week3-roots.pem
Creating connection for 34.159.168.235 using <_io.TextIOWrapper name='logs.json' mode='a' encoding='UTF-8'> and week3-roots.pem
CONNECTION ERROR:  
CONNECTION ERROR:  
Creating connection for 104.248.106.37 using <_io.TextIOWrapper name='logs.json' mode='a' encoding='UTF-8'> and week3-roots.pem
Creating connection for 80.93.56.203 using <_io.TextIOWrapper name='logs.json' mode='a' encoding='UTF-8'> and week3-roots.pem
CONNECTION ERROR:  
CONNECTION ERROR:  
Creating connection for 115.159.73.50 using <_io.TextIOWrapper name='logs.json' mode='a' encoding='UTF-8'> and week3-roots.pem
Creating connection for 172.67.208.163 using <_io.TextIOWrapper name='logs.json' mode='a' encoding='UTF-8'> and week3-roots.pem
Creating connection for 104.16.69.82 using <_io.TextIOWrapper name='logs.json' mode='a' encoding='UTF-8'> and week3-roots.pem
CONNECTION ERROR:  
Creating connection for 92.43.203.58 using <_io.TextIOWrapper name='logs.json' mode='a' encoding='UTF-8'> and week3-roots.pem
CONNECTION ERROR:  
Creating connection for 104.26.12.93 using <_io.TextIOWrapper name='logs.json' mode='a' encoding='UTF-8'> and week3-roots.pem
Creating connection for 104.19.157.10 using <_io.TextIOWrapper name='logs.json' mode='a' encoding='UTF-8'> and week3-roots.pem
CONNECTION ERROR:  
Creating connection for 163.172.190.222 using <_io.TextIOWrapper name='logs.json' mode='a' encoding='UTF-8'> and week3-roots.pem
Creating connection for 104.17.183.100 using <_io.TextIOWrapper name='logs.json' mode='a' encoding='UTF-8'> and week3-roots.pem
Creating connection for 45.60.11.42 using <_io.TextIOWrapper name='logs.json' mode='a' encoding='UTF-8'> and week3-roots.pem
CONNECTION ERROR:  
CONNECTION ERROR:  
Creating connection for 217.19.248.132 using <_io.TextIOWrapper name='logs.json' mode='a' encoding='UTF-8'> and week3-roots.pem
CONNECTION ERROR:  
Creating connection for 65.9.86.5 using <_io.TextIOWrapper name='logs.json' mode='a' encoding='UTF-8'> and week3-roots.pem
Creating connection for 23.227.38.32 using <_io.TextIOWrapper name='logs.json' mode='a' encoding='UTF-8'> and week3-roots.pem
Creating connection for 101.33.29.223 using <_io.TextIOWrapper name='logs.json' mode='a' encoding='UTF-8'> and week3-roots.pem
CONNECTION ERROR:  
Creating connection for 172.67.193.6 using <_io.TextIOWrapper name='logs.json' mode='a' encoding='UTF-8'> and week3-roots.pem
CONNECTION ERROR:  
Creating connection for 91.195.255.228 using <_io.TextIOWrapper name='logs.json' mode='a' encoding='UTF-8'> and week3-roots.pem
CONNECTION ERROR:  
CONNECTION ERROR:  
CONNECTION ERROR:  
CONNECTION ERROR:  
Creating connection for 112.106.58.23 using <_io.TextIOWrapper name='logs.json' mode='a' encoding='UTF-8'> and week3-roots.pem
Creating connection for 216.239.34.21 using <_io.TextIOWrapper name='logs.json' mode='a' encoding='UTF-8'> and week3-roots.pem
Creating connection for 136.243.144.117 using <_io.TextIOWrapper name='logs.json' mode='a' encoding='UTF-8'> and week3-roots.pem
CONNECTION ERROR:  
CONNECTION ERROR:  
CONNECTION ERROR:  
CONNECTION ERROR:  
CONNECTION ERROR:  
Creating connection for 188.114.97.3 using <_io.TextIOWrapper name='logs.json' mode='a' encoding='UTF-8'> and week3-roots.pem
Creating connection for 121.52.147.74 using <_io.TextIOWrapper name='logs.json' mode='a' encoding='UTF-8'> and week3-roots.pem
Creating connection for 104.22.55.193 using <_io.TextIOWrapper name='logs.json' mode='a' encoding='UTF-8'> and week3-roots.pem
Creating connection for 104.21.82.144 using <_io.TextIOWrapper name='logs.json' mode='a' encoding='UTF-8'> and week3-roots.pem
Creating connection for 172.93.103.101 using <_io.TextIOWrapper name='logs.json' mode='a' encoding='UTF-8'> and week3-roots.pem
Creating connection for 18.205.36.100 using <_io.TextIOWrapper name='logs.json' mode='a' encoding='UTF-8'> and week3-roots.pem
CONNECTION ERROR:  
Creating connection for 50.31.188.101 using <_io.TextIOWrapper name='logs.json' mode='a' encoding='UTF-8'> and week3-roots.pem
Creating connection for 123.129.198.249 using <_io.TextIOWrapper name='logs.json' mode='a' encoding='UTF-8'> and week3-roots.pem
Creating connection for 82.98.160.168 using <_io.TextIOWrapper name='logs.json' mode='a' encoding='UTF-8'> and week3-roots.pem
CONNECTION ERROR:  
Creating connection for 104.19.72.18 using <_io.TextIOWrapper name='logs.json' mode='a' encoding='UTF-8'> and week3-roots.pem
CONNECTION ERROR:  
CONNECTION ERROR:  
CONNECTION ERROR:  
CONNECTION ERROR:  
Creating connection for 159.89.151.245 using <_io.TextIOWrapper name='logs.json' mode='a' encoding='UTF-8'> and week3-roots.pem
CONNECTION ERROR:  
Creating connection for 172.67.74.33 using <_io.TextIOWrapper name='logs.json' mode='a' encoding='UTF-8'> and week3-roots.pem
CONNECTION ERROR:  
Creating connection for 153.122.106.173 using <_io.TextIOWrapper name='logs.json' mode='a' encoding='UTF-8'> and week3-roots.pem
Creating connection for 104.21.18.210 using <_io.TextIOWrapper name='logs.json' mode='a' encoding='UTF-8'> and week3-roots.pem
CONNECTION ERROR:  
Creating connection for 213.36.119.104 using <_io.TextIOWrapper name='logs.json' mode='a' encoding='UTF-8'> and week3-roots.pem
Creating connection for 104.21.235.84 using <_io.TextIOWrapper name='logs.json' mode='a' encoding='UTF-8'> and week3-roots.pem
CONNECTION ERROR:  
CONNECTION ERROR:  
Creating connection for 80.97.1.5 using <_io.TextIOWrapper name='logs.json' mode='a' encoding='UTF-8'> and week3-roots.pem
Creating connection for 34.151.235.216 using <_io.TextIOWrapper name='logs.json' mode='a' encoding='UTF-8'> and week3-roots.pem
Creating connection for 188.114.97.3 using <_io.TextIOWrapper name='logs.json' mode='a' encoding='UTF-8'> and week3-roots.pem
Creating connection for 104.26.0.200 using <_io.TextIOWrapper name='logs.json' mode='a' encoding='UTF-8'> and week3-roots.pem
Creating connection for 40.117.147.188 using <_io.TextIOWrapper name='logs.json' mode='a' encoding='UTF-8'> and week3-roots.pem
Creating connection for 65.9.86.26 using <_io.TextIOWrapper name='logs.json' mode='a' encoding='UTF-8'> and week3-roots.pem
Creating connection for 104.22.29.235 using <_io.TextIOWrapper name='logs.json' mode='a' encoding='UTF-8'> and week3-roots.pem
CONNECTION ERROR:  
CONNECTION ERROR:  
Creating connection for 23.29.115.3 using <_io.TextIOWrapper name='logs.json' mode='a' encoding='UTF-8'> and week3-roots.pem
CONNECTION ERROR:  
Creating connection for 172.66.43.24 using <_io.TextIOWrapper name='logs.json' mode='a' encoding='UTF-8'> and week3-roots.pem
Creating connection for 202.229.102.172 using <_io.TextIOWrapper name='logs.json' mode='a' encoding='UTF-8'> and week3-roots.pem
CONNECTION ERROR:  
CONNECTION ERROR:  
Creating connection for 20.104.12.1 using <_io.TextIOWrapper name='logs.json' mode='a' encoding='UTF-8'> and week3-roots.pem
Creating connection for 172.67.162.145 using <_io.TextIOWrapper name='logs.json' mode='a' encoding='UTF-8'> and week3-roots.pem
Creating connection for 50.31.188.149 using <_io.TextIOWrapper name='logs.json' mode='a' encoding='UTF-8'> and week3-roots.pem
Creating connection for 104.26.0.249 using <_io.TextIOWrapper name='logs.json' mode='a' encoding='UTF-8'> and week3-roots.pem
CONNECTION ERROR:  
Creating connection for 151.101.194.133 using <_io.TextIOWrapper name='logs.json' mode='a' encoding='UTF-8'> and week3-roots.pem
CONNECTION ERROR:  
Creating connection for 188.114.97.2 using <_io.TextIOWrapper name='logs.json' mode='a' encoding='UTF-8'> and week3-roots.pem
CONNECTION ERROR:  
CONNECTION ERROR:  
Creating connection for 95.217.195.204 using <_io.TextIOWrapper name='logs.json' mode='a' encoding='UTF-8'> and week3-roots.pem
CONNECTION ERROR:  
CONNECTION ERROR:  
CONNECTION ERROR:  
CONNECTION ERROR:  
CONNECTION ERROR:  
Creating connection for 193.14.90.203 using <_io.TextIOWrapper name='logs.json' mode='a' encoding='UTF-8'> and week3-roots.pem
Creating connection for 183.111.182.219 using <_io.TextIOWrapper name='logs.json' mode='a' encoding='UTF-8'> and week3-roots.pem
CONNECTION ERROR:  
CONNECTION ERROR:  
CONNECTION ERROR:  
CONNECTION ERROR:  
Creating connection for 104.21.95.221 using <_io.TextIOWrapper name='logs.json' mode='a' encoding='UTF-8'> and week3-roots.pem
Creating connection for 84.205.193.18 using <_io.TextIOWrapper name='logs.json' mode='a' encoding='UTF-8'> and week3-roots.pem
Creating connection for 172.67.213.161 using <_io.TextIOWrapper name='logs.json' mode='a' encoding='UTF-8'> and week3-roots.pem
CONNECTION ERROR:  
Creating connection for 140.207.177.207 using <_io.TextIOWrapper name='logs.json' mode='a' encoding='UTF-8'> and week3-roots.pem
Creating connection for 65.9.86.58 using <_io.TextIOWrapper name='logs.json' mode='a' encoding='UTF-8'> and week3-roots.pem
Creating connection for 103.224.182.210 using <_io.TextIOWrapper name='logs.json' mode='a' encoding='UTF-8'> and week3-roots.pem
Creating connection for 13.89.57.7 using <_io.TextIOWrapper name='logs.json' mode='a' encoding='UTF-8'> and week3-roots.pem
CONNECTION ERROR:  
Creating connection for 172.67.161.192 using <_io.TextIOWrapper name='logs.json' mode='a' encoding='UTF-8'> and week3-roots.pem
CONNECTION ERROR:  
CONNECTION ERROR:  
Creating connection for 104.21.24.151 using <_io.TextIOWrapper name='logs.json' mode='a' encoding='UTF-8'> and week3-roots.pem
CONNECTION ERROR:  
Creating connection for 1.1.1.1 using <_io.TextIOWrapper name='logs.json' mode='a' encoding='UTF-8'> and week3-roots.pem
Creating connection for 76.76.21.21 using <_io.TextIOWrapper name='logs.json' mode='a' encoding='UTF-8'> and week3-roots.pem
Creating connection for 52.29.127.0 using <_io.TextIOWrapper name='logs.json' mode='a' encoding='UTF-8'> and week3-roots.pem
Creating connection for 5.56.128.69 using <_io.TextIOWrapper name='logs.json' mode='a' encoding='UTF-8'> and week3-roots.pem
Creating connection for 65.9.86.112 using <_io.TextIOWrapper name='logs.json' mode='a' encoding='UTF-8'> and week3-roots.pem
CONNECTION ERROR:  
CONNECTION ERROR:  
CONNECTION ERROR:  
CONNECTION ERROR:  
CONNECTION ERROR:  
Creating connection for 91.197.231.232 using <_io.TextIOWrapper name='logs.json' mode='a' encoding='UTF-8'> and week3-roots.pem
Creating connection for 158.69.140.28 using <_io.TextIOWrapper name='logs.json' mode='a' encoding='UTF-8'> and week3-roots.pem
Creating connection for 198.54.117.216 using <_io.TextIOWrapper name='logs.json' mode='a' encoding='UTF-8'> and week3-roots.pem
Creating connection for 52.157.253.163 using <_io.TextIOWrapper name='logs.json' mode='a' encoding='UTF-8'> and week3-roots.pem
Creating connection for 104.19.249.17 using <_io.TextIOWrapper name='logs.json' mode='a' encoding='UTF-8'> and week3-roots.pem
Creating connection for 185.12.4.101 using <_io.TextIOWrapper name='logs.json' mode='a' encoding='UTF-8'> and week3-roots.pem
Creating connection for 104.26.11.156 using <_io.TextIOWrapper name='logs.json' mode='a' encoding='UTF-8'> and week3-roots.pem
CONNECTION ERROR:  
CONNECTION ERROR:  
CONNECTION ERROR:  
CONNECTION ERROR:  
Creating connection for 141.193.213.20 using <_io.TextIOWrapper name='logs.json' mode='a' encoding='UTF-8'> and week3-roots.pem
CONNECTION ERROR:  
Creating connection for 107.161.186.83 using <_io.TextIOWrapper name='logs.json' mode='a' encoding='UTF-8'> and week3-roots.pem
Creating connection for 172.67.205.121 using <_io.TextIOWrapper name='logs.json' mode='a' encoding='UTF-8'> and week3-roots.pem
Creating connection for 104.21.92.21 using <_io.TextIOWrapper name='logs.json' mode='a' encoding='UTF-8'> and week3-roots.pem
Creating connection for 93.94.254.237 using <_io.TextIOWrapper name='logs.json' mode='a' encoding='UTF-8'> and week3-roots.pem
Creating connection for 192.0.78.153 using <_io.TextIOWrapper name='logs.json' mode='a' encoding='UTF-8'> and week3-roots.pem
CONNECTION ERROR:  
CONNECTION ERROR:  
CONNECTION ERROR:  
CONNECTION ERROR:  
CONNECTION ERROR:  
CONNECTION ERROR:  
Creating connection for 34.202.100.162 using <_io.TextIOWrapper name='logs.json' mode='a' encoding='UTF-8'> and week3-roots.pem
Creating connection for 79.143.30.229 using <_io.TextIOWrapper name='logs.json' mode='a' encoding='UTF-8'> and week3-roots.pem
Creating connection for 185.22.155.62 using <_io.TextIOWrapper name='logs.json' mode='a' encoding='UTF-8'> and week3-roots.pem
CONNECTION ERROR:  
Creating connection for 188.114.96.12 using <_io.TextIOWrapper name='logs.json' mode='a' encoding='UTF-8'> and week3-roots.pem
CONNECTION ERROR:  
Creating connection for 206.189.134.176 using <_io.TextIOWrapper name='logs.json' mode='a' encoding='UTF-8'> and week3-roots.pem
Creating connection for 35.186.238.101 using <_io.TextIOWrapper name='logs.json' mode='a' encoding='UTF-8'> and week3-roots.pem
CONNECTION ERROR:  
CONNECTION ERROR:  
CONNECTION ERROR:  
CONNECTION ERROR:  
Creating connection for 200.229.199.127 using <_io.TextIOWrapper name='logs.json' mode='a' encoding='UTF-8'> and week3-roots.pem
Creating connection for 50.56.249.138 using <_io.TextIOWrapper name='logs.json' mode='a' encoding='UTF-8'> and week3-roots.pem
CONNECTION ERROR:  
CONNECTION ERROR:  [Errno 111] Connection refused
CONNECTION ERROR:  (32, 'EPIPE')
CONNECTION ERROR:  
CONNECTION ERROR:  
CONNECTION ERROR:  
Creating connection for 109.168.97.34 using <_io.TextIOWrapper name='logs.json' mode='a' encoding='UTF-8'> and week3-roots.pem
Creating connection for 195.83.66.85 using <_io.TextIOWrapper name='logs.json' mode='a' encoding='UTF-8'> and week3-roots.pem
Creating connection for 85.143.24.204 using <_io.TextIOWrapper name='logs.json' mode='a' encoding='UTF-8'> and week3-roots.pem
Creating connection for 192.124.249.34 using <_io.TextIOWrapper name='logs.json' mode='a' encoding='UTF-8'> and week3-roots.pem
CONNECTION ERROR:  
Creating connection for 192.0.66.202 using <_io.TextIOWrapper name='logs.json' mode='a' encoding='UTF-8'> and week3-roots.pem
CONNECTION ERROR:  
Creating connection for 34.89.116.178 using <_io.TextIOWrapper name='logs.json' mode='a' encoding='UTF-8'> and week3-roots.pem
CONNECTION ERROR:  
CONNECTION ERROR:  
CONNECTION ERROR:  
Creating connection for 141.193.213.11 using <_io.TextIOWrapper name='logs.json' mode='a' encoding='UTF-8'> and week3-roots.pem
CONNECTION ERROR:  
CONNECTION ERROR:  
CONNECTION ERROR:  
Creating connection for 199.115.115.67 using <_io.TextIOWrapper name='logs.json' mode='a' encoding='UTF-8'> and week3-roots.pemCONNECTION ERROR:  

CONNECTION ERROR:  
Creating connection for 13.234.243.14 using <_io.TextIOWrapper name='logs.json' mode='a' encoding='UTF-8'> and week3-roots.pem
CONNECTION ERROR:  
Creating connection for 18.177.95.13 using <_io.TextIOWrapper name='logs.json' mode='a' encoding='UTF-8'> and week3-roots.pem
CONNECTION ERROR:  
CONNECTION ERROR:  
Creating connection for 104.21.12.30 using <_io.TextIOWrapper name='logs.json' mode='a' encoding='UTF-8'> and week3-roots.pem
CONNECTION ERROR:  
Creating connection for 103.204.106.14 using <_io.TextIOWrapper name='logs.json' mode='a' encoding='UTF-8'> and week3-roots.pem
Creating connection for 188.244.40.32 using <_io.TextIOWrapper name='logs.json' mode='a' encoding='UTF-8'> and week3-roots.pem
Creating connection for 139.196.45.176 using <_io.TextIOWrapper name='logs.json' mode='a' encoding='UTF-8'> and week3-roots.pem
Creating connection for 65.9.86.110 using <_io.TextIOWrapper name='logs.json' mode='a' encoding='UTF-8'> and week3-roots.pem
Creating connection for 185.197.163.121 using <_io.TextIOWrapper name='logs.json' mode='a' encoding='UTF-8'> and week3-roots.pem
CONNECTION ERROR:  
Creating connection for 151.101.67.10 using <_io.TextIOWrapper name='logs.json' mode='a' encoding='UTF-8'> and week3-roots.pem
CONNECTION ERROR:  
CONNECTION ERROR:  
Creating connection for 162.55.96.216 using <_io.TextIOWrapper name='logs.json' mode='a' encoding='UTF-8'> and week3-roots.pem
CONNECTION ERROR:  
Creating connection for 35.158.228.118 using <_io.TextIOWrapper name='logs.json' mode='a' encoding='UTF-8'> and week3-roots.pem
Creating connection for 104.21.72.106 using <_io.TextIOWrapper name='logs.json' mode='a' encoding='UTF-8'> and week3-roots.pem
Creating connection for 85.17.232.224 using <_io.TextIOWrapper name='logs.json' mode='a' encoding='UTF-8'> and week3-roots.pem
CONNECTION ERROR:  
Creating connection for 199.127.92.181 using <_io.TextIOWrapper name='logs.json' mode='a' encoding='UTF-8'> and week3-roots.pem
Creating connection for 83.96.176.106 using <_io.TextIOWrapper name='logs.json' mode='a' encoding='UTF-8'> and week3-roots.pem
CONNECTION ERROR:  
Creating connection for 167.88.50.7 using <_io.TextIOWrapper name='logs.json' mode='a' encoding='UTF-8'> and week3-roots.pem
CONNECTION ERROR:  
Creating connection for 96.16.53.215 using <_io.TextIOWrapper name='logs.json' mode='a' encoding='UTF-8'> and week3-roots.pem
Creating connection for 172.67.219.54 using <_io.TextIOWrapper name='logs.json' mode='a' encoding='UTF-8'> and week3-roots.pem
Creating connection for 87.98.188.44 using <_io.TextIOWrapper name='logs.json' mode='a' encoding='UTF-8'> and week3-roots.pem
CONNECTION ERROR:  
CONNECTION ERROR:  
CONNECTION ERROR:  
Creating connection for 37.1.201.27 using <_io.TextIOWrapper name='logs.json' mode='a' encoding='UTF-8'> and week3-roots.pem
CONNECTION ERROR:  
CONNECTION ERROR:  
CONNECTION ERROR:  
Creating connection for 109.70.26.37 using <_io.TextIOWrapper name='logs.json' mode='a' encoding='UTF-8'> and week3-roots.pem
Creating connection for 198.23.60.79 using <_io.TextIOWrapper name='logs.json' mode='a' encoding='UTF-8'> and week3-roots.pem
CONNECTION ERROR:  
CONNECTION ERROR:  
Creating connection for 104.18.213.42 using <_io.TextIOWrapper name='logs.json' mode='a' encoding='UTF-8'> and week3-roots.pem
CONNECTION ERROR:  
CONNECTION ERROR:  
CONNECTION ERROR:  
CONNECTION ERROR:  
CONNECTION ERROR:  
CONNECTION ERROR:  
Creating connection for 157.245.149.25 using <_io.TextIOWrapper name='logs.json' mode='a' encoding='UTF-8'> and week3-roots.pem
CONNECTION ERROR:  
Creating connection for 188.165.10.6 using <_io.TextIOWrapper name='logs.json' mode='a' encoding='UTF-8'> and week3-roots.pem
CONNECTION ERROR:  
Creating connection for 18.190.70.216 using <_io.TextIOWrapper name='logs.json' mode='a' encoding='UTF-8'> and week3-roots.pem
Creating connection for 65.9.86.88 using <_io.TextIOWrapper name='logs.json' mode='a' encoding='UTF-8'> and week3-roots.pem
CONNECTION ERROR:  
CONNECTION ERROR:  
Creating connection for 47.91.170.222 using <_io.TextIOWrapper name='logs.json' mode='a' encoding='UTF-8'> and week3-roots.pem
Creating connection for 216.48.177.202 using <_io.TextIOWrapper name='logs.json' mode='a' encoding='UTF-8'> and week3-roots.pem
CONNECTION ERROR:  
CONNECTION ERROR:  
Creating connection for 208.77.216.21 using <_io.TextIOWrapper name='logs.json' mode='a' encoding='UTF-8'> and week3-roots.pem
Creating connection for 173.214.243.86 using <_io.TextIOWrapper name='logs.json' mode='a' encoding='UTF-8'> and week3-roots.pem
Creating connection for 104.21.90.191 using <_io.TextIOWrapper name='logs.json' mode='a' encoding='UTF-8'> and week3-roots.pem
CONNECTION ERROR:  
Creating connection for 104.21.18.47 using <_io.TextIOWrapper name='logs.json' mode='a' encoding='UTF-8'> and week3-roots.pem
Creating connection for 39.101.208.42 using <_io.TextIOWrapper name='logs.json' mode='a' encoding='UTF-8'> and week3-roots.pem
CONNECTION ERROR:  
Creating connection for 35.197.161.241 using <_io.TextIOWrapper name='logs.json' mode='a' encoding='UTF-8'> and week3-roots.pem
Creating connection for 104.16.247.2 using <_io.TextIOWrapper name='logs.json' mode='a' encoding='UTF-8'> and week3-roots.pem
CONNECTION ERROR:  
Creating connection for 77.222.56.11 using <_io.TextIOWrapper name='logs.json' mode='a' encoding='UTF-8'> and week3-roots.pem
Creating connection for 54.194.170.100 using <_io.TextIOWrapper name='logs.json' mode='a' encoding='UTF-8'> and week3-roots.pem
Creating connection for 185.53.178.53 using <_io.TextIOWrapper name='logs.json' mode='a' encoding='UTF-8'> and week3-roots.pem
Creating connection for 198.185.159.144 using <_io.TextIOWrapper name='logs.json' mode='a' encoding='UTF-8'> and week3-roots.pem
CONNECTION ERROR:  
Creating connection for 67.192.28.20 using <_io.TextIOWrapper name='logs.json' mode='a' encoding='UTF-8'> and week3-roots.pem
CONNECTION ERROR:  
Creating connection for 31.186.82.171 using <_io.TextIOWrapper name='logs.json' mode='a' encoding='UTF-8'> and week3-roots.pem
CONNECTION ERROR:  
CONNECTION ERROR:  
CONNECTION ERROR:  
Creating connection for 65.9.86.76 using <_io.TextIOWrapper name='logs.json' mode='a' encoding='UTF-8'> and week3-roots.pem
CONNECTION ERROR:  
Creating connection for 199.83.132.214 using <_io.TextIOWrapper name='logs.json' mode='a' encoding='UTF-8'> and week3-roots.pem
Creating connection for 198.49.23.145 using <_io.TextIOWrapper name='logs.json' mode='a' encoding='UTF-8'> and week3-roots.pem
Creating connection for 104.21.62.223 using <_io.TextIOWrapper name='logs.json' mode='a' encoding='UTF-8'> and week3-roots.pem
Creating connection for 172.67.42.153 using <_io.TextIOWrapper name='logs.json' mode='a' encoding='UTF-8'> and week3-roots.pem
Creating connection for 65.9.86.46 using <_io.TextIOWrapper name='logs.json' mode='a' encoding='UTF-8'> and week3-roots.pem
Creating connection for 52.11.34.176 using <_io.TextIOWrapper name='logs.json' mode='a' encoding='UTF-8'> and week3-roots.pem
CONNECTION ERROR:  
Creating connection for 172.67.180.76 using <_io.TextIOWrapper name='logs.json' mode='a' encoding='UTF-8'> and week3-roots.pem
CONNECTION ERROR:  
CONNECTION ERROR:  
Creating connection for 23.5.172.65 using <_io.TextIOWrapper name='logs.json' mode='a' encoding='UTF-8'> and week3-roots.pem
Creating connection for 65.9.86.36 using <_io.TextIOWrapper name='logs.json' mode='a' encoding='UTF-8'> and week3-roots.pem
Creating connection for 75.2.70.75 using <_io.TextIOWrapper name='logs.json' mode='a' encoding='UTF-8'> and week3-roots.pem
CONNECTION ERROR:  
Creating connection for 65.9.86.63 using <_io.TextIOWrapper name='logs.json' mode='a' encoding='UTF-8'> and week3-roots.pem
Creating connection for 162.246.20.155 using <_io.TextIOWrapper name='logs.json' mode='a' encoding='UTF-8'> and week3-roots.pem
CONNECTION ERROR:  
CONNECTION ERROR:  
CONNECTION ERROR:  
Creating connection for 52.62.136.175 using <_io.TextIOWrapper name='logs.json' mode='a' encoding='UTF-8'> and week3-roots.pem
CONNECTION ERROR:  
CONNECTION ERROR:  
Creating connection for 34.90.132.17 using <_io.TextIOWrapper name='logs.json' mode='a' encoding='UTF-8'> and week3-roots.pem
Creating connection for 103.224.212.221 using <_io.TextIOWrapper name='logs.json' mode='a' encoding='UTF-8'> and week3-roots.pem
CONNECTION ERROR:  
CONNECTION ERROR:  
CONNECTION ERROR:  
CONNECTION ERROR:  
CONNECTION ERROR:  
CONNECTION ERROR:  
CONNECTION ERROR:  
Creating connection for 192.99.18.118 using <_io.TextIOWrapper name='logs.json' mode='a' encoding='UTF-8'> and week3-roots.pem
Creating connection for 87.117.26.92 using <_io.TextIOWrapper name='logs.json' mode='a' encoding='UTF-8'> and week3-roots.pem
Creating connection for 34.160.46.16 using <_io.TextIOWrapper name='logs.json' mode='a' encoding='UTF-8'> and week3-roots.pem
Creating connection for 172.67.182.185 using <_io.TextIOWrapper name='logs.json' mode='a' encoding='UTF-8'> and week3-roots.pem
CONNECTION ERROR:  
Creating connection for 34.251.201.224 using <_io.TextIOWrapper name='logs.json' mode='a' encoding='UTF-8'> and week3-roots.pem
Creating connection for 192.0.66.104 using <_io.TextIOWrapper name='logs.json' mode='a' encoding='UTF-8'> and week3-roots.pem
CONNECTION ERROR:  
Creating connection for 162.214.227.138 using <_io.TextIOWrapper name='logs.json' mode='a' encoding='UTF-8'> and week3-roots.pem
Creating connection for 18.235.230.172 using <_io.TextIOWrapper name='logs.json' mode='a' encoding='UTF-8'> and week3-roots.pem
CONNECTION ERROR:  
Creating connection for 178.62.197.167 using <_io.TextIOWrapper name='logs.json' mode='a' encoding='UTF-8'> and week3-roots.pem
Creating connection for 221.214.14.47 using <_io.TextIOWrapper name='logs.json' mode='a' encoding='UTF-8'> and week3-roots.pem
Creating connection for 172.67.71.236 using <_io.TextIOWrapper name='logs.json' mode='a' encoding='UTF-8'> and week3-roots.pem
Creating connection for 69.16.199.192 using <_io.TextIOWrapper name='logs.json' mode='a' encoding='UTF-8'> and week3-roots.pem
Creating connection for 103.53.88.121 using <_io.TextIOWrapper name='logs.json' mode='a' encoding='UTF-8'> and week3-roots.pem
Creating connection for 54.164.46.146 using <_io.TextIOWrapper name='logs.json' mode='a' encoding='UTF-8'> and week3-roots.pem
CONNECTION ERROR:  
CONNECTION ERROR:  
Creating connection for 104.21.13.149 using <_io.TextIOWrapper name='logs.json' mode='a' encoding='UTF-8'> and week3-roots.pem
Creating connection for 104.21.35.126 using <_io.TextIOWrapper name='logs.json' mode='a' encoding='UTF-8'> and week3-roots.pem
CONNECTION ERROR:  
CONNECTION ERROR:  
CONNECTION ERROR:  
Creating connection for 82.135.48.164 using <_io.TextIOWrapper name='logs.json' mode='a' encoding='UTF-8'> and week3-roots.pem
CONNECTION ERROR:  
Creating connection for 52.211.6.101 using <_io.TextIOWrapper name='logs.json' mode='a' encoding='UTF-8'> and week3-roots.pem
Creating connection for 208.108.244.166 using <_io.TextIOWrapper name='logs.json' mode='a' encoding='UTF-8'> and week3-roots.pem
Creating connection for 185.232.249.230 using <_io.TextIOWrapper name='logs.json' mode='a' encoding='UTF-8'> and week3-roots.pem
Creating connection for 172.67.72.177 using <_io.TextIOWrapper name='logs.json' mode='a' encoding='UTF-8'> and week3-roots.pem
Creating connection for 65.9.86.35 using <_io.TextIOWrapper name='logs.json' mode='a' encoding='UTF-8'> and week3-roots.pem
CONNECTION ERROR:  
CONNECTION ERROR:  
CONNECTION ERROR:  
CONNECTION ERROR:  
Creating connection for 78.46.35.172 using <_io.TextIOWrapper name='logs.json' mode='a' encoding='UTF-8'> and week3-roots.pem
Creating connection for 172.67.136.214 using <_io.TextIOWrapper name='logs.json' mode='a' encoding='UTF-8'> and week3-roots.pem
Creating connection for 203.24.102.7 using <_io.TextIOWrapper name='logs.json' mode='a' encoding='UTF-8'> and week3-roots.pem
Creating connection for 172.67.188.214 using <_io.TextIOWrapper name='logs.json' mode='a' encoding='UTF-8'> and week3-roots.pem
CONNECTION ERROR:  
Creating connection for 47.88.33.140 using <_io.TextIOWrapper name='logs.json' mode='a' encoding='UTF-8'> and week3-roots.pem
Creating connection for 194.67.71.22 using <_io.TextIOWrapper name='logs.json' mode='a' encoding='UTF-8'> and week3-roots.pem
Creating connection for 176.223.124.137 using <_io.TextIOWrapper name='logs.json' mode='a' encoding='UTF-8'> and week3-roots.pem
CONNECTION ERROR:  
CONNECTION ERROR:  
CONNECTION ERROR:  
CONNECTION ERROR:  
CONNECTION ERROR:  
Creating connection for 172.67.132.27 using <_io.TextIOWrapper name='logs.json' mode='a' encoding='UTF-8'> and week3-roots.pem
CONNECTION ERROR:  
Creating connection for 104.21.12.10 using <_io.TextIOWrapper name='logs.json' mode='a' encoding='UTF-8'> and week3-roots.pem
Creating connection for 104.26.5.230 using <_io.TextIOWrapper name='logs.json' mode='a' encoding='UTF-8'> and week3-roots.pem
Creating connection for 114.67.186.42 using <_io.TextIOWrapper name='logs.json' mode='a' encoding='UTF-8'> and week3-roots.pem
CONNECTION ERROR:  
CONNECTION ERROR:  
CONNECTION ERROR:  
Creating connection for 172.67.185.231 using <_io.TextIOWrapper name='logs.json' mode='a' encoding='UTF-8'> and week3-roots.pem
Creating connection for 172.67.71.11 using <_io.TextIOWrapper name='logs.json' mode='a' encoding='UTF-8'> and week3-roots.pem
CONNECTION ERROR:  
CONNECTION ERROR:  
CONNECTION ERROR:  
CONNECTION ERROR:  
Creating connection for 54.148.41.166 using <_io.TextIOWrapper name='logs.json' mode='a' encoding='UTF-8'> and week3-roots.pem
Creating connection for 223.26.51.22 using <_io.TextIOWrapper name='logs.json' mode='a' encoding='UTF-8'> and week3-roots.pem
CONNECTION ERROR:  
Creating connection for 121.40.107.198 using <_io.TextIOWrapper name='logs.json' mode='a' encoding='UTF-8'> and week3-roots.pem
Creating connection for 141.193.213.10 using <_io.TextIOWrapper name='logs.json' mode='a' encoding='UTF-8'> and week3-roots.pem
Creating connection for 12.183.16.162 using <_io.TextIOWrapper name='logs.json' mode='a' encoding='UTF-8'> and week3-roots.pem
CONNECTION ERROR:  
CONNECTION ERROR:  
CONNECTION ERROR:  
CONNECTION ERROR:  
Creating connection for 3.34.23.109 using <_io.TextIOWrapper name='logs.json' mode='a' encoding='UTF-8'> and week3-roots.pem
CONNECTION ERROR:  
CONNECTION ERROR:  
Creating connection for 104.26.2.196 using <_io.TextIOWrapper name='logs.json' mode='a' encoding='UTF-8'> and week3-roots.pem
CONNECTION ERROR:  
Creating connection for 104.26.13.174 using <_io.TextIOWrapper name='logs.json' mode='a' encoding='UTF-8'> and week3-roots.pem
Creating connection for 141.193.213.11 using <_io.TextIOWrapper name='logs.json' mode='a' encoding='UTF-8'> and week3-roots.pem
Creating connection for 104.26.8.99 using <_io.TextIOWrapper name='logs.json' mode='a' encoding='UTF-8'> and week3-roots.pem
Creating connection for 188.114.96.12 using <_io.TextIOWrapper name='logs.json' mode='a' encoding='UTF-8'> and week3-roots.pem
Creating connection for 104.236.43.24 using <_io.TextIOWrapper name='logs.json' mode='a' encoding='UTF-8'> and week3-roots.pem
Creating connection for 52.7.121.233 using <_io.TextIOWrapper name='logs.json' mode='a' encoding='UTF-8'> and week3-roots.pem
CONNECTION ERROR:  
Creating connection for 172.67.8.82 using <_io.TextIOWrapper name='logs.json' mode='a' encoding='UTF-8'> and week3-roots.pem
CONNECTION ERROR:  
Creating connection for 65.9.86.108 using <_io.TextIOWrapper name='logs.json' mode='a' encoding='UTF-8'> and week3-roots.pem
Creating connection for 104.26.8.13 using <_io.TextIOWrapper name='logs.json' mode='a' encoding='UTF-8'> and week3-roots.pem
Creating connection for 37.34.51.156 using <_io.TextIOWrapper name='logs.json' mode='a' encoding='UTF-8'> and week3-roots.pem
Creating connection for 76.76.21.98 using <_io.TextIOWrapper name='logs.json' mode='a' encoding='UTF-8'> and week3-roots.pem
CONNECTION ERROR:  [Errno 111] Connection refused
CONNECTION ERROR:  (32, 'EPIPE')
CONNECTION ERROR:  
CONNECTION ERROR:  
CONNECTION ERROR:  
Creating connection for 23.224.130.132 using <_io.TextIOWrapper name='logs.json' mode='a' encoding='UTF-8'> and week3-roots.pem
CONNECTION ERROR:  
Creating connection for 95.130.16.246 using <_io.TextIOWrapper name='logs.json' mode='a' encoding='UTF-8'> and week3-roots.pem
Creating connection for 52.5.176.76 using <_io.TextIOWrapper name='logs.json' mode='a' encoding='UTF-8'> and week3-roots.pem
CONNECTION ERROR:  
CONNECTION ERROR:  
Creating connection for 104.17.99.188 using <_io.TextIOWrapper name='logs.json' mode='a' encoding='UTF-8'> and week3-roots.pem
CONNECTION ERROR:  
Creating connection for 94.124.94.142 using <_io.TextIOWrapper name='logs.json' mode='a' encoding='UTF-8'> and week3-roots.pem
CONNECTION ERROR:  
Creating connection for 104.193.116.13 using <_io.TextIOWrapper name='logs.json' mode='a' encoding='UTF-8'> and week3-roots.pem
CONNECTION ERROR:  
Creating connection for 65.9.86.56 using <_io.TextIOWrapper name='logs.json' mode='a' encoding='UTF-8'> and week3-roots.pem
Creating connection for 104.26.8.231 using <_io.TextIOWrapper name='logs.json' mode='a' encoding='UTF-8'> and week3-roots.pem
Creating connection for 54.194.170.100 using <_io.TextIOWrapper name='logs.json' mode='a' encoding='UTF-8'> and week3-roots.pem
CONNECTION ERROR:  
CONNECTION ERROR:  
CONNECTION ERROR:  
Creating connection for 173.236.180.3 using <_io.TextIOWrapper name='logs.json' mode='a' encoding='UTF-8'> and week3-roots.pem
Creating connection for 172.67.211.130 using <_io.TextIOWrapper name='logs.json' mode='a' encoding='UTF-8'> and week3-roots.pem
Creating connection for 192.243.61.225 using <_io.TextIOWrapper name='logs.json' mode='a' encoding='UTF-8'> and week3-roots.pem
Creating connection for 159.53.76.163 using <_io.TextIOWrapper name='logs.json' mode='a' encoding='UTF-8'> and week3-roots.pem
Creating connection for 65.9.86.40 using <_io.TextIOWrapper name='logs.json' mode='a' encoding='UTF-8'> and week3-roots.pem
Creating connection for 199.182.184.152 using <_io.TextIOWrapper name='logs.json' mode='a' encoding='UTF-8'> and week3-roots.pem
Creating connection for 18.157.241.232 using <_io.TextIOWrapper name='logs.json' mode='a' encoding='UTF-8'> and week3-roots.pem
Creating connection for 151.101.66.125 using <_io.TextIOWrapper name='logs.json' mode='a' encoding='UTF-8'> and week3-roots.pem
Creating connection for 188.114.97.12 using <_io.TextIOWrapper name='logs.json' mode='a' encoding='UTF-8'> and week3-roots.pem
CONNECTION ERROR:  [Errno 111] Connection refused
CONNECTION ERROR:  
CONNECTION ERROR:  (32, 'EPIPE')
CONNECTION ERROR:  
CONNECTION ERROR:  
CONNECTION ERROR:  
CONNECTION ERROR:  
CONNECTION ERROR:  
Creating connection for 34.237.35.79 using <_io.TextIOWrapper name='logs.json' mode='a' encoding='UTF-8'> and week3-roots.pem
CONNECTION ERROR:  
Creating connection for 172.67.70.159 using <_io.TextIOWrapper name='logs.json' mode='a' encoding='UTF-8'> and week3-roots.pem
Creating connection for 47.105.181.48 using <_io.TextIOWrapper name='logs.json' mode='a' encoding='UTF-8'> and week3-roots.pem
Creating connection for 163.171.140.79 using <_io.TextIOWrapper name='logs.json' mode='a' encoding='UTF-8'> and week3-roots.pem
CONNECTION ERROR:  
CONNECTION ERROR:  
Creating connection for 104.214.137.236 using <_io.TextIOWrapper name='logs.json' mode='a' encoding='UTF-8'> and week3-roots.pem
CONNECTION ERROR:  
Creating connection for 172.67.74.55 using <_io.TextIOWrapper name='logs.json' mode='a' encoding='UTF-8'> and week3-roots.pem
CONNECTION ERROR:  
CONNECTION ERROR:  
CONNECTION ERROR:  
Creating connection for 88.99.215.172 using <_io.TextIOWrapper name='logs.json' mode='a' encoding='UTF-8'> and week3-roots.pem
Creating connection for 104.21.90.174 using <_io.TextIOWrapper name='logs.json' mode='a' encoding='UTF-8'> and week3-roots.pem
Creating connection for 104.26.13.17 using <_io.TextIOWrapper name='logs.json' mode='a' encoding='UTF-8'> and week3-roots.pem
Creating connection for 216.239.36.21 using <_io.TextIOWrapper name='logs.json' mode='a' encoding='UTF-8'> and week3-roots.pem
CONNECTION ERROR:  
CONNECTION ERROR:  
CONNECTION ERROR:  
Creating connection for 104.19.140.72 using <_io.TextIOWrapper name='logs.json' mode='a' encoding='UTF-8'> and week3-roots.pem
Creating connection for 185.53.56.90 using <_io.TextIOWrapper name='logs.json' mode='a' encoding='UTF-8'> and week3-roots.pem
Creating connection for 187.45.193.156 using <_io.TextIOWrapper name='logs.json' mode='a' encoding='UTF-8'> and week3-roots.pem
CONNECTION ERROR:  
Creating connection for 152.228.155.71 using <_io.TextIOWrapper name='logs.json' mode='a' encoding='UTF-8'> and week3-roots.pem
Creating connection for 104.18.24.12 using <_io.TextIOWrapper name='logs.json' mode='a' encoding='UTF-8'> and week3-roots.pem
Creating connection for 3.125.16.34 using <_io.TextIOWrapper name='logs.json' mode='a' encoding='UTF-8'> and week3-roots.pem
CONNECTION ERROR:  
Creating connection for 104.19.188.52 using <_io.TextIOWrapper name='logs.json' mode='a' encoding='UTF-8'> and week3-roots.pem
CONNECTION ERROR:  
CONNECTION ERROR:  
CONNECTION ERROR:  
CONNECTION ERROR:  
CONNECTION ERROR:  [Errno 111] Connection refused
Creating connection for 104.21.75.201 using <_io.TextIOWrapper name='logs.json' mode='a' encoding='UTF-8'> and week3-roots.pem
Creating connection for 65.9.86.67 using <_io.TextIOWrapper name='logs.json' mode='a' encoding='UTF-8'> and week3-roots.pem
CONNECTION ERROR:  
CONNECTION ERROR:  
CONNECTION ERROR:  (32, 'EPIPE')
Creating connection for 198.49.23.144 using <_io.TextIOWrapper name='logs.json' mode='a' encoding='UTF-8'> and week3-roots.pem
CONNECTION ERROR:  
CONNECTION ERROR:  
Creating connection for 34.159.58.69 using <_io.TextIOWrapper name='logs.json' mode='a' encoding='UTF-8'> and week3-roots.pem
CONNECTION ERROR:  
CONNECTION ERROR:  
CONNECTION ERROR:  
CONNECTION ERROR:  
CONNECTION ERROR:  
Creating connection for 172.67.130.129 using <_io.TextIOWrapper name='logs.json' mode='a' encoding='UTF-8'> and week3-roots.pem
Creating connection for 178.22.57.66 using <_io.TextIOWrapper name='logs.json' mode='a' encoding='UTF-8'> and week3-roots.pem
CONNECTION ERROR:  
Creating connection for 157.56.160.177 using <_io.TextIOWrapper name='logs.json' mode='a' encoding='UTF-8'> and week3-roots.pem
Creating connection for 198.54.117.215 using <_io.TextIOWrapper name='logs.json' mode='a' encoding='UTF-8'> and week3-roots.pem
CONNECTION ERROR:  
Creating connection for 81.19.70.4 using <_io.TextIOWrapper name='logs.json' mode='a' encoding='UTF-8'> and week3-roots.pem
CONNECTION ERROR:  
Creating connection for 104.18.120.155 using <_io.TextIOWrapper name='logs.json' mode='a' encoding='UTF-8'> and week3-roots.pem
CONNECTION ERROR:  
CONNECTION ERROR:  
Creating connection for 185.65.207.39 using <_io.TextIOWrapper name='logs.json' mode='a' encoding='UTF-8'> and week3-roots.pem
Creating connection for 167.172.19.128 using <_io.TextIOWrapper name='logs.json' mode='a' encoding='UTF-8'> and week3-roots.pem
CONNECTION ERROR:  
Creating connection for 65.9.86.60 using <_io.TextIOWrapper name='logs.json' mode='a' encoding='UTF-8'> and week3-roots.pem
Creating connection for 35.209.228.173 using <_io.TextIOWrapper name='logs.json' mode='a' encoding='UTF-8'> and week3-roots.pem
CONNECTION ERROR:  
Creating connection for 65.9.86.45 using <_io.TextIOWrapper name='logs.json' mode='a' encoding='UTF-8'> and week3-roots.pem
CONNECTION ERROR:  
CONNECTION ERROR:  
Creating connection for 192.185.16.144 using <_io.TextIOWrapper name='logs.json' mode='a' encoding='UTF-8'> and week3-roots.pem
Creating connection for 172.67.195.162 using <_io.TextIOWrapper name='logs.json' mode='a' encoding='UTF-8'> and week3-roots.pem
Creating connection for 65.9.86.120 using <_io.TextIOWrapper name='logs.json' mode='a' encoding='UTF-8'> and week3-roots.pem
CONNECTION ERROR:  
CONNECTION ERROR:  
CONNECTION ERROR:  
CONNECTION ERROR:  
Creating connection for 172.67.185.117 using <_io.TextIOWrapper name='logs.json' mode='a' encoding='UTF-8'> and week3-roots.pem
Creating connection for 44.231.253.30 using <_io.TextIOWrapper name='logs.json' mode='a' encoding='UTF-8'> and week3-roots.pem
Creating connection for 52.128.23.153 using <_io.TextIOWrapper name='logs.json' mode='a' encoding='UTF-8'> and week3-roots.pem
Creating connection for 104.18.40.139 using <_io.TextIOWrapper name='logs.json' mode='a' encoding='UTF-8'> and week3-roots.pem
CONNECTION ERROR:  [Errno 111] Connection refused
CONNECTION ERROR:  
CONNECTION ERROR:  (32, 'EPIPE')
Creating connection for 151.101.64.200 using <_io.TextIOWrapper name='logs.json' mode='a' encoding='UTF-8'> and week3-roots.pem
Creating connection for 103.224.182.253 using <_io.TextIOWrapper name='logs.json' mode='a' encoding='UTF-8'> and week3-roots.pem
CONNECTION ERROR:  
Creating connection for 208.76.140.143 using <_io.TextIOWrapper name='logs.json' mode='a' encoding='UTF-8'> and week3-roots.pem
Creating connection for 54.84.67.162 using <_io.TextIOWrapper name='logs.json' mode='a' encoding='UTF-8'> and week3-roots.pem
Creating connection for 96.45.82.107 using <_io.TextIOWrapper name='logs.json' mode='a' encoding='UTF-8'> and week3-roots.pem
CONNECTION ERROR:  
Creating connection for 104.21.33.74 using <_io.TextIOWrapper name='logs.json' mode='a' encoding='UTF-8'> and week3-roots.pem
Creating connection for 18.182.241.11 using <_io.TextIOWrapper name='logs.json' mode='a' encoding='UTF-8'> and week3-roots.pem
Creating connection for 51.77.39.118 using <_io.TextIOWrapper name='logs.json' mode='a' encoding='UTF-8'> and week3-roots.pem
CONNECTION ERROR:  
CONNECTION ERROR:  
CONNECTION ERROR:  
CONNECTION ERROR:  
Creating connection for 203.28.9.160 using <_io.TextIOWrapper name='logs.json' mode='a' encoding='UTF-8'> and week3-roots.pem
Creating connection for 162.13.47.149 using <_io.TextIOWrapper name='logs.json' mode='a' encoding='UTF-8'> and week3-roots.pem
CONNECTION ERROR:  
Creating connection for 104.21.75.119 using <_io.TextIOWrapper name='logs.json' mode='a' encoding='UTF-8'> and week3-roots.pem
CONNECTION ERROR:  
CONNECTION ERROR:  
Creating connection for 51.195.63.200 using <_io.TextIOWrapper name='logs.json' mode='a' encoding='UTF-8'> and week3-roots.pem
Creating connection for 35.174.132.21 using <_io.TextIOWrapper name='logs.json' mode='a' encoding='UTF-8'> and week3-roots.pem
Creating connection for 172.217.168.211 using <_io.TextIOWrapper name='logs.json' mode='a' encoding='UTF-8'> and week3-roots.pem
Creating connection for 172.67.223.243 using <_io.TextIOWrapper name='logs.json' mode='a' encoding='UTF-8'> and week3-roots.pem
CONNECTION ERROR:  
CONNECTION ERROR:  
Creating connection for 169.48.225.60 using <_io.TextIOWrapper name='logs.json' mode='a' encoding='UTF-8'> and week3-roots.pem
CONNECTION ERROR:  [Errno 111] Connection refused
Creating connection for 45.79.149.28 using <_io.TextIOWrapper name='logs.json' mode='a' encoding='UTF-8'> and week3-roots.pem
CONNECTION ERROR:  (32, 'EPIPE')
Creating connection for 182.16.11.27 using <_io.TextIOWrapper name='logs.json' mode='a' encoding='UTF-8'> and week3-roots.pem
Creating connection for 199.87.144.64 using <_io.TextIOWrapper name='logs.json' mode='a' encoding='UTF-8'> and week3-roots.pem
CONNECTION ERROR:  [Errno 111] Connection refused
CONNECTION ERROR:  (32, 'EPIPE')
CONNECTION ERROR:  
CONNECTION ERROR:  
Creating connection for 44.237.86.80 using <_io.TextIOWrapper name='logs.json' mode='a' encoding='UTF-8'> and week3-roots.pem
CONNECTION ERROR:  
Creating connection for 106.55.169.43 using <_io.TextIOWrapper name='logs.json' mode='a' encoding='UTF-8'> and week3-roots.pem
Creating connection for 162.159.152.2 using <_io.TextIOWrapper name='logs.json' mode='a' encoding='UTF-8'> and week3-roots.pem
CONNECTION ERROR:  
Creating connection for 178.33.167.229 using <_io.TextIOWrapper name='logs.json' mode='a' encoding='UTF-8'> and week3-roots.pem
CONNECTION ERROR:  
CONNECTION ERROR:  
Creating connection for 185.67.1.241 using <_io.TextIOWrapper name='logs.json' mode='a' encoding='UTF-8'> and week3-roots.pem
Creating connection for 91.201.52.210 using <_io.TextIOWrapper name='logs.json' mode='a' encoding='UTF-8'> and week3-roots.pem
Creating connection for 200.0.114.100 using <_io.TextIOWrapper name='logs.json' mode='a' encoding='UTF-8'> and week3-roots.pem
Creating connection for 104.21.20.213 using <_io.TextIOWrapper name='logs.json' mode='a' encoding='UTF-8'> and week3-roots.pem
Creating connection for 65.9.86.61 using <_io.TextIOWrapper name='logs.json' mode='a' encoding='UTF-8'> and week3-roots.pem
CONNECTION ERROR:  
Creating connection for 217.29.51.182 using <_io.TextIOWrapper name='logs.json' mode='a' encoding='UTF-8'> and week3-roots.pem
CONNECTION ERROR:  
Creating connection for 172.67.75.245 using <_io.TextIOWrapper name='logs.json' mode='a' encoding='UTF-8'> and week3-roots.pem
CONNECTION ERROR:  
Creating connection for 195.246.16.103 using <_io.TextIOWrapper name='logs.json' mode='a' encoding='UTF-8'> and week3-roots.pem
Creating connection for 101.0.69.166 using <_io.TextIOWrapper name='logs.json' mode='a' encoding='UTF-8'> and week3-roots.pem
Creating connection for 188.114.97.3 using <_io.TextIOWrapper name='logs.json' mode='a' encoding='UTF-8'> and week3-roots.pem
Creating connection for 185.213.89.78 using <_io.TextIOWrapper name='logs.json' mode='a' encoding='UTF-8'> and week3-roots.pem
Creating connection for 208.91.197.128 using <_io.TextIOWrapper name='logs.json' mode='a' encoding='UTF-8'> and week3-roots.pem
Creating connection for 217.67.25.28 using <_io.TextIOWrapper name='logs.json' mode='a' encoding='UTF-8'> and week3-roots.pem
Creating connection for 81.19.189.162 using <_io.TextIOWrapper name='logs.json' mode='a' encoding='UTF-8'> and week3-roots.pem
CONNECTION ERROR:  
CONNECTION ERROR:  
CONNECTION ERROR:  
CONNECTION ERROR:  
CONNECTION ERROR:  
CONNECTION ERROR:  
CONNECTION ERROR:  
CONNECTION ERROR:  
Creating connection for 208.91.197.26 using <_io.TextIOWrapper name='logs.json' mode='a' encoding='UTF-8'> and week3-roots.pem
CONNECTION ERROR:  
CONNECTION ERROR:  
Creating connection for 77.52.212.104 using <_io.TextIOWrapper name='logs.json' mode='a' encoding='UTF-8'> and week3-roots.pem
CONNECTION ERROR:  
Creating connection for 203.107.45.167 using <_io.TextIOWrapper name='logs.json' mode='a' encoding='UTF-8'> and week3-roots.pem
CONNECTION ERROR:  
Creating connection for 81.92.206.227 using <_io.TextIOWrapper name='logs.json' mode='a' encoding='UTF-8'> and week3-roots.pem
CONNECTION ERROR:  
Creating connection for 209.104.5.213 using <_io.TextIOWrapper name='logs.json' mode='a' encoding='UTF-8'> and week3-roots.pem
Creating connection for 172.67.141.174 using <_io.TextIOWrapper name='logs.json' mode='a' encoding='UTF-8'> and week3-roots.pem
CONNECTION ERROR:  
Creating connection for 172.67.163.99 using <_io.TextIOWrapper name='logs.json' mode='a' encoding='UTF-8'> and week3-roots.pem
Creating connection for 18.136.41.16 using <_io.TextIOWrapper name='logs.json' mode='a' encoding='UTF-8'> and week3-roots.pem
Creating connection for 188.114.97.3 using <_io.TextIOWrapper name='logs.json' mode='a' encoding='UTF-8'> and week3-roots.pem
Creating connection for 104.20.179.116 using <_io.TextIOWrapper name='logs.json' mode='a' encoding='UTF-8'> and week3-roots.pem
Creating connection for 192.121.81.2 using <_io.TextIOWrapper name='logs.json' mode='a' encoding='UTF-8'> and week3-roots.pem
Creating connection for 149.28.180.74 using <_io.TextIOWrapper name='logs.json' mode='a' encoding='UTF-8'> and week3-roots.pem
CONNECTION ERROR:  
CONNECTION ERROR:  
Creating connection for 15.197.240.141 using <_io.TextIOWrapper name='logs.json' mode='a' encoding='UTF-8'> and week3-roots.pem
Creating connection for 104.22.4.63 using <_io.TextIOWrapper name='logs.json' mode='a' encoding='UTF-8'> and week3-roots.pem
Creating connection for 35.206.117.110 using <_io.TextIOWrapper name='logs.json' mode='a' encoding='UTF-8'> and week3-roots.pem
CONNECTION ERROR:  [Errno 111] Connection refused
Creating connection for 74.124.248.252 using <_io.TextIOWrapper name='logs.json' mode='a' encoding='UTF-8'> and week3-roots.pem
Creating connection for 67.198.205.152 using <_io.TextIOWrapper name='logs.json' mode='a' encoding='UTF-8'> and week3-roots.pem
CONNECTION ERROR:  (32, 'EPIPE')
Creating connection for 178.63.15.196 using <_io.TextIOWrapper name='logs.json' mode='a' encoding='UTF-8'> and week3-roots.pem
CONNECTION ERROR:  
CONNECTION ERROR:  
CONNECTION ERROR:  
CONNECTION ERROR:  
CONNECTION ERROR:  
Creating connection for 207.150.217.50 using <_io.TextIOWrapper name='logs.json' mode='a' encoding='UTF-8'> and week3-roots.pem
Creating connection for 122.17.135.79 using <_io.TextIOWrapper name='logs.json' mode='a' encoding='UTF-8'> and week3-roots.pem
Creating connection for 35.205.61.67 using <_io.TextIOWrapper name='logs.json' mode='a' encoding='UTF-8'> and week3-roots.pemCONNECTION ERROR:  
CONNECTION ERROR:  

Creating connection for 83.118.226.221 using <_io.TextIOWrapper name='logs.json' mode='a' encoding='UTF-8'> and week3-roots.pem
CONNECTION ERROR:  
CONNECTION ERROR:  
CONNECTION ERROR:  [Errno 111] Connection refused
CONNECTION ERROR:  
CONNECTION ERROR:  (32, 'EPIPE')
Creating connection for 150.60.246.18 using <_io.TextIOWrapper name='logs.json' mode='a' encoding='UTF-8'> and week3-roots.pem
CONNECTION ERROR:  
Creating connection for 180.97.172.88 using <_io.TextIOWrapper name='logs.json' mode='a' encoding='UTF-8'> and week3-roots.pem
Creating connection for 64.4.250.37 using <_io.TextIOWrapper name='logs.json' mode='a' encoding='UTF-8'> and week3-roots.pem
CONNECTION ERROR:  
Creating connection for 148.251.89.252 using <_io.TextIOWrapper name='logs.json' mode='a' encoding='UTF-8'> and week3-roots.pem
CONNECTION ERROR:  
Creating connection for 23.29.115.3 using <_io.TextIOWrapper name='logs.json' mode='a' encoding='UTF-8'> and week3-roots.pem
Creating connection for 194.67.107.141 using <_io.TextIOWrapper name='logs.json' mode='a' encoding='UTF-8'> and week3-roots.pem
Creating connection for 134.209.201.89 using <_io.TextIOWrapper name='logs.json' mode='a' encoding='UTF-8'> and week3-roots.pem
Creating connection for 51.15.17.214 using <_io.TextIOWrapper name='logs.json' mode='a' encoding='UTF-8'> and week3-roots.pem
Creating connection for 216.239.32.21 using <_io.TextIOWrapper name='logs.json' mode='a' encoding='UTF-8'> and week3-roots.pem
Creating connection for 65.9.86.50 using <_io.TextIOWrapper name='logs.json' mode='a' encoding='UTF-8'> and week3-roots.pem
Creating connection for 172.67.210.136 using <_io.TextIOWrapper name='logs.json' mode='a' encoding='UTF-8'> and week3-roots.pem
Creating connection for 62.148.39.51 using <_io.TextIOWrapper name='logs.json' mode='a' encoding='UTF-8'> and week3-roots.pem
CONNECTION ERROR:  
Creating connection for 45.82.69.115 using <_io.TextIOWrapper name='logs.json' mode='a' encoding='UTF-8'> and week3-roots.pem
Creating connection for 210.91.76.181 using <_io.TextIOWrapper name='logs.json' mode='a' encoding='UTF-8'> and week3-roots.pem
Creating connection for 104.17.238.155 using <_io.TextIOWrapper name='logs.json' mode='a' encoding='UTF-8'> and week3-roots.pem
CONNECTION ERROR:  
CONNECTION ERROR:  
CONNECTION ERROR:  [Errno 111] Connection refused
CONNECTION ERROR:  
Creating connection for 5.135.39.46 using <_io.TextIOWrapper name='logs.json' mode='a' encoding='UTF-8'> and week3-roots.pem
Creating connection for 185.162.128.66 using <_io.TextIOWrapper name='logs.json' mode='a' encoding='UTF-8'> and week3-roots.pem
CONNECTION ERROR:  (32, 'EPIPE')
Creating connection for 208.91.197.26 using <_io.TextIOWrapper name='logs.json' mode='a' encoding='UTF-8'> and week3-roots.pem
Creating connection for 104.21.7.226 using <_io.TextIOWrapper name='logs.json' mode='a' encoding='UTF-8'> and week3-roots.pem
Creating connection for 54.74.168.81 using <_io.TextIOWrapper name='logs.json' mode='a' encoding='UTF-8'> and week3-roots.pem
Creating connection for 54.243.225.129 using <_io.TextIOWrapper name='logs.json' mode='a' encoding='UTF-8'> and week3-roots.pem
CONNECTION ERROR:  
CONNECTION ERROR:  
CONNECTION ERROR:  
CONNECTION ERROR:  
CONNECTION ERROR:  
CONNECTION ERROR:  
Creating connection for 172.67.181.224 using <_io.TextIOWrapper name='logs.json' mode='a' encoding='UTF-8'> and week3-roots.pem
CONNECTION ERROR:  
CONNECTION ERROR:  
Creating connection for 18.159.80.129 using <_io.TextIOWrapper name='logs.json' mode='a' encoding='UTF-8'> and week3-roots.pem
Creating connection for 195.201.163.155 using <_io.TextIOWrapper name='logs.json' mode='a' encoding='UTF-8'> and week3-roots.pem
CONNECTION ERROR:  
CONNECTION ERROR:  
CONNECTION ERROR:  
CONNECTION ERROR:  
Creating connection for 23.5.175.224 using <_io.TextIOWrapper name='logs.json' mode='a' encoding='UTF-8'> and week3-roots.pem
CONNECTION ERROR:  
CONNECTION ERROR:  
CONNECTION ERROR:  
Creating connection for 119.28.11.49 using <_io.TextIOWrapper name='logs.json' mode='a' encoding='UTF-8'> and week3-roots.pem
CONNECTION ERROR:  
Creating connection for 151.101.66.217 using <_io.TextIOWrapper name='logs.json' mode='a' encoding='UTF-8'> and week3-roots.pem
Creating connection for 65.9.86.106 using <_io.TextIOWrapper name='logs.json' mode='a' encoding='UTF-8'> and week3-roots.pem
CONNECTION ERROR:  
CONNECTION ERROR:  
CONNECTION ERROR:  
Creating connection for 45.71.214.120 using <_io.TextIOWrapper name='logs.json' mode='a' encoding='UTF-8'> and week3-roots.pem
CONNECTION ERROR:  
Creating connection for 216.239.32.21 using <_io.TextIOWrapper name='logs.json' mode='a' encoding='UTF-8'> and week3-roots.pem
Creating connection for 65.9.86.118 using <_io.TextIOWrapper name='logs.json' mode='a' encoding='UTF-8'> and week3-roots.pem
Creating connection for 65.9.86.12 using <_io.TextIOWrapper name='logs.json' mode='a' encoding='UTF-8'> and week3-roots.pem
CONNECTION ERROR:  
CONNECTION ERROR:  
CONNECTION ERROR:  
CONNECTION ERROR:  
CONNECTION ERROR:  
CONNECTION ERROR:  
Creating connection for 104.160.240.50 using <_io.TextIOWrapper name='logs.json' mode='a' encoding='UTF-8'> and week3-roots.pem
CONNECTION ERROR:  
CONNECTION ERROR:  
CONNECTION ERROR:  
Creating connection for 108.170.41.2 using <_io.TextIOWrapper name='logs.json' mode='a' encoding='UTF-8'> and week3-roots.pem
Creating connection for 104.22.26.129 using <_io.TextIOWrapper name='logs.json' mode='a' encoding='UTF-8'> and week3-roots.pem
CONNECTION ERROR:  [Errno 111] Connection refused
CONNECTION ERROR:  
CONNECTION ERROR:  (32, 'EPIPE')
CONNECTION ERROR:  
Creating connection for 172.66.43.203 using <_io.TextIOWrapper name='logs.json' mode='a' encoding='UTF-8'> and week3-roots.pem
CONNECTION ERROR:  
CONNECTION ERROR:  
CONNECTION ERROR:  
Creating connection for 50.63.8.23 using <_io.TextIOWrapper name='logs.json' mode='a' encoding='UTF-8'> and week3-roots.pem
CONNECTION ERROR:  
CONNECTION ERROR:  
Creating connection for 84.53.185.138 using <_io.TextIOWrapper name='logs.json' mode='a' encoding='UTF-8'> and week3-roots.pem
Creating connection for 211.233.50.235 using <_io.TextIOWrapper name='logs.json' mode='a' encoding='UTF-8'> and week3-roots.pem
CONNECTION ERROR:  
CONNECTION ERROR:  
Creating connection for 172.67.69.53 using <_io.TextIOWrapper name='logs.json' mode='a' encoding='UTF-8'> and week3-roots.pem
Creating connection for 65.9.86.117 using <_io.TextIOWrapper name='logs.json' mode='a' encoding='UTF-8'> and week3-roots.pem
Creating connection for 23.227.38.32 using <_io.TextIOWrapper name='logs.json' mode='a' encoding='UTF-8'> and week3-roots.pem
CONNECTION ERROR:  
CONNECTION ERROR:  
Creating connection for 52.203.34.23 using <_io.TextIOWrapper name='logs.json' mode='a' encoding='UTF-8'> and week3-roots.pem
Creating connection for 192.155.85.111 using <_io.TextIOWrapper name='logs.json' mode='a' encoding='UTF-8'> and week3-roots.pem
Creating connection for 81.163.18.179 using <_io.TextIOWrapper name='logs.json' mode='a' encoding='UTF-8'> and week3-roots.pem
Creating connection for 172.67.128.193 using <_io.TextIOWrapper name='logs.json' mode='a' encoding='UTF-8'> and week3-roots.pem
CONNECTION ERROR:  
Creating connection for 198.54.117.210 using <_io.TextIOWrapper name='logs.json' mode='a' encoding='UTF-8'> and week3-roots.pem
Creating connection for 3.133.180.88 using <_io.TextIOWrapper name='logs.json' mode='a' encoding='UTF-8'> and week3-roots.pem
Creating connection for 94.237.65.49 using <_io.TextIOWrapper name='logs.json' mode='a' encoding='UTF-8'> and week3-roots.pem
Creating connection for 216.58.214.19 using <_io.TextIOWrapper name='logs.json' mode='a' encoding='UTF-8'> and week3-roots.pem
Creating connection for 141.193.213.21 using <_io.TextIOWrapper name='logs.json' mode='a' encoding='UTF-8'> and week3-roots.pem
CONNECTION ERROR:  
CONNECTION ERROR:  [Errno 111] Connection refused
CONNECTION ERROR:  
Creating connection for 159.223.8.134 using <_io.TextIOWrapper name='logs.json' mode='a' encoding='UTF-8'> and week3-roots.pem
Creating connection for 104.21.60.196 using <_io.TextIOWrapper name='logs.json' mode='a' encoding='UTF-8'> and week3-roots.pemCONNECTION ERROR:  (32, 'EPIPE')

Creating connection for 54.247.150.85 using <_io.TextIOWrapper name='logs.json' mode='a' encoding='UTF-8'> and week3-roots.pem
CONNECTION ERROR:  
Creating connection for 101.33.34.32 using <_io.TextIOWrapper name='logs.json' mode='a' encoding='UTF-8'> and week3-roots.pem
CONNECTION ERROR:  
CONNECTION ERROR:  
Creating connection for 177.234.153.139 using <_io.TextIOWrapper name='logs.json' mode='a' encoding='UTF-8'> and week3-roots.pem
CONNECTION ERROR:  
Creating connection for 164.68.126.2 using <_io.TextIOWrapper name='logs.json' mode='a' encoding='UTF-8'> and week3-roots.pem
Creating connection for 212.83.165.36 using <_io.TextIOWrapper name='logs.json' mode='a' encoding='UTF-8'> and week3-roots.pem
Creating connection for 172.67.132.3 using <_io.TextIOWrapper name='logs.json' mode='a' encoding='UTF-8'> and week3-roots.pem
Creating connection for 35.83.222.69 using <_io.TextIOWrapper name='logs.json' mode='a' encoding='UTF-8'> and week3-roots.pem
Creating connection for 67.43.13.101 using <_io.TextIOWrapper name='logs.json' mode='a' encoding='UTF-8'> and week3-roots.pem
Creating connection for 103.224.212.222 using <_io.TextIOWrapper name='logs.json' mode='a' encoding='UTF-8'> and week3-roots.pem
Creating connection for 65.9.86.60 using <_io.TextIOWrapper name='logs.json' mode='a' encoding='UTF-8'> and week3-roots.pem
CONNECTION ERROR:  [Errno 111] Connection refused
CONNECTION ERROR:  
CONNECTION ERROR:  (32, 'EPIPE')
CONNECTION ERROR:  
CONNECTION ERROR:  
Creating connection for 65.9.86.50 using <_io.TextIOWrapper name='logs.json' mode='a' encoding='UTF-8'> and week3-roots.pem
Creating connection for 119.81.102.186 using <_io.TextIOWrapper name='logs.json' mode='a' encoding='UTF-8'> and week3-roots.pem
Creating connection for 112.90.43.132 using <_io.TextIOWrapper name='logs.json' mode='a' encoding='UTF-8'> and week3-roots.pem
Creating connection for 104.21.74.96 using <_io.TextIOWrapper name='logs.json' mode='a' encoding='UTF-8'> and week3-roots.pem
CONNECTION ERROR:  
Creating connection for 18.158.98.109 using <_io.TextIOWrapper name='logs.json' mode='a' encoding='UTF-8'> and week3-roots.pem
Creating connection for 18.159.80.129 using <_io.TextIOWrapper name='logs.json' mode='a' encoding='UTF-8'> and week3-roots.pem
Creating connection for 159.182.95.233 using <_io.TextIOWrapper name='logs.json' mode='a' encoding='UTF-8'> and week3-roots.pem
CONNECTION ERROR:  
Creating connection for 34.69.135.100 using <_io.TextIOWrapper name='logs.json' mode='a' encoding='UTF-8'> and week3-roots.pem
Creating connection for 104.21.56.75 using <_io.TextIOWrapper name='logs.json' mode='a' encoding='UTF-8'> and week3-roots.pem
CONNECTION ERROR:  
CONNECTION ERROR:  [Errno 111] Connection refused
CONNECTION ERROR:  
Creating connection for 104.26.13.149 using <_io.TextIOWrapper name='logs.json' mode='a' encoding='UTF-8'> and week3-roots.pem
CONNECTION ERROR:  [Errno 111] Connection refused
CONNECTION ERROR:  (32, 'EPIPE')
Creating connection for 192.0.78.24 using <_io.TextIOWrapper name='logs.json' mode='a' encoding='UTF-8'> and week3-roots.pem
CONNECTION ERROR:  (32, 'EPIPE')
Creating connection for 52.23.100.132 using <_io.TextIOWrapper name='logs.json' mode='a' encoding='UTF-8'> and week3-roots.pem
CONNECTION ERROR:  
Creating connection for 104.21.47.103 using <_io.TextIOWrapper name='logs.json' mode='a' encoding='UTF-8'> and week3-roots.pem
Creating connection for 3.232.14.74 using <_io.TextIOWrapper name='logs.json' mode='a' encoding='UTF-8'> and week3-roots.pem
CONNECTION ERROR:  
Creating connection for 75.2.37.224 using <_io.TextIOWrapper name='logs.json' mode='a' encoding='UTF-8'> and week3-roots.pem
CONNECTION ERROR:  
CONNECTION ERROR:  
Creating connection for 200.35.157.160 using <_io.TextIOWrapper name='logs.json' mode='a' encoding='UTF-8'> and week3-roots.pem
CONNECTION ERROR:  
Creating connection for 18.210.182.60 using <_io.TextIOWrapper name='logs.json' mode='a' encoding='UTF-8'> and week3-roots.pem
CONNECTION ERROR:  
CONNECTION ERROR:  
Creating connection for 172.67.75.133 using <_io.TextIOWrapper name='logs.json' mode='a' encoding='UTF-8'> and week3-roots.pem
CONNECTION ERROR:  
CONNECTION ERROR:  
Creating connection for 104.21.58.80 using <_io.TextIOWrapper name='logs.json' mode='a' encoding='UTF-8'> and week3-roots.pem
CONNECTION ERROR:  
CONNECTION ERROR:  
CONNECTION ERROR:  
Creating connection for 89.46.104.38 using <_io.TextIOWrapper name='logs.json' mode='a' encoding='UTF-8'> and week3-roots.pem
CONNECTION ERROR:  
Creating connection for 192.200.160.248 using <_io.TextIOWrapper name='logs.json' mode='a' encoding='UTF-8'> and week3-roots.pem
CONNECTION ERROR:  
CONNECTION ERROR:  
CONNECTION ERROR:  
CONNECTION ERROR:  
Creating connection for 81.2.195.64 using <_io.TextIOWrapper name='logs.json' mode='a' encoding='UTF-8'> and week3-roots.pem
Creating connection for 151.101.66.216 using <_io.TextIOWrapper name='logs.json' mode='a' encoding='UTF-8'> and week3-roots.pem
CONNECTION ERROR:  
Creating connection for 104.17.185.100 using <_io.TextIOWrapper name='logs.json' mode='a' encoding='UTF-8'> and week3-roots.pem
Creating connection for 198.74.60.186 using <_io.TextIOWrapper name='logs.json' mode='a' encoding='UTF-8'> and week3-roots.pem
Creating connection for 194.160.66.28 using <_io.TextIOWrapper name='logs.json' mode='a' encoding='UTF-8'> and week3-roots.pem
Creating connection for 172.67.164.88 using <_io.TextIOWrapper name='logs.json' mode='a' encoding='UTF-8'> and week3-roots.pem
Creating connection for 172.66.40.215 using <_io.TextIOWrapper name='logs.json' mode='a' encoding='UTF-8'> and week3-roots.pem
CONNECTION ERROR:  
CONNECTION ERROR:  
CONNECTION ERROR:  
Creating connection for 104.21.96.21 using <_io.TextIOWrapper name='logs.json' mode='a' encoding='UTF-8'> and week3-roots.pem
Creating connection for 116.202.230.232 using <_io.TextIOWrapper name='logs.json' mode='a' encoding='UTF-8'> and week3-roots.pem
CONNECTION ERROR:  
CONNECTION ERROR:  
CONNECTION ERROR:  
Creating connection for 34.135.222.141 using <_io.TextIOWrapper name='logs.json' mode='a' encoding='UTF-8'> and week3-roots.pem
Creating connection for 52.48.212.4 using <_io.TextIOWrapper name='logs.json' mode='a' encoding='UTF-8'> and week3-roots.pem
Creating connection for 95.213.195.184 using <_io.TextIOWrapper name='logs.json' mode='a' encoding='UTF-8'> and week3-roots.pem
Creating connection for 185.230.63.186 using <_io.TextIOWrapper name='logs.json' mode='a' encoding='UTF-8'> and week3-roots.pem
Creating connection for 96.16.53.198 using <_io.TextIOWrapper name='logs.json' mode='a' encoding='UTF-8'> and week3-roots.pem
CONNECTION ERROR:  
Creating connection for 3.91.167.71 using <_io.TextIOWrapper name='logs.json' mode='a' encoding='UTF-8'> and week3-roots.pem
CONNECTION ERROR:  
CONNECTION ERROR:  
Creating connection for 151.101.1.63 using <_io.TextIOWrapper name='logs.json' mode='a' encoding='UTF-8'> and week3-roots.pem
Creating connection for 18.159.26.99 using <_io.TextIOWrapper name='logs.json' mode='a' encoding='UTF-8'> and week3-roots.pem
Creating connection for 78.142.211.34 using <_io.TextIOWrapper name='logs.json' mode='a' encoding='UTF-8'> and week3-roots.pem
Creating connection for 107.187.130.101 using <_io.TextIOWrapper name='logs.json' mode='a' encoding='UTF-8'> and week3-roots.pem
Creating connection for 89.108.71.27 using <_io.TextIOWrapper name='logs.json' mode='a' encoding='UTF-8'> and week3-roots.pem
Creating connection for 172.67.68.242 using <_io.TextIOWrapper name='logs.json' mode='a' encoding='UTF-8'> and week3-roots.pem
Creating connection for 188.114.96.12 using <_io.TextIOWrapper name='logs.json' mode='a' encoding='UTF-8'> and week3-roots.pem
Creating connection for 65.9.86.51 using <_io.TextIOWrapper name='logs.json' mode='a' encoding='UTF-8'> and week3-roots.pem
Creating connection for 185.107.73.201 using <_io.TextIOWrapper name='logs.json' mode='a' encoding='UTF-8'> and week3-roots.pem
Creating connection for 71.131.232.69 using <_io.TextIOWrapper name='logs.json' mode='a' encoding='UTF-8'> and week3-roots.pem
Creating connection for 151.248.116.180 using <_io.TextIOWrapper name='logs.json' mode='a' encoding='UTF-8'> and week3-roots.pem
CONNECTION ERROR:  
CONNECTION ERROR:  
CONNECTION ERROR:  
CONNECTION ERROR:  
Creating connection for 198.49.23.144 using <_io.TextIOWrapper name='logs.json' mode='a' encoding='UTF-8'> and week3-roots.pem
Creating connection for 65.9.86.105 using <_io.TextIOWrapper name='logs.json' mode='a' encoding='UTF-8'> and week3-roots.pem
CONNECTION ERROR:  
CONNECTION ERROR:  
CONNECTION ERROR:  
CONNECTION ERROR:  
CONNECTION ERROR:  
Creating connection for 82.223.161.101 using <_io.TextIOWrapper name='logs.json' mode='a' encoding='UTF-8'> and week3-roots.pem
CONNECTION ERROR:  [Errno 111] Connection refused
CONNECTION ERROR:  (32, 'EPIPE')
CONNECTION ERROR:  
Creating connection for 49.50.125.177 using <_io.TextIOWrapper name='logs.json' mode='a' encoding='UTF-8'> and week3-roots.pem
CONNECTION ERROR:  
Creating connection for 31.31.198.231 using <_io.TextIOWrapper name='logs.json' mode='a' encoding='UTF-8'> and week3-roots.pem
CONNECTION ERROR:  
CONNECTION ERROR:  
Creating connection for 78.46.96.114 using <_io.TextIOWrapper name='logs.json' mode='a' encoding='UTF-8'> and week3-roots.pem
Creating connection for 128.199.52.48 using <_io.TextIOWrapper name='logs.json' mode='a' encoding='UTF-8'> and week3-roots.pem
CONNECTION ERROR:  
CONNECTION ERROR:  
Creating connection for 23.88.0.251 using <_io.TextIOWrapper name='logs.json' mode='a' encoding='UTF-8'> and week3-roots.pem
Creating connection for 88.212.253.241 using <_io.TextIOWrapper name='logs.json' mode='a' encoding='UTF-8'> and week3-roots.pem
Creating connection for 72.26.218.86 using <_io.TextIOWrapper name='logs.json' mode='a' encoding='UTF-8'> and week3-roots.pem
Creating connection for 62.122.199.241 using <_io.TextIOWrapper name='logs.json' mode='a' encoding='UTF-8'> and week3-roots.pem
Creating connection for 14.0.82.93 using <_io.TextIOWrapper name='logs.json' mode='a' encoding='UTF-8'> and week3-roots.pem
CONNECTION ERROR:  
CONNECTION ERROR:  
Creating connection for 104.97.14.81 using <_io.TextIOWrapper name='logs.json' mode='a' encoding='UTF-8'> and week3-roots.pem
Creating connection for 65.9.86.86 using <_io.TextIOWrapper name='logs.json' mode='a' encoding='UTF-8'> and week3-roots.pem
CONNECTION ERROR:  
CONNECTION ERROR:  
Creating connection for 195.24.68.13 using <_io.TextIOWrapper name='logs.json' mode='a' encoding='UTF-8'> and week3-roots.pem
CONNECTION ERROR:  
Creating connection for 173.224.213.67 using <_io.TextIOWrapper name='logs.json' mode='a' encoding='UTF-8'> and week3-roots.pem
CONNECTION ERROR:  
CONNECTION ERROR:  
CONNECTION ERROR:  
Creating connection for 5.178.70.6 using <_io.TextIOWrapper name='logs.json' mode='a' encoding='UTF-8'> and week3-roots.pem
Creating connection for 158.69.63.203 using <_io.TextIOWrapper name='logs.json' mode='a' encoding='UTF-8'> and week3-roots.pem
Creating connection for 52.33.124.82 using <_io.TextIOWrapper name='logs.json' mode='a' encoding='UTF-8'> and week3-roots.pem
Creating connection for 188.114.96.3 using <_io.TextIOWrapper name='logs.json' mode='a' encoding='UTF-8'> and week3-roots.pem
Creating connection for 208.67.219.99 using <_io.TextIOWrapper name='logs.json' mode='a' encoding='UTF-8'> and week3-roots.pem
Creating connection for 104.16.197.254 using <_io.TextIOWrapper name='logs.json' mode='a' encoding='UTF-8'> and week3-roots.pem
Creating connection for 151.101.130.133 using <_io.TextIOWrapper name='logs.json' mode='a' encoding='UTF-8'> and week3-roots.pem
Creating connection for 172.67.75.184 using <_io.TextIOWrapper name='logs.json' mode='a' encoding='UTF-8'> and week3-roots.pem
CONNECTION ERROR:  
CONNECTION ERROR:  
Creating connection for 172.67.208.8 using <_io.TextIOWrapper name='logs.json' mode='a' encoding='UTF-8'> and week3-roots.pem
Creating connection for 23.185.0.2 using <_io.TextIOWrapper name='logs.json' mode='a' encoding='UTF-8'> and week3-roots.pem
Creating connection for 185.106.81.236 using <_io.TextIOWrapper name='logs.json' mode='a' encoding='UTF-8'> and week3-roots.pem
Creating connection for 103.135.34.19 using <_io.TextIOWrapper name='logs.json' mode='a' encoding='UTF-8'> and week3-roots.pem
Creating connection for 65.9.86.25 using <_io.TextIOWrapper name='logs.json' mode='a' encoding='UTF-8'> and week3-roots.pem
CONNECTION ERROR:  
CONNECTION ERROR:  
Creating connection for 172.67.222.2 using <_io.TextIOWrapper name='logs.json' mode='a' encoding='UTF-8'> and week3-roots.pem
CONNECTION ERROR:  
CONNECTION ERROR:  
CONNECTION ERROR:  
Creating connection for 104.21.54.90 using <_io.TextIOWrapper name='logs.json' mode='a' encoding='UTF-8'> and week3-roots.pem
CONNECTION ERROR:  
CONNECTION ERROR:  
CONNECTION ERROR:  
CONNECTION ERROR:  
Creating connection for 83.98.140.23 using <_io.TextIOWrapper name='logs.json' mode='a' encoding='UTF-8'> and week3-roots.pem
Creating connection for 160.153.96.193 using <_io.TextIOWrapper name='logs.json' mode='a' encoding='UTF-8'> and week3-roots.pem
CONNECTION ERROR:  
Creating connection for 199.191.50.83 using <_io.TextIOWrapper name='logs.json' mode='a' encoding='UTF-8'> and week3-roots.pem
Creating connection for 93.220.56.67 using <_io.TextIOWrapper name='logs.json' mode='a' encoding='UTF-8'> and week3-roots.pem
Creating connection for 172.67.169.116 using <_io.TextIOWrapper name='logs.json' mode='a' encoding='UTF-8'> and week3-roots.pem
CONNECTION ERROR:  
CONNECTION ERROR:  
CONNECTION ERROR:  
CONNECTION ERROR:  
CONNECTION ERROR:  
CONNECTION ERROR:  
Creating connection for 204.4.13.168 using <_io.TextIOWrapper name='logs.json' mode='a' encoding='UTF-8'> and week3-roots.pem
Creating connection for 151.101.193.124 using <_io.TextIOWrapper name='logs.json' mode='a' encoding='UTF-8'> and week3-roots.pem
CONNECTION ERROR:  [Errno 111] Connection refused
Creating connection for 172.67.181.217 using <_io.TextIOWrapper name='logs.json' mode='a' encoding='UTF-8'> and week3-roots.pem
Creating connection for 185.70.187.122 using <_io.TextIOWrapper name='logs.json' mode='a' encoding='UTF-8'> and week3-roots.pem
Creating connection for 195.200.111.187 using <_io.TextIOWrapper name='logs.json' mode='a' encoding='UTF-8'> and week3-roots.pem
CONNECTION ERROR:  
Creating connection for 172.67.135.167 using <_io.TextIOWrapper name='logs.json' mode='a' encoding='UTF-8'> and week3-roots.pem
CONNECTION ERROR:  
Creating connection for 172.67.162.141 using <_io.TextIOWrapper name='logs.json' mode='a' encoding='UTF-8'> and week3-roots.pem
CONNECTION ERROR:  
CONNECTION ERROR:  
CONNECTION ERROR:  (32, 'EPIPE')
Creating connection for 213.186.33.5 using <_io.TextIOWrapper name='logs.json' mode='a' encoding='UTF-8'> and week3-roots.pem
Creating connection for 195.210.29.114 using <_io.TextIOWrapper name='logs.json' mode='a' encoding='UTF-8'> and week3-roots.pem
CONNECTION ERROR:  
CONNECTION ERROR:  
CONNECTION ERROR:  
CONNECTION ERROR:  
CONNECTION ERROR:  
Creating connection for 104.16.91.56 using <_io.TextIOWrapper name='logs.json' mode='a' encoding='UTF-8'> and week3-roots.pem
Creating connection for 114.112.221.170 using <_io.TextIOWrapper name='logs.json' mode='a' encoding='UTF-8'> and week3-roots.pem
Creating connection for 109.94.209.53 using <_io.TextIOWrapper name='logs.json' mode='a' encoding='UTF-8'> and week3-roots.pem
Creating connection for 3.64.163.50 using <_io.TextIOWrapper name='logs.json' mode='a' encoding='UTF-8'> and week3-roots.pem
CONNECTION ERROR:  
CONNECTION ERROR:  
Creating connection for 151.101.38.114 using <_io.TextIOWrapper name='logs.json' mode='a' encoding='UTF-8'> and week3-roots.pem
Creating connection for 104.21.235.111 using <_io.TextIOWrapper name='logs.json' mode='a' encoding='UTF-8'> and week3-roots.pem
CONNECTION ERROR:  
Creating connection for 170.10.162.219 using <_io.TextIOWrapper name='logs.json' mode='a' encoding='UTF-8'> and week3-roots.pem
Creating connection for 188.114.97.3 using <_io.TextIOWrapper name='logs.json' mode='a' encoding='UTF-8'> and week3-roots.pem
Creating connection for 150.60.204.156 using <_io.TextIOWrapper name='logs.json' mode='a' encoding='UTF-8'> and week3-roots.pem
Creating connection for 65.9.86.55 using <_io.TextIOWrapper name='logs.json' mode='a' encoding='UTF-8'> and week3-roots.pem
CONNECTION ERROR:  
CONNECTION ERROR:  
CONNECTION ERROR:  
CONNECTION ERROR:  
Creating connection for 92.222.236.232 using <_io.TextIOWrapper name='logs.json' mode='a' encoding='UTF-8'> and week3-roots.pem
CONNECTION ERROR:  
CONNECTION ERROR:  
Creating connection for 104.21.9.68 using <_io.TextIOWrapper name='logs.json' mode='a' encoding='UTF-8'> and week3-roots.pem
CONNECTION ERROR:  
CONNECTION ERROR:  [Errno 111] Connection refused
CONNECTION ERROR:  
CONNECTION ERROR:  
CONNECTION ERROR:  
CONNECTION ERROR:  (32, 'EPIPE')
CONNECTION ERROR:  
CONNECTION ERROR:  
CONNECTION ERROR:  
CONNECTION ERROR:  
CONNECTION ERROR:  
Creating connection for 40.143.95.202 using <_io.TextIOWrapper name='logs.json' mode='a' encoding='UTF-8'> and week3-roots.pem
CONNECTION ERROR:  
CONNECTION ERROR:  
CONNECTION ERROR:  
Creating connection for 45.60.31.79 using <_io.TextIOWrapper name='logs.json' mode='a' encoding='UTF-8'> and week3-roots.pem
CONNECTION ERROR:  
CONNECTION ERROR:  
Creating connection for 51.91.25.209 using <_io.TextIOWrapper name='logs.json' mode='a' encoding='UTF-8'> and week3-roots.pem
CONNECTION ERROR:  
Creating connection for 67.55.118.160 using <_io.TextIOWrapper name='logs.json' mode='a' encoding='UTF-8'> and week3-roots.pem
CONNECTION ERROR:  
CONNECTION ERROR:  
CONNECTION ERROR:  
Creating connection for 65.9.86.123 using <_io.TextIOWrapper name='logs.json' mode='a' encoding='UTF-8'> and week3-roots.pem
Creating connection for 35.177.208.213 using <_io.TextIOWrapper name='logs.json' mode='a' encoding='UTF-8'> and week3-roots.pem
CONNECTION ERROR:  
Creating connection for 88.99.112.54 using <_io.TextIOWrapper name='logs.json' mode='a' encoding='UTF-8'> and week3-roots.pem
CONNECTION ERROR:  
Creating connection for 104.26.13.229 using <_io.TextIOWrapper name='logs.json' mode='a' encoding='UTF-8'> and week3-roots.pem
Creating connection for 185.10.209.23 using <_io.TextIOWrapper name='logs.json' mode='a' encoding='UTF-8'> and week3-roots.pem
Creating connection for 104.21.20.153 using <_io.TextIOWrapper name='logs.json' mode='a' encoding='UTF-8'> and week3-roots.pem
Creating connection for 94.130.153.171 using <_io.TextIOWrapper name='logs.json' mode='a' encoding='UTF-8'> and week3-roots.pem
Creating connection for 188.114.97.12 using <_io.TextIOWrapper name='logs.json' mode='a' encoding='UTF-8'> and week3-roots.pem
Creating connection for 104.22.26.70 using <_io.TextIOWrapper name='logs.json' mode='a' encoding='UTF-8'> and week3-roots.pem
CONNECTION ERROR:  
Creating connection for 62.129.237.162 using <_io.TextIOWrapper name='logs.json' mode='a' encoding='UTF-8'> and week3-roots.pem
CONNECTION ERROR:  [Errno 111] Connection refused
CONNECTION ERROR:  
Creating connection for 208.80.123.166 using <_io.TextIOWrapper name='logs.json' mode='a' encoding='UTF-8'> and week3-roots.pem
CONNECTION ERROR:  
CONNECTION ERROR:  
Creating connection for 18.169.103.113 using <_io.TextIOWrapper name='logs.json' mode='a' encoding='UTF-8'> and week3-roots.pem
CONNECTION ERROR:  (32, 'EPIPE')
CONNECTION ERROR:  
CONNECTION ERROR:  
CONNECTION ERROR:  
CONNECTION ERROR:  
CONNECTION ERROR:  
CONNECTION ERROR:  
Creating connection for 85.92.81.52 using <_io.TextIOWrapper name='logs.json' mode='a' encoding='UTF-8'> and week3-roots.pem
Creating connection for 45.137.11.42 using <_io.TextIOWrapper name='logs.json' mode='a' encoding='UTF-8'> and week3-roots.pem
Creating connection for 104.18.30.11 using <_io.TextIOWrapper name='logs.json' mode='a' encoding='UTF-8'> and week3-roots.pem
Creating connection for 192.0.78.197 using <_io.TextIOWrapper name='logs.json' mode='a' encoding='UTF-8'> and week3-roots.pem
Creating connection for 104.16.208.86 using <_io.TextIOWrapper name='logs.json' mode='a' encoding='UTF-8'> and week3-roots.pem
Creating connection for 101.68.83.228 using <_io.TextIOWrapper name='logs.json' mode='a' encoding='UTF-8'> and week3-roots.pem
Creating connection for 76.76.21.21 using <_io.TextIOWrapper name='logs.json' mode='a' encoding='UTF-8'> and week3-roots.pem
Creating connection for 104.26.14.105 using <_io.TextIOWrapper name='logs.json' mode='a' encoding='UTF-8'> and week3-roots.pem
CONNECTION ERROR:  
Creating connection for 46.149.176.5 using <_io.TextIOWrapper name='logs.json' mode='a' encoding='UTF-8'> and week3-roots.pem
Creating connection for 104.21.74.221 using <_io.TextIOWrapper name='logs.json' mode='a' encoding='UTF-8'> and week3-roots.pem
CONNECTION ERROR:  
CONNECTION ERROR:  
CONNECTION ERROR:  
Creating connection for 104.26.2.37 using <_io.TextIOWrapper name='logs.json' mode='a' encoding='UTF-8'> and week3-roots.pem
Creating connection for 91.213.233.13 using <_io.TextIOWrapper name='logs.json' mode='a' encoding='UTF-8'> and week3-roots.pem
CONNECTION ERROR:  
CONNECTION ERROR:  
CONNECTION ERROR:  
CONNECTION ERROR:  
CONNECTION ERROR:  
Creating connection for 212.71.206.217 using <_io.TextIOWrapper name='logs.json' mode='a' encoding='UTF-8'> and week3-roots.pem
CONNECTION ERROR:  
CONNECTION ERROR:  
Creating connection for 183.253.10.6 using <_io.TextIOWrapper name='logs.json' mode='a' encoding='UTF-8'> and week3-roots.pem
CONNECTION ERROR:  
Creating connection for 70.63.28.149 using <_io.TextIOWrapper name='logs.json' mode='a' encoding='UTF-8'> and week3-roots.pem
Creating connection for 3.67.141.185 using <_io.TextIOWrapper name='logs.json' mode='a' encoding='UTF-8'> and week3-roots.pem
Creating connection for 210.152.120.212 using <_io.TextIOWrapper name='logs.json' mode='a' encoding='UTF-8'> and week3-roots.pem
CONNECTION ERROR:  
CONNECTION ERROR:  
CONNECTION ERROR:  
CONNECTION ERROR:  
Creating connection for 192.237.214.223 using <_io.TextIOWrapper name='logs.json' mode='a' encoding='UTF-8'> and week3-roots.pem
CONNECTION ERROR:  
Creating connection for 35.209.112.216 using <_io.TextIOWrapper name='logs.json' mode='a' encoding='UTF-8'> and week3-roots.pem
CONNECTION ERROR:  
CONNECTION ERROR:  
CONNECTION ERROR:  
Creating connection for 104.21.34.147 using <_io.TextIOWrapper name='logs.json' mode='a' encoding='UTF-8'> and week3-roots.pem
Creating connection for 35.176.223.191 using <_io.TextIOWrapper name='logs.json' mode='a' encoding='UTF-8'> and week3-roots.pem
CONNECTION ERROR:  
Creating connection for 185.53.12.92 using <_io.TextIOWrapper name='logs.json' mode='a' encoding='UTF-8'> and week3-roots.pem
Creating connection for 51.89.142.250 using <_io.TextIOWrapper name='logs.json' mode='a' encoding='UTF-8'> and week3-roots.pem
Creating connection for 18.190.109.67 using <_io.TextIOWrapper name='logs.json' mode='a' encoding='UTF-8'> and week3-roots.pem
CONNECTION ERROR:  
CONNECTION ERROR:  
Creating connection for 199.83.128.62 using <_io.TextIOWrapper name='logs.json' mode='a' encoding='UTF-8'> and week3-roots.pem
Creating connection for 65.9.86.110 using <_io.TextIOWrapper name='logs.json' mode='a' encoding='UTF-8'> and week3-roots.pem
Creating connection for 185.199.110.153 using <_io.TextIOWrapper name='logs.json' mode='a' encoding='UTF-8'> and week3-roots.pem
Creating connection for 51.163.169.47 using <_io.TextIOWrapper name='logs.json' mode='a' encoding='UTF-8'> and week3-roots.pem
Creating connection for 104.22.25.124 using <_io.TextIOWrapper name='logs.json' mode='a' encoding='UTF-8'> and week3-roots.pem
CONNECTION ERROR:  
CONNECTION ERROR:  
Creating connection for 104.21.11.187 using <_io.TextIOWrapper name='logs.json' mode='a' encoding='UTF-8'> and week3-roots.pem
Creating connection for 104.21.9.104 using <_io.TextIOWrapper name='logs.json' mode='a' encoding='UTF-8'> and week3-roots.pem
CONNECTION ERROR:  
Creating connection for 112.90.43.63 using <_io.TextIOWrapper name='logs.json' mode='a' encoding='UTF-8'> and week3-roots.pem
Creating connection for 185.248.102.210 using <_io.TextIOWrapper name='logs.json' mode='a' encoding='UTF-8'> and week3-roots.pem
CONNECTION ERROR:  
Creating connection for 99.83.154.118 using <_io.TextIOWrapper name='logs.json' mode='a' encoding='UTF-8'> and week3-roots.pem
Creating connection for 107.170.63.163 using <_io.TextIOWrapper name='logs.json' mode='a' encoding='UTF-8'> and week3-roots.pem
Creating connection for 104.18.39.41 using <_io.TextIOWrapper name='logs.json' mode='a' encoding='UTF-8'> and week3-roots.pem
Creating connection for 194.158.41.10 using <_io.TextIOWrapper name='logs.json' mode='a' encoding='UTF-8'> and week3-roots.pem
CONNECTION ERROR:  
Creating connection for 149.202.237.102 using <_io.TextIOWrapper name='logs.json' mode='a' encoding='UTF-8'> and week3-roots.pem
CONNECTION ERROR:  
Creating connection for 104.22.54.124 using <_io.TextIOWrapper name='logs.json' mode='a' encoding='UTF-8'> and week3-roots.pem
Creating connection for 145.239.200.78 using <_io.TextIOWrapper name='logs.json' mode='a' encoding='UTF-8'> and week3-roots.pem
Creating connection for 88.198.0.110 using <_io.TextIOWrapper name='logs.json' mode='a' encoding='UTF-8'> and week3-roots.pem
Creating connection for 208.113.172.176 using <_io.TextIOWrapper name='logs.json' mode='a' encoding='UTF-8'> and week3-roots.pem
CONNECTION ERROR:  [Errno 111] Connection refused
CONNECTION ERROR:  (32, 'EPIPE')
Creating connection for 150.95.59.8 using <_io.TextIOWrapper name='logs.json' mode='a' encoding='UTF-8'> and week3-roots.pem
Creating connection for 65.9.86.60 using <_io.TextIOWrapper name='logs.json' mode='a' encoding='UTF-8'> and week3-roots.pem
Creating connection for 104.22.8.120 using <_io.TextIOWrapper name='logs.json' mode='a' encoding='UTF-8'> and week3-roots.pem
Creating connection for 172.67.68.92 using <_io.TextIOWrapper name='logs.json' mode='a' encoding='UTF-8'> and week3-roots.pem
CONNECTION ERROR:  
CONNECTION ERROR:  
Creating connection for 144.76.167.54 using <_io.TextIOWrapper name='logs.json' mode='a' encoding='UTF-8'> and week3-roots.pem
Creating connection for 104.26.11.25 using <_io.TextIOWrapper name='logs.json' mode='a' encoding='UTF-8'> and week3-roots.pem
Creating connection for 178.218.111.73 using <_io.TextIOWrapper name='logs.json' mode='a' encoding='UTF-8'> and week3-roots.pem
CONNECTION ERROR:  
CONNECTION ERROR:  
Creating connection for 65.9.86.37 using <_io.TextIOWrapper name='logs.json' mode='a' encoding='UTF-8'> and week3-roots.pem
Creating connection for 162.218.178.46 using <_io.TextIOWrapper name='logs.json' mode='a' encoding='UTF-8'> and week3-roots.pem
CONNECTION ERROR:  
CONNECTION ERROR:  
CONNECTION ERROR:  
Creating connection for 104.22.55.235 using <_io.TextIOWrapper name='logs.json' mode='a' encoding='UTF-8'> and week3-roots.pem
Creating connection for 65.9.86.62 using <_io.TextIOWrapper name='logs.json' mode='a' encoding='UTF-8'> and week3-roots.pem
CONNECTION ERROR:  
CONNECTION ERROR:  
CONNECTION ERROR:  
CONNECTION ERROR:  
CONNECTION ERROR:  
CONNECTION ERROR:  
CONNECTION ERROR:  
CONNECTION ERROR:  
Creating connection for 79.172.201.86 using <_io.TextIOWrapper name='logs.json' mode='a' encoding='UTF-8'> and week3-roots.pem
CONNECTION ERROR:  
CONNECTION ERROR:  
CONNECTION ERROR:  
CONNECTION ERROR:  
Creating connection for 188.114.97.3 using <_io.TextIOWrapper name='logs.json' mode='a' encoding='UTF-8'> and week3-roots.pem
Creating connection for 185.237.219.27 using <_io.TextIOWrapper name='logs.json' mode='a' encoding='UTF-8'> and week3-roots.pem
Creating connection for 54.237.133.81 using <_io.TextIOWrapper name='logs.json' mode='a' encoding='UTF-8'> and week3-roots.pem
Creating connection for 198.71.233.167 using <_io.TextIOWrapper name='logs.json' mode='a' encoding='UTF-8'> and week3-roots.pem
Creating connection for 103.149.92.111 using <_io.TextIOWrapper name='logs.json' mode='a' encoding='UTF-8'> and week3-roots.pem
CONNECTION ERROR:  
Creating connection for 91.192.108.36 using <_io.TextIOWrapper name='logs.json' mode='a' encoding='UTF-8'> and week3-roots.pem
Creating connection for 188.114.96.3 using <_io.TextIOWrapper name='logs.json' mode='a' encoding='UTF-8'> and week3-roots.pem
CONNECTION ERROR:  
Creating connection for 89.46.105.72 using <_io.TextIOWrapper name='logs.json' mode='a' encoding='UTF-8'> and week3-roots.pem
Creating connection for 198.49.23.144 using <_io.TextIOWrapper name='logs.json' mode='a' encoding='UTF-8'> and week3-roots.pem
CONNECTION ERROR:  
CONNECTION ERROR:  
CONNECTION ERROR:  
CONNECTION ERROR:  
CONNECTION ERROR:  
CONNECTION ERROR:  
Creating connection for 61.129.251.139 using <_io.TextIOWrapper name='logs.json' mode='a' encoding='UTF-8'> and week3-roots.pem
Creating connection for 199.193.188.75 using <_io.TextIOWrapper name='logs.json' mode='a' encoding='UTF-8'> and week3-roots.pem
Creating connection for 65.9.86.117 using <_io.TextIOWrapper name='logs.json' mode='a' encoding='UTF-8'> and week3-roots.pem
Creating connection for 104.21.45.178 using <_io.TextIOWrapper name='logs.json' mode='a' encoding='UTF-8'> and week3-roots.pem
Creating connection for 104.21.70.118 using <_io.TextIOWrapper name='logs.json' mode='a' encoding='UTF-8'> and week3-roots.pem
CONNECTION ERROR:  
Creating connection for 141.193.213.20 using <_io.TextIOWrapper name='logs.json' mode='a' encoding='UTF-8'> and week3-roots.pem
Creating connection for 172.64.155.21 using <_io.TextIOWrapper name='logs.json' mode='a' encoding='UTF-8'> and week3-roots.pem
CONNECTION ERROR:  
CONNECTION ERROR:  
CONNECTION ERROR:  
Creating connection for 13.224.222.101 using <_io.TextIOWrapper name='logs.json' mode='a' encoding='UTF-8'> and week3-roots.pem
Creating connection for 192.185.51.99 using <_io.TextIOWrapper name='logs.json' mode='a' encoding='UTF-8'> and week3-roots.pem
Creating connection for 62.87.153.27 using <_io.TextIOWrapper name='logs.json' mode='a' encoding='UTF-8'> and week3-roots.pem
Creating connection for 204.186.31.113 using <_io.TextIOWrapper name='logs.json' mode='a' encoding='UTF-8'> and week3-roots.pem
CONNECTION ERROR:  
Creating connection for 141.193.213.10 using <_io.TextIOWrapper name='logs.json' mode='a' encoding='UTF-8'> and week3-roots.pem
CONNECTION ERROR:  
Creating connection for 91.201.52.230 using <_io.TextIOWrapper name='logs.json' mode='a' encoding='UTF-8'> and week3-roots.pem
Creating connection for 91.109.201.142 using <_io.TextIOWrapper name='logs.json' mode='a' encoding='UTF-8'> and week3-roots.pem
Creating connection for 194.135.80.165 using <_io.TextIOWrapper name='logs.json' mode='a' encoding='UTF-8'> and week3-roots.pem
CONNECTION ERROR:  
Creating connection for 172.67.175.67 using <_io.TextIOWrapper name='logs.json' mode='a' encoding='UTF-8'> and week3-roots.pem
Creating connection for 172.67.72.100 using <_io.TextIOWrapper name='logs.json' mode='a' encoding='UTF-8'> and week3-roots.pem
CONNECTION ERROR:  
CONNECTION ERROR:  
Creating connection for 93.188.2.51 using <_io.TextIOWrapper name='logs.json' mode='a' encoding='UTF-8'> and week3-roots.pem
Creating connection for 52.254.81.205 using <_io.TextIOWrapper name='logs.json' mode='a' encoding='UTF-8'> and week3-roots.pem
CONNECTION ERROR:  
CONNECTION ERROR:  
Creating connection for 104.22.27.237 using <_io.TextIOWrapper name='logs.json' mode='a' encoding='UTF-8'> and week3-roots.pem
Creating connection for 172.67.71.84 using <_io.TextIOWrapper name='logs.json' mode='a' encoding='UTF-8'> and week3-roots.pem
Creating connection for 104.18.185.20 using <_io.TextIOWrapper name='logs.json' mode='a' encoding='UTF-8'> and week3-roots.pem
CONNECTION ERROR:  
CONNECTION ERROR:  
CONNECTION ERROR:  
CONNECTION ERROR:  
CONNECTION ERROR:  
Creating connection for 18.235.246.110 using <_io.TextIOWrapper name='logs.json' mode='a' encoding='UTF-8'> and week3-roots.pem
Creating connection for 118.68.218.150 using <_io.TextIOWrapper name='logs.json' mode='a' encoding='UTF-8'> and week3-roots.pem
Creating connection for 104.21.19.180 using <_io.TextIOWrapper name='logs.json' mode='a' encoding='UTF-8'> and week3-roots.pem
CONNECTION ERROR:  
CONNECTION ERROR:  
Creating connection for 89.46.109.20 using <_io.TextIOWrapper name='logs.json' mode='a' encoding='UTF-8'> and week3-roots.pem
Creating connection for 103.215.141.6 using <_io.TextIOWrapper name='logs.json' mode='a' encoding='UTF-8'> and week3-roots.pem
Creating connection for 172.66.43.26 using <_io.TextIOWrapper name='logs.json' mode='a' encoding='UTF-8'> and week3-roots.pem
CONNECTION ERROR:  
CONNECTION ERROR:  
CONNECTION ERROR:  
Creating connection for 23.229.238.200 using <_io.TextIOWrapper name='logs.json' mode='a' encoding='UTF-8'> and week3-roots.pem
Creating connection for 192.185.35.67 using <_io.TextIOWrapper name='logs.json' mode='a' encoding='UTF-8'> and week3-roots.pemCONNECTION ERROR:  

Creating connection for 95.213.139.152 using <_io.TextIOWrapper name='logs.json' mode='a' encoding='UTF-8'> and week3-roots.pem
Creating connection for 37.58.26.112 using <_io.TextIOWrapper name='logs.json' mode='a' encoding='UTF-8'> and week3-roots.pem
Creating connection for 216.122.161.169 using <_io.TextIOWrapper name='logs.json' mode='a' encoding='UTF-8'> and week3-roots.pem
Creating connection for 188.114.96.3 using <_io.TextIOWrapper name='logs.json' mode='a' encoding='UTF-8'> and week3-roots.pem
CONNECTION ERROR:  
Creating connection for 188.114.97.3 using <_io.TextIOWrapper name='logs.json' mode='a' encoding='UTF-8'> and week3-roots.pem
CONNECTION ERROR:  
CONNECTION ERROR:  
CONNECTION ERROR:  
CONNECTION ERROR:  
CONNECTION ERROR:  
Creating connection for 163.44.187.153 using <_io.TextIOWrapper name='logs.json' mode='a' encoding='UTF-8'> and week3-roots.pem
Creating connection for 3.33.182.107 using <_io.TextIOWrapper name='logs.json' mode='a' encoding='UTF-8'> and week3-roots.pem
Creating connection for 198.49.23.145 using <_io.TextIOWrapper name='logs.json' mode='a' encoding='UTF-8'> and week3-roots.pem
Creating connection for 133.167.127.53 using <_io.TextIOWrapper name='logs.json' mode='a' encoding='UTF-8'> and week3-roots.pem
Creating connection for 172.66.43.181 using <_io.TextIOWrapper name='logs.json' mode='a' encoding='UTF-8'> and week3-roots.pem
Creating connection for 149.210.222.13 using <_io.TextIOWrapper name='logs.json' mode='a' encoding='UTF-8'> and week3-roots.pem
CONNECTION ERROR:  
Creating connection for 54.236.74.75 using <_io.TextIOWrapper name='logs.json' mode='a' encoding='UTF-8'> and week3-roots.pem
Creating connection for 100.26.253.2 using <_io.TextIOWrapper name='logs.json' mode='a' encoding='UTF-8'> and week3-roots.pem
Creating connection for 216.239.38.21 using <_io.TextIOWrapper name='logs.json' mode='a' encoding='UTF-8'> and week3-roots.pem
CONNECTION ERROR:  
Creating connection for 204.11.56.48 using <_io.TextIOWrapper name='logs.json' mode='a' encoding='UTF-8'> and week3-roots.pem
Creating connection for 172.110.89.4 using <_io.TextIOWrapper name='logs.json' mode='a' encoding='UTF-8'> and week3-roots.pem
CONNECTION ERROR:  
CONNECTION ERROR:  
Creating connection for 172.67.190.139 using <_io.TextIOWrapper name='logs.json' mode='a' encoding='UTF-8'> and week3-roots.pem
Creating connection for 151.101.2.166 using <_io.TextIOWrapper name='logs.json' mode='a' encoding='UTF-8'> and week3-roots.pem
Creating connection for 104.16.121.22 using <_io.TextIOWrapper name='logs.json' mode='a' encoding='UTF-8'> and week3-roots.pem
Creating connection for 104.21.38.96 using <_io.TextIOWrapper name='logs.json' mode='a' encoding='UTF-8'> and week3-roots.pem
CONNECTION ERROR:  
CONNECTION ERROR:  
CONNECTION ERROR:  
Creating connection for 92.53.68.204 using <_io.TextIOWrapper name='logs.json' mode='a' encoding='UTF-8'> and week3-roots.pem
CONNECTION ERROR:  
CONNECTION ERROR:  
CONNECTION ERROR:  
Creating connection for 51.138.57.221 using <_io.TextIOWrapper name='logs.json' mode='a' encoding='UTF-8'> and week3-roots.pem
Creating connection for 198.54.117.211 using <_io.TextIOWrapper name='logs.json' mode='a' encoding='UTF-8'> and week3-roots.pem
Creating connection for 104.18.30.20 using <_io.TextIOWrapper name='logs.json' mode='a' encoding='UTF-8'> and week3-roots.pem
Creating connection for 34.149.210.211 using <_io.TextIOWrapper name='logs.json' mode='a' encoding='UTF-8'> and week3-roots.pem
CONNECTION ERROR:  
CONNECTION ERROR:  
CONNECTION ERROR:  
Creating connection for 13.248.219.224 using <_io.TextIOWrapper name='logs.json' mode='a' encoding='UTF-8'> and week3-roots.pem
CONNECTION ERROR:  
Creating connection for 65.9.86.21 using <_io.TextIOWrapper name='logs.json' mode='a' encoding='UTF-8'> and week3-roots.pem
CONNECTION ERROR:  
CONNECTION ERROR:  
CONNECTION ERROR:  
CONNECTION ERROR:  
Creating connection for 205.186.183.194 using <_io.TextIOWrapper name='logs.json' mode='a' encoding='UTF-8'> and week3-roots.pem
Creating connection for 141.193.213.10 using <_io.TextIOWrapper name='logs.json' mode='a' encoding='UTF-8'> and week3-roots.pem
CONNECTION ERROR:  
CONNECTION ERROR:  
CONNECTION ERROR:  
Creating connection for 117.34.13.54 using <_io.TextIOWrapper name='logs.json' mode='a' encoding='UTF-8'> and week3-roots.pem
CONNECTION ERROR:  
CONNECTION ERROR:  
CONNECTION ERROR:  
Creating connection for 46.105.46.222 using <_io.TextIOWrapper name='logs.json' mode='a' encoding='UTF-8'> and week3-roots.pem
CONNECTION ERROR:  
CONNECTION ERROR:  
Creating connection for 34.86.197.140 using <_io.TextIOWrapper name='logs.json' mode='a' encoding='UTF-8'> and week3-roots.pem
Creating connection for 65.9.86.34 using <_io.TextIOWrapper name='logs.json' mode='a' encoding='UTF-8'> and week3-roots.pem
Creating connection for 104.18.9.237 using <_io.TextIOWrapper name='logs.json' mode='a' encoding='UTF-8'> and week3-roots.pem
Creating connection for 65.9.86.14 using <_io.TextIOWrapper name='logs.json' mode='a' encoding='UTF-8'> and week3-roots.pem
Creating connection for 104.18.3.132 using <_io.TextIOWrapper name='logs.json' mode='a' encoding='UTF-8'> and week3-roots.pem
CONNECTION ERROR:  
CONNECTION ERROR:  
CONNECTION ERROR:  
Creating connection for 65.9.86.68 using <_io.TextIOWrapper name='logs.json' mode='a' encoding='UTF-8'> and week3-roots.pem
Creating connection for 176.31.176.81 using <_io.TextIOWrapper name='logs.json' mode='a' encoding='UTF-8'> and week3-roots.pem
CONNECTION ERROR:  
Creating connection for 23.251.150.120 using <_io.TextIOWrapper name='logs.json' mode='a' encoding='UTF-8'> and week3-roots.pem
Creating connection for 142.44.227.16 using <_io.TextIOWrapper name='logs.json' mode='a' encoding='UTF-8'> and week3-roots.pem
Creating connection for 65.9.86.48 using <_io.TextIOWrapper name='logs.json' mode='a' encoding='UTF-8'> and week3-roots.pem
CONNECTION ERROR:  
CONNECTION ERROR:  
Creating connection for 148.66.138.159 using <_io.TextIOWrapper name='logs.json' mode='a' encoding='UTF-8'> and week3-roots.pem
CONNECTION ERROR:  
Creating connection for 195.222.112.5 using <_io.TextIOWrapper name='logs.json' mode='a' encoding='UTF-8'> and week3-roots.pem
CONNECTION ERROR:  
Creating connection for 104.26.2.80 using <_io.TextIOWrapper name='logs.json' mode='a' encoding='UTF-8'> and week3-roots.pem
CONNECTION ERROR:  
CONNECTION ERROR:  
CONNECTION ERROR:  
CONNECTION ERROR:  
CONNECTION ERROR:  
CONNECTION ERROR:  
Creating connection for 65.9.86.84 using <_io.TextIOWrapper name='logs.json' mode='a' encoding='UTF-8'> and week3-roots.pem
Creating connection for 46.101.3.187 using <_io.TextIOWrapper name='logs.json' mode='a' encoding='UTF-8'> and week3-roots.pem
CONNECTION ERROR:  
Creating connection for 104.18.17.123 using <_io.TextIOWrapper name='logs.json' mode='a' encoding='UTF-8'> and week3-roots.pem
Creating connection for 104.21.21.92 using <_io.TextIOWrapper name='logs.json' mode='a' encoding='UTF-8'> and week3-roots.pem
Creating connection for 54.207.111.42 using <_io.TextIOWrapper name='logs.json' mode='a' encoding='UTF-8'> and week3-roots.pem
Creating connection for 104.21.84.147 using <_io.TextIOWrapper name='logs.json' mode='a' encoding='UTF-8'> and week3-roots.pem
Creating connection for 95.170.134.60 using <_io.TextIOWrapper name='logs.json' mode='a' encoding='UTF-8'> and week3-roots.pem
CONNECTION ERROR:  
Creating connection for 103.253.213.49 using <_io.TextIOWrapper name='logs.json' mode='a' encoding='UTF-8'> and week3-roots.pem
CONNECTION ERROR:  
Creating connection for 104.21.75.206 using <_io.TextIOWrapper name='logs.json' mode='a' encoding='UTF-8'> and week3-roots.pem
Creating connection for 167.86.125.3 using <_io.TextIOWrapper name='logs.json' mode='a' encoding='UTF-8'> and week3-roots.pem
CONNECTION ERROR:  
Creating connection for 103.27.34.17 using <_io.TextIOWrapper name='logs.json' mode='a' encoding='UTF-8'> and week3-roots.pem
Creating connection for 65.9.86.118 using <_io.TextIOWrapper name='logs.json' mode='a' encoding='UTF-8'> and week3-roots.pem
CONNECTION ERROR:  
CONNECTION ERROR:  
CONNECTION ERROR:  
Creating connection for 188.114.97.3 using <_io.TextIOWrapper name='logs.json' mode='a' encoding='UTF-8'> and week3-roots.pem
CONNECTION ERROR:  
Creating connection for 62.149.128.166 using <_io.TextIOWrapper name='logs.json' mode='a' encoding='UTF-8'> and week3-roots.pem
CONNECTION ERROR:  
CONNECTION ERROR:  
Creating connection for 172.67.183.55 using <_io.TextIOWrapper name='logs.json' mode='a' encoding='UTF-8'> and week3-roots.pem
Creating connection for 194.54.83.122 using <_io.TextIOWrapper name='logs.json' mode='a' encoding='UTF-8'> and week3-roots.pem
CONNECTION ERROR:  
Creating connection for 139.196.222.25 using <_io.TextIOWrapper name='logs.json' mode='a' encoding='UTF-8'> and week3-roots.pem
Creating connection for 172.67.198.95 using <_io.TextIOWrapper name='logs.json' mode='a' encoding='UTF-8'> and week3-roots.pem
Creating connection for 195.24.150.30 using <_io.TextIOWrapper name='logs.json' mode='a' encoding='UTF-8'> and week3-roots.pem
Creating connection for 103.197.14.166 using <_io.TextIOWrapper name='logs.json' mode='a' encoding='UTF-8'> and week3-roots.pem
Creating connection for 67.225.136.105 using <_io.TextIOWrapper name='logs.json' mode='a' encoding='UTF-8'> and week3-roots.pem
Creating connection for 13.248.166.80 using <_io.TextIOWrapper name='logs.json' mode='a' encoding='UTF-8'> and week3-roots.pem
Creating connection for 151.236.30.44 using <_io.TextIOWrapper name='logs.json' mode='a' encoding='UTF-8'> and week3-roots.pem
CONNECTION ERROR:  
CONNECTION ERROR:  
Creating connection for 104.26.6.233 using <_io.TextIOWrapper name='logs.json' mode='a' encoding='UTF-8'> and week3-roots.pem
CONNECTION ERROR:  
CONNECTION ERROR:  
CONNECTION ERROR:  
CONNECTION ERROR:  
Creating connection for 54.38.138.252 using <_io.TextIOWrapper name='logs.json' mode='a' encoding='UTF-8'> and week3-roots.pem
Creating connection for 65.9.86.49 using <_io.TextIOWrapper name='logs.json' mode='a' encoding='UTF-8'> and week3-roots.pem
Creating connection for 172.67.202.37 using <_io.TextIOWrapper name='logs.json' mode='a' encoding='UTF-8'> and week3-roots.pem
Creating connection for 150.129.151.185 using <_io.TextIOWrapper name='logs.json' mode='a' encoding='UTF-8'> and week3-roots.pem
Creating connection for 40.113.236.45 using <_io.TextIOWrapper name='logs.json' mode='a' encoding='UTF-8'> and week3-roots.pem
Creating connection for 96.16.53.204 using <_io.TextIOWrapper name='logs.json' mode='a' encoding='UTF-8'> and week3-roots.pem
Creating connection for 45.130.146.64 using <_io.TextIOWrapper name='logs.json' mode='a' encoding='UTF-8'> and week3-roots.pem
CONNECTION ERROR:  
CONNECTION ERROR:  
Creating connection for 185.151.244.146 using <_io.TextIOWrapper name='logs.json' mode='a' encoding='UTF-8'> and week3-roots.pem
Creating connection for 116.202.16.153 using <_io.TextIOWrapper name='logs.json' mode='a' encoding='UTF-8'> and week3-roots.pem
CONNECTION ERROR:  
CONNECTION ERROR:  
Creating connection for 212.175.130.54 using <_io.TextIOWrapper name='logs.json' mode='a' encoding='UTF-8'> and week3-roots.pem
Creating connection for 200.10.171.19 using <_io.TextIOWrapper name='logs.json' mode='a' encoding='UTF-8'> and week3-roots.pem
Creating connection for 133.167.8.183 using <_io.TextIOWrapper name='logs.json' mode='a' encoding='UTF-8'> and week3-roots.pem
CONNECTION ERROR:  
Creating connection for 104.21.30.187 using <_io.TextIOWrapper name='logs.json' mode='a' encoding='UTF-8'> and week3-roots.pem
CONNECTION ERROR:  
Creating connection for 172.67.72.208 using <_io.TextIOWrapper name='logs.json' mode='a' encoding='UTF-8'> and week3-roots.pem
Creating connection for 80.89.235.241 using <_io.TextIOWrapper name='logs.json' mode='a' encoding='UTF-8'> and week3-roots.pem
Creating connection for 172.64.149.38 using <_io.TextIOWrapper name='logs.json' mode='a' encoding='UTF-8'> and week3-roots.pem
Creating connection for 172.67.160.152 using <_io.TextIOWrapper name='logs.json' mode='a' encoding='UTF-8'> and week3-roots.pem
Creating connection for 199.102.132.40 using <_io.TextIOWrapper name='logs.json' mode='a' encoding='UTF-8'> and week3-roots.pem
CONNECTION ERROR:  
CONNECTION ERROR:  
CONNECTION ERROR:  
Creating connection for 104.21.78.163 using <_io.TextIOWrapper name='logs.json' mode='a' encoding='UTF-8'> and week3-roots.pem
Creating connection for 188.114.96.3 using <_io.TextIOWrapper name='logs.json' mode='a' encoding='UTF-8'> and week3-roots.pem
CONNECTION ERROR:  
Creating connection for 104.26.11.111 using <_io.TextIOWrapper name='logs.json' mode='a' encoding='UTF-8'> and week3-roots.pem
CONNECTION ERROR:  
CONNECTION ERROR:  [Errno 113] No route to host
Creating connection for 211.149.234.56 using <_io.TextIOWrapper name='logs.json' mode='a' encoding='UTF-8'> and week3-roots.pem
Creating connection for 104.21.46.166 using <_io.TextIOWrapper name='logs.json' mode='a' encoding='UTF-8'> and week3-roots.pem
Creating connection for 87.245.175.226 using <_io.TextIOWrapper name='logs.json' mode='a' encoding='UTF-8'> and week3-roots.pem
CONNECTION ERROR:  (32, 'EPIPE')
CONNECTION ERROR:  
Creating connection for 104.20.87.46 using <_io.TextIOWrapper name='logs.json' mode='a' encoding='UTF-8'> and week3-roots.pem
CONNECTION ERROR:  
CONNECTION ERROR:  
Creating connection for 23.225.158.141 using <_io.TextIOWrapper name='logs.json' mode='a' encoding='UTF-8'> and week3-roots.pem
CONNECTION ERROR:  
CONNECTION ERROR:  
Creating connection for 52.16.160.97 using <_io.TextIOWrapper name='logs.json' mode='a' encoding='UTF-8'> and week3-roots.pem
Creating connection for 141.193.213.20 using <_io.TextIOWrapper name='logs.json' mode='a' encoding='UTF-8'> and week3-roots.pem
CONNECTION ERROR:  
CONNECTION ERROR:  
Creating connection for 162.215.231.71 using <_io.TextIOWrapper name='logs.json' mode='a' encoding='UTF-8'> and week3-roots.pem
CONNECTION ERROR:  
CONNECTION ERROR:  
CONNECTION ERROR:  [Errno 111] Connection refused
Creating connection for 177.73.73.39 using <_io.TextIOWrapper name='logs.json' mode='a' encoding='UTF-8'> and week3-roots.pem
CONNECTION ERROR:  (32, 'EPIPE')
Creating connection for 104.26.14.177 using <_io.TextIOWrapper name='logs.json' mode='a' encoding='UTF-8'> and week3-roots.pem
CONNECTION ERROR:  
CONNECTION ERROR:  
CONNECTION ERROR:  
CONNECTION ERROR:  
CONNECTION ERROR:  
CONNECTION ERROR:  
Creating connection for 38.126.166.142 using <_io.TextIOWrapper name='logs.json' mode='a' encoding='UTF-8'> and week3-roots.pem
CONNECTION ERROR:  
CONNECTION ERROR:  
Creating connection for 104.21.62.160 using <_io.TextIOWrapper name='logs.json' mode='a' encoding='UTF-8'> and week3-roots.pem
Creating connection for 198.49.23.144 using <_io.TextIOWrapper name='logs.json' mode='a' encoding='UTF-8'> and week3-roots.pem
CONNECTION ERROR:  
Creating connection for 188.64.79.73 using <_io.TextIOWrapper name='logs.json' mode='a' encoding='UTF-8'> and week3-roots.pem
CONNECTION ERROR:  
Creating connection for 141.193.213.20 using <_io.TextIOWrapper name='logs.json' mode='a' encoding='UTF-8'> and week3-roots.pem
CONNECTION ERROR:  
Creating connection for 188.114.97.2 using <_io.TextIOWrapper name='logs.json' mode='a' encoding='UTF-8'> and week3-roots.pem
Creating connection for 52.237.133.233 using <_io.TextIOWrapper name='logs.json' mode='a' encoding='UTF-8'> and week3-roots.pem
CONNECTION ERROR:  
CONNECTION ERROR:  
Creating connection for 162.214.76.200 using <_io.TextIOWrapper name='logs.json' mode='a' encoding='UTF-8'> and week3-roots.pem
Creating connection for 104.21.94.94 using <_io.TextIOWrapper name='logs.json' mode='a' encoding='UTF-8'> and week3-roots.pem
CONNECTION ERROR:  
CONNECTION ERROR:  
Creating connection for 82.146.41.59 using <_io.TextIOWrapper name='logs.json' mode='a' encoding='UTF-8'> and week3-roots.pem
Creating connection for 188.114.97.3 using <_io.TextIOWrapper name='logs.json' mode='a' encoding='UTF-8'> and week3-roots.pem
CONNECTION ERROR:  
Creating connection for 172.247.21.147 using <_io.TextIOWrapper name='logs.json' mode='a' encoding='UTF-8'> and week3-roots.pem
Creating connection for 54.247.69.169 using <_io.TextIOWrapper name='logs.json' mode='a' encoding='UTF-8'> and week3-roots.pem
Creating connection for 171.22.26.19 using <_io.TextIOWrapper name='logs.json' mode='a' encoding='UTF-8'> and week3-roots.pem
Creating connection for 54.194.170.100 using <_io.TextIOWrapper name='logs.json' mode='a' encoding='UTF-8'> and week3-roots.pem
Creating connection for 104.18.27.21 using <_io.TextIOWrapper name='logs.json' mode='a' encoding='UTF-8'> and week3-roots.pem
CONNECTION ERROR:  
Creating connection for 209.58.178.248 using <_io.TextIOWrapper name='logs.json' mode='a' encoding='UTF-8'> and week3-roots.pem
CONNECTION ERROR:  
CONNECTION ERROR:  
Creating connection for 34.159.168.235 using <_io.TextIOWrapper name='logs.json' mode='a' encoding='UTF-8'> and week3-roots.pem
CONNECTION ERROR:  
CONNECTION ERROR:  
CONNECTION ERROR:  
CONNECTION ERROR:  
Creating connection for 104.21.26.222 using <_io.TextIOWrapper name='logs.json' mode='a' encoding='UTF-8'> and week3-roots.pem
Creating connection for 104.21.2.236 using <_io.TextIOWrapper name='logs.json' mode='a' encoding='UTF-8'> and week3-roots.pem
Creating connection for 47.105.175.164 using <_io.TextIOWrapper name='logs.json' mode='a' encoding='UTF-8'> and week3-roots.pem
Creating connection for 54.164.224.252 using <_io.TextIOWrapper name='logs.json' mode='a' encoding='UTF-8'> and week3-roots.pem
Creating connection for 63.32.36.187 using <_io.TextIOWrapper name='logs.json' mode='a' encoding='UTF-8'> and week3-roots.pem
CONNECTION ERROR:  
CONNECTION ERROR:  
Creating connection for 158.69.21.212 using <_io.TextIOWrapper name='logs.json' mode='a' encoding='UTF-8'> and week3-roots.pem
Creating connection for 104.21.41.116 using <_io.TextIOWrapper name='logs.json' mode='a' encoding='UTF-8'> and week3-roots.pem
Creating connection for 141.193.213.21 using <_io.TextIOWrapper name='logs.json' mode='a' encoding='UTF-8'> and week3-roots.pem
CONNECTION ERROR:  
CONNECTION ERROR:  
Creating connection for 104.18.31.100 using <_io.TextIOWrapper name='logs.json' mode='a' encoding='UTF-8'> and week3-roots.pem
Creating connection for 194.247.174.5 using <_io.TextIOWrapper name='logs.json' mode='a' encoding='UTF-8'> and week3-roots.pem
Creating connection for 151.80.221.17 using <_io.TextIOWrapper name='logs.json' mode='a' encoding='UTF-8'> and week3-roots.pem
Creating connection for 13.33.164.103 using <_io.TextIOWrapper name='logs.json' mode='a' encoding='UTF-8'> and week3-roots.pem
CONNECTION ERROR:  
Creating connection for 192.243.61.225 using <_io.TextIOWrapper name='logs.json' mode='a' encoding='UTF-8'> and week3-roots.pem
Creating connection for 141.193.213.10 using <_io.TextIOWrapper name='logs.json' mode='a' encoding='UTF-8'> and week3-roots.pem
Creating connection for 172.66.42.230 using <_io.TextIOWrapper name='logs.json' mode='a' encoding='UTF-8'> and week3-roots.pem
Creating connection for 46.146.223.7 using <_io.TextIOWrapper name='logs.json' mode='a' encoding='UTF-8'> and week3-roots.pem
Creating connection for 213.123.60.220 using <_io.TextIOWrapper name='logs.json' mode='a' encoding='UTF-8'> and week3-roots.pem
CONNECTION ERROR:  
CONNECTION ERROR:  
Creating connection for 172.67.73.121 using <_io.TextIOWrapper name='logs.json' mode='a' encoding='UTF-8'> and week3-roots.pem
CONNECTION ERROR:  
CONNECTION ERROR:  
Creating connection for 198.54.114.163 using <_io.TextIOWrapper name='logs.json' mode='a' encoding='UTF-8'> and week3-roots.pem
CONNECTION ERROR:  
Creating connection for 172.67.223.159 using <_io.TextIOWrapper name='logs.json' mode='a' encoding='UTF-8'> and week3-roots.pem
CONNECTION ERROR:  
CONNECTION ERROR:  
CONNECTION ERROR:  
CONNECTION ERROR:  
CONNECTION ERROR:  
Creating connection for 65.9.86.95 using <_io.TextIOWrapper name='logs.json' mode='a' encoding='UTF-8'> and week3-roots.pem
Creating connection for 20.24.205.71 using <_io.TextIOWrapper name='logs.json' mode='a' encoding='UTF-8'> and week3-roots.pem
Creating connection for 104.21.62.237 using <_io.TextIOWrapper name='logs.json' mode='a' encoding='UTF-8'> and week3-roots.pem
CONNECTION ERROR:  
Creating connection for 46.30.213.83 using <_io.TextIOWrapper name='logs.json' mode='a' encoding='UTF-8'> and week3-roots.pem
Creating connection for 172.67.193.154 using <_io.TextIOWrapper name='logs.json' mode='a' encoding='UTF-8'> and week3-roots.pem
Creating connection for 65.9.86.84 using <_io.TextIOWrapper name='logs.json' mode='a' encoding='UTF-8'> and week3-roots.pem
Creating connection for 139.219.233.56 using <_io.TextIOWrapper name='logs.json' mode='a' encoding='UTF-8'> and week3-roots.pem
CONNECTION ERROR:  
Creating connection for 5.101.153.79 using <_io.TextIOWrapper name='logs.json' mode='a' encoding='UTF-8'> and week3-roots.pem
CONNECTION ERROR:  
CONNECTION ERROR:  
CONNECTION ERROR:  
Creating connection for 217.21.77.142 using <_io.TextIOWrapper name='logs.json' mode='a' encoding='UTF-8'> and week3-roots.pem
CONNECTION ERROR:  
CONNECTION ERROR:  
CONNECTION ERROR:  
Creating connection for 91.240.20.44 using <_io.TextIOWrapper name='logs.json' mode='a' encoding='UTF-8'> and week3-roots.pem
Creating connection for 104.21.60.30 using <_io.TextIOWrapper name='logs.json' mode='a' encoding='UTF-8'> and week3-roots.pem
Creating connection for 77.246.157.153 using <_io.TextIOWrapper name='logs.json' mode='a' encoding='UTF-8'> and week3-roots.pem
Creating connection for 193.45.67.158 using <_io.TextIOWrapper name='logs.json' mode='a' encoding='UTF-8'> and week3-roots.pem
Creating connection for 31.186.23.120 using <_io.TextIOWrapper name='logs.json' mode='a' encoding='UTF-8'> and week3-roots.pem
CONNECTION ERROR:  
CONNECTION ERROR:  
Creating connection for 23.185.0.3 using <_io.TextIOWrapper name='logs.json' mode='a' encoding='UTF-8'> and week3-roots.pem
Creating connection for 128.199.209.132 using <_io.TextIOWrapper name='logs.json' mode='a' encoding='UTF-8'> and week3-roots.pem
Creating connection for 157.56.160.177 using <_io.TextIOWrapper name='logs.json' mode='a' encoding='UTF-8'> and week3-roots.pem
CONNECTION ERROR:  
CONNECTION ERROR:  
Creating connection for 5.35.255.76 using <_io.TextIOWrapper name='logs.json' mode='a' encoding='UTF-8'> and week3-roots.pem
CONNECTION ERROR:  
Creating connection for 185.67.2.16 using <_io.TextIOWrapper name='logs.json' mode='a' encoding='UTF-8'> and week3-roots.pem
Creating connection for 104.21.234.230 using <_io.TextIOWrapper name='logs.json' mode='a' encoding='UTF-8'> and week3-roots.pem
CONNECTION ERROR:  
Creating connection for 3.64.200.242 using <_io.TextIOWrapper name='logs.json' mode='a' encoding='UTF-8'> and week3-roots.pem
Creating connection for 65.9.86.51 using <_io.TextIOWrapper name='logs.json' mode='a' encoding='UTF-8'> and week3-roots.pem
Creating connection for 114.67.186.33 using <_io.TextIOWrapper name='logs.json' mode='a' encoding='UTF-8'> and week3-roots.pem
Creating connection for 23.198.23.140 using <_io.TextIOWrapper name='logs.json' mode='a' encoding='UTF-8'> and week3-roots.pem
CONNECTION ERROR:  [Errno 111] Connection refused
CONNECTION ERROR:  [Errno 111] Connection refused
CONNECTION ERROR:  
CONNECTION ERROR:  [Errno 111] Connection refused
CONNECTION ERROR:  (32, 'EPIPE')
Creating connection for 188.114.96.3 using <_io.TextIOWrapper name='logs.json' mode='a' encoding='UTF-8'> and week3-roots.pem
Creating connection for 95.217.193.11 using <_io.TextIOWrapper name='logs.json' mode='a' encoding='UTF-8'> and week3-roots.pem
Creating connection for 172.67.74.3 using <_io.TextIOWrapper name='logs.json' mode='a' encoding='UTF-8'> and week3-roots.pem
Creating connection for 104.21.96.57 using <_io.TextIOWrapper name='logs.json' mode='a' encoding='UTF-8'> and week3-roots.pem
CONNECTION ERROR:  (32, 'EPIPE')
CONNECTION ERROR:  (32, 'EPIPE')
Creating connection for 104.21.75.216 using <_io.TextIOWrapper name='logs.json' mode='a' encoding='UTF-8'> and week3-roots.pem
CONNECTION ERROR:  
CONNECTION ERROR:  
CONNECTION ERROR:  
Creating connection for 173.209.54.39 using <_io.TextIOWrapper name='logs.json' mode='a' encoding='UTF-8'> and week3-roots.pem
CONNECTION ERROR:  
Creating connection for 81.169.145.165 using <_io.TextIOWrapper name='logs.json' mode='a' encoding='UTF-8'> and week3-roots.pem
CONNECTION ERROR:  [Errno 111] Connection refused
CONNECTION ERROR:  
Creating connection for 188.114.97.3 using <_io.TextIOWrapper name='logs.json' mode='a' encoding='UTF-8'> and week3-roots.pemCONNECTION ERROR:  
CONNECTION ERROR:  
CONNECTION ERROR:  

Creating connection for 172.67.211.226 using <_io.TextIOWrapper name='logs.json' mode='a' encoding='UTF-8'> and week3-roots.pem
Creating connection for 213.186.33.19 using <_io.TextIOWrapper name='logs.json' mode='a' encoding='UTF-8'> and week3-roots.pem
Creating connection for 65.9.86.9 using <_io.TextIOWrapper name='logs.json' mode='a' encoding='UTF-8'> and week3-roots.pem
CONNECTION ERROR:  
Creating connection for 172.67.68.73 using <_io.TextIOWrapper name='logs.json' mode='a' encoding='UTF-8'> and week3-roots.pem
Creating connection for 65.99.252.251 using <_io.TextIOWrapper name='logs.json' mode='a' encoding='UTF-8'> and week3-roots.pem
CONNECTION ERROR:  
CONNECTION ERROR:  
CONNECTION ERROR:  
Creating connection for 54.242.47.138 using <_io.TextIOWrapper name='logs.json' mode='a' encoding='UTF-8'> and week3-roots.pem
CONNECTION ERROR:  (32, 'EPIPE')
CONNECTION ERROR:  
CONNECTION ERROR:  
CONNECTION ERROR:  
CONNECTION ERROR:  
CONNECTION ERROR:  
Creating connection for 83.142.84.130 using <_io.TextIOWrapper name='logs.json' mode='a' encoding='UTF-8'> and week3-roots.pem
CONNECTION ERROR:  
Creating connection for 188.114.96.3 using <_io.TextIOWrapper name='logs.json' mode='a' encoding='UTF-8'> and week3-roots.pem
Creating connection for 199.60.103.2 using <_io.TextIOWrapper name='logs.json' mode='a' encoding='UTF-8'> and week3-roots.pem
CONNECTION ERROR:  
CONNECTION ERROR:  
Creating connection for 37.251.255.5 using <_io.TextIOWrapper name='logs.json' mode='a' encoding='UTF-8'> and week3-roots.pem
CONNECTION ERROR:  
Creating connection for 172.66.41.5 using <_io.TextIOWrapper name='logs.json' mode='a' encoding='UTF-8'> and week3-roots.pem
Creating connection for 54.183.246.129 using <_io.TextIOWrapper name='logs.json' mode='a' encoding='UTF-8'> and week3-roots.pem
Creating connection for 104.26.7.98 using <_io.TextIOWrapper name='logs.json' mode='a' encoding='UTF-8'> and week3-roots.pem
Creating connection for 61.155.137.148 using <_io.TextIOWrapper name='logs.json' mode='a' encoding='UTF-8'> and week3-roots.pem
CONNECTION ERROR:  
Creating connection for 192.46.210.122 using <_io.TextIOWrapper name='logs.json' mode='a' encoding='UTF-8'> and week3-roots.pem
Creating connection for 34.218.149.246 using <_io.TextIOWrapper name='logs.json' mode='a' encoding='UTF-8'> and week3-roots.pem
Creating connection for 67.227.226.240 using <_io.TextIOWrapper name='logs.json' mode='a' encoding='UTF-8'> and week3-roots.pem
CONNECTION ERROR:  
Creating connection for 123.103.95.101 using <_io.TextIOWrapper name='logs.json' mode='a' encoding='UTF-8'> and week3-roots.pem
CONNECTION ERROR:  
CONNECTION ERROR:  
CONNECTION ERROR:  
Creating connection for 104.20.51.7 using <_io.TextIOWrapper name='logs.json' mode='a' encoding='UTF-8'> and week3-roots.pem
CONNECTION ERROR:  
CONNECTION ERROR:  
CONNECTION ERROR:  
Creating connection for 65.9.86.122 using <_io.TextIOWrapper name='logs.json' mode='a' encoding='UTF-8'> and week3-roots.pem
Creating connection for 185.189.68.105 using <_io.TextIOWrapper name='logs.json' mode='a' encoding='UTF-8'> and week3-roots.pem
Creating connection for 172.67.182.49 using <_io.TextIOWrapper name='logs.json' mode='a' encoding='UTF-8'> and week3-roots.pem
Creating connection for 46.29.91.5 using <_io.TextIOWrapper name='logs.json' mode='a' encoding='UTF-8'> and week3-roots.pem
Creating connection for 69.39.234.245 using <_io.TextIOWrapper name='logs.json' mode='a' encoding='UTF-8'> and week3-roots.pem
CONNECTION ERROR:  
CONNECTION ERROR:  
CONNECTION ERROR:  [Errno 111] Connection refused
CONNECTION ERROR:  (32, 'EPIPE')
CONNECTION ERROR:  
CONNECTION ERROR:  
Creating connection for 172.67.75.198 using <_io.TextIOWrapper name='logs.json' mode='a' encoding='UTF-8'> and week3-roots.pem
Creating connection for 68.183.120.18 using <_io.TextIOWrapper name='logs.json' mode='a' encoding='UTF-8'> and week3-roots.pem
CONNECTION ERROR:  
CONNECTION ERROR:  
Creating connection for 217.160.0.94 using <_io.TextIOWrapper name='logs.json' mode='a' encoding='UTF-8'> and week3-roots.pem
CONNECTION ERROR:  
CONNECTION ERROR:  
Creating connection for 47.89.154.108 using <_io.TextIOWrapper name='logs.json' mode='a' encoding='UTF-8'> and week3-roots.pem
Creating connection for 136.243.114.114 using <_io.TextIOWrapper name='logs.json' mode='a' encoding='UTF-8'> and week3-roots.pem
CONNECTION ERROR:  
CONNECTION ERROR:  
CONNECTION ERROR:  
Creating connection for 185.199.109.153 using <_io.TextIOWrapper name='logs.json' mode='a' encoding='UTF-8'> and week3-roots.pem
Creating connection for 185.196.197.130 using <_io.TextIOWrapper name='logs.json' mode='a' encoding='UTF-8'> and week3-roots.pem
Creating connection for 104.21.65.175 using <_io.TextIOWrapper name='logs.json' mode='a' encoding='UTF-8'> and week3-roots.pem
Creating connection for 104.21.76.217 using <_io.TextIOWrapper name='logs.json' mode='a' encoding='UTF-8'> and week3-roots.pem
CONNECTION ERROR:  
CONNECTION ERROR:  
Creating connection for 213.63.139.37 using <_io.TextIOWrapper name='logs.json' mode='a' encoding='UTF-8'> and week3-roots.pem
Creating connection for 84.247.10.107 using <_io.TextIOWrapper name='logs.json' mode='a' encoding='UTF-8'> and week3-roots.pem
Creating connection for 172.67.169.249 using <_io.TextIOWrapper name='logs.json' mode='a' encoding='UTF-8'> and week3-roots.pem
Creating connection for 3.66.136.156 using <_io.TextIOWrapper name='logs.json' mode='a' encoding='UTF-8'> and week3-roots.pem
Creating connection for 3.141.222.100 using <_io.TextIOWrapper name='logs.json' mode='a' encoding='UTF-8'> and week3-roots.pem
Creating connection for 104.18.38.215 using <_io.TextIOWrapper name='logs.json' mode='a' encoding='UTF-8'> and week3-roots.pem
CONNECTION ERROR:  [Errno 111] Connection refused
CONNECTION ERROR:  
CONNECTION ERROR:  (32, 'EPIPE')
CONNECTION ERROR:  
Creating connection for 203.30.191.99 using <_io.TextIOWrapper name='logs.json' mode='a' encoding='UTF-8'> and week3-roots.pem
Creating connection for 34.205.13.109 using <_io.TextIOWrapper name='logs.json' mode='a' encoding='UTF-8'> and week3-roots.pem
CONNECTION ERROR:  
CONNECTION ERROR:  
Creating connection for 172.67.206.127 using <_io.TextIOWrapper name='logs.json' mode='a' encoding='UTF-8'> and week3-roots.pem
Creating connection for 65.9.86.64 using <_io.TextIOWrapper name='logs.json' mode='a' encoding='UTF-8'> and week3-roots.pem
CONNECTION ERROR:  
Creating connection for 172.67.152.10 using <_io.TextIOWrapper name='logs.json' mode='a' encoding='UTF-8'> and week3-roots.pem
Creating connection for 103.138.113.106 using <_io.TextIOWrapper name='logs.json' mode='a' encoding='UTF-8'> and week3-roots.pem
CONNECTION ERROR:  
Creating connection for 65.9.86.86 using <_io.TextIOWrapper name='logs.json' mode='a' encoding='UTF-8'> and week3-roots.pem
Creating connection for 165.160.15.20 using <_io.TextIOWrapper name='logs.json' mode='a' encoding='UTF-8'> and week3-roots.pem
CONNECTION ERROR:  
CONNECTION ERROR:  
CONNECTION ERROR:  
CONNECTION ERROR:  
CONNECTION ERROR:  
Creating connection for 100.26.65.199 using <_io.TextIOWrapper name='logs.json' mode='a' encoding='UTF-8'> and week3-roots.pem
Creating connection for 161.130.83.42 using <_io.TextIOWrapper name='logs.json' mode='a' encoding='UTF-8'> and week3-roots.pem
CONNECTION ERROR:  
CONNECTION ERROR:  
CONNECTION ERROR:  
CONNECTION ERROR:  
CONNECTION ERROR:  
Creating connection for 136.243.36.55 using <_io.TextIOWrapper name='logs.json' mode='a' encoding='UTF-8'> and week3-roots.pem
Creating connection for 104.21.16.47 using <_io.TextIOWrapper name='logs.json' mode='a' encoding='UTF-8'> and week3-roots.pem
CONNECTION ERROR:  
CONNECTION ERROR:  
Creating connection for 199.58.80.78 using <_io.TextIOWrapper name='logs.json' mode='a' encoding='UTF-8'> and week3-roots.pem
CONNECTION ERROR:  
CONNECTION ERROR:  
Creating connection for 75.2.70.75 using <_io.TextIOWrapper name='logs.json' mode='a' encoding='UTF-8'> and week3-roots.pem
CONNECTION ERROR:  
CONNECTION ERROR:  
CONNECTION ERROR:  
CONNECTION ERROR:  
Creating connection for 195.56.193.182 using <_io.TextIOWrapper name='logs.json' mode='a' encoding='UTF-8'> and week3-roots.pem
CONNECTION ERROR:  
Creating connection for 96.45.82.83 using <_io.TextIOWrapper name='logs.json' mode='a' encoding='UTF-8'> and week3-roots.pem
CONNECTION ERROR:  
Creating connection for 52.73.113.125 using <_io.TextIOWrapper name='logs.json' mode='a' encoding='UTF-8'> and week3-roots.pem
Creating connection for 104.21.69.191 using <_io.TextIOWrapper name='logs.json' mode='a' encoding='UTF-8'> and week3-roots.pem
Creating connection for 120.133.71.86 using <_io.TextIOWrapper name='logs.json' mode='a' encoding='UTF-8'> and week3-roots.pem
Creating connection for 104.22.59.180 using <_io.TextIOWrapper name='logs.json' mode='a' encoding='UTF-8'> and week3-roots.pem
Creating connection for 185.177.92.30 using <_io.TextIOWrapper name='logs.json' mode='a' encoding='UTF-8'> and week3-roots.pem
CONNECTION ERROR:  
CONNECTION ERROR:  
Creating connection for 95.174.96.19 using <_io.TextIOWrapper name='logs.json' mode='a' encoding='UTF-8'> and week3-roots.pem
CONNECTION ERROR:  
CONNECTION ERROR:  
Creating connection for 185.201.47.187 using <_io.TextIOWrapper name='logs.json' mode='a' encoding='UTF-8'> and week3-roots.pem
Creating connection for 69.163.207.158 using <_io.TextIOWrapper name='logs.json' mode='a' encoding='UTF-8'> and week3-roots.pem
CONNECTION ERROR:  
Creating connection for 185.93.110.93 using <_io.TextIOWrapper name='logs.json' mode='a' encoding='UTF-8'> and week3-roots.pem
Creating connection for 198.58.118.167 using <_io.TextIOWrapper name='logs.json' mode='a' encoding='UTF-8'> and week3-roots.pem
Creating connection for 125.220.127.3 using <_io.TextIOWrapper name='logs.json' mode='a' encoding='UTF-8'> and week3-roots.pem
Creating connection for 77.120.97.93 using <_io.TextIOWrapper name='logs.json' mode='a' encoding='UTF-8'> and week3-roots.pem
Creating connection for 172.67.162.204 using <_io.TextIOWrapper name='logs.json' mode='a' encoding='UTF-8'> and week3-roots.pem
CONNECTION ERROR:  
CONNECTION ERROR:  
Creating connection for 35.226.140.92 using <_io.TextIOWrapper name='logs.json' mode='a' encoding='UTF-8'> and week3-roots.pem
CONNECTION ERROR:  
CONNECTION ERROR:  [Errno 111] Connection refused
Creating connection for 104.22.51.90 using <_io.TextIOWrapper name='logs.json' mode='a' encoding='UTF-8'> and week3-roots.pem
CONNECTION ERROR:  
Creating connection for 185.114.246.115 using <_io.TextIOWrapper name='logs.json' mode='a' encoding='UTF-8'> and week3-roots.pem
CONNECTION ERROR:  (32, 'EPIPE')
Creating connection for 2.56.254.101 using <_io.TextIOWrapper name='logs.json' mode='a' encoding='UTF-8'> and week3-roots.pem
CONNECTION ERROR:  
Creating connection for 195.231.20.198 using <_io.TextIOWrapper name='logs.json' mode='a' encoding='UTF-8'> and week3-roots.pem
Creating connection for 103.224.212.220 using <_io.TextIOWrapper name='logs.json' mode='a' encoding='UTF-8'> and week3-roots.pem
Creating connection for 64.225.92.12 using <_io.TextIOWrapper name='logs.json' mode='a' encoding='UTF-8'> and week3-roots.pem
Creating connection for 195.68.247.70 using <_io.TextIOWrapper name='logs.json' mode='a' encoding='UTF-8'> and week3-roots.pem
CONNECTION ERROR:  
Creating connection for 59.111.129.134 using <_io.TextIOWrapper name='logs.json' mode='a' encoding='UTF-8'> and week3-roots.pem
Creating connection for 204.228.230.69 using <_io.TextIOWrapper name='logs.json' mode='a' encoding='UTF-8'> and week3-roots.pem
Creating connection for 185.213.81.60 using <_io.TextIOWrapper name='logs.json' mode='a' encoding='UTF-8'> and week3-roots.pem
Creating connection for 52.92.192.51 using <_io.TextIOWrapper name='logs.json' mode='a' encoding='UTF-8'> and week3-roots.pem
Creating connection for 206.219.32.194 using <_io.TextIOWrapper name='logs.json' mode='a' encoding='UTF-8'> and week3-roots.pem
Creating connection for 125.77.168.149 using <_io.TextIOWrapper name='logs.json' mode='a' encoding='UTF-8'> and week3-roots.pem
Creating connection for 5.79.7.224 using <_io.TextIOWrapper name='logs.json' mode='a' encoding='UTF-8'> and week3-roots.pem
Creating connection for 65.9.86.121 using <_io.TextIOWrapper name='logs.json' mode='a' encoding='UTF-8'> and week3-roots.pem
Creating connection for 35.196.93.23 using <_io.TextIOWrapper name='logs.json' mode='a' encoding='UTF-8'> and week3-roots.pem
Creating connection for 52.63.207.132 using <_io.TextIOWrapper name='logs.json' mode='a' encoding='UTF-8'> and week3-roots.pem
CONNECTION ERROR:  
CONNECTION ERROR:  
Creating connection for 104.26.13.33 using <_io.TextIOWrapper name='logs.json' mode='a' encoding='UTF-8'> and week3-roots.pem
CONNECTION ERROR:  
CONNECTION ERROR:  
CONNECTION ERROR:  
Creating connection for 104.21.6.32 using <_io.TextIOWrapper name='logs.json' mode='a' encoding='UTF-8'> and week3-roots.pem
Creating connection for 52.40.79.203 using <_io.TextIOWrapper name='logs.json' mode='a' encoding='UTF-8'> and week3-roots.pem
Creating connection for 104.73.135.169 using <_io.TextIOWrapper name='logs.json' mode='a' encoding='UTF-8'> and week3-roots.pem
Creating connection for 58.218.208.121 using <_io.TextIOWrapper name='logs.json' mode='a' encoding='UTF-8'> and week3-roots.pem
Creating connection for 144.76.40.30 using <_io.TextIOWrapper name='logs.json' mode='a' encoding='UTF-8'> and week3-roots.pem
Creating connection for 103.3.48.139 using <_io.TextIOWrapper name='logs.json' mode='a' encoding='UTF-8'> and week3-roots.pem
CONNECTION ERROR:  
Creating connection for 65.9.86.12 using <_io.TextIOWrapper name='logs.json' mode='a' encoding='UTF-8'> and week3-roots.pem
Creating connection for 65.9.86.98 using <_io.TextIOWrapper name='logs.json' mode='a' encoding='UTF-8'> and week3-roots.pem
Creating connection for 104.18.1.179 using <_io.TextIOWrapper name='logs.json' mode='a' encoding='UTF-8'> and week3-roots.pem
CONNECTION ERROR:  
CONNECTION ERROR:  
CONNECTION ERROR:  
CONNECTION ERROR:  
Creating connection for 207.74.76.2 using <_io.TextIOWrapper name='logs.json' mode='a' encoding='UTF-8'> and week3-roots.pem
Creating connection for 198.57.240.43 using <_io.TextIOWrapper name='logs.json' mode='a' encoding='UTF-8'> and week3-roots.pem
CONNECTION ERROR:  
CONNECTION ERROR:  
CONNECTION ERROR:  
Creating connection for 66.33.210.152 using <_io.TextIOWrapper name='logs.json' mode='a' encoding='UTF-8'> and week3-roots.pem
Creating connection for 37.157.192.160 using <_io.TextIOWrapper name='logs.json' mode='a' encoding='UTF-8'> and week3-roots.pem
Creating connection for 41.78.22.20 using <_io.TextIOWrapper name='logs.json' mode='a' encoding='UTF-8'> and week3-roots.pem
CONNECTION ERROR:  
CONNECTION ERROR:  
Creating connection for 52.36.191.93 using <_io.TextIOWrapper name='logs.json' mode='a' encoding='UTF-8'> and week3-roots.pem
Creating connection for 162.208.89.62 using <_io.TextIOWrapper name='logs.json' mode='a' encoding='UTF-8'> and week3-roots.pem
Creating connection for 3.138.66.38 using <_io.TextIOWrapper name='logs.json' mode='a' encoding='UTF-8'> and week3-roots.pem
Creating connection for 82.146.59.34 using <_io.TextIOWrapper name='logs.json' mode='a' encoding='UTF-8'> and week3-roots.pem
CONNECTION ERROR:  
Creating connection for 198.185.159.145 using <_io.TextIOWrapper name='logs.json' mode='a' encoding='UTF-8'> and week3-roots.pem
Creating connection for 51.68.197.90 using <_io.TextIOWrapper name='logs.json' mode='a' encoding='UTF-8'> and week3-roots.pem
Creating connection for 23.106.253.219 using <_io.TextIOWrapper name='logs.json' mode='a' encoding='UTF-8'> and week3-roots.pem
Creating connection for 104.26.10.63 using <_io.TextIOWrapper name='logs.json' mode='a' encoding='UTF-8'> and week3-roots.pem
Creating connection for 65.9.86.120 using <_io.TextIOWrapper name='logs.json' mode='a' encoding='UTF-8'> and week3-roots.pem
Creating connection for 208.91.197.26 using <_io.TextIOWrapper name='logs.json' mode='a' encoding='UTF-8'> and week3-roots.pem
CONNECTION ERROR:  
Creating connection for 96.16.53.209 using <_io.TextIOWrapper name='logs.json' mode='a' encoding='UTF-8'> and week3-roots.pem
CONNECTION ERROR:  
CONNECTION ERROR:  
Creating connection for 104.73.146.82 using <_io.TextIOWrapper name='logs.json' mode='a' encoding='UTF-8'> and week3-roots.pem
Creating connection for 188.114.96.3 using <_io.TextIOWrapper name='logs.json' mode='a' encoding='UTF-8'> and week3-roots.pem
CONNECTION ERROR:  
Creating connection for 104.18.41.185 using <_io.TextIOWrapper name='logs.json' mode='a' encoding='UTF-8'> and week3-roots.pem
CONNECTION ERROR:  
CONNECTION ERROR:  
Creating connection for 185.230.63.186 using <_io.TextIOWrapper name='logs.json' mode='a' encoding='UTF-8'> and week3-roots.pem
CONNECTION ERROR:  
Creating connection for 104.31.16.3 using <_io.TextIOWrapper name='logs.json' mode='a' encoding='UTF-8'> and week3-roots.pem
CONNECTION ERROR:  
CONNECTION ERROR:  
CONNECTION ERROR:  
Creating connection for 104.22.14.3 using <_io.TextIOWrapper name='logs.json' mode='a' encoding='UTF-8'> and week3-roots.pem
Creating connection for 163.172.152.25 using <_io.TextIOWrapper name='logs.json' mode='a' encoding='UTF-8'> and week3-roots.pem
Creating connection for 54.175.140.248 using <_io.TextIOWrapper name='logs.json' mode='a' encoding='UTF-8'> and week3-roots.pem
CONNECTION ERROR:  
Creating connection for 160.153.155.197 using <_io.TextIOWrapper name='logs.json' mode='a' encoding='UTF-8'> and week3-roots.pem
Creating connection for 172.67.223.110 using <_io.TextIOWrapper name='logs.json' mode='a' encoding='UTF-8'> and week3-roots.pem
Creating connection for 156.251.137.139 using <_io.TextIOWrapper name='logs.json' mode='a' encoding='UTF-8'> and week3-roots.pem
CONNECTION ERROR:  
CONNECTION ERROR:  
CONNECTION ERROR:  
CONNECTION ERROR:  
CONNECTION ERROR:  
CONNECTION ERROR:  
CONNECTION ERROR:  
CONNECTION ERROR:  
CONNECTION ERROR:  
CONNECTION ERROR:  
Creating connection for 47.96.196.196 using <_io.TextIOWrapper name='logs.json' mode='a' encoding='UTF-8'> and week3-roots.pem
Creating connection for 52.202.168.65 using <_io.TextIOWrapper name='logs.json' mode='a' encoding='UTF-8'> and week3-roots.pem
Creating connection for 172.67.199.251 using <_io.TextIOWrapper name='logs.json' mode='a' encoding='UTF-8'> and week3-roots.pem
Creating connection for 207.74.76.2 using <_io.TextIOWrapper name='logs.json' mode='a' encoding='UTF-8'> and week3-roots.pem
Creating connection for 172.66.40.119 using <_io.TextIOWrapper name='logs.json' mode='a' encoding='UTF-8'> and week3-roots.pem
Creating connection for 67.227.226.240 using <_io.TextIOWrapper name='logs.json' mode='a' encoding='UTF-8'> and week3-roots.pem
Creating connection for 173.199.138.223 using <_io.TextIOWrapper name='logs.json' mode='a' encoding='UTF-8'> and week3-roots.pem
Creating connection for 161.47.39.217 using <_io.TextIOWrapper name='logs.json' mode='a' encoding='UTF-8'> and week3-roots.pem
Creating connection for 164.132.15.109 using <_io.TextIOWrapper name='logs.json' mode='a' encoding='UTF-8'> and week3-roots.pem
CONNECTION ERROR:  
CONNECTION ERROR:  
CONNECTION ERROR:  
Creating connection for 92.51.183.222 using <_io.TextIOWrapper name='logs.json' mode='a' encoding='UTF-8'> and week3-roots.pem
CONNECTION ERROR:  
Creating connection for 65.9.86.116 using <_io.TextIOWrapper name='logs.json' mode='a' encoding='UTF-8'> and week3-roots.pem
Creating connection for 188.226.240.9 using <_io.TextIOWrapper name='logs.json' mode='a' encoding='UTF-8'> and week3-roots.pem
Creating connection for 23.222.62.98 using <_io.TextIOWrapper name='logs.json' mode='a' encoding='UTF-8'> and week3-roots.pem
Creating connection for 45.136.49.77 using <_io.TextIOWrapper name='logs.json' mode='a' encoding='UTF-8'> and week3-roots.pem
Creating connection for 65.9.86.116 using <_io.TextIOWrapper name='logs.json' mode='a' encoding='UTF-8'> and week3-roots.pem
CONNECTION ERROR:  
Creating connection for 65.9.86.71 using <_io.TextIOWrapper name='logs.json' mode='a' encoding='UTF-8'> and week3-roots.pem
CONNECTION ERROR:  
CONNECTION ERROR:  
CONNECTION ERROR:  
CONNECTION ERROR:  
CONNECTION ERROR:  
Creating connection for 204.11.58.151 using <_io.TextIOWrapper name='logs.json' mode='a' encoding='UTF-8'> and week3-roots.pem
CONNECTION ERROR:  
CONNECTION ERROR:  
CONNECTION ERROR:  
Creating connection for 198.74.60.239 using <_io.TextIOWrapper name='logs.json' mode='a' encoding='UTF-8'> and week3-roots.pem
Creating connection for 193.178.236.146 using <_io.TextIOWrapper name='logs.json' mode='a' encoding='UTF-8'> and week3-roots.pem
CONNECTION ERROR:  
CONNECTION ERROR:  
CONNECTION ERROR:  
Creating connection for 62.221.208.223 using <_io.TextIOWrapper name='logs.json' mode='a' encoding='UTF-8'> and week3-roots.pem
CONNECTION ERROR:  [Errno 111] Connection refused
CONNECTION ERROR:  
CONNECTION ERROR:  (32, 'EPIPE')
CONNECTION ERROR:  
Creating connection for 92.205.12.199 using <_io.TextIOWrapper name='logs.json' mode='a' encoding='UTF-8'> and week3-roots.pem
CONNECTION ERROR:  
CONNECTION ERROR:  
Creating connection for 34.213.106.51 using <_io.TextIOWrapper name='logs.json' mode='a' encoding='UTF-8'> and week3-roots.pem
CONNECTION ERROR:  
Creating connection for 51.79.72.123 using <_io.TextIOWrapper name='logs.json' mode='a' encoding='UTF-8'> and week3-roots.pem
CONNECTION ERROR:  
Creating connection for 104.26.6.112 using <_io.TextIOWrapper name='logs.json' mode='a' encoding='UTF-8'> and week3-roots.pem
CONNECTION ERROR:  
CONNECTION ERROR:  
CONNECTION ERROR:  
CONNECTION ERROR:  
Creating connection for 104.26.0.240 using <_io.TextIOWrapper name='logs.json' mode='a' encoding='UTF-8'> and week3-roots.pem
CONNECTION ERROR:  
Creating connection for 185.120.144.134 using <_io.TextIOWrapper name='logs.json' mode='a' encoding='UTF-8'> and week3-roots.pem
Creating connection for 96.16.53.204 using <_io.TextIOWrapper name='logs.json' mode='a' encoding='UTF-8'> and week3-roots.pem
Creating connection for 47.96.149.93 using <_io.TextIOWrapper name='logs.json' mode='a' encoding='UTF-8'> and week3-roots.pem
Creating connection for 200.130.33.17 using <_io.TextIOWrapper name='logs.json' mode='a' encoding='UTF-8'> and week3-roots.pem
CONNECTION ERROR:  
Creating connection for 172.67.129.84 using <_io.TextIOWrapper name='logs.json' mode='a' encoding='UTF-8'> and week3-roots.pem
Creating connection for 172.67.186.231 using <_io.TextIOWrapper name='logs.json' mode='a' encoding='UTF-8'> and week3-roots.pem
Creating connection for 172.66.40.188 using <_io.TextIOWrapper name='logs.json' mode='a' encoding='UTF-8'> and week3-roots.pem
CONNECTION ERROR:  [Errno 111] Connection refused
CONNECTION ERROR:  
CONNECTION ERROR:  
Creating connection for 104.21.69.206 using <_io.TextIOWrapper name='logs.json' mode='a' encoding='UTF-8'> and week3-roots.pem
Creating connection for 194.1.147.19 using <_io.TextIOWrapper name='logs.json' mode='a' encoding='UTF-8'> and week3-roots.pem
CONNECTION ERROR:  (32, 'EPIPE')
Creating connection for 194.1.147.87 using <_io.TextIOWrapper name='logs.json' mode='a' encoding='UTF-8'> and week3-roots.pem
Creating connection for 65.9.86.83 using <_io.TextIOWrapper name='logs.json' mode='a' encoding='UTF-8'> and week3-roots.pem
CONNECTION ERROR:  
CONNECTION ERROR:  
CONNECTION ERROR:  
CONNECTION ERROR:  
CONNECTION ERROR:  
Creating connection for 104.17.68.73 using <_io.TextIOWrapper name='logs.json' mode='a' encoding='UTF-8'> and week3-roots.pem
Creating connection for 104.21.14.135 using <_io.TextIOWrapper name='logs.json' mode='a' encoding='UTF-8'> and week3-roots.pem
Creating connection for 23.185.0.2 using <_io.TextIOWrapper name='logs.json' mode='a' encoding='UTF-8'> and week3-roots.pem
CONNECTION ERROR:  
CONNECTION ERROR:  
Creating connection for 163.172.111.72 using <_io.TextIOWrapper name='logs.json' mode='a' encoding='UTF-8'> and week3-roots.pem
CONNECTION ERROR:  
CONNECTION ERROR:  
CONNECTION ERROR:  
Creating connection for 104.26.5.136 using <_io.TextIOWrapper name='logs.json' mode='a' encoding='UTF-8'> and week3-roots.pem
CONNECTION ERROR:  
CONNECTION ERROR:  
Creating connection for 80.87.203.252 using <_io.TextIOWrapper name='logs.json' mode='a' encoding='UTF-8'> and week3-roots.pem
Creating connection for 198.185.159.145 using <_io.TextIOWrapper name='logs.json' mode='a' encoding='UTF-8'> and week3-roots.pem
Creating connection for 216.239.32.21 using <_io.TextIOWrapper name='logs.json' mode='a' encoding='UTF-8'> and week3-roots.pemCONNECTION ERROR:  

CONNECTION ERROR:  
CONNECTION ERROR:  
CONNECTION ERROR:  
Creating connection for 172.67.70.5 using <_io.TextIOWrapper name='logs.json' mode='a' encoding='UTF-8'> and week3-roots.pem
Creating connection for 104.21.23.141 using <_io.TextIOWrapper name='logs.json' mode='a' encoding='UTF-8'> and week3-roots.pem
CONNECTION ERROR:  
CONNECTION ERROR:  
CONNECTION ERROR:  
CONNECTION ERROR:  
CONNECTION ERROR:  
Creating connection for 172.67.171.103 using <_io.TextIOWrapper name='logs.json' mode='a' encoding='UTF-8'> and week3-roots.pem
CONNECTION ERROR:  
CONNECTION ERROR:  
Creating connection for 172.67.137.190 using <_io.TextIOWrapper name='logs.json' mode='a' encoding='UTF-8'> and week3-roots.pem
Creating connection for 104.21.29.78 using <_io.TextIOWrapper name='logs.json' mode='a' encoding='UTF-8'> and week3-roots.pem
Creating connection for 104.193.252.8 using <_io.TextIOWrapper name='logs.json' mode='a' encoding='UTF-8'> and week3-roots.pem
Creating connection for 194.58.37.103 using <_io.TextIOWrapper name='logs.json' mode='a' encoding='UTF-8'> and week3-roots.pem
CONNECTION ERROR:  
CONNECTION ERROR:  
Creating connection for 65.9.86.58 using <_io.TextIOWrapper name='logs.json' mode='a' encoding='UTF-8'> and week3-roots.pem
Creating connection for 74.208.236.61 using <_io.TextIOWrapper name='logs.json' mode='a' encoding='UTF-8'> and week3-roots.pem
CONNECTION ERROR:  
Creating connection for 65.9.86.93 using <_io.TextIOWrapper name='logs.json' mode='a' encoding='UTF-8'> and week3-roots.pem
CONNECTION ERROR:  
CONNECTION ERROR:  
Creating connection for 65.9.86.97 using <_io.TextIOWrapper name='logs.json' mode='a' encoding='UTF-8'> and week3-roots.pem
Creating connection for 95.217.219.20 using <_io.TextIOWrapper name='logs.json' mode='a' encoding='UTF-8'> and week3-roots.pem
CONNECTION ERROR:  
Creating connection for 221.231.81.242 using <_io.TextIOWrapper name='logs.json' mode='a' encoding='UTF-8'> and week3-roots.pem
CONNECTION ERROR:  
Creating connection for 65.9.86.81 using <_io.TextIOWrapper name='logs.json' mode='a' encoding='UTF-8'> and week3-roots.pem
CONNECTION ERROR:  
CONNECTION ERROR:  
CONNECTION ERROR:  
Creating connection for 104.26.0.188 using <_io.TextIOWrapper name='logs.json' mode='a' encoding='UTF-8'> and week3-roots.pem
Creating connection for 82.202.212.53 using <_io.TextIOWrapper name='logs.json' mode='a' encoding='UTF-8'> and week3-roots.pem
Creating connection for 54.68.182.72 using <_io.TextIOWrapper name='logs.json' mode='a' encoding='UTF-8'> and week3-roots.pem
CONNECTION ERROR:  
CONNECTION ERROR:  [Errno 111] Connection refused
CONNECTION ERROR:  
Creating connection for 162.0.209.201 using <_io.TextIOWrapper name='logs.json' mode='a' encoding='UTF-8'> and week3-roots.pem
Creating connection for 207.246.77.130 using <_io.TextIOWrapper name='logs.json' mode='a' encoding='UTF-8'> and week3-roots.pem
CONNECTION ERROR:  
CONNECTION ERROR:  (32, 'EPIPE')
CONNECTION ERROR:  
Creating connection for 172.67.162.95 using <_io.TextIOWrapper name='logs.json' mode='a' encoding='UTF-8'> and week3-roots.pem
CONNECTION ERROR:  
Creating connection for 65.9.86.58 using <_io.TextIOWrapper name='logs.json' mode='a' encoding='UTF-8'> and week3-roots.pem
CONNECTION ERROR:  
CONNECTION ERROR:  
Creating connection for 20.58.35.19 using <_io.TextIOWrapper name='logs.json' mode='a' encoding='UTF-8'> and week3-roots.pem
Creating connection for 192.3.202.202 using <_io.TextIOWrapper name='logs.json' mode='a' encoding='UTF-8'> and week3-roots.pem
Creating connection for 104.238.205.80 using <_io.TextIOWrapper name='logs.json' mode='a' encoding='UTF-8'> and week3-roots.pem
Creating connection for 63.247.112.10 using <_io.TextIOWrapper name='logs.json' mode='a' encoding='UTF-8'> and week3-roots.pem
Creating connection for 77.36.160.20 using <_io.TextIOWrapper name='logs.json' mode='a' encoding='UTF-8'> and week3-roots.pem
Creating connection for 104.17.87.107 using <_io.TextIOWrapper name='logs.json' mode='a' encoding='UTF-8'> and week3-roots.pem
Creating connection for 172.64.106.29 using <_io.TextIOWrapper name='logs.json' mode='a' encoding='UTF-8'> and week3-roots.pem
Creating connection for 192.0.66.146 using <_io.TextIOWrapper name='logs.json' mode='a' encoding='UTF-8'> and week3-roots.pem
Creating connection for 165.227.49.159 using <_io.TextIOWrapper name='logs.json' mode='a' encoding='UTF-8'> and week3-roots.pem
CONNECTION ERROR:  
Creating connection for 104.26.12.96 using <_io.TextIOWrapper name='logs.json' mode='a' encoding='UTF-8'> and week3-roots.pem
Creating connection for 104.21.18.99 using <_io.TextIOWrapper name='logs.json' mode='a' encoding='UTF-8'> and week3-roots.pem
CONNECTION ERROR:  
Creating connection for 104.21.72.206 using <_io.TextIOWrapper name='logs.json' mode='a' encoding='UTF-8'> and week3-roots.pem
CONNECTION ERROR:  
Creating connection for 104.26.10.227 using <_io.TextIOWrapper name='logs.json' mode='a' encoding='UTF-8'> and week3-roots.pem
Creating connection for 176.34.9.142 using <_io.TextIOWrapper name='logs.json' mode='a' encoding='UTF-8'> and week3-roots.pem
Creating connection for 188.114.96.2 using <_io.TextIOWrapper name='logs.json' mode='a' encoding='UTF-8'> and week3-roots.pem
Creating connection for 94.23.154.108 using <_io.TextIOWrapper name='logs.json' mode='a' encoding='UTF-8'> and week3-roots.pem
Creating connection for 3.121.65.15 using <_io.TextIOWrapper name='logs.json' mode='a' encoding='UTF-8'> and week3-roots.pem
Creating connection for 193.75.92.48 using <_io.TextIOWrapper name='logs.json' mode='a' encoding='UTF-8'> and week3-roots.pem
CONNECTION ERROR:  
Creating connection for 88.99.143.141 using <_io.TextIOWrapper name='logs.json' mode='a' encoding='UTF-8'> and week3-roots.pem
Creating connection for 208.91.197.23 using <_io.TextIOWrapper name='logs.json' mode='a' encoding='UTF-8'> and week3-roots.pem
CONNECTION ERROR:  
CONNECTION ERROR:  
Creating connection for 23.38.20.34 using <_io.TextIOWrapper name='logs.json' mode='a' encoding='UTF-8'> and week3-roots.pem
Creating connection for 65.9.86.39 using <_io.TextIOWrapper name='logs.json' mode='a' encoding='UTF-8'> and week3-roots.pem
CONNECTION ERROR:  
CONNECTION ERROR:  
CONNECTION ERROR:  
Creating connection for 94.124.1.225 using <_io.TextIOWrapper name='logs.json' mode='a' encoding='UTF-8'> and week3-roots.pem
CONNECTION ERROR:  
CONNECTION ERROR:  
CONNECTION ERROR:  
CONNECTION ERROR:  
CONNECTION ERROR:  
Creating connection for 85.159.209.74 using <_io.TextIOWrapper name='logs.json' mode='a' encoding='UTF-8'> and week3-roots.pem
Creating connection for 5.61.54.96 using <_io.TextIOWrapper name='logs.json' mode='a' encoding='UTF-8'> and week3-roots.pem
CONNECTION ERROR:  
CONNECTION ERROR:  
CONNECTION ERROR:  
CONNECTION ERROR:  
CONNECTION ERROR:  
CONNECTION ERROR:  
CONNECTION ERROR:  
CONNECTION ERROR:  
CONNECTION ERROR:  
CONNECTION ERROR:  
CONNECTION ERROR:  
CONNECTION ERROR:  
CONNECTION ERROR:  [Errno 111] Connection refused
CONNECTION ERROR:  
CONNECTION ERROR:  
Creating connection for 67.228.186.92 using <_io.TextIOWrapper name='logs.json' mode='a' encoding='UTF-8'> and week3-roots.pem
Creating connection for 198.46.81.195 using <_io.TextIOWrapper name='logs.json' mode='a' encoding='UTF-8'> and week3-roots.pem
CONNECTION ERROR:  (32, 'EPIPE')
Creating connection for 188.114.96.2 using <_io.TextIOWrapper name='logs.json' mode='a' encoding='UTF-8'> and week3-roots.pem
CONNECTION ERROR:  
Creating connection for 65.9.86.29 using <_io.TextIOWrapper name='logs.json' mode='a' encoding='UTF-8'> and week3-roots.pem
Creating connection for 164.68.102.83 using <_io.TextIOWrapper name='logs.json' mode='a' encoding='UTF-8'> and week3-roots.pem
CONNECTION ERROR:  
CONNECTION ERROR:  
CONNECTION ERROR:  
Creating connection for 188.114.97.12 using <_io.TextIOWrapper name='logs.json' mode='a' encoding='UTF-8'> and week3-roots.pem
CONNECTION ERROR:  
Creating connection for 65.9.86.87 using <_io.TextIOWrapper name='logs.json' mode='a' encoding='UTF-8'> and week3-roots.pem
Creating connection for 199.60.103.228 using <_io.TextIOWrapper name='logs.json' mode='a' encoding='UTF-8'> and week3-roots.pem
Creating connection for 65.9.86.129 using <_io.TextIOWrapper name='logs.json' mode='a' encoding='UTF-8'> and week3-roots.pem
Creating connection for 65.9.86.2 using <_io.TextIOWrapper name='logs.json' mode='a' encoding='UTF-8'> and week3-roots.pem
Creating connection for 99.192.211.18 using <_io.TextIOWrapper name='logs.json' mode='a' encoding='UTF-8'> and week3-roots.pem
Creating connection for 54.36.117.162 using <_io.TextIOWrapper name='logs.json' mode='a' encoding='UTF-8'> and week3-roots.pem
CONNECTION ERROR:  
CONNECTION ERROR:  [Errno 111] Connection refused
Creating connection for 217.26.55.100 using <_io.TextIOWrapper name='logs.json' mode='a' encoding='UTF-8'> and week3-roots.pem
CONNECTION ERROR:  
Creating connection for 104.21.19.137 using <_io.TextIOWrapper name='logs.json' mode='a' encoding='UTF-8'> and week3-roots.pem
Creating connection for 104.26.9.251 using <_io.TextIOWrapper name='logs.json' mode='a' encoding='UTF-8'> and week3-roots.pem
Creating connection for 116.62.229.131 using <_io.TextIOWrapper name='logs.json' mode='a' encoding='UTF-8'> and week3-roots.pem
CONNECTION ERROR:  
Creating connection for 60.208.61.188 using <_io.TextIOWrapper name='logs.json' mode='a' encoding='UTF-8'> and week3-roots.pem
CONNECTION ERROR:  
CONNECTION ERROR:  
CONNECTION ERROR:  
Creating connection for 104.237.147.197 using <_io.TextIOWrapper name='logs.json' mode='a' encoding='UTF-8'> and week3-roots.pem
Creating connection for 198.185.159.144 using <_io.TextIOWrapper name='logs.json' mode='a' encoding='UTF-8'> and week3-roots.pem
Creating connection for 104.21.76.113 using <_io.TextIOWrapper name='logs.json' mode='a' encoding='UTF-8'> and week3-roots.pem
Creating connection for 3.90.71.204 using <_io.TextIOWrapper name='logs.json' mode='a' encoding='UTF-8'> and week3-roots.pem
CONNECTION ERROR:  (32, 'EPIPE')
CONNECTION ERROR:  
CONNECTION ERROR:  
CONNECTION ERROR:  
CONNECTION ERROR:  
CONNECTION ERROR:  
CONNECTION ERROR:  
CONNECTION ERROR:  
CONNECTION ERROR:  
Creating connection for 172.67.152.48 using <_io.TextIOWrapper name='logs.json' mode='a' encoding='UTF-8'> and week3-roots.pem
Creating connection for 172.64.100.29 using <_io.TextIOWrapper name='logs.json' mode='a' encoding='UTF-8'> and week3-roots.pem
Creating connection for 162.0.209.108 using <_io.TextIOWrapper name='logs.json' mode='a' encoding='UTF-8'> and week3-roots.pem
Creating connection for 65.9.86.22 using <_io.TextIOWrapper name='logs.json' mode='a' encoding='UTF-8'> and week3-roots.pem
CONNECTION ERROR:  
Creating connection for 160.36.239.220 using <_io.TextIOWrapper name='logs.json' mode='a' encoding='UTF-8'> and week3-roots.pem
Creating connection for 188.94.248.53 using <_io.TextIOWrapper name='logs.json' mode='a' encoding='UTF-8'> and week3-roots.pem
Creating connection for 23.227.38.74 using <_io.TextIOWrapper name='logs.json' mode='a' encoding='UTF-8'> and week3-roots.pem
Creating connection for 102.37.107.160 using <_io.TextIOWrapper name='logs.json' mode='a' encoding='UTF-8'> and week3-roots.pem
CONNECTION ERROR:  
Creating connection for 63.250.43.13 using <_io.TextIOWrapper name='logs.json' mode='a' encoding='UTF-8'> and week3-roots.pem
CONNECTION ERROR:  
Creating connection for 96.16.53.196 using <_io.TextIOWrapper name='logs.json' mode='a' encoding='UTF-8'> and week3-roots.pem
CONNECTION ERROR:  
CONNECTION ERROR:  
Creating connection for 174.36.183.108 using <_io.TextIOWrapper name='logs.json' mode='a' encoding='UTF-8'> and week3-roots.pem
CONNECTION ERROR:  
CONNECTION ERROR:  
Creating connection for 3.33.210.219 using <_io.TextIOWrapper name='logs.json' mode='a' encoding='UTF-8'> and week3-roots.pem
Creating connection for 188.114.97.2 using <_io.TextIOWrapper name='logs.json' mode='a' encoding='UTF-8'> and week3-roots.pem
CONNECTION ERROR:  
Creating connection for 13.82.93.245 using <_io.TextIOWrapper name='logs.json' mode='a' encoding='UTF-8'> and week3-roots.pem
CONNECTION ERROR:  
CONNECTION ERROR:  
Creating connection for 60.208.52.142 using <_io.TextIOWrapper name='logs.json' mode='a' encoding='UTF-8'> and week3-roots.pem
Creating connection for 104.21.82.174 using <_io.TextIOWrapper name='logs.json' mode='a' encoding='UTF-8'> and week3-roots.pem
CONNECTION ERROR:  
Creating connection for 104.21.75.149 using <_io.TextIOWrapper name='logs.json' mode='a' encoding='UTF-8'> and week3-roots.pem
Creating connection for 65.9.86.40 using <_io.TextIOWrapper name='logs.json' mode='a' encoding='UTF-8'> and week3-roots.pem
Creating connection for 208.91.197.25 using <_io.TextIOWrapper name='logs.json' mode='a' encoding='UTF-8'> and week3-roots.pem
Creating connection for 172.67.209.11 using <_io.TextIOWrapper name='logs.json' mode='a' encoding='UTF-8'> and week3-roots.pem
CONNECTION ERROR:  
Creating connection for 37.9.169.172 using <_io.TextIOWrapper name='logs.json' mode='a' encoding='UTF-8'> and week3-roots.pem
Creating connection for 166.70.53.241 using <_io.TextIOWrapper name='logs.json' mode='a' encoding='UTF-8'> and week3-roots.pem
Creating connection for 216.239.32.21 using <_io.TextIOWrapper name='logs.json' mode='a' encoding='UTF-8'> and week3-roots.pem
Creating connection for 156.251.139.118 using <_io.TextIOWrapper name='logs.json' mode='a' encoding='UTF-8'> and week3-roots.pem
CONNECTION ERROR:  
Creating connection for 108.62.116.212 using <_io.TextIOWrapper name='logs.json' mode='a' encoding='UTF-8'> and week3-roots.pem
Creating connection for 147.50.231.96 using <_io.TextIOWrapper name='logs.json' mode='a' encoding='UTF-8'> and week3-roots.pem
CONNECTION ERROR:  
Creating connection for 18.158.129.96 using <_io.TextIOWrapper name='logs.json' mode='a' encoding='UTF-8'> and week3-roots.pem
Creating connection for 104.22.69.85 using <_io.TextIOWrapper name='logs.json' mode='a' encoding='UTF-8'> and week3-roots.pem
CONNECTION ERROR:  
Creating connection for 13.88.18.55 using <_io.TextIOWrapper name='logs.json' mode='a' encoding='UTF-8'> and week3-roots.pem
Creating connection for 65.9.86.84 using <_io.TextIOWrapper name='logs.json' mode='a' encoding='UTF-8'> and week3-roots.pem
Creating connection for 65.9.86.80 using <_io.TextIOWrapper name='logs.json' mode='a' encoding='UTF-8'> and week3-roots.pem
CONNECTION ERROR:  
CONNECTION ERROR:  
Creating connection for 47.244.88.133 using <_io.TextIOWrapper name='logs.json' mode='a' encoding='UTF-8'> and week3-roots.pem
Creating connection for 185.201.114.62 using <_io.TextIOWrapper name='logs.json' mode='a' encoding='UTF-8'> and week3-roots.pem
Creating connection for 198.185.159.145 using <_io.TextIOWrapper name='logs.json' mode='a' encoding='UTF-8'> and week3-roots.pem
CONNECTION ERROR:  [Errno 111] Connection refused
CONNECTION ERROR:  (32, 'EPIPE')
CONNECTION ERROR:  
CONNECTION ERROR:  
CONNECTION ERROR:  
CONNECTION ERROR:  
CONNECTION ERROR:  
CONNECTION ERROR:  
CONNECTION ERROR:  
Creating connection for 18.158.98.109 using <_io.TextIOWrapper name='logs.json' mode='a' encoding='UTF-8'> and week3-roots.pem
CONNECTION ERROR:  
Creating connection for 160.16.109.228 using <_io.TextIOWrapper name='logs.json' mode='a' encoding='UTF-8'> and week3-roots.pem
Creating connection for 172.66.40.194 using <_io.TextIOWrapper name='logs.json' mode='a' encoding='UTF-8'> and week3-roots.pem
Creating connection for 172.67.15.201 using <_io.TextIOWrapper name='logs.json' mode='a' encoding='UTF-8'> and week3-roots.pem
CONNECTION ERROR:  
Creating connection for 3.33.152.147 using <_io.TextIOWrapper name='logs.json' mode='a' encoding='UTF-8'> and week3-roots.pem
Creating connection for 216.128.135.127 using <_io.TextIOWrapper name='logs.json' mode='a' encoding='UTF-8'> and week3-roots.pem
Creating connection for 65.9.86.71 using <_io.TextIOWrapper name='logs.json' mode='a' encoding='UTF-8'> and week3-roots.pem
CONNECTION ERROR:  
CONNECTION ERROR:  
CONNECTION ERROR:  
CONNECTION ERROR:  
Creating connection for 37.1.219.233 using <_io.TextIOWrapper name='logs.json' mode='a' encoding='UTF-8'> and week3-roots.pem
Creating connection for 112.90.43.63 using <_io.TextIOWrapper name='logs.json' mode='a' encoding='UTF-8'> and week3-roots.pem
Creating connection for 104.16.33.40 using <_io.TextIOWrapper name='logs.json' mode='a' encoding='UTF-8'> and week3-roots.pem
CONNECTION ERROR:  
Creating connection for 104.21.78.103 using <_io.TextIOWrapper name='logs.json' mode='a' encoding='UTF-8'> and week3-roots.pem
Creating connection for 65.9.86.107 using <_io.TextIOWrapper name='logs.json' mode='a' encoding='UTF-8'> and week3-roots.pem
Creating connection for 192.0.66.128 using <_io.TextIOWrapper name='logs.json' mode='a' encoding='UTF-8'> and week3-roots.pem
Creating connection for 104.198.39.176 using <_io.TextIOWrapper name='logs.json' mode='a' encoding='UTF-8'> and week3-roots.pem
Creating connection for 185.199.218.8 using <_io.TextIOWrapper name='logs.json' mode='a' encoding='UTF-8'> and week3-roots.pem
CONNECTION ERROR:  
CONNECTION ERROR:  
CONNECTION ERROR:  
CONNECTION ERROR:  
Creating connection for 15.197.204.96 using <_io.TextIOWrapper name='logs.json' mode='a' encoding='UTF-8'> and week3-roots.pem
Creating connection for 98.129.90.235 using <_io.TextIOWrapper name='logs.json' mode='a' encoding='UTF-8'> and week3-roots.pem
Creating connection for 93.88.74.121 using <_io.TextIOWrapper name='logs.json' mode='a' encoding='UTF-8'> and week3-roots.pem
Creating connection for 91.230.151.188 using <_io.TextIOWrapper name='logs.json' mode='a' encoding='UTF-8'> and week3-roots.pem
Creating connection for 47.108.157.36 using <_io.TextIOWrapper name='logs.json' mode='a' encoding='UTF-8'> and week3-roots.pem
CONNECTION ERROR:  
CONNECTION ERROR:  
CONNECTION ERROR:  
Creating connection for 65.9.86.38 using <_io.TextIOWrapper name='logs.json' mode='a' encoding='UTF-8'> and week3-roots.pem
CONNECTION ERROR:  
CONNECTION ERROR:  
Creating connection for 185.132.179.248 using <_io.TextIOWrapper name='logs.json' mode='a' encoding='UTF-8'> and week3-roots.pem
Creating connection for 172.67.145.89 using <_io.TextIOWrapper name='logs.json' mode='a' encoding='UTF-8'> and week3-roots.pem
Creating connection for 172.67.204.91 using <_io.TextIOWrapper name='logs.json' mode='a' encoding='UTF-8'> and week3-roots.pem
CONNECTION ERROR:  
Creating connection for 52.9.116.147 using <_io.TextIOWrapper name='logs.json' mode='a' encoding='UTF-8'> and week3-roots.pem
Creating connection for 191.6.211.62 using <_io.TextIOWrapper name='logs.json' mode='a' encoding='UTF-8'> and week3-roots.pem
CONNECTION ERROR:  
CONNECTION ERROR:  
Creating connection for 104.22.59.149 using <_io.TextIOWrapper name='logs.json' mode='a' encoding='UTF-8'> and week3-roots.pem
CONNECTION ERROR:  
CONNECTION ERROR:  
CONNECTION ERROR:  
Creating connection for 172.67.134.75 using <_io.TextIOWrapper name='logs.json' mode='a' encoding='UTF-8'> and week3-roots.pem
CONNECTION ERROR:  
Creating connection for 107.154.251.48 using <_io.TextIOWrapper name='logs.json' mode='a' encoding='UTF-8'> and week3-roots.pem
Creating connection for 172.67.146.198 using <_io.TextIOWrapper name='logs.json' mode='a' encoding='UTF-8'> and week3-roots.pem
Creating connection for 104.21.52.214 using <_io.TextIOWrapper name='logs.json' mode='a' encoding='UTF-8'> and week3-roots.pem
Creating connection for 23.227.38.65 using <_io.TextIOWrapper name='logs.json' mode='a' encoding='UTF-8'> and week3-roots.pem
Creating connection for 34.159.137.246 using <_io.TextIOWrapper name='logs.json' mode='a' encoding='UTF-8'> and week3-roots.pem
CONNECTION ERROR:  
Creating connection for 206.188.193.205 using <_io.TextIOWrapper name='logs.json' mode='a' encoding='UTF-8'> and week3-roots.pem
CONNECTION ERROR:  [Errno 111] Connection refused
CONNECTION ERROR:  
CONNECTION ERROR:  
Creating connection for 65.9.86.6 using <_io.TextIOWrapper name='logs.json' mode='a' encoding='UTF-8'> and week3-roots.pem
CONNECTION ERROR:  
CONNECTION ERROR:  (32, 'EPIPE')
CONNECTION ERROR:  [Errno 111] Connection refused
Creating connection for 199.168.114.96 using <_io.TextIOWrapper name='logs.json' mode='a' encoding='UTF-8'> and week3-roots.pem
CONNECTION ERROR:  
CONNECTION ERROR:  
CONNECTION ERROR:  (32, 'EPIPE')
Creating connection for 104.21.56.24 using <_io.TextIOWrapper name='logs.json' mode='a' encoding='UTF-8'> and week3-roots.pem
Creating connection for 83.169.41.77 using <_io.TextIOWrapper name='logs.json' mode='a' encoding='UTF-8'> and week3-roots.pem
CONNECTION ERROR:  
CONNECTION ERROR:  
CONNECTION ERROR:  
Creating connection for 52.78.170.108 using <_io.TextIOWrapper name='logs.json' mode='a' encoding='UTF-8'> and week3-roots.pem
CONNECTION ERROR:  
Creating connection for 65.9.86.95 using <_io.TextIOWrapper name='logs.json' mode='a' encoding='UTF-8'> and week3-roots.pem
Creating connection for 52.32.83.242 using <_io.TextIOWrapper name='logs.json' mode='a' encoding='UTF-8'> and week3-roots.pem
Creating connection for 54.194.170.100 using <_io.TextIOWrapper name='logs.json' mode='a' encoding='UTF-8'> and week3-roots.pem
CONNECTION ERROR:  
Creating connection for 65.9.86.125 using <_io.TextIOWrapper name='logs.json' mode='a' encoding='UTF-8'> and week3-roots.pem
Creating connection for 94.142.142.152 using <_io.TextIOWrapper name='logs.json' mode='a' encoding='UTF-8'> and week3-roots.pem
Creating connection for 188.114.96.2 using <_io.TextIOWrapper name='logs.json' mode='a' encoding='UTF-8'> and week3-roots.pem
Creating connection for 65.9.66.88 using <_io.TextIOWrapper name='logs.json' mode='a' encoding='UTF-8'> and week3-roots.pem
CONNECTION ERROR:  
CONNECTION ERROR:  
CONNECTION ERROR:  
CONNECTION ERROR:  [Errno 113] No route to host
CONNECTION ERROR:  
CONNECTION ERROR:  
Creating connection for 103.246.246.43 using <_io.TextIOWrapper name='logs.json' mode='a' encoding='UTF-8'> and week3-roots.pem
Creating connection for 83.138.85.137 using <_io.TextIOWrapper name='logs.json' mode='a' encoding='UTF-8'> and week3-roots.pem
CONNECTION ERROR:  (32, 'EPIPE')
CONNECTION ERROR:  
Creating connection for 52.16.154.249 using <_io.TextIOWrapper name='logs.json' mode='a' encoding='UTF-8'> and week3-roots.pem
Creating connection for 172.67.32.100 using <_io.TextIOWrapper name='logs.json' mode='a' encoding='UTF-8'> and week3-roots.pem
CONNECTION ERROR:  
CONNECTION ERROR:  
Creating connection for 104.16.196.236 using <_io.TextIOWrapper name='logs.json' mode='a' encoding='UTF-8'> and week3-roots.pem
Creating connection for 104.26.7.35 using <_io.TextIOWrapper name='logs.json' mode='a' encoding='UTF-8'> and week3-roots.pem
Creating connection for 61.238.72.48 using <_io.TextIOWrapper name='logs.json' mode='a' encoding='UTF-8'> and week3-roots.pem
Creating connection for 3.7.141.177 using <_io.TextIOWrapper name='logs.json' mode='a' encoding='UTF-8'> and week3-roots.pem
CONNECTION ERROR:  
CONNECTION ERROR:  
CONNECTION ERROR:  
CONNECTION ERROR:  
CONNECTION ERROR:  
CONNECTION ERROR:  
CONNECTION ERROR:  
Creating connection for 151.101.66.125 using <_io.TextIOWrapper name='logs.json' mode='a' encoding='UTF-8'> and week3-roots.pem
CONNECTION ERROR:  
CONNECTION ERROR:  
Creating connection for 77.73.24.22 using <_io.TextIOWrapper name='logs.json' mode='a' encoding='UTF-8'> and week3-roots.pem
CONNECTION ERROR:  
Creating connection for 109.75.172.192 using <_io.TextIOWrapper name='logs.json' mode='a' encoding='UTF-8'> and week3-roots.pem
CONNECTION ERROR:  
Creating connection for 104.21.72.103 using <_io.TextIOWrapper name='logs.json' mode='a' encoding='UTF-8'> and week3-roots.pem
Creating connection for 188.93.56.54 using <_io.TextIOWrapper name='logs.json' mode='a' encoding='UTF-8'> and week3-roots.pem
CONNECTION ERROR:  
CONNECTION ERROR:  
CONNECTION ERROR:  
Creating connection for 216.239.34.21 using <_io.TextIOWrapper name='logs.json' mode='a' encoding='UTF-8'> and week3-roots.pem
CONNECTION ERROR:  
Creating connection for 151.139.128.10 using <_io.TextIOWrapper name='logs.json' mode='a' encoding='UTF-8'> and week3-roots.pem
Creating connection for 39.107.46.229 using <_io.TextIOWrapper name='logs.json' mode='a' encoding='UTF-8'> and week3-roots.pem
CONNECTION ERROR:  
Creating connection for 172.67.151.110 using <_io.TextIOWrapper name='logs.json' mode='a' encoding='UTF-8'> and week3-roots.pem
CONNECTION ERROR:  
Creating connection for 104.21.48.129 using <_io.TextIOWrapper name='logs.json' mode='a' encoding='UTF-8'> and week3-roots.pem
Creating connection for 217.61.37.24 using <_io.TextIOWrapper name='logs.json' mode='a' encoding='UTF-8'> and week3-roots.pem
CONNECTION ERROR:  
CONNECTION ERROR:  
CONNECTION ERROR:  
CONNECTION ERROR:  
CONNECTION ERROR:  
CONNECTION ERROR:  
CONNECTION ERROR:  
CONNECTION ERROR:  
CONNECTION ERROR:  
Creating connection for 175.6.201.151 using <_io.TextIOWrapper name='logs.json' mode='a' encoding='UTF-8'> and week3-roots.pem
Creating connection for 198.185.159.145 using <_io.TextIOWrapper name='logs.json' mode='a' encoding='UTF-8'> and week3-roots.pem
Creating connection for 148.163.122.45 using <_io.TextIOWrapper name='logs.json' mode='a' encoding='UTF-8'> and week3-roots.pem
Creating connection for 34.198.186.146 using <_io.TextIOWrapper name='logs.json' mode='a' encoding='UTF-8'> and week3-roots.pem
CONNECTION ERROR:  
CONNECTION ERROR:  
Creating connection for 65.9.86.67 using <_io.TextIOWrapper name='logs.json' mode='a' encoding='UTF-8'> and week3-roots.pem
Creating connection for 172.67.151.167 using <_io.TextIOWrapper name='logs.json' mode='a' encoding='UTF-8'> and week3-roots.pem
Creating connection for 46.22.132.22 using <_io.TextIOWrapper name='logs.json' mode='a' encoding='UTF-8'> and week3-roots.pem
Creating connection for 65.9.86.24 using <_io.TextIOWrapper name='logs.json' mode='a' encoding='UTF-8'> and week3-roots.pem
CONNECTION ERROR:  
Creating connection for 3.11.93.128 using <_io.TextIOWrapper name='logs.json' mode='a' encoding='UTF-8'> and week3-roots.pem
CONNECTION ERROR:  
Creating connection for 172.67.157.59 using <_io.TextIOWrapper name='logs.json' mode='a' encoding='UTF-8'> and week3-roots.pem
Creating connection for 104.26.4.186 using <_io.TextIOWrapper name='logs.json' mode='a' encoding='UTF-8'> and week3-roots.pem
CONNECTION ERROR:  
Creating connection for 172.67.71.160 using <_io.TextIOWrapper name='logs.json' mode='a' encoding='UTF-8'> and week3-roots.pem
Creating connection for 172.67.178.96 using <_io.TextIOWrapper name='logs.json' mode='a' encoding='UTF-8'> and week3-roots.pem
Creating connection for 99.83.140.216 using <_io.TextIOWrapper name='logs.json' mode='a' encoding='UTF-8'> and week3-roots.pem
Creating connection for 104.21.36.208 using <_io.TextIOWrapper name='logs.json' mode='a' encoding='UTF-8'> and week3-roots.pem
CONNECTION ERROR:  
CONNECTION ERROR:  
Creating connection for 212.30.38.24 using <_io.TextIOWrapper name='logs.json' mode='a' encoding='UTF-8'> and week3-roots.pem
Creating connection for 200.18.15.19 using <_io.TextIOWrapper name='logs.json' mode='a' encoding='UTF-8'> and week3-roots.pem
Creating connection for 146.145.113.183 using <_io.TextIOWrapper name='logs.json' mode='a' encoding='UTF-8'> and week3-roots.pem
CONNECTION ERROR:  
CONNECTION ERROR:  
Creating connection for 104.200.22.214 using <_io.TextIOWrapper name='logs.json' mode='a' encoding='UTF-8'> and week3-roots.pem
Creating connection for 172.67.135.81 using <_io.TextIOWrapper name='logs.json' mode='a' encoding='UTF-8'> and week3-roots.pem
CONNECTION ERROR:  
CONNECTION ERROR:  
Creating connection for 104.21.235.160 using <_io.TextIOWrapper name='logs.json' mode='a' encoding='UTF-8'> and week3-roots.pem
Creating connection for 103.113.0.186 using <_io.TextIOWrapper name='logs.json' mode='a' encoding='UTF-8'> and week3-roots.pem
CONNECTION ERROR:  
Creating connection for 185.132.179.248 using <_io.TextIOWrapper name='logs.json' mode='a' encoding='UTF-8'> and week3-roots.pem
CONNECTION ERROR:  
Creating connection for 54.199.90.60 using <_io.TextIOWrapper name='logs.json' mode='a' encoding='UTF-8'> and week3-roots.pem
CONNECTION ERROR:  
CONNECTION ERROR:  
Creating connection for 52.40.102.173 using <_io.TextIOWrapper name='logs.json' mode='a' encoding='UTF-8'> and week3-roots.pem
CONNECTION ERROR:  [Errno 111] Connection refused
Creating connection for 217.61.52.165 using <_io.TextIOWrapper name='logs.json' mode='a' encoding='UTF-8'> and week3-roots.pem
CONNECTION ERROR:  
Creating connection for 104.21.70.188 using <_io.TextIOWrapper name='logs.json' mode='a' encoding='UTF-8'> and week3-roots.pem
CONNECTION ERROR:  (32, 'EPIPE')
CONNECTION ERROR:  
Creating connection for 85.17.31.122 using <_io.TextIOWrapper name='logs.json' mode='a' encoding='UTF-8'> and week3-roots.pem
Creating connection for 52.1.221.74 using <_io.TextIOWrapper name='logs.json' mode='a' encoding='UTF-8'> and week3-roots.pem
Creating connection for 54.38.46.182 using <_io.TextIOWrapper name='logs.json' mode='a' encoding='UTF-8'> and week3-roots.pem
Creating connection for 104.26.13.97 using <_io.TextIOWrapper name='logs.json' mode='a' encoding='UTF-8'> and week3-roots.pem
CONNECTION ERROR:  
Creating connection for 37.72.69.18 using <_io.TextIOWrapper name='logs.json' mode='a' encoding='UTF-8'> and week3-roots.pem
CONNECTION ERROR:  [Errno 111] Connection refused
CONNECTION ERROR:  (32, 'EPIPE')
Creating connection for 104.21.25.79 using <_io.TextIOWrapper name='logs.json' mode='a' encoding='UTF-8'> and week3-roots.pem
Creating connection for 104.21.81.10 using <_io.TextIOWrapper name='logs.json' mode='a' encoding='UTF-8'> and week3-roots.pem
Creating connection for 104.22.6.193 using <_io.TextIOWrapper name='logs.json' mode='a' encoding='UTF-8'> and week3-roots.pem
CONNECTION ERROR:  
Creating connection for 117.17.10.32 using <_io.TextIOWrapper name='logs.json' mode='a' encoding='UTF-8'> and week3-roots.pem
Creating connection for 37.19.112.50 using <_io.TextIOWrapper name='logs.json' mode='a' encoding='UTF-8'> and week3-roots.pem
Creating connection for 5.149.167.126 using <_io.TextIOWrapper name='logs.json' mode='a' encoding='UTF-8'> and week3-roots.pem
Creating connection for 203.24.6.83 using <_io.TextIOWrapper name='logs.json' mode='a' encoding='UTF-8'> and week3-roots.pem
CONNECTION ERROR:  
CONNECTION ERROR:  
Creating connection for 172.67.141.66 using <_io.TextIOWrapper name='logs.json' mode='a' encoding='UTF-8'> and week3-roots.pem
CONNECTION ERROR:  
Creating connection for 209.160.100.155 using <_io.TextIOWrapper name='logs.json' mode='a' encoding='UTF-8'> and week3-roots.pem
Creating connection for 123.253.227.161 using <_io.TextIOWrapper name='logs.json' mode='a' encoding='UTF-8'> and week3-roots.pem
CONNECTION ERROR:  
Creating connection for 93.191.155.240 using <_io.TextIOWrapper name='logs.json' mode='a' encoding='UTF-8'> and week3-roots.pem
CONNECTION ERROR:  
CONNECTION ERROR:  
CONNECTION ERROR:  
Creating connection for 165.227.252.59 using <_io.TextIOWrapper name='logs.json' mode='a' encoding='UTF-8'> and week3-roots.pem
CONNECTION ERROR:  
CONNECTION ERROR:  
CONNECTION ERROR:  
CONNECTION ERROR:  
Creating connection for 172.66.40.192 using <_io.TextIOWrapper name='logs.json' mode='a' encoding='UTF-8'> and week3-roots.pem
Creating connection for 45.60.77.90 using <_io.TextIOWrapper name='logs.json' mode='a' encoding='UTF-8'> and week3-roots.pem
CONNECTION ERROR:  
CONNECTION ERROR:  
CONNECTION ERROR:  
CONNECTION ERROR:  
CONNECTION ERROR:  
Creating connection for 66.228.61.221 using <_io.TextIOWrapper name='logs.json' mode='a' encoding='UTF-8'> and week3-roots.pem
CONNECTION ERROR:  
Creating connection for 23.227.38.65 using <_io.TextIOWrapper name='logs.json' mode='a' encoding='UTF-8'> and week3-roots.pem
Creating connection for 72.32.154.48 using <_io.TextIOWrapper name='logs.json' mode='a' encoding='UTF-8'> and week3-roots.pem
CONNECTION ERROR:  
Creating connection for 169.63.11.235 using <_io.TextIOWrapper name='logs.json' mode='a' encoding='UTF-8'> and week3-roots.pem
Creating connection for 188.114.96.12 using <_io.TextIOWrapper name='logs.json' mode='a' encoding='UTF-8'> and week3-roots.pem
Creating connection for 159.65.72.102 using <_io.TextIOWrapper name='logs.json' mode='a' encoding='UTF-8'> and week3-roots.pem
Creating connection for 183.224.79.26 using <_io.TextIOWrapper name='logs.json' mode='a' encoding='UTF-8'> and week3-roots.pem
CONNECTION ERROR:  [Errno 111] Connection refused
Creating connection for 141.193.213.11 using <_io.TextIOWrapper name='logs.json' mode='a' encoding='UTF-8'> and week3-roots.pem
Creating connection for 104.22.44.134 using <_io.TextIOWrapper name='logs.json' mode='a' encoding='UTF-8'> and week3-roots.pem
CONNECTION ERROR:  
CONNECTION ERROR:  
Creating connection for 104.21.92.184 using <_io.TextIOWrapper name='logs.json' mode='a' encoding='UTF-8'> and week3-roots.pemCONNECTION ERROR:  
CONNECTION ERROR:  (32, 'EPIPE')
CONNECTION ERROR:  
CONNECTION ERROR:  

Creating connection for 34.145.109.78 using <_io.TextIOWrapper name='logs.json' mode='a' encoding='UTF-8'> and week3-roots.pem
CONNECTION ERROR:  
Creating connection for 107.154.149.96 using <_io.TextIOWrapper name='logs.json' mode='a' encoding='UTF-8'> and week3-roots.pem
CONNECTION ERROR:  
Creating connection for 54.84.208.87 using <_io.TextIOWrapper name='logs.json' mode='a' encoding='UTF-8'> and week3-roots.pem
CONNECTION ERROR:  
Creating connection for 104.198.137.98 using <_io.TextIOWrapper name='logs.json' mode='a' encoding='UTF-8'> and week3-roots.pem
Creating connection for 18.189.53.155 using <_io.TextIOWrapper name='logs.json' mode='a' encoding='UTF-8'> and week3-roots.pem
Creating connection for 172.67.156.151 using <_io.TextIOWrapper name='logs.json' mode='a' encoding='UTF-8'> and week3-roots.pem
Creating connection for 34.253.101.190 using <_io.TextIOWrapper name='logs.json' mode='a' encoding='UTF-8'> and week3-roots.pem
Creating connection for 5.22.145.121 using <_io.TextIOWrapper name='logs.json' mode='a' encoding='UTF-8'> and week3-roots.pem
Creating connection for 149.210.236.28 using <_io.TextIOWrapper name='logs.json' mode='a' encoding='UTF-8'> and week3-roots.pem
Creating connection for 172.67.27.142 using <_io.TextIOWrapper name='logs.json' mode='a' encoding='UTF-8'> and week3-roots.pem
Creating connection for 192.124.249.11 using <_io.TextIOWrapper name='logs.json' mode='a' encoding='UTF-8'> and week3-roots.pem
CONNECTION ERROR:  
Creating connection for 172.67.74.46 using <_io.TextIOWrapper name='logs.json' mode='a' encoding='UTF-8'> and week3-roots.pem
CONNECTION ERROR:  
CONNECTION ERROR:  
CONNECTION ERROR:  
CONNECTION ERROR:  
CONNECTION ERROR:  
CONNECTION ERROR:  
CONNECTION ERROR:  
Creating connection for 188.114.96.3 using <_io.TextIOWrapper name='logs.json' mode='a' encoding='UTF-8'> and week3-roots.pem
Creating connection for 78.128.76.82 using <_io.TextIOWrapper name='logs.json' mode='a' encoding='UTF-8'> and week3-roots.pem
Creating connection for 213.190.30.45 using <_io.TextIOWrapper name='logs.json' mode='a' encoding='UTF-8'> and week3-roots.pem
Creating connection for 104.21.71.179 using <_io.TextIOWrapper name='logs.json' mode='a' encoding='UTF-8'> and week3-roots.pem
Creating connection for 213.128.68.170 using <_io.TextIOWrapper name='logs.json' mode='a' encoding='UTF-8'> and week3-roots.pem
CONNECTION ERROR:  
CONNECTION ERROR:  
Creating connection for 188.114.96.3 using <_io.TextIOWrapper name='logs.json' mode='a' encoding='UTF-8'> and week3-roots.pem
CONNECTION ERROR:  
Creating connection for 65.9.86.107 using <_io.TextIOWrapper name='logs.json' mode='a' encoding='UTF-8'> and week3-roots.pem
Creating connection for 147.33.89.75 using <_io.TextIOWrapper name='logs.json' mode='a' encoding='UTF-8'> and week3-roots.pem
Creating connection for 201.234.214.3 using <_io.TextIOWrapper name='logs.json' mode='a' encoding='UTF-8'> and week3-roots.pem
Creating connection for 172.67.156.149 using <_io.TextIOWrapper name='logs.json' mode='a' encoding='UTF-8'> and week3-roots.pem
CONNECTION ERROR:  
CONNECTION ERROR:  
Creating connection for 18.179.104.249 using <_io.TextIOWrapper name='logs.json' mode='a' encoding='UTF-8'> and week3-roots.pem
Creating connection for 213.189.197.3 using <_io.TextIOWrapper name='logs.json' mode='a' encoding='UTF-8'> and week3-roots.pem
Creating connection for 188.114.96.3 using <_io.TextIOWrapper name='logs.json' mode='a' encoding='UTF-8'> and week3-roots.pem
CONNECTION ERROR:  
Creating connection for 104.21.73.254 using <_io.TextIOWrapper name='logs.json' mode='a' encoding='UTF-8'> and week3-roots.pem
CONNECTION ERROR:  
CONNECTION ERROR:  
Creating connection for 159.253.26.152 using <_io.TextIOWrapper name='logs.json' mode='a' encoding='UTF-8'> and week3-roots.pem
Creating connection for 172.67.167.224 using <_io.TextIOWrapper name='logs.json' mode='a' encoding='UTF-8'> and week3-roots.pem
CONNECTION ERROR:  
CONNECTION ERROR:  
CONNECTION ERROR:  
Creating connection for 84.53.185.155 using <_io.TextIOWrapper name='logs.json' mode='a' encoding='UTF-8'> and week3-roots.pem
Creating connection for 65.9.86.38 using <_io.TextIOWrapper name='logs.json' mode='a' encoding='UTF-8'> and week3-roots.pem
CONNECTION ERROR:  
Creating connection for 39.107.93.30 using <_io.TextIOWrapper name='logs.json' mode='a' encoding='UTF-8'> and week3-roots.pem
Creating connection for 74.6.52.135 using <_io.TextIOWrapper name='logs.json' mode='a' encoding='UTF-8'> and week3-roots.pem
Creating connection for 89.161.253.242 using <_io.TextIOWrapper name='logs.json' mode='a' encoding='UTF-8'> and week3-roots.pem
CONNECTION ERROR:  
Creating connection for 51.210.65.176 using <_io.TextIOWrapper name='logs.json' mode='a' encoding='UTF-8'> and week3-roots.pem
CONNECTION ERROR:  
Creating connection for 172.67.198.153 using <_io.TextIOWrapper name='logs.json' mode='a' encoding='UTF-8'> and week3-roots.pem
CONNECTION ERROR:  
Creating connection for 18.158.98.109 using <_io.TextIOWrapper name='logs.json' mode='a' encoding='UTF-8'> and week3-roots.pem
CONNECTION ERROR:  
Creating connection for 199.7.84.66 using <_io.TextIOWrapper name='logs.json' mode='a' encoding='UTF-8'> and week3-roots.pem
CONNECTION ERROR:  
CONNECTION ERROR:  
Creating connection for 185.120.222.237 using <_io.TextIOWrapper name='logs.json' mode='a' encoding='UTF-8'> and week3-roots.pem
CONNECTION ERROR:  
Creating connection for 122.10.10.10 using <_io.TextIOWrapper name='logs.json' mode='a' encoding='UTF-8'> and week3-roots.pem
Creating connection for 172.67.196.5 using <_io.TextIOWrapper name='logs.json' mode='a' encoding='UTF-8'> and week3-roots.pem
Creating connection for 65.9.86.107 using <_io.TextIOWrapper name='logs.json' mode='a' encoding='UTF-8'> and week3-roots.pem
CONNECTION ERROR:  
Creating connection for 104.22.65.86 using <_io.TextIOWrapper name='logs.json' mode='a' encoding='UTF-8'> and week3-roots.pem
Creating connection for 139.162.145.167 using <_io.TextIOWrapper name='logs.json' mode='a' encoding='UTF-8'> and week3-roots.pem
Creating connection for 195.114.161.46 using <_io.TextIOWrapper name='logs.json' mode='a' encoding='UTF-8'> and week3-roots.pem
Creating connection for 172.67.188.141 using <_io.TextIOWrapper name='logs.json' mode='a' encoding='UTF-8'> and week3-roots.pem
Creating connection for 96.125.164.207 using <_io.TextIOWrapper name='logs.json' mode='a' encoding='UTF-8'> and week3-roots.pem
CONNECTION ERROR:  
CONNECTION ERROR:  
Creating connection for 188.114.97.3 using <_io.TextIOWrapper name='logs.json' mode='a' encoding='UTF-8'> and week3-roots.pem
Creating connection for 104.21.56.249 using <_io.TextIOWrapper name='logs.json' mode='a' encoding='UTF-8'> and week3-roots.pem
CONNECTION ERROR:  
CONNECTION ERROR:  
Creating connection for 5.61.55.104 using <_io.TextIOWrapper name='logs.json' mode='a' encoding='UTF-8'> and week3-roots.pem
CONNECTION ERROR:  
CONNECTION ERROR:  
CONNECTION ERROR:  
CONNECTION ERROR:  
Creating connection for 47.91.205.103 using <_io.TextIOWrapper name='logs.json' mode='a' encoding='UTF-8'> and week3-roots.pem
Creating connection for 65.9.86.93 using <_io.TextIOWrapper name='logs.json' mode='a' encoding='UTF-8'> and week3-roots.pem
Creating connection for 58.87.48.205 using <_io.TextIOWrapper name='logs.json' mode='a' encoding='UTF-8'> and week3-roots.pem
Creating connection for 104.21.46.15 using <_io.TextIOWrapper name='logs.json' mode='a' encoding='UTF-8'> and week3-roots.pem
Creating connection for 8.210.190.238 using <_io.TextIOWrapper name='logs.json' mode='a' encoding='UTF-8'> and week3-roots.pem
CONNECTION ERROR:  
CONNECTION ERROR:  
Creating connection for 54.185.92.80 using <_io.TextIOWrapper name='logs.json' mode='a' encoding='UTF-8'> and week3-roots.pem
Creating connection for 35.205.61.67 using <_io.TextIOWrapper name='logs.json' mode='a' encoding='UTF-8'> and week3-roots.pem
Creating connection for 104.26.0.88 using <_io.TextIOWrapper name='logs.json' mode='a' encoding='UTF-8'> and week3-roots.pem
Creating connection for 18.135.43.83 using <_io.TextIOWrapper name='logs.json' mode='a' encoding='UTF-8'> and week3-roots.pem
CONNECTION ERROR:  [Errno 111] Connection refused
CONNECTION ERROR:  
CONNECTION ERROR:  (32, 'EPIPE')
CONNECTION ERROR:  
CONNECTION ERROR:  
CONNECTION ERROR:  
CONNECTION ERROR:  
CONNECTION ERROR:  
CONNECTION ERROR:  
CONNECTION ERROR:  
Creating connection for 104.26.6.56 using <_io.TextIOWrapper name='logs.json' mode='a' encoding='UTF-8'> and week3-roots.pem
CONNECTION ERROR:  
CONNECTION ERROR:  
CONNECTION ERROR:  
Creating connection for 76.76.21.9 using <_io.TextIOWrapper name='logs.json' mode='a' encoding='UTF-8'> and week3-roots.pem
CONNECTION ERROR:  
Creating connection for 34.107.212.167 using <_io.TextIOWrapper name='logs.json' mode='a' encoding='UTF-8'> and week3-roots.pem
CONNECTION ERROR:  
CONNECTION ERROR:  
Creating connection for 172.67.73.190 using <_io.TextIOWrapper name='logs.json' mode='a' encoding='UTF-8'> and week3-roots.pem
Creating connection for 104.21.234.230 using <_io.TextIOWrapper name='logs.json' mode='a' encoding='UTF-8'> and week3-roots.pem
Creating connection for 193.39.254.117 using <_io.TextIOWrapper name='logs.json' mode='a' encoding='UTF-8'> and week3-roots.pem
Creating connection for 54.197.199.241 using <_io.TextIOWrapper name='logs.json' mode='a' encoding='UTF-8'> and week3-roots.pem
Creating connection for 198.185.159.145 using <_io.TextIOWrapper name='logs.json' mode='a' encoding='UTF-8'> and week3-roots.pem
CONNECTION ERROR:  
Creating connection for 84.53.185.105 using <_io.TextIOWrapper name='logs.json' mode='a' encoding='UTF-8'> and week3-roots.pem
Creating connection for 157.230.98.33 using <_io.TextIOWrapper name='logs.json' mode='a' encoding='UTF-8'> and week3-roots.pem
Creating connection for 3.224.108.35 using <_io.TextIOWrapper name='logs.json' mode='a' encoding='UTF-8'> and week3-roots.pem
Creating connection for 150.60.59.228 using <_io.TextIOWrapper name='logs.json' mode='a' encoding='UTF-8'> and week3-roots.pem
CONNECTION ERROR:  
CONNECTION ERROR:  
CONNECTION ERROR:  
Creating connection for 65.9.86.80 using <_io.TextIOWrapper name='logs.json' mode='a' encoding='UTF-8'> and week3-roots.pem
CONNECTION ERROR:  
CONNECTION ERROR:  
Creating connection for 23.227.38.65 using <_io.TextIOWrapper name='logs.json' mode='a' encoding='UTF-8'> and week3-roots.pem
Creating connection for 216.177.145.45 using <_io.TextIOWrapper name='logs.json' mode='a' encoding='UTF-8'> and week3-roots.pem
CONNECTION ERROR:  
Creating connection for 200.40.133.70 using <_io.TextIOWrapper name='logs.json' mode='a' encoding='UTF-8'> and week3-roots.pem
CONNECTION ERROR:  
Creating connection for 69.162.134.94 using <_io.TextIOWrapper name='logs.json' mode='a' encoding='UTF-8'> and week3-roots.pem
CONNECTION ERROR:  
Creating connection for 199.60.103.29 using <_io.TextIOWrapper name='logs.json' mode='a' encoding='UTF-8'> and week3-roots.pem
CONNECTION ERROR:  
Creating connection for 104.26.11.137 using <_io.TextIOWrapper name='logs.json' mode='a' encoding='UTF-8'> and week3-roots.pem
CONNECTION ERROR:  
CONNECTION ERROR:  
Creating connection for 54.154.216.171 using <_io.TextIOWrapper name='logs.json' mode='a' encoding='UTF-8'> and week3-roots.pem
CONNECTION ERROR:  
Creating connection for 181.191.88.7 using <_io.TextIOWrapper name='logs.json' mode='a' encoding='UTF-8'> and week3-roots.pem
Creating connection for 133.167.39.77 using <_io.TextIOWrapper name='logs.json' mode='a' encoding='UTF-8'> and week3-roots.pem
Creating connection for 141.94.137.50 using <_io.TextIOWrapper name='logs.json' mode='a' encoding='UTF-8'> and week3-roots.pem
Creating connection for 65.9.86.65 using <_io.TextIOWrapper name='logs.json' mode='a' encoding='UTF-8'> and week3-roots.pem
Creating connection for 15.161.210.212 using <_io.TextIOWrapper name='logs.json' mode='a' encoding='UTF-8'> and week3-roots.pem
Creating connection for 13.239.124.85 using <_io.TextIOWrapper name='logs.json' mode='a' encoding='UTF-8'> and week3-roots.pem
CONNECTION ERROR:  
Creating connection for 192.124.249.67 using <_io.TextIOWrapper name='logs.json' mode='a' encoding='UTF-8'> and week3-roots.pem
CONNECTION ERROR:  
Creating connection for 77.247.182.244 using <_io.TextIOWrapper name='logs.json' mode='a' encoding='UTF-8'> and week3-roots.pem
CONNECTION ERROR:  
CONNECTION ERROR:  
CONNECTION ERROR:  
CONNECTION ERROR:  
CONNECTION ERROR:  
CONNECTION ERROR:  
Creating connection for 206.191.152.37 using <_io.TextIOWrapper name='logs.json' mode='a' encoding='UTF-8'> and week3-roots.pem
Creating connection for 45.87.80.3 using <_io.TextIOWrapper name='logs.json' mode='a' encoding='UTF-8'> and week3-roots.pem
Creating connection for 3.131.75.80 using <_io.TextIOWrapper name='logs.json' mode='a' encoding='UTF-8'> and week3-roots.pem
Creating connection for 62.152.58.34 using <_io.TextIOWrapper name='logs.json' mode='a' encoding='UTF-8'> and week3-roots.pem
CONNECTION ERROR:  
Creating connection for 45.152.241.159 using <_io.TextIOWrapper name='logs.json' mode='a' encoding='UTF-8'> and week3-roots.pem
Creating connection for 104.21.41.8 using <_io.TextIOWrapper name='logs.json' mode='a' encoding='UTF-8'> and week3-roots.pem
CONNECTION ERROR:  
CONNECTION ERROR:  
CONNECTION ERROR:  
CONNECTION ERROR:  
Creating connection for 192.187.112.82 using <_io.TextIOWrapper name='logs.json' mode='a' encoding='UTF-8'> and week3-roots.pem
CONNECTION ERROR:  
CONNECTION ERROR:  
Creating connection for 185.18.54.204 using <_io.TextIOWrapper name='logs.json' mode='a' encoding='UTF-8'> and week3-roots.pem
Creating connection for 104.26.2.223 using <_io.TextIOWrapper name='logs.json' mode='a' encoding='UTF-8'> and week3-roots.pem
Creating connection for 172.67.197.112 using <_io.TextIOWrapper name='logs.json' mode='a' encoding='UTF-8'> and week3-roots.pem
Creating connection for 80.87.7.5 using <_io.TextIOWrapper name='logs.json' mode='a' encoding='UTF-8'> and week3-roots.pem
CONNECTION ERROR:  
CONNECTION ERROR:  
Creating connection for 66.29.129.187 using <_io.TextIOWrapper name='logs.json' mode='a' encoding='UTF-8'> and week3-roots.pem
Creating connection for 5.61.54.121 using <_io.TextIOWrapper name='logs.json' mode='a' encoding='UTF-8'> and week3-roots.pem
Creating connection for 3.33.131.9 using <_io.TextIOWrapper name='logs.json' mode='a' encoding='UTF-8'> and week3-roots.pem
Creating connection for 46.39.237.61 using <_io.TextIOWrapper name='logs.json' mode='a' encoding='UTF-8'> and week3-roots.pem
Creating connection for 52.198.11.12 using <_io.TextIOWrapper name='logs.json' mode='a' encoding='UTF-8'> and week3-roots.pem
Creating connection for 44.205.74.206 using <_io.TextIOWrapper name='logs.json' mode='a' encoding='UTF-8'> and week3-roots.pem
Creating connection for 65.9.86.112 using <_io.TextIOWrapper name='logs.json' mode='a' encoding='UTF-8'> and week3-roots.pem
CONNECTION ERROR:  
CONNECTION ERROR:  
CONNECTION ERROR:  
Creating connection for 185.199.109.153 using <_io.TextIOWrapper name='logs.json' mode='a' encoding='UTF-8'> and week3-roots.pem
Creating connection for 85.143.166.252 using <_io.TextIOWrapper name='logs.json' mode='a' encoding='UTF-8'> and week3-roots.pem
CONNECTION ERROR:  
CONNECTION ERROR:  
Creating connection for 3.33.152.147 using <_io.TextIOWrapper name='logs.json' mode='a' encoding='UTF-8'> and week3-roots.pem
Creating connection for 84.53.185.202 using <_io.TextIOWrapper name='logs.json' mode='a' encoding='UTF-8'> and week3-roots.pem
Creating connection for 75.2.43.150 using <_io.TextIOWrapper name='logs.json' mode='a' encoding='UTF-8'> and week3-roots.pem
Creating connection for 104.26.7.184 using <_io.TextIOWrapper name='logs.json' mode='a' encoding='UTF-8'> and week3-roots.pem
CONNECTION ERROR:  
CONNECTION ERROR:  
CONNECTION ERROR:  
CONNECTION ERROR:  
Creating connection for 162.13.250.121 using <_io.TextIOWrapper name='logs.json' mode='a' encoding='UTF-8'> and week3-roots.pem
Creating connection for 216.239.32.21 using <_io.TextIOWrapper name='logs.json' mode='a' encoding='UTF-8'> and week3-roots.pem
CONNECTION ERROR:  
CONNECTION ERROR:  
CONNECTION ERROR:  
CONNECTION ERROR:  
Creating connection for 65.9.86.104 using <_io.TextIOWrapper name='logs.json' mode='a' encoding='UTF-8'> and week3-roots.pem
CONNECTION ERROR:  
CONNECTION ERROR:  
Creating connection for 192.185.167.231 using <_io.TextIOWrapper name='logs.json' mode='a' encoding='UTF-8'> and week3-roots.pem
Creating connection for 65.9.86.43 using <_io.TextIOWrapper name='logs.json' mode='a' encoding='UTF-8'> and week3-roots.pem
CONNECTION ERROR:  
CONNECTION ERROR:  
CONNECTION ERROR:  [Errno 111] Connection refused
CONNECTION ERROR:  
Creating connection for 103.124.93.16 using <_io.TextIOWrapper name='logs.json' mode='a' encoding='UTF-8'> and week3-roots.pem
CONNECTION ERROR:  (32, 'EPIPE')
Creating connection for 192.243.61.227 using <_io.TextIOWrapper name='logs.json' mode='a' encoding='UTF-8'> and week3-roots.pem
Creating connection for 104.16.203.25 using <_io.TextIOWrapper name='logs.json' mode='a' encoding='UTF-8'> and week3-roots.pem
CONNECTION ERROR:  
Creating connection for 167.114.25.7 using <_io.TextIOWrapper name='logs.json' mode='a' encoding='UTF-8'> and week3-roots.pem
Creating connection for 155.133.138.17 using <_io.TextIOWrapper name='logs.json' mode='a' encoding='UTF-8'> and week3-roots.pem
Creating connection for 104.26.6.34 using <_io.TextIOWrapper name='logs.json' mode='a' encoding='UTF-8'> and week3-roots.pem
CONNECTION ERROR:  
CONNECTION ERROR:  
Creating connection for 74.6.136.150 using <_io.TextIOWrapper name='logs.json' mode='a' encoding='UTF-8'> and week3-roots.pem
CONNECTION ERROR:  
Creating connection for 52.6.151.131 using <_io.TextIOWrapper name='logs.json' mode='a' encoding='UTF-8'> and week3-roots.pem
Creating connection for 83.149.71.84 using <_io.TextIOWrapper name='logs.json' mode='a' encoding='UTF-8'> and week3-roots.pem
Creating connection for 185.199.109.153 using <_io.TextIOWrapper name='logs.json' mode='a' encoding='UTF-8'> and week3-roots.pem
CONNECTION ERROR:  [Errno 111] Connection refused
CONNECTION ERROR:  (32, 'EPIPE')
Creating connection for 87.236.16.241 using <_io.TextIOWrapper name='logs.json' mode='a' encoding='UTF-8'> and week3-roots.pem
CONNECTION ERROR:  
Creating connection for 104.24.184.2 using <_io.TextIOWrapper name='logs.json' mode='a' encoding='UTF-8'> and week3-roots.pem
Creating connection for 141.193.213.20 using <_io.TextIOWrapper name='logs.json' mode='a' encoding='UTF-8'> and week3-roots.pem
CONNECTION ERROR:  
Creating connection for 18.185.54.152 using <_io.TextIOWrapper name='logs.json' mode='a' encoding='UTF-8'> and week3-roots.pem
CONNECTION ERROR:  
CONNECTION ERROR:  
CONNECTION ERROR:  
Creating connection for 104.17.187.78 using <_io.TextIOWrapper name='logs.json' mode='a' encoding='UTF-8'> and week3-roots.pem
Creating connection for 65.9.86.25 using <_io.TextIOWrapper name='logs.json' mode='a' encoding='UTF-8'> and week3-roots.pem
CONNECTION ERROR:  
Creating connection for 185.199.111.153 using <_io.TextIOWrapper name='logs.json' mode='a' encoding='UTF-8'> and week3-roots.pem
CONNECTION ERROR:  
CONNECTION ERROR:  
Creating connection for 162.159.136.54 using <_io.TextIOWrapper name='logs.json' mode='a' encoding='UTF-8'> and week3-roots.pem
Creating connection for 5.45.69.164 using <_io.TextIOWrapper name='logs.json' mode='a' encoding='UTF-8'> and week3-roots.pem
Creating connection for 23.185.0.2 using <_io.TextIOWrapper name='logs.json' mode='a' encoding='UTF-8'> and week3-roots.pem
Creating connection for 172.67.70.73 using <_io.TextIOWrapper name='logs.json' mode='a' encoding='UTF-8'> and week3-roots.pem
Creating connection for 5.188.138.195 using <_io.TextIOWrapper name='logs.json' mode='a' encoding='UTF-8'> and week3-roots.pem
CONNECTION ERROR:  
Creating connection for 198.185.159.144 using <_io.TextIOWrapper name='logs.json' mode='a' encoding='UTF-8'> and week3-roots.pem
CONNECTION ERROR:  
Creating connection for 104.26.8.224 using <_io.TextIOWrapper name='logs.json' mode='a' encoding='UTF-8'> and week3-roots.pem
CONNECTION ERROR:  
CONNECTION ERROR:  
CONNECTION ERROR:  
CONNECTION ERROR:  
CONNECTION ERROR:  
Creating connection for 104.21.235.154 using <_io.TextIOWrapper name='logs.json' mode='a' encoding='UTF-8'> and week3-roots.pem
CONNECTION ERROR:  
CONNECTION ERROR:  
Creating connection for 212.162.153.48 using <_io.TextIOWrapper name='logs.json' mode='a' encoding='UTF-8'> and week3-roots.pem
Creating connection for 104.26.4.150 using <_io.TextIOWrapper name='logs.json' mode='a' encoding='UTF-8'> and week3-roots.pem
Creating connection for 134.195.128.2 using <_io.TextIOWrapper name='logs.json' mode='a' encoding='UTF-8'> and week3-roots.pem
CONNECTION ERROR:  
Creating connection for 104.21.46.63 using <_io.TextIOWrapper name='logs.json' mode='a' encoding='UTF-8'> and week3-roots.pem
Creating connection for 185.8.174.172 using <_io.TextIOWrapper name='logs.json' mode='a' encoding='UTF-8'> and week3-roots.pem
Creating connection for 104.18.9.77 using <_io.TextIOWrapper name='logs.json' mode='a' encoding='UTF-8'> and week3-roots.pem
Creating connection for 52.28.19.114 using <_io.TextIOWrapper name='logs.json' mode='a' encoding='UTF-8'> and week3-roots.pem
CONNECTION ERROR:  
Creating connection for 192.185.139.107 using <_io.TextIOWrapper name='logs.json' mode='a' encoding='UTF-8'> and week3-roots.pem
Creating connection for 13.227.219.87 using <_io.TextIOWrapper name='logs.json' mode='a' encoding='UTF-8'> and week3-roots.pem
CONNECTION ERROR:  
Creating connection for 146.190.8.84 using <_io.TextIOWrapper name='logs.json' mode='a' encoding='UTF-8'> and week3-roots.pem
Creating connection for 172.67.70.248 using <_io.TextIOWrapper name='logs.json' mode='a' encoding='UTF-8'> and week3-roots.pem
Creating connection for 188.114.97.12 using <_io.TextIOWrapper name='logs.json' mode='a' encoding='UTF-8'> and week3-roots.pem
Creating connection for 104.26.7.181 using <_io.TextIOWrapper name='logs.json' mode='a' encoding='UTF-8'> and week3-roots.pem
CONNECTION ERROR:  
CONNECTION ERROR:  
CONNECTION ERROR:  
CONNECTION ERROR:  
Creating connection for 173.201.186.254 using <_io.TextIOWrapper name='logs.json' mode='a' encoding='UTF-8'> and week3-roots.pem
Creating connection for 208.69.180.14 using <_io.TextIOWrapper name='logs.json' mode='a' encoding='UTF-8'> and week3-roots.pem
CONNECTION ERROR:  
CONNECTION ERROR:  
Creating connection for 65.9.86.55 using <_io.TextIOWrapper name='logs.json' mode='a' encoding='UTF-8'> and week3-roots.pem
CONNECTION ERROR:  
CONNECTION ERROR:  
CONNECTION ERROR:  
Creating connection for 163.53.194.211 using <_io.TextIOWrapper name='logs.json' mode='a' encoding='UTF-8'> and week3-roots.pem
CONNECTION ERROR:  
CONNECTION ERROR:  
Creating connection for 172.67.182.23 using <_io.TextIOWrapper name='logs.json' mode='a' encoding='UTF-8'> and week3-roots.pem
CONNECTION ERROR:  
Creating connection for 104.26.12.11 using <_io.TextIOWrapper name='logs.json' mode='a' encoding='UTF-8'> and week3-roots.pem
CONNECTION ERROR:  
CONNECTION ERROR:  
CONNECTION ERROR:  
Creating connection for 192.104.182.109 using <_io.TextIOWrapper name='logs.json' mode='a' encoding='UTF-8'> and week3-roots.pem
Creating connection for 104.21.7.145 using <_io.TextIOWrapper name='logs.json' mode='a' encoding='UTF-8'> and week3-roots.pem
Creating connection for 209.59.160.28 using <_io.TextIOWrapper name='logs.json' mode='a' encoding='UTF-8'> and week3-roots.pem
CONNECTION ERROR:  
CONNECTION ERROR:  
Creating connection for 34.198.249.69 using <_io.TextIOWrapper name='logs.json' mode='a' encoding='UTF-8'> and week3-roots.pem
Creating connection for 84.244.140.110 using <_io.TextIOWrapper name='logs.json' mode='a' encoding='UTF-8'> and week3-roots.pem
Creating connection for 185.11.125.226 using <_io.TextIOWrapper name='logs.json' mode='a' encoding='UTF-8'> and week3-roots.pem
Creating connection for 172.67.68.204 using <_io.TextIOWrapper name='logs.json' mode='a' encoding='UTF-8'> and week3-roots.pem
Creating connection for 151.101.66.168 using <_io.TextIOWrapper name='logs.json' mode='a' encoding='UTF-8'> and week3-roots.pem
CONNECTION ERROR:  
CONNECTION ERROR:  
Creating connection for 35.184.138.198 using <_io.TextIOWrapper name='logs.json' mode='a' encoding='UTF-8'> and week3-roots.pem
CONNECTION ERROR:  
CONNECTION ERROR:  
CONNECTION ERROR:  
Creating connection for 146.59.130.19 using <_io.TextIOWrapper name='logs.json' mode='a' encoding='UTF-8'> and week3-roots.pem
Creating connection for 18.213.98.14 using <_io.TextIOWrapper name='logs.json' mode='a' encoding='UTF-8'> and week3-roots.pem
CONNECTION ERROR:  
CONNECTION ERROR:  
CONNECTION ERROR:  
CONNECTION ERROR:  
CONNECTION ERROR:  
Creating connection for 104.26.8.161 using <_io.TextIOWrapper name='logs.json' mode='a' encoding='UTF-8'> and week3-roots.pem
CONNECTION ERROR:  
Creating connection for 104.26.9.35 using <_io.TextIOWrapper name='logs.json' mode='a' encoding='UTF-8'> and week3-roots.pem
Creating connection for 80.88.87.29 using <_io.TextIOWrapper name='logs.json' mode='a' encoding='UTF-8'> and week3-roots.pem
Creating connection for 65.9.86.95 using <_io.TextIOWrapper name='logs.json' mode='a' encoding='UTF-8'> and week3-roots.pem
Creating connection for 141.193.213.20 using <_io.TextIOWrapper name='logs.json' mode='a' encoding='UTF-8'> and week3-roots.pem
Creating connection for 182.18.139.35 using <_io.TextIOWrapper name='logs.json' mode='a' encoding='UTF-8'> and week3-roots.pem
Creating connection for 87.236.16.241 using <_io.TextIOWrapper name='logs.json' mode='a' encoding='UTF-8'> and week3-roots.pem
CONNECTION ERROR:  
Creating connection for 31.24.154.79 using <_io.TextIOWrapper name='logs.json' mode='a' encoding='UTF-8'> and week3-roots.pem
Creating connection for 3.134.63.123 using <_io.TextIOWrapper name='logs.json' mode='a' encoding='UTF-8'> and week3-roots.pem
Creating connection for 65.9.86.43 using <_io.TextIOWrapper name='logs.json' mode='a' encoding='UTF-8'> and week3-roots.pem
CONNECTION ERROR:  
Creating connection for 43.242.96.29 using <_io.TextIOWrapper name='logs.json' mode='a' encoding='UTF-8'> and week3-roots.pem
Creating connection for 34.248.73.220 using <_io.TextIOWrapper name='logs.json' mode='a' encoding='UTF-8'> and week3-roots.pem
CONNECTION ERROR:  
Creating connection for 195.12.113.193 using <_io.TextIOWrapper name='logs.json' mode='a' encoding='UTF-8'> and week3-roots.pem
CONNECTION ERROR:  
Creating connection for 141.193.213.20 using <_io.TextIOWrapper name='logs.json' mode='a' encoding='UTF-8'> and week3-roots.pem
CONNECTION ERROR:  
CONNECTION ERROR:  
CONNECTION ERROR:  
Creating connection for 172.67.70.51 using <_io.TextIOWrapper name='logs.json' mode='a' encoding='UTF-8'> and week3-roots.pem
Creating connection for 184.154.83.69 using <_io.TextIOWrapper name='logs.json' mode='a' encoding='UTF-8'> and week3-roots.pem
CONNECTION ERROR:  
CONNECTION ERROR:  
CONNECTION ERROR:  
CONNECTION ERROR:  
Creating connection for 210.157.79.14 using <_io.TextIOWrapper name='logs.json' mode='a' encoding='UTF-8'> and week3-roots.pem
CONNECTION ERROR:  
CONNECTION ERROR:  
CONNECTION ERROR:  
Creating connection for 54.199.90.60 using <_io.TextIOWrapper name='logs.json' mode='a' encoding='UTF-8'> and week3-roots.pem
Creating connection for 99.86.240.83 using <_io.TextIOWrapper name='logs.json' mode='a' encoding='UTF-8'> and week3-roots.pem
Creating connection for 195.20.54.122 using <_io.TextIOWrapper name='logs.json' mode='a' encoding='UTF-8'> and week3-roots.pem
CONNECTION ERROR:  
CONNECTION ERROR:  
Creating connection for 172.67.212.82 using <_io.TextIOWrapper name='logs.json' mode='a' encoding='UTF-8'> and week3-roots.pem
Creating connection for 185.125.168.98 using <_io.TextIOWrapper name='logs.json' mode='a' encoding='UTF-8'> and week3-roots.pem
Creating connection for 90.156.201.44 using <_io.TextIOWrapper name='logs.json' mode='a' encoding='UTF-8'> and week3-roots.pem
CONNECTION ERROR:  
Creating connection for 54.70.158.187 using <_io.TextIOWrapper name='logs.json' mode='a' encoding='UTF-8'> and week3-roots.pem
Creating connection for 91.238.48.10 using <_io.TextIOWrapper name='logs.json' mode='a' encoding='UTF-8'> and week3-roots.pem
Creating connection for 217.160.0.153 using <_io.TextIOWrapper name='logs.json' mode='a' encoding='UTF-8'> and week3-roots.pem
Creating connection for 104.26.2.14 using <_io.TextIOWrapper name='logs.json' mode='a' encoding='UTF-8'> and week3-roots.pem
Creating connection for 46.248.179.48 using <_io.TextIOWrapper name='logs.json' mode='a' encoding='UTF-8'> and week3-roots.pem
Creating connection for 3.67.3.112 using <_io.TextIOWrapper name='logs.json' mode='a' encoding='UTF-8'> and week3-roots.pem
Creating connection for 185.66.36.162 using <_io.TextIOWrapper name='logs.json' mode='a' encoding='UTF-8'> and week3-roots.pem
Creating connection for 151.101.66.173 using <_io.TextIOWrapper name='logs.json' mode='a' encoding='UTF-8'> and week3-roots.pem
Creating connection for 35.214.136.105 using <_io.TextIOWrapper name='logs.json' mode='a' encoding='UTF-8'> and week3-roots.pem
Creating connection for 54.75.165.89 using <_io.TextIOWrapper name='logs.json' mode='a' encoding='UTF-8'> and week3-roots.pem
Creating connection for 92.46.108.20 using <_io.TextIOWrapper name='logs.json' mode='a' encoding='UTF-8'> and week3-roots.pem
Creating connection for 197.5.145.89 using <_io.TextIOWrapper name='logs.json' mode='a' encoding='UTF-8'> and week3-roots.pem
Creating connection for 65.9.86.124 using <_io.TextIOWrapper name='logs.json' mode='a' encoding='UTF-8'> and week3-roots.pem
Creating connection for 127.0.0.1 using <_io.TextIOWrapper name='logs.json' mode='a' encoding='UTF-8'> and week3-roots.pem
CONNECTION ERROR:  
CONNECTION ERROR:  
Creating connection for 72.5.31.87 using <_io.TextIOWrapper name='logs.json' mode='a' encoding='UTF-8'> and week3-roots.pem
Creating connection for 185.149.132.153 using <_io.TextIOWrapper name='logs.json' mode='a' encoding='UTF-8'> and week3-roots.pem
CONNECTION ERROR:  
CONNECTION ERROR:  [Errno 111] Connection refused
CONNECTION ERROR:  
Creating connection for 47.115.59.1 using <_io.TextIOWrapper name='logs.json' mode='a' encoding='UTF-8'> and week3-roots.pem
Creating connection for 185.53.177.53 using <_io.TextIOWrapper name='logs.json' mode='a' encoding='UTF-8'> and week3-roots.pem
Creating connection for 172.67.74.31 using <_io.TextIOWrapper name='logs.json' mode='a' encoding='UTF-8'> and week3-roots.pem
CONNECTION ERROR:  
CONNECTION ERROR:  (32, 'EPIPE')
Creating connection for 198.185.159.144 using <_io.TextIOWrapper name='logs.json' mode='a' encoding='UTF-8'> and week3-roots.pem
CONNECTION ERROR:  
CONNECTION ERROR:  [Errno 111] Connection refused
CONNECTION ERROR:  
CONNECTION ERROR:  (32, 'EPIPE')
CONNECTION ERROR:  
Creating connection for 172.67.186.149 using <_io.TextIOWrapper name='logs.json' mode='a' encoding='UTF-8'> and week3-roots.pem
Creating connection for 210.129.140.77 using <_io.TextIOWrapper name='logs.json' mode='a' encoding='UTF-8'> and week3-roots.pem
Creating connection for 104.21.36.100 using <_io.TextIOWrapper name='logs.json' mode='a' encoding='UTF-8'> and week3-roots.pem
CONNECTION ERROR:  
Creating connection for 162.240.39.143 using <_io.TextIOWrapper name='logs.json' mode='a' encoding='UTF-8'> and week3-roots.pem
CONNECTION ERROR:  
Creating connection for 205.209.44.9 using <_io.TextIOWrapper name='logs.json' mode='a' encoding='UTF-8'> and week3-roots.pem
Creating connection for 84.53.185.170 using <_io.TextIOWrapper name='logs.json' mode='a' encoding='UTF-8'> and week3-roots.pem
Creating connection for 185.165.123.36 using <_io.TextIOWrapper name='logs.json' mode='a' encoding='UTF-8'> and week3-roots.pem
Creating connection for 104.148.1.66 using <_io.TextIOWrapper name='logs.json' mode='a' encoding='UTF-8'> and week3-roots.pem
Creating connection for 65.9.86.38 using <_io.TextIOWrapper name='logs.json' mode='a' encoding='UTF-8'> and week3-roots.pem
CONNECTION ERROR:  
CONNECTION ERROR:  
CONNECTION ERROR:  
Creating connection for 172.67.181.126 using <_io.TextIOWrapper name='logs.json' mode='a' encoding='UTF-8'> and week3-roots.pem
Creating connection for 65.9.86.15 using <_io.TextIOWrapper name='logs.json' mode='a' encoding='UTF-8'> and week3-roots.pem
Creating connection for 208.109.32.174 using <_io.TextIOWrapper name='logs.json' mode='a' encoding='UTF-8'> and week3-roots.pem
Creating connection for 194.65.40.120 using <_io.TextIOWrapper name='logs.json' mode='a' encoding='UTF-8'> and week3-roots.pem
CONNECTION ERROR:  
CONNECTION ERROR:  
CONNECTION ERROR:  
Creating connection for 89.252.179.20 using <_io.TextIOWrapper name='logs.json' mode='a' encoding='UTF-8'> and week3-roots.pemCONNECTION ERROR:  
CONNECTION ERROR:  
CONNECTION ERROR:  
CONNECTION ERROR:  

Creating connection for 35.154.184.15 using <_io.TextIOWrapper name='logs.json' mode='a' encoding='UTF-8'> and week3-roots.pem
Creating connection for 208.90.189.65 using <_io.TextIOWrapper name='logs.json' mode='a' encoding='UTF-8'> and week3-roots.pem
Creating connection for 151.101.65.124 using <_io.TextIOWrapper name='logs.json' mode='a' encoding='UTF-8'> and week3-roots.pem
CONNECTION ERROR:  
Creating connection for 81.17.18.196 using <_io.TextIOWrapper name='logs.json' mode='a' encoding='UTF-8'> and week3-roots.pem
Creating connection for 37.48.77.229 using <_io.TextIOWrapper name='logs.json' mode='a' encoding='UTF-8'> and week3-roots.pem
CONNECTION ERROR:  
CONNECTION ERROR:  
Creating connection for 51.15.238.107 using <_io.TextIOWrapper name='logs.json' mode='a' encoding='UTF-8'> and week3-roots.pem
CONNECTION ERROR:  
CONNECTION ERROR:  
CONNECTION ERROR:  
CONNECTION ERROR:  
CONNECTION ERROR:  
Creating connection for 198.101.187.4 using <_io.TextIOWrapper name='logs.json' mode='a' encoding='UTF-8'> and week3-roots.pem
CONNECTION ERROR:  
CONNECTION ERROR:  
Creating connection for 172.67.151.87 using <_io.TextIOWrapper name='logs.json' mode='a' encoding='UTF-8'> and week3-roots.pem
CONNECTION ERROR:  
Creating connection for 104.16.109.239 using <_io.TextIOWrapper name='logs.json' mode='a' encoding='UTF-8'> and week3-roots.pem
CONNECTION ERROR:  
Creating connection for 14.102.148.51 using <_io.TextIOWrapper name='logs.json' mode='a' encoding='UTF-8'> and week3-roots.pem
CONNECTION ERROR:  
CONNECTION ERROR:  
Creating connection for 13.107.246.19 using <_io.TextIOWrapper name='logs.json' mode='a' encoding='UTF-8'> and week3-roots.pem
Creating connection for 104.26.2.87 using <_io.TextIOWrapper name='logs.json' mode='a' encoding='UTF-8'> and week3-roots.pem
CONNECTION ERROR:  
CONNECTION ERROR:  
Creating connection for 210.69.75.62 using <_io.TextIOWrapper name='logs.json' mode='a' encoding='UTF-8'> and week3-roots.pem
CONNECTION ERROR:  
Creating connection for 3.142.179.157 using <_io.TextIOWrapper name='logs.json' mode='a' encoding='UTF-8'> and week3-roots.pem
CONNECTION ERROR:  
Creating connection for 172.67.215.153 using <_io.TextIOWrapper name='logs.json' mode='a' encoding='UTF-8'> and week3-roots.pem
CONNECTION ERROR:  
Creating connection for 72.15.149.141 using <_io.TextIOWrapper name='logs.json' mode='a' encoding='UTF-8'> and week3-roots.pem
Creating connection for 172.66.42.246 using <_io.TextIOWrapper name='logs.json' mode='a' encoding='UTF-8'> and week3-roots.pem
Creating connection for 13.69.228.39 using <_io.TextIOWrapper name='logs.json' mode='a' encoding='UTF-8'> and week3-roots.pem
Creating connection for 45.80.111.4 using <_io.TextIOWrapper name='logs.json' mode='a' encoding='UTF-8'> and week3-roots.pem
Creating connection for 172.67.155.19 using <_io.TextIOWrapper name='logs.json' mode='a' encoding='UTF-8'> and week3-roots.pem
CONNECTION ERROR:  
Creating connection for 188.114.97.3 using <_io.TextIOWrapper name='logs.json' mode='a' encoding='UTF-8'> and week3-roots.pem
CONNECTION ERROR:  
CONNECTION ERROR:  
Creating connection for 65.9.86.43 using <_io.TextIOWrapper name='logs.json' mode='a' encoding='UTF-8'> and week3-roots.pem
CONNECTION ERROR:  
Creating connection for 35.224.33.165 using <_io.TextIOWrapper name='logs.json' mode='a' encoding='UTF-8'> and week3-roots.pem
Creating connection for 178.128.166.248 using <_io.TextIOWrapper name='logs.json' mode='a' encoding='UTF-8'> and week3-roots.pem
CONNECTION ERROR:  
CONNECTION ERROR:  
Creating connection for 172.67.216.167 using <_io.TextIOWrapper name='logs.json' mode='a' encoding='UTF-8'> and week3-roots.pem
CONNECTION ERROR:  
CONNECTION ERROR:  
CONNECTION ERROR:  
CONNECTION ERROR:  
CONNECTION ERROR:  
Creating connection for 172.67.165.232 using <_io.TextIOWrapper name='logs.json' mode='a' encoding='UTF-8'> and week3-roots.pem
Creating connection for 125.212.247.31 using <_io.TextIOWrapper name='logs.json' mode='a' encoding='UTF-8'> and week3-roots.pem
CONNECTION ERROR:  
Creating connection for 104.21.52.234 using <_io.TextIOWrapper name='logs.json' mode='a' encoding='UTF-8'> and week3-roots.pem
CONNECTION ERROR:  
CONNECTION ERROR:  
Creating connection for 92.205.18.141 using <_io.TextIOWrapper name='logs.json' mode='a' encoding='UTF-8'> and week3-roots.pem
CONNECTION ERROR:  
CONNECTION ERROR:  
Creating connection for 13.248.155.104 using <_io.TextIOWrapper name='logs.json' mode='a' encoding='UTF-8'> and week3-roots.pem
Creating connection for 192.185.5.222 using <_io.TextIOWrapper name='logs.json' mode='a' encoding='UTF-8'> and week3-roots.pem
CONNECTION ERROR:  
CONNECTION ERROR:  
CONNECTION ERROR:  
Creating connection for 104.18.179.16 using <_io.TextIOWrapper name='logs.json' mode='a' encoding='UTF-8'> and week3-roots.pem
CONNECTION ERROR:  
CONNECTION ERROR:  [Errno 111] Connection refused
Creating connection for 38.29.223.116 using <_io.TextIOWrapper name='logs.json' mode='a' encoding='UTF-8'> and week3-roots.pem
CONNECTION ERROR:  (32, 'EPIPE')
Creating connection for 38.78.196.6 using <_io.TextIOWrapper name='logs.json' mode='a' encoding='UTF-8'> and week3-roots.pem
Creating connection for 65.9.86.94 using <_io.TextIOWrapper name='logs.json' mode='a' encoding='UTF-8'> and week3-roots.pem
CONNECTION ERROR:  
CONNECTION ERROR:  
Creating connection for 104.26.4.92 using <_io.TextIOWrapper name='logs.json' mode='a' encoding='UTF-8'> and week3-roots.pem
CONNECTION ERROR:  
Creating connection for 153.92.207.195 using <_io.TextIOWrapper name='logs.json' mode='a' encoding='UTF-8'> and week3-roots.pem
Creating connection for 172.67.130.145 using <_io.TextIOWrapper name='logs.json' mode='a' encoding='UTF-8'> and week3-roots.pem
CONNECTION ERROR:  
Creating connection for 79.175.133.154 using <_io.TextIOWrapper name='logs.json' mode='a' encoding='UTF-8'> and week3-roots.pem
Creating connection for 65.9.86.27 using <_io.TextIOWrapper name='logs.json' mode='a' encoding='UTF-8'> and week3-roots.pem
Creating connection for 132.226.44.1 using <_io.TextIOWrapper name='logs.json' mode='a' encoding='UTF-8'> and week3-roots.pem
CONNECTION ERROR:  
CONNECTION ERROR:  
CONNECTION ERROR:  
Creating connection for 141.193.213.11 using <_io.TextIOWrapper name='logs.json' mode='a' encoding='UTF-8'> and week3-roots.pem
CONNECTION ERROR:  
CONNECTION ERROR:  
Creating connection for 208.93.159.151 using <_io.TextIOWrapper name='logs.json' mode='a' encoding='UTF-8'> and week3-roots.pem
CONNECTION ERROR:  
CONNECTION ERROR:  
Creating connection for 65.9.86.72 using <_io.TextIOWrapper name='logs.json' mode='a' encoding='UTF-8'> and week3-roots.pem
Creating connection for 20.54.132.194 using <_io.TextIOWrapper name='logs.json' mode='a' encoding='UTF-8'> and week3-roots.pem
Creating connection for 84.54.115.115 using <_io.TextIOWrapper name='logs.json' mode='a' encoding='UTF-8'> and week3-roots.pem
Creating connection for 120.27.248.72 using <_io.TextIOWrapper name='logs.json' mode='a' encoding='UTF-8'> and week3-roots.pem
Creating connection for 15.188.205.253 using <_io.TextIOWrapper name='logs.json' mode='a' encoding='UTF-8'> and week3-roots.pem
CONNECTION ERROR:  
CONNECTION ERROR:  
Creating connection for 184.154.47.82 using <_io.TextIOWrapper name='logs.json' mode='a' encoding='UTF-8'> and week3-roots.pem
Creating connection for 182.16.47.74 using <_io.TextIOWrapper name='logs.json' mode='a' encoding='UTF-8'> and week3-roots.pem
Creating connection for 52.224.203.116 using <_io.TextIOWrapper name='logs.json' mode='a' encoding='UTF-8'> and week3-roots.pem
CONNECTION ERROR:  
CONNECTION ERROR:  
CONNECTION ERROR:  
CONNECTION ERROR:  
Creating connection for 104.20.172.2 using <_io.TextIOWrapper name='logs.json' mode='a' encoding='UTF-8'> and week3-roots.pem
Creating connection for 62.221.199.49 using <_io.TextIOWrapper name='logs.json' mode='a' encoding='UTF-8'> and week3-roots.pem
Creating connection for 104.21.42.195 using <_io.TextIOWrapper name='logs.json' mode='a' encoding='UTF-8'> and week3-roots.pem
CONNECTION ERROR:  
Creating connection for 104.26.3.61 using <_io.TextIOWrapper name='logs.json' mode='a' encoding='UTF-8'> and week3-roots.pem
Creating connection for 151.101.130.159 using <_io.TextIOWrapper name='logs.json' mode='a' encoding='UTF-8'> and week3-roots.pem
CONNECTION ERROR:  
CONNECTION ERROR:  
Creating connection for 172.64.146.81 using <_io.TextIOWrapper name='logs.json' mode='a' encoding='UTF-8'> and week3-roots.pem
Creating connection for 104.21.62.155 using <_io.TextIOWrapper name='logs.json' mode='a' encoding='UTF-8'> and week3-roots.pem
CONNECTION ERROR:  
CONNECTION ERROR:  
Creating connection for 193.37.135.36 using <_io.TextIOWrapper name='logs.json' mode='a' encoding='UTF-8'> and week3-roots.pem
CONNECTION ERROR:  
Creating connection for 65.9.86.21 using <_io.TextIOWrapper name='logs.json' mode='a' encoding='UTF-8'> and week3-roots.pem
CONNECTION ERROR:  
CONNECTION ERROR:  
Creating connection for 198.185.159.145 using <_io.TextIOWrapper name='logs.json' mode='a' encoding='UTF-8'> and week3-roots.pem
Creating connection for 104.18.7.143 using <_io.TextIOWrapper name='logs.json' mode='a' encoding='UTF-8'> and week3-roots.pem
CONNECTION ERROR:  
CONNECTION ERROR:  
CONNECTION ERROR:  
Creating connection for 188.114.97.3 using <_io.TextIOWrapper name='logs.json' mode='a' encoding='UTF-8'> and week3-roots.pem
CONNECTION ERROR:  
Creating connection for 3.98.176.85 using <_io.TextIOWrapper name='logs.json' mode='a' encoding='UTF-8'> and week3-roots.pem
Creating connection for 65.49.204.179 using <_io.TextIOWrapper name='logs.json' mode='a' encoding='UTF-8'> and week3-roots.pem
CONNECTION ERROR:  
CONNECTION ERROR:  
Creating connection for 89.42.218.248 using <_io.TextIOWrapper name='logs.json' mode='a' encoding='UTF-8'> and week3-roots.pem
CONNECTION ERROR:  
CONNECTION ERROR:  
CONNECTION ERROR:  
CONNECTION ERROR:  
CONNECTION ERROR:  
CONNECTION ERROR:  
CONNECTION ERROR:  
Creating connection for 67.192.28.19 using <_io.TextIOWrapper name='logs.json' mode='a' encoding='UTF-8'> and week3-roots.pem
Creating connection for 46.166.133.151 using <_io.TextIOWrapper name='logs.json' mode='a' encoding='UTF-8'> and week3-roots.pem
CONNECTION ERROR:  
CONNECTION ERROR:  
Creating connection for 188.114.96.3 using <_io.TextIOWrapper name='logs.json' mode='a' encoding='UTF-8'> and week3-roots.pem
CONNECTION ERROR:  timed out
CONNECTION ERROR:  
Creating connection for 18.192.76.182 using <_io.TextIOWrapper name='logs.json' mode='a' encoding='UTF-8'> and week3-roots.pem
CONNECTION ERROR:  
Creating connection for 99.83.154.118 using <_io.TextIOWrapper name='logs.json' mode='a' encoding='UTF-8'> and week3-roots.pem
CONNECTION ERROR:  
Creating connection for 151.101.195.10 using <_io.TextIOWrapper name='logs.json' mode='a' encoding='UTF-8'> and week3-roots.pem
Creating connection for 185.15.196.13 using <_io.TextIOWrapper name='logs.json' mode='a' encoding='UTF-8'> and week3-roots.pem
Creating connection for 103.109.224.175 using <_io.TextIOWrapper name='logs.json' mode='a' encoding='UTF-8'> and week3-roots.pem
Creating connection for 169.55.190.245 using <_io.TextIOWrapper name='logs.json' mode='a' encoding='UTF-8'> and week3-roots.pem
CONNECTION ERROR:  
Creating connection for 188.114.96.2 using <_io.TextIOWrapper name='logs.json' mode='a' encoding='UTF-8'> and week3-roots.pem
Creating connection for 185.25.205.112 using <_io.TextIOWrapper name='logs.json' mode='a' encoding='UTF-8'> and week3-roots.pem
CONNECTION ERROR:  
Creating connection for 188.114.97.3 using <_io.TextIOWrapper name='logs.json' mode='a' encoding='UTF-8'> and week3-roots.pem
Creating connection for 72.34.37.74 using <_io.TextIOWrapper name='logs.json' mode='a' encoding='UTF-8'> and week3-roots.pem
CONNECTION ERROR:  
Creating connection for 172.67.9.72 using <_io.TextIOWrapper name='logs.json' mode='a' encoding='UTF-8'> and week3-roots.pem
Creating connection for 203.248.174.168 using <_io.TextIOWrapper name='logs.json' mode='a' encoding='UTF-8'> and week3-roots.pem
CONNECTION ERROR:  
Creating connection for 172.67.183.150 using <_io.TextIOWrapper name='logs.json' mode='a' encoding='UTF-8'> and week3-roots.pem
CONNECTION ERROR:  
Creating connection for 213.139.209.62 using <_io.TextIOWrapper name='logs.json' mode='a' encoding='UTF-8'> and week3-roots.pem
Creating connection for 169.61.52.206 using <_io.TextIOWrapper name='logs.json' mode='a' encoding='UTF-8'> and week3-roots.pem
Creating connection for 65.9.86.20 using <_io.TextIOWrapper name='logs.json' mode='a' encoding='UTF-8'> and week3-roots.pem
CONNECTION ERROR:  
Creating connection for 212.33.207.156 using <_io.TextIOWrapper name='logs.json' mode='a' encoding='UTF-8'> and week3-roots.pem
Creating connection for 13.37.145.162 using <_io.TextIOWrapper name='logs.json' mode='a' encoding='UTF-8'> and week3-roots.pem
Creating connection for 217.160.0.197 using <_io.TextIOWrapper name='logs.json' mode='a' encoding='UTF-8'> and week3-roots.pem
CONNECTION ERROR:  
Creating connection for 176.126.167.147 using <_io.TextIOWrapper name='logs.json' mode='a' encoding='UTF-8'> and week3-roots.pem
Creating connection for 141.193.213.20 using <_io.TextIOWrapper name='logs.json' mode='a' encoding='UTF-8'> and week3-roots.pem
CONNECTION ERROR:  
CONNECTION ERROR:  
CONNECTION ERROR:  
Creating connection for 91.218.229.124 using <_io.TextIOWrapper name='logs.json' mode='a' encoding='UTF-8'> and week3-roots.pem
Creating connection for 65.9.86.77 using <_io.TextIOWrapper name='logs.json' mode='a' encoding='UTF-8'> and week3-roots.pem
CONNECTION ERROR:  
CONNECTION ERROR:  
Creating connection for 104.196.220.107 using <_io.TextIOWrapper name='logs.json' mode='a' encoding='UTF-8'> and week3-roots.pem
Creating connection for 90.156.141.240 using <_io.TextIOWrapper name='logs.json' mode='a' encoding='UTF-8'> and week3-roots.pem
CONNECTION ERROR:  
CONNECTION ERROR:  timed out
CONNECTION ERROR:  
CONNECTION ERROR:  
CONNECTION ERROR:  
Creating connection for 165.160.13.20 using <_io.TextIOWrapper name='logs.json' mode='a' encoding='UTF-8'> and week3-roots.pem
Creating connection for 194.67.71.41 using <_io.TextIOWrapper name='logs.json' mode='a' encoding='UTF-8'> and week3-roots.pem
Creating connection for 104.26.8.54 using <_io.TextIOWrapper name='logs.json' mode='a' encoding='UTF-8'> and week3-roots.pem
Creating connection for 47.94.118.223 using <_io.TextIOWrapper name='logs.json' mode='a' encoding='UTF-8'> and week3-roots.pem
Creating connection for 151.101.67.10 using <_io.TextIOWrapper name='logs.json' mode='a' encoding='UTF-8'> and week3-roots.pem
Creating connection for 35.223.202.149 using <_io.TextIOWrapper name='logs.json' mode='a' encoding='UTF-8'> and week3-roots.pem
Creating connection for 104.21.10.171 using <_io.TextIOWrapper name='logs.json' mode='a' encoding='UTF-8'> and week3-roots.pem
Creating connection for 185.174.176.231 using <_io.TextIOWrapper name='logs.json' mode='a' encoding='UTF-8'> and week3-roots.pem
CONNECTION ERROR:  timed out
CONNECTION ERROR:  
Creating connection for 34.239.234.143 using <_io.TextIOWrapper name='logs.json' mode='a' encoding='UTF-8'> and week3-roots.pem
CONNECTION ERROR:  timed out
CONNECTION ERROR:  
CONNECTION ERROR:  
Creating connection for 195.20.52.34 using <_io.TextIOWrapper name='logs.json' mode='a' encoding='UTF-8'> and week3-roots.pem
CONNECTION ERROR:  
CONNECTION ERROR:  
Creating connection for 162.213.210.29 using <_io.TextIOWrapper name='logs.json' mode='a' encoding='UTF-8'> and week3-roots.pem
Creating connection for 54.73.110.36 using <_io.TextIOWrapper name='logs.json' mode='a' encoding='UTF-8'> and week3-roots.pem
CONNECTION ERROR:  
Creating connection for 52.1.114.14 using <_io.TextIOWrapper name='logs.json' mode='a' encoding='UTF-8'> and week3-roots.pem
CONNECTION ERROR:  
Creating connection for 128.65.195.21 using <_io.TextIOWrapper name='logs.json' mode='a' encoding='UTF-8'> and week3-roots.pem
CONNECTION ERROR:  
Creating connection for 121.42.111.49 using <_io.TextIOWrapper name='logs.json' mode='a' encoding='UTF-8'> and week3-roots.pem
Creating connection for 65.9.86.56 using <_io.TextIOWrapper name='logs.json' mode='a' encoding='UTF-8'> and week3-roots.pem
CONNECTION ERROR:  
Creating connection for 104.21.2.4 using <_io.TextIOWrapper name='logs.json' mode='a' encoding='UTF-8'> and week3-roots.pemCONNECTION ERROR:  

Creating connection for 68.169.84.77 using <_io.TextIOWrapper name='logs.json' mode='a' encoding='UTF-8'> and week3-roots.pem
Creating connection for 195.60.188.115 using <_io.TextIOWrapper name='logs.json' mode='a' encoding='UTF-8'> and week3-roots.pem
Creating connection for 20.49.104.40 using <_io.TextIOWrapper name='logs.json' mode='a' encoding='UTF-8'> and week3-roots.pem
CONNECTION ERROR:  
CONNECTION ERROR:  
Creating connection for 104.18.28.191 using <_io.TextIOWrapper name='logs.json' mode='a' encoding='UTF-8'> and week3-roots.pem
CONNECTION ERROR:  [Errno 111] Connection refused
CONNECTION ERROR:  
CONNECTION ERROR:  
CONNECTION ERROR:  (32, 'EPIPE')
Creating connection for 104.16.87.20 using <_io.TextIOWrapper name='logs.json' mode='a' encoding='UTF-8'> and week3-roots.pem
Creating connection for 104.21.4.211 using <_io.TextIOWrapper name='logs.json' mode='a' encoding='UTF-8'> and week3-roots.pem
CONNECTION ERROR:  
CONNECTION ERROR:  
CONNECTION ERROR:  
Creating connection for 37.58.63.96 using <_io.TextIOWrapper name='logs.json' mode='a' encoding='UTF-8'> and week3-roots.pem
Creating connection for 104.20.8.81 using <_io.TextIOWrapper name='logs.json' mode='a' encoding='UTF-8'> and week3-roots.pem
Creating connection for 35.214.143.87 using <_io.TextIOWrapper name='logs.json' mode='a' encoding='UTF-8'> and week3-roots.pem
Creating connection for 40.80.155.102 using <_io.TextIOWrapper name='logs.json' mode='a' encoding='UTF-8'> and week3-roots.pem
Creating connection for 46.167.162.9 using <_io.TextIOWrapper name='logs.json' mode='a' encoding='UTF-8'> and week3-roots.pem
CONNECTION ERROR:  
CONNECTION ERROR:  [Errno 111] Connection refused
CONNECTION ERROR:  
CONNECTION ERROR:  (32, 'EPIPE')
CONNECTION ERROR:  
CONNECTION ERROR:  
Creating connection for 178.251.187.9 using <_io.TextIOWrapper name='logs.json' mode='a' encoding='UTF-8'> and week3-roots.pem
Creating connection for 195.110.160.8 using <_io.TextIOWrapper name='logs.json' mode='a' encoding='UTF-8'> and week3-roots.pem
CONNECTION ERROR:  
Creating connection for 34.159.58.69 using <_io.TextIOWrapper name='logs.json' mode='a' encoding='UTF-8'> and week3-roots.pem
CONNECTION ERROR:  
CONNECTION ERROR:  
CONNECTION ERROR:  timed out
CONNECTION ERROR:  
Creating connection for 188.114.97.3 using <_io.TextIOWrapper name='logs.json' mode='a' encoding='UTF-8'> and week3-roots.pem
CONNECTION ERROR:  
CONNECTION ERROR:  
Creating connection for 172.67.153.34 using <_io.TextIOWrapper name='logs.json' mode='a' encoding='UTF-8'> and week3-roots.pem
CONNECTION ERROR:  
Creating connection for 198.54.117.217 using <_io.TextIOWrapper name='logs.json' mode='a' encoding='UTF-8'> and week3-roots.pem
CONNECTION ERROR:  
Creating connection for 104.18.7.148 using <_io.TextIOWrapper name='logs.json' mode='a' encoding='UTF-8'> and week3-roots.pem
Creating connection for 68.66.226.116 using <_io.TextIOWrapper name='logs.json' mode='a' encoding='UTF-8'> and week3-roots.pem
CONNECTION ERROR:  
Creating connection for 104.109.143.160 using <_io.TextIOWrapper name='logs.json' mode='a' encoding='UTF-8'> and week3-roots.pem
Creating connection for 84.53.185.193 using <_io.TextIOWrapper name='logs.json' mode='a' encoding='UTF-8'> and week3-roots.pem
CONNECTION ERROR:  
CONNECTION ERROR:  
CONNECTION ERROR:  
CONNECTION ERROR:  
CONNECTION ERROR:  
Creating connection for 65.9.86.108 using <_io.TextIOWrapper name='logs.json' mode='a' encoding='UTF-8'> and week3-roots.pem
Creating connection for 104.21.49.4 using <_io.TextIOWrapper name='logs.json' mode='a' encoding='UTF-8'> and week3-roots.pem
CONNECTION ERROR:  
CONNECTION ERROR:  
CONNECTION ERROR:  
CONNECTION ERROR:  
Creating connection for 65.9.86.114 using <_io.TextIOWrapper name='logs.json' mode='a' encoding='UTF-8'> and week3-roots.pem
Creating connection for 172.67.130.89 using <_io.TextIOWrapper name='logs.json' mode='a' encoding='UTF-8'> and week3-roots.pem
Creating connection for 109.232.231.100 using <_io.TextIOWrapper name='logs.json' mode='a' encoding='UTF-8'> and week3-roots.pem
Creating connection for 74.220.219.240 using <_io.TextIOWrapper name='logs.json' mode='a' encoding='UTF-8'> and week3-roots.pem
Creating connection for 104.218.48.222 using <_io.TextIOWrapper name='logs.json' mode='a' encoding='UTF-8'> and week3-roots.pem
CONNECTION ERROR:  
CONNECTION ERROR:  
Creating connection for 104.26.9.235 using <_io.TextIOWrapper name='logs.json' mode='a' encoding='UTF-8'> and week3-roots.pem
Creating connection for 218.29.176.215 using <_io.TextIOWrapper name='logs.json' mode='a' encoding='UTF-8'> and week3-roots.pem
CONNECTION ERROR:  [Errno 111] Connection refused
CONNECTION ERROR:  
CONNECTION ERROR:  (32, 'EPIPE')
CONNECTION ERROR:  
CONNECTION ERROR:  
CONNECTION ERROR:  [Errno 111] Connection refused
CONNECTION ERROR:  (32, 'EPIPE')
Creating connection for 137.74.51.41 using <_io.TextIOWrapper name='logs.json' mode='a' encoding='UTF-8'> and week3-roots.pem
Creating connection for 172.67.161.19 using <_io.TextIOWrapper name='logs.json' mode='a' encoding='UTF-8'> and week3-roots.pem
CONNECTION ERROR:  
CONNECTION ERROR:  
CONNECTION ERROR:  
CONNECTION ERROR:  
CONNECTION ERROR:  
CONNECTION ERROR:  
CONNECTION ERROR:  timed out
CONNECTION ERROR:  
CONNECTION ERROR:  
CONNECTION ERROR:  
CONNECTION ERROR:  
Creating connection for 35.169.48.22 using <_io.TextIOWrapper name='logs.json' mode='a' encoding='UTF-8'> and week3-roots.pem
Creating connection for 157.56.160.177 using <_io.TextIOWrapper name='logs.json' mode='a' encoding='UTF-8'> and week3-roots.pem
Creating connection for 195.8.229.154 using <_io.TextIOWrapper name='logs.json' mode='a' encoding='UTF-8'> and week3-roots.pem
CONNECTION ERROR:  
Creating connection for 185.85.205.143 using <_io.TextIOWrapper name='logs.json' mode='a' encoding='UTF-8'> and week3-roots.pem
Creating connection for 69.24.208.101 using <_io.TextIOWrapper name='logs.json' mode='a' encoding='UTF-8'> and week3-roots.pem
CONNECTION ERROR:  
CONNECTION ERROR:  
Creating connection for 52.71.246.21 using <_io.TextIOWrapper name='logs.json' mode='a' encoding='UTF-8'> and week3-roots.pem
Creating connection for 5.45.86.118 using <_io.TextIOWrapper name='logs.json' mode='a' encoding='UTF-8'> and week3-roots.pem
Creating connection for 154.215.155.86 using <_io.TextIOWrapper name='logs.json' mode='a' encoding='UTF-8'> and week3-roots.pem
CONNECTION ERROR:  
CONNECTION ERROR:  
Creating connection for 3.12.184.103 using <_io.TextIOWrapper name='logs.json' mode='a' encoding='UTF-8'> and week3-roots.pem
Creating connection for 185.123.191.39 using <_io.TextIOWrapper name='logs.json' mode='a' encoding='UTF-8'> and week3-roots.pem
Creating connection for 52.4.107.205 using <_io.TextIOWrapper name='logs.json' mode='a' encoding='UTF-8'> and week3-roots.pem
Creating connection for 167.124.97.42 using <_io.TextIOWrapper name='logs.json' mode='a' encoding='UTF-8'> and week3-roots.pem
Creating connection for 117.20.103.117 using <_io.TextIOWrapper name='logs.json' mode='a' encoding='UTF-8'> and week3-roots.pem
Creating connection for 79.124.75.39 using <_io.TextIOWrapper name='logs.json' mode='a' encoding='UTF-8'> and week3-roots.pem
Creating connection for 35.208.69.73 using <_io.TextIOWrapper name='logs.json' mode='a' encoding='UTF-8'> and week3-roots.pem
Creating connection for 208.40.206.172 using <_io.TextIOWrapper name='logs.json' mode='a' encoding='UTF-8'> and week3-roots.pem
Creating connection for 104.26.11.146 using <_io.TextIOWrapper name='logs.json' mode='a' encoding='UTF-8'> and week3-roots.pem
Creating connection for 104.18.113.21 using <_io.TextIOWrapper name='logs.json' mode='a' encoding='UTF-8'> and week3-roots.pem
Creating connection for 185.179.188.232 using <_io.TextIOWrapper name='logs.json' mode='a' encoding='UTF-8'> and week3-roots.pem
Creating connection for 188.93.94.37 using <_io.TextIOWrapper name='logs.json' mode='a' encoding='UTF-8'> and week3-roots.pem
Creating connection for 65.9.86.80 using <_io.TextIOWrapper name='logs.json' mode='a' encoding='UTF-8'> and week3-roots.pem
Creating connection for 199.231.188.248 using <_io.TextIOWrapper name='logs.json' mode='a' encoding='UTF-8'> and week3-roots.pem
Creating connection for 189.90.130.236 using <_io.TextIOWrapper name='logs.json' mode='a' encoding='UTF-8'> and week3-roots.pem
Creating connection for 34.75.88.89 using <_io.TextIOWrapper name='logs.json' mode='a' encoding='UTF-8'> and week3-roots.pem
CONNECTION ERROR:  
Creating connection for 100.24.208.97 using <_io.TextIOWrapper name='logs.json' mode='a' encoding='UTF-8'> and week3-roots.pem
Creating connection for 135.181.101.115 using <_io.TextIOWrapper name='logs.json' mode='a' encoding='UTF-8'> and week3-roots.pem
Creating connection for 185.26.182.111 using <_io.TextIOWrapper name='logs.json' mode='a' encoding='UTF-8'> and week3-roots.pem
CONNECTION ERROR:  
CONNECTION ERROR:  
CONNECTION ERROR:  
Creating connection for 65.9.86.23 using <_io.TextIOWrapper name='logs.json' mode='a' encoding='UTF-8'> and week3-roots.pem
CONNECTION ERROR:  
CONNECTION ERROR:  
CONNECTION ERROR:  
Creating connection for 104.21.86.15 using <_io.TextIOWrapper name='logs.json' mode='a' encoding='UTF-8'> and week3-roots.pem
CONNECTION ERROR:  
CONNECTION ERROR:  
Creating connection for 103.30.145.24 using <_io.TextIOWrapper name='logs.json' mode='a' encoding='UTF-8'> and week3-roots.pem
Creating connection for 80.237.133.12 using <_io.TextIOWrapper name='logs.json' mode='a' encoding='UTF-8'> and week3-roots.pem
Creating connection for 65.9.86.95 using <_io.TextIOWrapper name='logs.json' mode='a' encoding='UTF-8'> and week3-roots.pem
Creating connection for 65.9.86.129 using <_io.TextIOWrapper name='logs.json' mode='a' encoding='UTF-8'> and week3-roots.pem
CONNECTION ERROR:  
CONNECTION ERROR:  
CONNECTION ERROR:  
CONNECTION ERROR:  
CONNECTION ERROR:  
Creating connection for 104.21.17.34 using <_io.TextIOWrapper name='logs.json' mode='a' encoding='UTF-8'> and week3-roots.pem
Creating connection for 185.143.234.85 using <_io.TextIOWrapper name='logs.json' mode='a' encoding='UTF-8'> and week3-roots.pem
CONNECTION ERROR:  
CONNECTION ERROR:  
CONNECTION ERROR:  
CONNECTION ERROR:  
CONNECTION ERROR:  
CONNECTION ERROR:  timed out
CONNECTION ERROR:  
Creating connection for 163.171.133.124 using <_io.TextIOWrapper name='logs.json' mode='a' encoding='UTF-8'> and week3-roots.pem
Creating connection for 65.9.86.60 using <_io.TextIOWrapper name='logs.json' mode='a' encoding='UTF-8'> and week3-roots.pem
CONNECTION ERROR:  
CONNECTION ERROR:  [Errno 111] Connection refused
CONNECTION ERROR:  
Creating connection for 52.33.104.247 using <_io.TextIOWrapper name='logs.json' mode='a' encoding='UTF-8'> and week3-roots.pem
CONNECTION ERROR:  [Errno 111] Connection refused
CONNECTION ERROR:  
CONNECTION ERROR:  (32, 'EPIPE')
CONNECTION ERROR:  (32, 'EPIPE')
CONNECTION ERROR:  
CONNECTION ERROR:  
Creating connection for 104.21.62.3 using <_io.TextIOWrapper name='logs.json' mode='a' encoding='UTF-8'> and week3-roots.pem
Creating connection for 104.82.252.18 using <_io.TextIOWrapper name='logs.json' mode='a' encoding='UTF-8'> and week3-roots.pem
Creating connection for 3.19.116.195 using <_io.TextIOWrapper name='logs.json' mode='a' encoding='UTF-8'> and week3-roots.pem
CONNECTION ERROR:  
CONNECTION ERROR:  
Creating connection for 23.227.38.65 using <_io.TextIOWrapper name='logs.json' mode='a' encoding='UTF-8'> and week3-roots.pem
CONNECTION ERROR:  
Creating connection for 34.236.100.56 using <_io.TextIOWrapper name='logs.json' mode='a' encoding='UTF-8'> and week3-roots.pem
Creating connection for 91.223.37.13 using <_io.TextIOWrapper name='logs.json' mode='a' encoding='UTF-8'> and week3-roots.pem
Creating connection for 104.21.29.198 using <_io.TextIOWrapper name='logs.json' mode='a' encoding='UTF-8'> and week3-roots.pem
CONNECTION ERROR:  
CONNECTION ERROR:  
CONNECTION ERROR:  [Errno 111] Connection refused
Creating connection for 172.67.207.50 using <_io.TextIOWrapper name='logs.json' mode='a' encoding='UTF-8'> and week3-roots.pem
Creating connection for 85.119.249.227 using <_io.TextIOWrapper name='logs.json' mode='a' encoding='UTF-8'> and week3-roots.pem
CONNECTION ERROR:  (32, 'EPIPE')
CONNECTION ERROR:  
CONNECTION ERROR:  
Creating connection for 195.117.249.48 using <_io.TextIOWrapper name='logs.json' mode='a' encoding='UTF-8'> and week3-roots.pem
CONNECTION ERROR:  
Creating connection for 65.9.86.94 using <_io.TextIOWrapper name='logs.json' mode='a' encoding='UTF-8'> and week3-roots.pem
Creating connection for 172.67.179.75 using <_io.TextIOWrapper name='logs.json' mode='a' encoding='UTF-8'> and week3-roots.pem
Creating connection for 172.67.198.7 using <_io.TextIOWrapper name='logs.json' mode='a' encoding='UTF-8'> and week3-roots.pem
CONNECTION ERROR:  
Creating connection for 121.46.194.163 using <_io.TextIOWrapper name='logs.json' mode='a' encoding='UTF-8'> and week3-roots.pem
Creating connection for 85.214.237.43 using <_io.TextIOWrapper name='logs.json' mode='a' encoding='UTF-8'> and week3-roots.pem
Creating connection for 54.170.30.74 using <_io.TextIOWrapper name='logs.json' mode='a' encoding='UTF-8'> and week3-roots.pem
CONNECTION ERROR:  
CONNECTION ERROR:  
Creating connection for 95.142.100.124 using <_io.TextIOWrapper name='logs.json' mode='a' encoding='UTF-8'> and week3-roots.pem
CONNECTION ERROR:  
CONNECTION ERROR:  timed out
CONNECTION ERROR:  
Creating connection for 172.67.193.80 using <_io.TextIOWrapper name='logs.json' mode='a' encoding='UTF-8'> and week3-roots.pem
Creating connection for 34.206.102.60 using <_io.TextIOWrapper name='logs.json' mode='a' encoding='UTF-8'> and week3-roots.pem
Creating connection for 188.114.96.3 using <_io.TextIOWrapper name='logs.json' mode='a' encoding='UTF-8'> and week3-roots.pem
CONNECTION ERROR:  
CONNECTION ERROR:  
CONNECTION ERROR:  
CONNECTION ERROR:  
CONNECTION ERROR:  
Creating connection for 82.135.219.245 using <_io.TextIOWrapper name='logs.json' mode='a' encoding='UTF-8'> and week3-roots.pem
Creating connection for 195.208.1.101 using <_io.TextIOWrapper name='logs.json' mode='a' encoding='UTF-8'> and week3-roots.pem
CONNECTION ERROR:  
CONNECTION ERROR:  
CONNECTION ERROR:  
Creating connection for 20.96.248.8 using <_io.TextIOWrapper name='logs.json' mode='a' encoding='UTF-8'> and week3-roots.pem
Creating connection for 172.67.193.248 using <_io.TextIOWrapper name='logs.json' mode='a' encoding='UTF-8'> and week3-roots.pem
Creating connection for 65.9.86.88 using <_io.TextIOWrapper name='logs.json' mode='a' encoding='UTF-8'> and week3-roots.pem
CONNECTION ERROR:  
Creating connection for 52.86.52.217 using <_io.TextIOWrapper name='logs.json' mode='a' encoding='UTF-8'> and week3-roots.pem
Creating connection for 76.76.21.93 using <_io.TextIOWrapper name='logs.json' mode='a' encoding='UTF-8'> and week3-roots.pem
Creating connection for 172.67.200.38 using <_io.TextIOWrapper name='logs.json' mode='a' encoding='UTF-8'> and week3-roots.pem
Creating connection for 172.66.40.228 using <_io.TextIOWrapper name='logs.json' mode='a' encoding='UTF-8'> and week3-roots.pem
Creating connection for 50.56.2.116 using <_io.TextIOWrapper name='logs.json' mode='a' encoding='UTF-8'> and week3-roots.pem
CONNECTION ERROR:  
CONNECTION ERROR:  [Errno 111] Connection refused
CONNECTION ERROR:  (32, 'EPIPE')
Creating connection for 210.210.24.66 using <_io.TextIOWrapper name='logs.json' mode='a' encoding='UTF-8'> and week3-roots.pem
CONNECTION ERROR:  
CONNECTION ERROR:  timed out
CONNECTION ERROR:  
CONNECTION ERROR:  
CONNECTION ERROR:  
Creating connection for 172.67.154.241 using <_io.TextIOWrapper name='logs.json' mode='a' encoding='UTF-8'> and week3-roots.pem
Creating connection for 3.11.7.84 using <_io.TextIOWrapper name='logs.json' mode='a' encoding='UTF-8'> and week3-roots.pem
Creating connection for 104.26.9.62 using <_io.TextIOWrapper name='logs.json' mode='a' encoding='UTF-8'> and week3-roots.pem
Creating connection for 23.224.122.45 using <_io.TextIOWrapper name='logs.json' mode='a' encoding='UTF-8'> and week3-roots.pem
CONNECTION ERROR:  
CONNECTION ERROR:  
CONNECTION ERROR:  
CONNECTION ERROR:  
CONNECTION ERROR:  
CONNECTION ERROR:  timed out
Creating connection for 216.239.34.21 using <_io.TextIOWrapper name='logs.json' mode='a' encoding='UTF-8'> and week3-roots.pem
Creating connection for 223.119.162.121 using <_io.TextIOWrapper name='logs.json' mode='a' encoding='UTF-8'> and week3-roots.pem
CONNECTION ERROR:  
CONNECTION ERROR:  
Creating connection for 104.16.69.82 using <_io.TextIOWrapper name='logs.json' mode='a' encoding='UTF-8'> and week3-roots.pem
Creating connection for 74.208.236.159 using <_io.TextIOWrapper name='logs.json' mode='a' encoding='UTF-8'> and week3-roots.pem
Creating connection for 23.109.87.20 using <_io.TextIOWrapper name='logs.json' mode='a' encoding='UTF-8'> and week3-roots.pem
CONNECTION ERROR:  
CONNECTION ERROR:  
CONNECTION ERROR:  
CONNECTION ERROR:  
Creating connection for 198.49.23.145 using <_io.TextIOWrapper name='logs.json' mode='a' encoding='UTF-8'> and week3-roots.pem
CONNECTION ERROR:  
CONNECTION ERROR:  
CONNECTION ERROR:  
Creating connection for 76.76.21.21 using <_io.TextIOWrapper name='logs.json' mode='a' encoding='UTF-8'> and week3-roots.pem
Creating connection for 104.22.27.116 using <_io.TextIOWrapper name='logs.json' mode='a' encoding='UTF-8'> and week3-roots.pem
Creating connection for 65.9.86.44 using <_io.TextIOWrapper name='logs.json' mode='a' encoding='UTF-8'> and week3-roots.pem
Creating connection for 8.26.21.195 using <_io.TextIOWrapper name='logs.json' mode='a' encoding='UTF-8'> and week3-roots.pem
Creating connection for 198.185.159.145 using <_io.TextIOWrapper name='logs.json' mode='a' encoding='UTF-8'> and week3-roots.pem
CONNECTION ERROR:  
CONNECTION ERROR:  
Creating connection for 103.86.84.201 using <_io.TextIOWrapper name='logs.json' mode='a' encoding='UTF-8'> and week3-roots.pem
Creating connection for 77.93.218.104 using <_io.TextIOWrapper name='logs.json' mode='a' encoding='UTF-8'> and week3-roots.pem
Creating connection for 65.9.86.80 using <_io.TextIOWrapper name='logs.json' mode='a' encoding='UTF-8'> and week3-roots.pem
CONNECTION ERROR:  
CONNECTION ERROR:  
CONNECTION ERROR:  
Creating connection for 47.243.165.103 using <_io.TextIOWrapper name='logs.json' mode='a' encoding='UTF-8'> and week3-roots.pem
CONNECTION ERROR:  
CONNECTION ERROR:  
CONNECTION ERROR:  
Creating connection for 54.236.80.152 using <_io.TextIOWrapper name='logs.json' mode='a' encoding='UTF-8'> and week3-roots.pem
CONNECTION ERROR:  
Creating connection for 104.18.9.228 using <_io.TextIOWrapper name='logs.json' mode='a' encoding='UTF-8'> and week3-roots.pem
CONNECTION ERROR:  
Creating connection for 198.49.23.144 using <_io.TextIOWrapper name='logs.json' mode='a' encoding='UTF-8'> and week3-roots.pem
CONNECTION ERROR:  
Creating connection for 35.190.25.237 using <_io.TextIOWrapper name='logs.json' mode='a' encoding='UTF-8'> and week3-roots.pem
Creating connection for 65.9.86.84 using <_io.TextIOWrapper name='logs.json' mode='a' encoding='UTF-8'> and week3-roots.pem
CONNECTION ERROR:  
Creating connection for 68.183.31.189 using <_io.TextIOWrapper name='logs.json' mode='a' encoding='UTF-8'> and week3-roots.pem
CONNECTION ERROR:  [Errno 111] Connection refused
Creating connection for 213.186.33.5 using <_io.TextIOWrapper name='logs.json' mode='a' encoding='UTF-8'> and week3-roots.pem
Creating connection for 188.225.18.117 using <_io.TextIOWrapper name='logs.json' mode='a' encoding='UTF-8'> and week3-roots.pem
CONNECTION ERROR:  
CONNECTION ERROR:  (32, 'EPIPE')
CONNECTION ERROR:  
CONNECTION ERROR:  
Creating connection for 195.20.48.125 using <_io.TextIOWrapper name='logs.json' mode='a' encoding='UTF-8'> and week3-roots.pem
Creating connection for 172.66.43.166 using <_io.TextIOWrapper name='logs.json' mode='a' encoding='UTF-8'> and week3-roots.pem
Creating connection for 159.223.13.25 using <_io.TextIOWrapper name='logs.json' mode='a' encoding='UTF-8'> and week3-roots.pem
Creating connection for 65.9.86.79 using <_io.TextIOWrapper name='logs.json' mode='a' encoding='UTF-8'> and week3-roots.pem
Creating connection for 185.71.67.242 using <_io.TextIOWrapper name='logs.json' mode='a' encoding='UTF-8'> and week3-roots.pem
CONNECTION ERROR:  timed out
CONNECTION ERROR:  
CONNECTION ERROR:  
CONNECTION ERROR:  
CONNECTION ERROR:  timed out
Creating connection for 51.159.17.203 using <_io.TextIOWrapper name='logs.json' mode='a' encoding='UTF-8'> and week3-roots.pem
CONNECTION ERROR:  
Creating connection for 206.233.175.67 using <_io.TextIOWrapper name='logs.json' mode='a' encoding='UTF-8'> and week3-roots.pem
Creating connection for 34.251.169.79 using <_io.TextIOWrapper name='logs.json' mode='a' encoding='UTF-8'> and week3-roots.pem
Creating connection for 162.222.90.105 using <_io.TextIOWrapper name='logs.json' mode='a' encoding='UTF-8'> and week3-roots.pem
Creating connection for 52.38.135.104 using <_io.TextIOWrapper name='logs.json' mode='a' encoding='UTF-8'> and week3-roots.pem
CONNECTION ERROR:  
Creating connection for 206.197.47.14 using <_io.TextIOWrapper name='logs.json' mode='a' encoding='UTF-8'> and week3-roots.pem
Creating connection for 104.22.65.72 using <_io.TextIOWrapper name='logs.json' mode='a' encoding='UTF-8'> and week3-roots.pem
CONNECTION ERROR:  [Errno 111] Connection refused
CONNECTION ERROR:  
CONNECTION ERROR:  
CONNECTION ERROR:  (32, 'EPIPE')
CONNECTION ERROR:  
Creating connection for 104.26.9.91 using <_io.TextIOWrapper name='logs.json' mode='a' encoding='UTF-8'> and week3-roots.pem
Creating connection for 192.104.183.109 using <_io.TextIOWrapper name='logs.json' mode='a' encoding='UTF-8'> and week3-roots.pem
CONNECTION ERROR:  
CONNECTION ERROR:  
CONNECTION ERROR:  [Errno 111] Connection refused
CONNECTION ERROR:  (32, 'EPIPE')
CONNECTION ERROR:  
Creating connection for 52.221.150.238 using <_io.TextIOWrapper name='logs.json' mode='a' encoding='UTF-8'> and week3-roots.pem
Creating connection for 188.114.96.3 using <_io.TextIOWrapper name='logs.json' mode='a' encoding='UTF-8'> and week3-roots.pem
CONNECTION ERROR:  
CONNECTION ERROR:  
CONNECTION ERROR:  
Creating connection for 198.44.194.24 using <_io.TextIOWrapper name='logs.json' mode='a' encoding='UTF-8'> and week3-roots.pem
Creating connection for 162.209.108.113 using <_io.TextIOWrapper name='logs.json' mode='a' encoding='UTF-8'> and week3-roots.pem
CONNECTION ERROR:  
CONNECTION ERROR:  
CONNECTION ERROR:  [Errno 111] Connection refused
Creating connection for 5.61.56.137 using <_io.TextIOWrapper name='logs.json' mode='a' encoding='UTF-8'> and week3-roots.pem
Creating connection for 34.224.252.149 using <_io.TextIOWrapper name='logs.json' mode='a' encoding='UTF-8'> and week3-roots.pem
Creating connection for 104.21.88.152 using <_io.TextIOWrapper name='logs.json' mode='a' encoding='UTF-8'> and week3-roots.pem
Creating connection for 77.68.3.214 using <_io.TextIOWrapper name='logs.json' mode='a' encoding='UTF-8'> and week3-roots.pem
Creating connection for 172.67.69.201 using <_io.TextIOWrapper name='logs.json' mode='a' encoding='UTF-8'> and week3-roots.pem
CONNECTION ERROR:  
Creating connection for 91.146.104.247 using <_io.TextIOWrapper name='logs.json' mode='a' encoding='UTF-8'> and week3-roots.pem
Creating connection for 162.241.171.117 using <_io.TextIOWrapper name='logs.json' mode='a' encoding='UTF-8'> and week3-roots.pem
CONNECTION ERROR:  
CONNECTION ERROR:  
CONNECTION ERROR:  
CONNECTION ERROR:  (32, 'EPIPE')
CONNECTION ERROR:  timed out
CONNECTION ERROR:  
Creating connection for 34.195.222.162 using <_io.TextIOWrapper name='logs.json' mode='a' encoding='UTF-8'> and week3-roots.pem
Creating connection for 128.130.35.76 using <_io.TextIOWrapper name='logs.json' mode='a' encoding='UTF-8'> and week3-roots.pem
Creating connection for 23.0.215.176 using <_io.TextIOWrapper name='logs.json' mode='a' encoding='UTF-8'> and week3-roots.pem
Creating connection for 46.229.163.231 using <_io.TextIOWrapper name='logs.json' mode='a' encoding='UTF-8'> and week3-roots.pem
CONNECTION ERROR:  timed out
Creating connection for 104.18.11.231 using <_io.TextIOWrapper name='logs.json' mode='a' encoding='UTF-8'> and week3-roots.pem
CONNECTION ERROR:  
CONNECTION ERROR:  
CONNECTION ERROR:  
CONNECTION ERROR:  
Creating connection for 12.129.245.108 using <_io.TextIOWrapper name='logs.json' mode='a' encoding='UTF-8'> and week3-roots.pem
CONNECTION ERROR:  
Creating connection for 91.189.114.30 using <_io.TextIOWrapper name='logs.json' mode='a' encoding='UTF-8'> and week3-roots.pem
Creating connection for 52.16.173.229 using <_io.TextIOWrapper name='logs.json' mode='a' encoding='UTF-8'> and week3-roots.pemCONNECTION ERROR:  
CONNECTION ERROR:  

Creating connection for 104.21.41.210 using <_io.TextIOWrapper name='logs.json' mode='a' encoding='UTF-8'> and week3-roots.pem
Creating connection for 216.239.34.21 using <_io.TextIOWrapper name='logs.json' mode='a' encoding='UTF-8'> and week3-roots.pem
Creating connection for 104.26.0.65 using <_io.TextIOWrapper name='logs.json' mode='a' encoding='UTF-8'> and week3-roots.pem
Creating connection for 34.218.149.246 using <_io.TextIOWrapper name='logs.json' mode='a' encoding='UTF-8'> and week3-roots.pem
Creating connection for 173.201.178.162 using <_io.TextIOWrapper name='logs.json' mode='a' encoding='UTF-8'> and week3-roots.pem
Creating connection for 151.101.194.132 using <_io.TextIOWrapper name='logs.json' mode='a' encoding='UTF-8'> and week3-roots.pem
Creating connection for 198.185.159.144 using <_io.TextIOWrapper name='logs.json' mode='a' encoding='UTF-8'> and week3-roots.pem
CONNECTION ERROR:  
Creating connection for 23.236.62.147 using <_io.TextIOWrapper name='logs.json' mode='a' encoding='UTF-8'> and week3-roots.pem
CONNECTION ERROR:  
Creating connection for 104.26.7.40 using <_io.TextIOWrapper name='logs.json' mode='a' encoding='UTF-8'> and week3-roots.pem
CONNECTION ERROR:  
CONNECTION ERROR:  
CONNECTION ERROR:  
CONNECTION ERROR:  
CONNECTION ERROR:  
CONNECTION ERROR:  
Creating connection for 20.50.2.18 using <_io.TextIOWrapper name='logs.json' mode='a' encoding='UTF-8'> and week3-roots.pem
CONNECTION ERROR:  
Creating connection for 18.228.232.130 using <_io.TextIOWrapper name='logs.json' mode='a' encoding='UTF-8'> and week3-roots.pem
Creating connection for 65.9.86.111 using <_io.TextIOWrapper name='logs.json' mode='a' encoding='UTF-8'> and week3-roots.pem
Creating connection for 172.255.6.123 using <_io.TextIOWrapper name='logs.json' mode='a' encoding='UTF-8'> and week3-roots.pem
CONNECTION ERROR:  
Creating connection for 185.162.11.58 using <_io.TextIOWrapper name='logs.json' mode='a' encoding='UTF-8'> and week3-roots.pem
Creating connection for 103.99.72.17 using <_io.TextIOWrapper name='logs.json' mode='a' encoding='UTF-8'> and week3-roots.pem
Creating connection for 65.9.86.55 using <_io.TextIOWrapper name='logs.json' mode='a' encoding='UTF-8'> and week3-roots.pem
CONNECTION ERROR:  
Creating connection for 199.116.77.164 using <_io.TextIOWrapper name='logs.json' mode='a' encoding='UTF-8'> and week3-roots.pem
CONNECTION ERROR:  
CONNECTION ERROR:  
Creating connection for 172.67.185.74 using <_io.TextIOWrapper name='logs.json' mode='a' encoding='UTF-8'> and week3-roots.pem
CONNECTION ERROR:  
CONNECTION ERROR:  
CONNECTION ERROR:  
CONNECTION ERROR:  
Creating connection for 157.90.129.108 using <_io.TextIOWrapper name='logs.json' mode='a' encoding='UTF-8'> and week3-roots.pem
Creating connection for 104.198.68.81 using <_io.TextIOWrapper name='logs.json' mode='a' encoding='UTF-8'> and week3-roots.pem
Creating connection for 217.26.61.30 using <_io.TextIOWrapper name='logs.json' mode='a' encoding='UTF-8'> and week3-roots.pem
CONNECTION ERROR:  
CONNECTION ERROR:  timed out
CONNECTION ERROR:  
CONNECTION ERROR:  
CONNECTION ERROR:  
Creating connection for 185.232.248.221 using <_io.TextIOWrapper name='logs.json' mode='a' encoding='UTF-8'> and week3-roots.pem
Creating connection for 65.9.86.126 using <_io.TextIOWrapper name='logs.json' mode='a' encoding='UTF-8'> and week3-roots.pem
CONNECTION ERROR:  
CONNECTION ERROR:  
CONNECTION ERROR:  
CONNECTION ERROR:  
Creating connection for 38.6.143.55 using <_io.TextIOWrapper name='logs.json' mode='a' encoding='UTF-8'> and week3-roots.pem
Creating connection for 172.67.164.141 using <_io.TextIOWrapper name='logs.json' mode='a' encoding='UTF-8'> and week3-roots.pem
Creating connection for 23.185.0.1 using <_io.TextIOWrapper name='logs.json' mode='a' encoding='UTF-8'> and week3-roots.pem
Creating connection for 200.229.197.241 using <_io.TextIOWrapper name='logs.json' mode='a' encoding='UTF-8'> and week3-roots.pem
Creating connection for 3.217.137.80 using <_io.TextIOWrapper name='logs.json' mode='a' encoding='UTF-8'> and week3-roots.pem
Creating connection for 147.185.161.78 using <_io.TextIOWrapper name='logs.json' mode='a' encoding='UTF-8'> and week3-roots.pem
Creating connection for 216.93.251.212 using <_io.TextIOWrapper name='logs.json' mode='a' encoding='UTF-8'> and week3-roots.pem
Creating connection for 198.204.232.66 using <_io.TextIOWrapper name='logs.json' mode='a' encoding='UTF-8'> and week3-roots.pem
CONNECTION ERROR:  timed out
Creating connection for 65.9.86.121 using <_io.TextIOWrapper name='logs.json' mode='a' encoding='UTF-8'> and week3-roots.pem
CONNECTION ERROR:  
Creating connection for 188.114.97.12 using <_io.TextIOWrapper name='logs.json' mode='a' encoding='UTF-8'> and week3-roots.pem
Creating connection for 198.185.159.144 using <_io.TextIOWrapper name='logs.json' mode='a' encoding='UTF-8'> and week3-roots.pem
CONNECTION ERROR:  
Creating connection for 104.21.81.20 using <_io.TextIOWrapper name='logs.json' mode='a' encoding='UTF-8'> and week3-roots.pem
CONNECTION ERROR:  
CONNECTION ERROR:  
CONNECTION ERROR:  timed out
CONNECTION ERROR:  
CONNECTION ERROR:  
Creating connection for 104.21.36.73 using <_io.TextIOWrapper name='logs.json' mode='a' encoding='UTF-8'> and week3-roots.pem
CONNECTION ERROR:  
Creating connection for 65.9.86.21 using <_io.TextIOWrapper name='logs.json' mode='a' encoding='UTF-8'> and week3-roots.pem
CONNECTION ERROR:  
CONNECTION ERROR:  
Creating connection for 23.227.38.32 using <_io.TextIOWrapper name='logs.json' mode='a' encoding='UTF-8'> and week3-roots.pem
Creating connection for 23.227.38.65 using <_io.TextIOWrapper name='logs.json' mode='a' encoding='UTF-8'> and week3-roots.pem
Creating connection for 5.153.85.253 using <_io.TextIOWrapper name='logs.json' mode='a' encoding='UTF-8'> and week3-roots.pem
Creating connection for 94.138.199.100 using <_io.TextIOWrapper name='logs.json' mode='a' encoding='UTF-8'> and week3-roots.pem
CONNECTION ERROR:  
CONNECTION ERROR:  
Creating connection for 178.22.59.71 using <_io.TextIOWrapper name='logs.json' mode='a' encoding='UTF-8'> and week3-roots.pem
CONNECTION ERROR:  
CONNECTION ERROR:  
CONNECTION ERROR:  
CONNECTION ERROR:  
Creating connection for 106.75.88.154 using <_io.TextIOWrapper name='logs.json' mode='a' encoding='UTF-8'> and week3-roots.pem
CONNECTION ERROR:  
CONNECTION ERROR:  
Creating connection for 88.99.117.133 using <_io.TextIOWrapper name='logs.json' mode='a' encoding='UTF-8'> and week3-roots.pem
Creating connection for 172.66.41.18 using <_io.TextIOWrapper name='logs.json' mode='a' encoding='UTF-8'> and week3-roots.pem
Creating connection for 147.75.40.150 using <_io.TextIOWrapper name='logs.json' mode='a' encoding='UTF-8'> and week3-roots.pem
CONNECTION ERROR:  
Creating connection for 198.49.23.144 using <_io.TextIOWrapper name='logs.json' mode='a' encoding='UTF-8'> and week3-roots.pem
CONNECTION ERROR:  
Creating connection for 104.21.23.202 using <_io.TextIOWrapper name='logs.json' mode='a' encoding='UTF-8'> and week3-roots.pem
Creating connection for 27.133.147.164 using <_io.TextIOWrapper name='logs.json' mode='a' encoding='UTF-8'> and week3-roots.pem
CONNECTION ERROR:  
CONNECTION ERROR:  
CONNECTION ERROR:  
Creating connection for 34.253.101.190 using <_io.TextIOWrapper name='logs.json' mode='a' encoding='UTF-8'> and week3-roots.pem
Creating connection for 172.67.72.146 using <_io.TextIOWrapper name='logs.json' mode='a' encoding='UTF-8'> and week3-roots.pem
Creating connection for 23.227.38.74 using <_io.TextIOWrapper name='logs.json' mode='a' encoding='UTF-8'> and week3-roots.pem
Creating connection for 104.21.61.124 using <_io.TextIOWrapper name='logs.json' mode='a' encoding='UTF-8'> and week3-roots.pem
Creating connection for 54.190.209.160 using <_io.TextIOWrapper name='logs.json' mode='a' encoding='UTF-8'> and week3-roots.pem
CONNECTION ERROR:  
Creating connection for 34.98.99.30 using <_io.TextIOWrapper name='logs.json' mode='a' encoding='UTF-8'> and week3-roots.pem
CONNECTION ERROR:  
Creating connection for 151.101.66.159 using <_io.TextIOWrapper name='logs.json' mode='a' encoding='UTF-8'> and week3-roots.pem
CONNECTION ERROR:  
CONNECTION ERROR:  timed out
Creating connection for 121.41.168.199 using <_io.TextIOWrapper name='logs.json' mode='a' encoding='UTF-8'> and week3-roots.pem
CONNECTION ERROR:  
CONNECTION ERROR:  
CONNECTION ERROR:  
Creating connection for 198.251.81.30 using <_io.TextIOWrapper name='logs.json' mode='a' encoding='UTF-8'> and week3-roots.pem
CONNECTION ERROR:  
CONNECTION ERROR:  
Creating connection for 87.238.38.2 using <_io.TextIOWrapper name='logs.json' mode='a' encoding='UTF-8'> and week3-roots.pem
Creating connection for 54.199.211.225 using <_io.TextIOWrapper name='logs.json' mode='a' encoding='UTF-8'> and week3-roots.pem
Creating connection for 15.222.58.149 using <_io.TextIOWrapper name='logs.json' mode='a' encoding='UTF-8'> and week3-roots.pem
CONNECTION ERROR:  
Creating connection for 104.21.86.218 using <_io.TextIOWrapper name='logs.json' mode='a' encoding='UTF-8'> and week3-roots.pem
Creating connection for 107.161.37.135 using <_io.TextIOWrapper name='logs.json' mode='a' encoding='UTF-8'> and week3-roots.pem
CONNECTION ERROR:  
CONNECTION ERROR:  
Creating connection for 54.194.170.100 using <_io.TextIOWrapper name='logs.json' mode='a' encoding='UTF-8'> and week3-roots.pem
Creating connection for 65.9.86.69 using <_io.TextIOWrapper name='logs.json' mode='a' encoding='UTF-8'> and week3-roots.pem
CONNECTION ERROR:  
CONNECTION ERROR:  
CONNECTION ERROR:  
Creating connection for 65.9.86.104 using <_io.TextIOWrapper name='logs.json' mode='a' encoding='UTF-8'> and week3-roots.pem
CONNECTION ERROR:  
CONNECTION ERROR:  [Errno 111] Connection refused
CONNECTION ERROR:  
CONNECTION ERROR:  (32, 'EPIPE')
CONNECTION ERROR:  
CONNECTION ERROR:  
CONNECTION ERROR:  
Creating connection for 23.235.240.150 using <_io.TextIOWrapper name='logs.json' mode='a' encoding='UTF-8'> and week3-roots.pem
Creating connection for 162.241.217.90 using <_io.TextIOWrapper name='logs.json' mode='a' encoding='UTF-8'> and week3-roots.pem
Creating connection for 52.232.178.98 using <_io.TextIOWrapper name='logs.json' mode='a' encoding='UTF-8'> and week3-roots.pem
Creating connection for 54.235.91.28 using <_io.TextIOWrapper name='logs.json' mode='a' encoding='UTF-8'> and week3-roots.pem
Creating connection for 81.169.145.79 using <_io.TextIOWrapper name='logs.json' mode='a' encoding='UTF-8'> and week3-roots.pem
Creating connection for 192.235.101.16 using <_io.TextIOWrapper name='logs.json' mode='a' encoding='UTF-8'> and week3-roots.pem
Creating connection for 151.101.193.124 using <_io.TextIOWrapper name='logs.json' mode='a' encoding='UTF-8'> and week3-roots.pem
Creating connection for 65.9.86.20 using <_io.TextIOWrapper name='logs.json' mode='a' encoding='UTF-8'> and week3-roots.pem
CONNECTION ERROR:  [Errno 111] Connection refused
CONNECTION ERROR:  
CONNECTION ERROR:  
Creating connection for 107.22.28.167 using <_io.TextIOWrapper name='logs.json' mode='a' encoding='UTF-8'> and week3-roots.pem
CONNECTION ERROR:  
CONNECTION ERROR:  (32, 'EPIPE')
CONNECTION ERROR:  
CONNECTION ERROR:  
Creating connection for 104.26.3.111 using <_io.TextIOWrapper name='logs.json' mode='a' encoding='UTF-8'> and week3-roots.pem
Creating connection for 90.156.201.29 using <_io.TextIOWrapper name='logs.json' mode='a' encoding='UTF-8'> and week3-roots.pem
CONNECTION ERROR:  
Creating connection for 34.218.137.25 using <_io.TextIOWrapper name='logs.json' mode='a' encoding='UTF-8'> and week3-roots.pem
CONNECTION ERROR:  
CONNECTION ERROR:  
Creating connection for 221.234.42.18 using <_io.TextIOWrapper name='logs.json' mode='a' encoding='UTF-8'> and week3-roots.pem
Creating connection for 195.137.167.254 using <_io.TextIOWrapper name='logs.json' mode='a' encoding='UTF-8'> and week3-roots.pem
Creating connection for 104.21.17.136 using <_io.TextIOWrapper name='logs.json' mode='a' encoding='UTF-8'> and week3-roots.pem
Creating connection for 172.67.147.81 using <_io.TextIOWrapper name='logs.json' mode='a' encoding='UTF-8'> and week3-roots.pem
Creating connection for 23.227.38.74 using <_io.TextIOWrapper name='logs.json' mode='a' encoding='UTF-8'> and week3-roots.pem
CONNECTION ERROR:  
CONNECTION ERROR:  [Errno 111] Connection refused
CONNECTION ERROR:  
Creating connection for 127.0.0.1 using <_io.TextIOWrapper name='logs.json' mode='a' encoding='UTF-8'> and week3-roots.pem
CONNECTION ERROR:  (32, 'EPIPE')
Creating connection for 104.21.233.216 using <_io.TextIOWrapper name='logs.json' mode='a' encoding='UTF-8'> and week3-roots.pem
Creating connection for 65.9.86.65 using <_io.TextIOWrapper name='logs.json' mode='a' encoding='UTF-8'> and week3-roots.pem
CONNECTION ERROR:  [Errno 111] Connection refused
Creating connection for 65.9.86.74 using <_io.TextIOWrapper name='logs.json' mode='a' encoding='UTF-8'> and week3-roots.pem
CONNECTION ERROR:  
Creating connection for 172.66.43.35 using <_io.TextIOWrapper name='logs.json' mode='a' encoding='UTF-8'> and week3-roots.pem
CONNECTION ERROR:  
Creating connection for 172.67.75.123 using <_io.TextIOWrapper name='logs.json' mode='a' encoding='UTF-8'> and week3-roots.pem
Creating connection for 198.49.23.145 using <_io.TextIOWrapper name='logs.json' mode='a' encoding='UTF-8'> and week3-roots.pem
Creating connection for 23.227.38.74 using <_io.TextIOWrapper name='logs.json' mode='a' encoding='UTF-8'> and week3-roots.pem
CONNECTION ERROR:  
Creating connection for 5.187.3.137 using <_io.TextIOWrapper name='logs.json' mode='a' encoding='UTF-8'> and week3-roots.pem
CONNECTION ERROR:  
CONNECTION ERROR:  
CONNECTION ERROR:  
CONNECTION ERROR:  
CONNECTION ERROR:  
CONNECTION ERROR:  
CONNECTION ERROR:  (32, 'EPIPE')
CONNECTION ERROR:  
Creating connection for 90.156.201.78 using <_io.TextIOWrapper name='logs.json' mode='a' encoding='UTF-8'> and week3-roots.pem
CONNECTION ERROR:  
Creating connection for 34.233.196.102 using <_io.TextIOWrapper name='logs.json' mode='a' encoding='UTF-8'> and week3-roots.pem
Creating connection for 185.5.172.157 using <_io.TextIOWrapper name='logs.json' mode='a' encoding='UTF-8'> and week3-roots.pem
Creating connection for 151.101.2.127 using <_io.TextIOWrapper name='logs.json' mode='a' encoding='UTF-8'> and week3-roots.pem
CONNECTION ERROR:  
CONNECTION ERROR:  
CONNECTION ERROR:  
CONNECTION ERROR:  
Creating connection for 103.117.212.239 using <_io.TextIOWrapper name='logs.json' mode='a' encoding='UTF-8'> and week3-roots.pem
Creating connection for 178.154.230.9 using <_io.TextIOWrapper name='logs.json' mode='a' encoding='UTF-8'> and week3-roots.pem
CONNECTION ERROR:  
Creating connection for 183.136.232.41 using <_io.TextIOWrapper name='logs.json' mode='a' encoding='UTF-8'> and week3-roots.pem
CONNECTION ERROR:  
Creating connection for 119.28.58.243 using <_io.TextIOWrapper name='logs.json' mode='a' encoding='UTF-8'> and week3-roots.pem
Creating connection for 93.174.10.103 using <_io.TextIOWrapper name='logs.json' mode='a' encoding='UTF-8'> and week3-roots.pem
Creating connection for 93.189.65.128 using <_io.TextIOWrapper name='logs.json' mode='a' encoding='UTF-8'> and week3-roots.pem
Creating connection for 52.50.246.133 using <_io.TextIOWrapper name='logs.json' mode='a' encoding='UTF-8'> and week3-roots.pem
CONNECTION ERROR:  
Creating connection for 172.67.211.242 using <_io.TextIOWrapper name='logs.json' mode='a' encoding='UTF-8'> and week3-roots.pem
CONNECTION ERROR:  
Creating connection for 109.234.38.163 using <_io.TextIOWrapper name='logs.json' mode='a' encoding='UTF-8'> and week3-roots.pem
Creating connection for 58.216.118.228 using <_io.TextIOWrapper name='logs.json' mode='a' encoding='UTF-8'> and week3-roots.pem
Creating connection for 212.7.211.49 using <_io.TextIOWrapper name='logs.json' mode='a' encoding='UTF-8'> and week3-roots.pem
Creating connection for 104.21.233.211 using <_io.TextIOWrapper name='logs.json' mode='a' encoding='UTF-8'> and week3-roots.pem
Creating connection for 90.156.201.78 using <_io.TextIOWrapper name='logs.json' mode='a' encoding='UTF-8'> and week3-roots.pem
Creating connection for 104.26.1.234 using <_io.TextIOWrapper name='logs.json' mode='a' encoding='UTF-8'> and week3-roots.pem
CONNECTION ERROR:  
Creating connection for 35.214.132.56 using <_io.TextIOWrapper name='logs.json' mode='a' encoding='UTF-8'> and week3-roots.pem
Creating connection for 104.21.66.241 using <_io.TextIOWrapper name='logs.json' mode='a' encoding='UTF-8'> and week3-roots.pem
Creating connection for 142.202.188.245 using <_io.TextIOWrapper name='logs.json' mode='a' encoding='UTF-8'> and week3-roots.pem
CONNECTION ERROR:  [Errno 111] Connection refused
CONNECTION ERROR:  (32, 'EPIPE')
Creating connection for 49.50.169.108 using <_io.TextIOWrapper name='logs.json' mode='a' encoding='UTF-8'> and week3-roots.pem
Creating connection for 62.44.46.237 using <_io.TextIOWrapper name='logs.json' mode='a' encoding='UTF-8'> and week3-roots.pem
CONNECTION ERROR:  
Creating connection for 47.93.91.229 using <_io.TextIOWrapper name='logs.json' mode='a' encoding='UTF-8'> and week3-roots.pem
CONNECTION ERROR:  
CONNECTION ERROR:  
CONNECTION ERROR:  
CONNECTION ERROR:  
Creating connection for 87.236.16.167 using <_io.TextIOWrapper name='logs.json' mode='a' encoding='UTF-8'> and week3-roots.pem
CONNECTION ERROR:  
Creating connection for 104.109.143.160 using <_io.TextIOWrapper name='logs.json' mode='a' encoding='UTF-8'> and week3-roots.pem
Creating connection for 174.136.25.141 using <_io.TextIOWrapper name='logs.json' mode='a' encoding='UTF-8'> and week3-roots.pem
CONNECTION ERROR:  
Creating connection for 157.56.160.177 using <_io.TextIOWrapper name='logs.json' mode='a' encoding='UTF-8'> and week3-roots.pem
Creating connection for 46.105.204.23 using <_io.TextIOWrapper name='logs.json' mode='a' encoding='UTF-8'> and week3-roots.pem
Creating connection for 104.21.36.242 using <_io.TextIOWrapper name='logs.json' mode='a' encoding='UTF-8'> and week3-roots.pem
Creating connection for 90.156.201.82 using <_io.TextIOWrapper name='logs.json' mode='a' encoding='UTF-8'> and week3-roots.pem
CONNECTION ERROR:  [Errno 111] Connection refused
CONNECTION ERROR:  (32, 'EPIPE')
CONNECTION ERROR:  
Creating connection for 23.227.38.32 using <_io.TextIOWrapper name='logs.json' mode='a' encoding='UTF-8'> and week3-roots.pem
CONNECTION ERROR:  
CONNECTION ERROR:  
CONNECTION ERROR:  timed out
Creating connection for 149.210.155.158 using <_io.TextIOWrapper name='logs.json' mode='a' encoding='UTF-8'> and week3-roots.pem
Creating connection for 101.200.29.92 using <_io.TextIOWrapper name='logs.json' mode='a' encoding='UTF-8'> and week3-roots.pem
CONNECTION ERROR:  
CONNECTION ERROR:  
Creating connection for 35.227.20.199 using <_io.TextIOWrapper name='logs.json' mode='a' encoding='UTF-8'> and week3-roots.pem
Creating connection for 65.9.86.102 using <_io.TextIOWrapper name='logs.json' mode='a' encoding='UTF-8'> and week3-roots.pem
Creating connection for 54.208.227.125 using <_io.TextIOWrapper name='logs.json' mode='a' encoding='UTF-8'> and week3-roots.pem
CONNECTION ERROR:  
CONNECTION ERROR:  
CONNECTION ERROR:  
CONNECTION ERROR:  
Creating connection for 85.95.237.229 using <_io.TextIOWrapper name='logs.json' mode='a' encoding='UTF-8'> and week3-roots.pem
CONNECTION ERROR:  
CONNECTION ERROR:  
CONNECTION ERROR:  
Creating connection for 162.159.135.42 using <_io.TextIOWrapper name='logs.json' mode='a' encoding='UTF-8'> and week3-roots.pem
CONNECTION ERROR:  
Creating connection for 31.11.32.122 using <_io.TextIOWrapper name='logs.json' mode='a' encoding='UTF-8'> and week3-roots.pem
Creating connection for 185.230.63.107 using <_io.TextIOWrapper name='logs.json' mode='a' encoding='UTF-8'> and week3-roots.pem
Creating connection for 216.239.36.21 using <_io.TextIOWrapper name='logs.json' mode='a' encoding='UTF-8'> and week3-roots.pem
CONNECTION ERROR:  
Creating connection for 216.239.34.21 using <_io.TextIOWrapper name='logs.json' mode='a' encoding='UTF-8'> and week3-roots.pem
Creating connection for 103.20.202.169 using <_io.TextIOWrapper name='logs.json' mode='a' encoding='UTF-8'> and week3-roots.pem
CONNECTION ERROR:  
CONNECTION ERROR:  timed out
Creating connection for 104.26.13.30 using <_io.TextIOWrapper name='logs.json' mode='a' encoding='UTF-8'> and week3-roots.pem
CONNECTION ERROR:  
Creating connection for 34.205.242.146 using <_io.TextIOWrapper name='logs.json' mode='a' encoding='UTF-8'> and week3-roots.pem
CONNECTION ERROR:  
Creating connection for 141.193.213.10 using <_io.TextIOWrapper name='logs.json' mode='a' encoding='UTF-8'> and week3-roots.pem
Creating connection for 172.67.187.4 using <_io.TextIOWrapper name='logs.json' mode='a' encoding='UTF-8'> and week3-roots.pem
Creating connection for 104.26.6.187 using <_io.TextIOWrapper name='logs.json' mode='a' encoding='UTF-8'> and week3-roots.pem
CONNECTION ERROR:  
CONNECTION ERROR:  
CONNECTION ERROR:  
CONNECTION ERROR:  
CONNECTION ERROR:  
CONNECTION ERROR:  
Creating connection for 193.141.65.121 using <_io.TextIOWrapper name='logs.json' mode='a' encoding='UTF-8'> and week3-roots.pem
Creating connection for 120.138.16.220 using <_io.TextIOWrapper name='logs.json' mode='a' encoding='UTF-8'> and week3-roots.pem
CONNECTION ERROR:  timed out
Creating connection for 104.17.151.69 using <_io.TextIOWrapper name='logs.json' mode='a' encoding='UTF-8'> and week3-roots.pem
CONNECTION ERROR:  
CONNECTION ERROR:  
Creating connection for 14.139.176.140 using <_io.TextIOWrapper name='logs.json' mode='a' encoding='UTF-8'> and week3-roots.pem
Creating connection for 195.210.46.115 using <_io.TextIOWrapper name='logs.json' mode='a' encoding='UTF-8'> and week3-roots.pem
Creating connection for 104.18.6.111 using <_io.TextIOWrapper name='logs.json' mode='a' encoding='UTF-8'> and week3-roots.pem
Creating connection for 188.114.96.2 using <_io.TextIOWrapper name='logs.json' mode='a' encoding='UTF-8'> and week3-roots.pem
CONNECTION ERROR:  
CONNECTION ERROR:  
CONNECTION ERROR:  
CONNECTION ERROR:  
CONNECTION ERROR:  
CONNECTION ERROR:  
CONNECTION ERROR:  
CONNECTION ERROR:  
Creating connection for 104.26.10.109 using <_io.TextIOWrapper name='logs.json' mode='a' encoding='UTF-8'> and week3-roots.pem
Creating connection for 34.91.95.185 using <_io.TextIOWrapper name='logs.json' mode='a' encoding='UTF-8'> and week3-roots.pem
CONNECTION ERROR:  
Creating connection for 77.95.131.196 using <_io.TextIOWrapper name='logs.json' mode='a' encoding='UTF-8'> and week3-roots.pem
Creating connection for 172.67.175.185 using <_io.TextIOWrapper name='logs.json' mode='a' encoding='UTF-8'> and week3-roots.pem
Creating connection for 172.67.72.211 using <_io.TextIOWrapper name='logs.json' mode='a' encoding='UTF-8'> and week3-roots.pem
CONNECTION ERROR:  
CONNECTION ERROR:  
CONNECTION ERROR:  
CONNECTION ERROR:  
CONNECTION ERROR:  
CONNECTION ERROR:  
Creating connection for 198.147.175.118 using <_io.TextIOWrapper name='logs.json' mode='a' encoding='UTF-8'> and week3-roots.pem
CONNECTION ERROR:  
CONNECTION ERROR:  
Creating connection for 217.127.135.65 using <_io.TextIOWrapper name='logs.json' mode='a' encoding='UTF-8'> and week3-roots.pem
Creating connection for 45.77.101.57 using <_io.TextIOWrapper name='logs.json' mode='a' encoding='UTF-8'> and week3-roots.pem
CONNECTION ERROR:  [Errno 111] Connection refused
CONNECTION ERROR:  
Creating connection for 85.233.160.24 using <_io.TextIOWrapper name='logs.json' mode='a' encoding='UTF-8'> and week3-roots.pem
CONNECTION ERROR:  (32, 'EPIPE')
Creating connection for 172.67.210.3 using <_io.TextIOWrapper name='logs.json' mode='a' encoding='UTF-8'> and week3-roots.pem
CONNECTION ERROR:  
Creating connection for 47.246.48.227 using <_io.TextIOWrapper name='logs.json' mode='a' encoding='UTF-8'> and week3-roots.pem
Creating connection for 194.226.180.98 using <_io.TextIOWrapper name='logs.json' mode='a' encoding='UTF-8'> and week3-roots.pem
Creating connection for 157.90.123.222 using <_io.TextIOWrapper name='logs.json' mode='a' encoding='UTF-8'> and week3-roots.pem
CONNECTION ERROR:  
CONNECTION ERROR:  
CONNECTION ERROR:  
CONNECTION ERROR:  
Creating connection for 209.16.136.26 using <_io.TextIOWrapper name='logs.json' mode='a' encoding='UTF-8'> and week3-roots.pem
CONNECTION ERROR:  
Creating connection for 34.193.204.92 using <_io.TextIOWrapper name='logs.json' mode='a' encoding='UTF-8'> and week3-roots.pem
CONNECTION ERROR:  
Creating connection for 64.69.95.54 using <_io.TextIOWrapper name='logs.json' mode='a' encoding='UTF-8'> and week3-roots.pem
Creating connection for 185.53.179.174 using <_io.TextIOWrapper name='logs.json' mode='a' encoding='UTF-8'> and week3-roots.pem
Creating connection for 122.114.11.179 using <_io.TextIOWrapper name='logs.json' mode='a' encoding='UTF-8'> and week3-roots.pem
CONNECTION ERROR:  
CONNECTION ERROR:  
CONNECTION ERROR:  
Creating connection for 213.178.69.185 using <_io.TextIOWrapper name='logs.json' mode='a' encoding='UTF-8'> and week3-roots.pem
Creating connection for 34.208.23.159 using <_io.TextIOWrapper name='logs.json' mode='a' encoding='UTF-8'> and week3-roots.pem
Creating connection for 35.205.61.67 using <_io.TextIOWrapper name='logs.json' mode='a' encoding='UTF-8'> and week3-roots.pem
CONNECTION ERROR:  
Creating connection for 5.9.152.83 using <_io.TextIOWrapper name='logs.json' mode='a' encoding='UTF-8'> and week3-roots.pem
CONNECTION ERROR:  timed out
Creating connection for 69.169.80.242 using <_io.TextIOWrapper name='logs.json' mode='a' encoding='UTF-8'> and week3-roots.pem
Creating connection for 35.197.227.153 using <_io.TextIOWrapper name='logs.json' mode='a' encoding='UTF-8'> and week3-roots.pem
CONNECTION ERROR:  timed out
Creating connection for 83.118.226.221 using <_io.TextIOWrapper name='logs.json' mode='a' encoding='UTF-8'> and week3-roots.pem
CONNECTION ERROR:  
CONNECTION ERROR:  
CONNECTION ERROR:  
CONNECTION ERROR:  [Errno 111] Connection refused
CONNECTION ERROR:  
CONNECTION ERROR:  
Creating connection for 58.216.118.223 using <_io.TextIOWrapper name='logs.json' mode='a' encoding='UTF-8'> and week3-roots.pem
Creating connection for 54.194.234.6 using <_io.TextIOWrapper name='logs.json' mode='a' encoding='UTF-8'> and week3-roots.pem
CONNECTION ERROR:  (32, 'EPIPE')
Creating connection for 188.40.0.201 using <_io.TextIOWrapper name='logs.json' mode='a' encoding='UTF-8'> and week3-roots.pem
Creating connection for 172.64.143.12 using <_io.TextIOWrapper name='logs.json' mode='a' encoding='UTF-8'> and week3-roots.pem
Creating connection for 104.17.70.73 using <_io.TextIOWrapper name='logs.json' mode='a' encoding='UTF-8'> and week3-roots.pem
CONNECTION ERROR:  
Creating connection for 216.239.38.21 using <_io.TextIOWrapper name='logs.json' mode='a' encoding='UTF-8'> and week3-roots.pem
Creating connection for 35.156.192.218 using <_io.TextIOWrapper name='logs.json' mode='a' encoding='UTF-8'> and week3-roots.pem
Creating connection for 77.72.1.202 using <_io.TextIOWrapper name='logs.json' mode='a' encoding='UTF-8'> and week3-roots.pem
CONNECTION ERROR:  
Creating connection for 13.72.27.220 using <_io.TextIOWrapper name='logs.json' mode='a' encoding='UTF-8'> and week3-roots.pem
Creating connection for 104.22.51.155 using <_io.TextIOWrapper name='logs.json' mode='a' encoding='UTF-8'> and week3-roots.pem
CONNECTION ERROR:  
Creating connection for 172.67.69.101 using <_io.TextIOWrapper name='logs.json' mode='a' encoding='UTF-8'> and week3-roots.pem
Creating connection for 62.149.128.163 using <_io.TextIOWrapper name='logs.json' mode='a' encoding='UTF-8'> and week3-roots.pem
Creating connection for 70.32.113.40 using <_io.TextIOWrapper name='logs.json' mode='a' encoding='UTF-8'> and week3-roots.pem
Creating connection for 195.158.222.3 using <_io.TextIOWrapper name='logs.json' mode='a' encoding='UTF-8'> and week3-roots.pem
Creating connection for 217.160.0.211 using <_io.TextIOWrapper name='logs.json' mode='a' encoding='UTF-8'> and week3-roots.pem
CONNECTION ERROR:  
CONNECTION ERROR:  
CONNECTION ERROR:  
CONNECTION ERROR:  
Creating connection for 96.45.82.14 using <_io.TextIOWrapper name='logs.json' mode='a' encoding='UTF-8'> and week3-roots.pem
Creating connection for 192.185.182.20 using <_io.TextIOWrapper name='logs.json' mode='a' encoding='UTF-8'> and week3-roots.pem
CONNECTION ERROR:  
CONNECTION ERROR:  
CONNECTION ERROR:  
Creating connection for 104.26.0.198 using <_io.TextIOWrapper name='logs.json' mode='a' encoding='UTF-8'> and week3-roots.pem
Creating connection for 78.47.169.96 using <_io.TextIOWrapper name='logs.json' mode='a' encoding='UTF-8'> and week3-roots.pem
Creating connection for 62.84.154.209 using <_io.TextIOWrapper name='logs.json' mode='a' encoding='UTF-8'> and week3-roots.pem
CONNECTION ERROR:  [Errno 111] Connection refused
CONNECTION ERROR:  
CONNECTION ERROR:  timed out
CONNECTION ERROR:  
CONNECTION ERROR:  
CONNECTION ERROR:  
CONNECTION ERROR:  (32, 'EPIPE')
Creating connection for 37.1.217.9 using <_io.TextIOWrapper name='logs.json' mode='a' encoding='UTF-8'> and week3-roots.pem
CONNECTION ERROR:  
CONNECTION ERROR:  
Creating connection for 85.14.21.150 using <_io.TextIOWrapper name='logs.json' mode='a' encoding='UTF-8'> and week3-roots.pem
CONNECTION ERROR:  
Creating connection for 199.15.163.128 using <_io.TextIOWrapper name='logs.json' mode='a' encoding='UTF-8'> and week3-roots.pem
Creating connection for 113.59.43.113 using <_io.TextIOWrapper name='logs.json' mode='a' encoding='UTF-8'> and week3-roots.pem
Creating connection for 95.214.58.139 using <_io.TextIOWrapper name='logs.json' mode='a' encoding='UTF-8'> and week3-roots.pem
Creating connection for 195.20.53.106 using <_io.TextIOWrapper name='logs.json' mode='a' encoding='UTF-8'> and week3-roots.pem
Creating connection for 104.26.0.3 using <_io.TextIOWrapper name='logs.json' mode='a' encoding='UTF-8'> and week3-roots.pem
CONNECTION ERROR:  
Creating connection for 165.160.13.20 using <_io.TextIOWrapper name='logs.json' mode='a' encoding='UTF-8'> and week3-roots.pem
CONNECTION ERROR:  
CONNECTION ERROR:  
CONNECTION ERROR:  
Creating connection for 172.67.156.143 using <_io.TextIOWrapper name='logs.json' mode='a' encoding='UTF-8'> and week3-roots.pem
Creating connection for 198.50.226.221 using <_io.TextIOWrapper name='logs.json' mode='a' encoding='UTF-8'> and week3-roots.pem
CONNECTION ERROR:  
Creating connection for 46.229.174.194 using <_io.TextIOWrapper name='logs.json' mode='a' encoding='UTF-8'> and week3-roots.pem
Creating connection for 188.114.96.3 using <_io.TextIOWrapper name='logs.json' mode='a' encoding='UTF-8'> and week3-roots.pem
Creating connection for 109.239.203.244 using <_io.TextIOWrapper name='logs.json' mode='a' encoding='UTF-8'> and week3-roots.pem
CONNECTION ERROR:  timed out
CONNECTION ERROR:  
Creating connection for 18.170.122.138 using <_io.TextIOWrapper name='logs.json' mode='a' encoding='UTF-8'> and week3-roots.pem
CONNECTION ERROR:  
Creating connection for 106.75.239.179 using <_io.TextIOWrapper name='logs.json' mode='a' encoding='UTF-8'> and week3-roots.pem
Creating connection for 68.74.221.133 using <_io.TextIOWrapper name='logs.json' mode='a' encoding='UTF-8'> and week3-roots.pem
Creating connection for 201.198.246.146 using <_io.TextIOWrapper name='logs.json' mode='a' encoding='UTF-8'> and week3-roots.pem
Creating connection for 104.22.2.161 using <_io.TextIOWrapper name='logs.json' mode='a' encoding='UTF-8'> and week3-roots.pem
Creating connection for 141.94.227.133 using <_io.TextIOWrapper name='logs.json' mode='a' encoding='UTF-8'> and week3-roots.pem
CONNECTION ERROR:  [Errno 113] No route to host
CONNECTION ERROR:  
CONNECTION ERROR:  
Creating connection for 104.22.8.97 using <_io.TextIOWrapper name='logs.json' mode='a' encoding='UTF-8'> and week3-roots.pem
CONNECTION ERROR:  
CONNECTION ERROR:  
Creating connection for 172.66.41.32 using <_io.TextIOWrapper name='logs.json' mode='a' encoding='UTF-8'> and week3-roots.pem
CONNECTION ERROR:  (32, 'EPIPE')
CONNECTION ERROR:  
Creating connection for 172.64.149.5 using <_io.TextIOWrapper name='logs.json' mode='a' encoding='UTF-8'> and week3-roots.pem
CONNECTION ERROR:  
CONNECTION ERROR:  
CONNECTION ERROR:  
CONNECTION ERROR:  
Creating connection for 185.132.179.248 using <_io.TextIOWrapper name='logs.json' mode='a' encoding='UTF-8'> and week3-roots.pem
Creating connection for 185.147.83.84 using <_io.TextIOWrapper name='logs.json' mode='a' encoding='UTF-8'> and week3-roots.pem
CONNECTION ERROR:  
CONNECTION ERROR:  
CONNECTION ERROR:  
CONNECTION ERROR:  
CONNECTION ERROR:  timed out
Creating connection for 5.2.65.137 using <_io.TextIOWrapper name='logs.json' mode='a' encoding='UTF-8'> and week3-roots.pem
CONNECTION ERROR:  [Errno 111] Connection refusedCONNECTION ERROR:  
CONNECTION ERROR:  

CONNECTION ERROR:  
Creating connection for 104.26.0.141 using <_io.TextIOWrapper name='logs.json' mode='a' encoding='UTF-8'> and week3-roots.pem
CONNECTION ERROR:  (32, 'EPIPE')
Creating connection for 34.93.52.48 using <_io.TextIOWrapper name='logs.json' mode='a' encoding='UTF-8'> and week3-roots.pem
CONNECTION ERROR:  
CONNECTION ERROR:  
CONNECTION ERROR:  timed out
Creating connection for 104.18.32.77 using <_io.TextIOWrapper name='logs.json' mode='a' encoding='UTF-8'> and week3-roots.pem
Creating connection for 172.67.190.194 using <_io.TextIOWrapper name='logs.json' mode='a' encoding='UTF-8'> and week3-roots.pem
CONNECTION ERROR:  
CONNECTION ERROR:  
CONNECTION ERROR:  
CONNECTION ERROR:  
CONNECTION ERROR:  
Creating connection for 64.31.61.154 using <_io.TextIOWrapper name='logs.json' mode='a' encoding='UTF-8'> and week3-roots.pem
CONNECTION ERROR:  [Errno 111] Connection refused
Creating connection for 141.193.213.11 using <_io.TextIOWrapper name='logs.json' mode='a' encoding='UTF-8'> and week3-roots.pem
CONNECTION ERROR:  (32, 'EPIPE')
CONNECTION ERROR:  
Creating connection for 121.194.14.67 using <_io.TextIOWrapper name='logs.json' mode='a' encoding='UTF-8'> and week3-roots.pem
CONNECTION ERROR:  
CONNECTION ERROR:  
Creating connection for 108.170.47.71 using <_io.TextIOWrapper name='logs.json' mode='a' encoding='UTF-8'> and week3-roots.pem
CONNECTION ERROR:  
Creating connection for 151.101.194.114 using <_io.TextIOWrapper name='logs.json' mode='a' encoding='UTF-8'> and week3-roots.pem
CONNECTION ERROR:  
Creating connection for 216.239.36.21 using <_io.TextIOWrapper name='logs.json' mode='a' encoding='UTF-8'> and week3-roots.pem
CONNECTION ERROR:  
Creating connection for 104.21.27.166 using <_io.TextIOWrapper name='logs.json' mode='a' encoding='UTF-8'> and week3-roots.pem
CONNECTION ERROR:  
CONNECTION ERROR:  
Creating connection for 172.66.40.201 using <_io.TextIOWrapper name='logs.json' mode='a' encoding='UTF-8'> and week3-roots.pem
Creating connection for 65.9.86.106 using <_io.TextIOWrapper name='logs.json' mode='a' encoding='UTF-8'> and week3-roots.pem
Creating connection for 87.236.16.133 using <_io.TextIOWrapper name='logs.json' mode='a' encoding='UTF-8'> and week3-roots.pem
Creating connection for 172.67.142.121 using <_io.TextIOWrapper name='logs.json' mode='a' encoding='UTF-8'> and week3-roots.pem
Creating connection for 216.58.214.19 using <_io.TextIOWrapper name='logs.json' mode='a' encoding='UTF-8'> and week3-roots.pem
CONNECTION ERROR:  
CONNECTION ERROR:  
Creating connection for 79.127.127.70 using <_io.TextIOWrapper name='logs.json' mode='a' encoding='UTF-8'> and week3-roots.pem
Creating connection for 156.225.42.217 using <_io.TextIOWrapper name='logs.json' mode='a' encoding='UTF-8'> and week3-roots.pem
CONNECTION ERROR:  [Errno 113] No route to host
CONNECTION ERROR:  (32, 'EPIPE')
CONNECTION ERROR:  
Creating connection for 103.120.80.155 using <_io.TextIOWrapper name='logs.json' mode='a' encoding='UTF-8'> and week3-roots.pem
CONNECTION ERROR:  
CONNECTION ERROR:  [Errno 111] Connection refused
CONNECTION ERROR:  
CONNECTION ERROR:  
CONNECTION ERROR:  
CONNECTION ERROR:  
Creating connection for 104.18.6.239 using <_io.TextIOWrapper name='logs.json' mode='a' encoding='UTF-8'> and week3-roots.pem
CONNECTION ERROR:  
CONNECTION ERROR:  
Creating connection for 5.22.145.16 using <_io.TextIOWrapper name='logs.json' mode='a' encoding='UTF-8'> and week3-roots.pem
Creating connection for 107.154.122.14 using <_io.TextIOWrapper name='logs.json' mode='a' encoding='UTF-8'> and week3-roots.pem
Creating connection for 151.0.189.200 using <_io.TextIOWrapper name='logs.json' mode='a' encoding='UTF-8'> and week3-roots.pem
CONNECTION ERROR:  (32, 'EPIPE')
CONNECTION ERROR:  timed out
CONNECTION ERROR:  
CONNECTION ERROR:  
CONNECTION ERROR:  
CONNECTION ERROR:  
CONNECTION ERROR:  
Creating connection for 34.69.223.157 using <_io.TextIOWrapper name='logs.json' mode='a' encoding='UTF-8'> and week3-roots.pem
Creating connection for 104.21.52.213 using <_io.TextIOWrapper name='logs.json' mode='a' encoding='UTF-8'> and week3-roots.pem
Creating connection for 217.160.0.247 using <_io.TextIOWrapper name='logs.json' mode='a' encoding='UTF-8'> and week3-roots.pem
CONNECTION ERROR:  
Creating connection for 104.26.9.95 using <_io.TextIOWrapper name='logs.json' mode='a' encoding='UTF-8'> and week3-roots.pem
Creating connection for 194.58.121.23 using <_io.TextIOWrapper name='logs.json' mode='a' encoding='UTF-8'> and week3-roots.pem
Creating connection for 45.130.41.2 using <_io.TextIOWrapper name='logs.json' mode='a' encoding='UTF-8'> and week3-roots.pem
CONNECTION ERROR:  timed out
CONNECTION ERROR:  
CONNECTION ERROR:  
Creating connection for 172.67.72.249 using <_io.TextIOWrapper name='logs.json' mode='a' encoding='UTF-8'> and week3-roots.pem
Creating connection for 65.9.86.87 using <_io.TextIOWrapper name='logs.json' mode='a' encoding='UTF-8'> and week3-roots.pem
Creating connection for 89.46.107.224 using <_io.TextIOWrapper name='logs.json' mode='a' encoding='UTF-8'> and week3-roots.pem
CONNECTION ERROR:  timed out
CONNECTION ERROR:  [Errno 111] Connection refused
Creating connection for 52.50.145.99 using <_io.TextIOWrapper name='logs.json' mode='a' encoding='UTF-8'> and week3-roots.pem
CONNECTION ERROR:  
CONNECTION ERROR:  
CONNECTION ERROR:  
CONNECTION ERROR:  
Creating connection for 108.61.145.55 using <_io.TextIOWrapper name='logs.json' mode='a' encoding='UTF-8'> and week3-roots.pem
CONNECTION ERROR:  
Creating connection for 104.21.39.154 using <_io.TextIOWrapper name='logs.json' mode='a' encoding='UTF-8'> and week3-roots.pem
CONNECTION ERROR:  
CONNECTION ERROR:  
Creating connection for 52.53.41.133 using <_io.TextIOWrapper name='logs.json' mode='a' encoding='UTF-8'> and week3-roots.pem
CONNECTION ERROR:  (32, 'EPIPE')
Creating connection for 34.149.238.65 using <_io.TextIOWrapper name='logs.json' mode='a' encoding='UTF-8'> and week3-roots.pem
CONNECTION ERROR:  
CONNECTION ERROR:  
Creating connection for 188.114.97.3 using <_io.TextIOWrapper name='logs.json' mode='a' encoding='UTF-8'> and week3-roots.pem
CONNECTION ERROR:  
Creating connection for 65.9.86.77 using <_io.TextIOWrapper name='logs.json' mode='a' encoding='UTF-8'> and week3-roots.pem
CONNECTION ERROR:  
CONNECTION ERROR:  
CONNECTION ERROR:  
Creating connection for 188.227.248.4 using <_io.TextIOWrapper name='logs.json' mode='a' encoding='UTF-8'> and week3-roots.pem
Creating connection for 5.61.54.213 using <_io.TextIOWrapper name='logs.json' mode='a' encoding='UTF-8'> and week3-roots.pem
Creating connection for 104.20.91.240 using <_io.TextIOWrapper name='logs.json' mode='a' encoding='UTF-8'> and week3-roots.pem
Creating connection for 129.21.198.70 using <_io.TextIOWrapper name='logs.json' mode='a' encoding='UTF-8'> and week3-roots.pem
CONNECTION ERROR:  
CONNECTION ERROR:  
Creating connection for 185.53.178.54 using <_io.TextIOWrapper name='logs.json' mode='a' encoding='UTF-8'> and week3-roots.pem
Creating connection for 35.237.241.100 using <_io.TextIOWrapper name='logs.json' mode='a' encoding='UTF-8'> and week3-roots.pem
Creating connection for 208.78.20.35 using <_io.TextIOWrapper name='logs.json' mode='a' encoding='UTF-8'> and week3-roots.pem
Creating connection for 151.101.130.98 using <_io.TextIOWrapper name='logs.json' mode='a' encoding='UTF-8'> and week3-roots.pem
Creating connection for 116.255.203.45 using <_io.TextIOWrapper name='logs.json' mode='a' encoding='UTF-8'> and week3-roots.pem
Creating connection for 82.202.196.28 using <_io.TextIOWrapper name='logs.json' mode='a' encoding='UTF-8'> and week3-roots.pem
Creating connection for 52.64.100.170 using <_io.TextIOWrapper name='logs.json' mode='a' encoding='UTF-8'> and week3-roots.pem
CONNECTION ERROR:  
Creating connection for 37.139.47.26 using <_io.TextIOWrapper name='logs.json' mode='a' encoding='UTF-8'> and week3-roots.pem
CONNECTION ERROR:  
CONNECTION ERROR:  
Creating connection for 121.1.225.218 using <_io.TextIOWrapper name='logs.json' mode='a' encoding='UTF-8'> and week3-roots.pem
Creating connection for 203.238.183.22 using <_io.TextIOWrapper name='logs.json' mode='a' encoding='UTF-8'> and week3-roots.pem
CONNECTION ERROR:  
CONNECTION ERROR:  
Creating connection for 5.196.176.34 using <_io.TextIOWrapper name='logs.json' mode='a' encoding='UTF-8'> and week3-roots.pem
Creating connection for 63.141.128.8 using <_io.TextIOWrapper name='logs.json' mode='a' encoding='UTF-8'> and week3-roots.pem
CONNECTION ERROR:  
CONNECTION ERROR:  
CONNECTION ERROR:  
Creating connection for 37.140.192.184 using <_io.TextIOWrapper name='logs.json' mode='a' encoding='UTF-8'> and week3-roots.pem
Creating connection for 172.67.176.79 using <_io.TextIOWrapper name='logs.json' mode='a' encoding='UTF-8'> and week3-roots.pem
CONNECTION ERROR:  
Creating connection for 104.19.186.121 using <_io.TextIOWrapper name='logs.json' mode='a' encoding='UTF-8'> and week3-roots.pem
Creating connection for 172.67.159.153 using <_io.TextIOWrapper name='logs.json' mode='a' encoding='UTF-8'> and week3-roots.pem
Creating connection for 116.62.150.55 using <_io.TextIOWrapper name='logs.json' mode='a' encoding='UTF-8'> and week3-roots.pem
CONNECTION ERROR:  
CONNECTION ERROR:  [Errno 111] Connection refused
Creating connection for 172.66.43.34 using <_io.TextIOWrapper name='logs.json' mode='a' encoding='UTF-8'> and week3-roots.pem
CONNECTION ERROR:  
Creating connection for 54.229.192.145 using <_io.TextIOWrapper name='logs.json' mode='a' encoding='UTF-8'> and week3-roots.pem
CONNECTION ERROR:  timed out
CONNECTION ERROR:  (32, 'EPIPE')
CONNECTION ERROR:  
Creating connection for 207.38.116.102 using <_io.TextIOWrapper name='logs.json' mode='a' encoding='UTF-8'> and week3-roots.pem
Creating connection for 20.192.170.10 using <_io.TextIOWrapper name='logs.json' mode='a' encoding='UTF-8'> and week3-roots.pem
CONNECTION ERROR:  
CONNECTION ERROR:  
CONNECTION ERROR:  
Creating connection for 69.89.31.138 using <_io.TextIOWrapper name='logs.json' mode='a' encoding='UTF-8'> and week3-roots.pem
CONNECTION ERROR:  
Creating connection for 185.128.239.52 using <_io.TextIOWrapper name='logs.json' mode='a' encoding='UTF-8'> and week3-roots.pem
Creating connection for 65.9.86.79 using <_io.TextIOWrapper name='logs.json' mode='a' encoding='UTF-8'> and week3-roots.pem
CONNECTION ERROR:  
Creating connection for 35.155.9.63 using <_io.TextIOWrapper name='logs.json' mode='a' encoding='UTF-8'> and week3-roots.pem
Creating connection for 151.101.2.114 using <_io.TextIOWrapper name='logs.json' mode='a' encoding='UTF-8'> and week3-roots.pem
Creating connection for 104.21.67.224 using <_io.TextIOWrapper name='logs.json' mode='a' encoding='UTF-8'> and week3-roots.pem
CONNECTION ERROR:  
CONNECTION ERROR:  
CONNECTION ERROR:  
Creating connection for 213.239.227.75 using <_io.TextIOWrapper name='logs.json' mode='a' encoding='UTF-8'> and week3-roots.pem
CONNECTION ERROR:  timed out
CONNECTION ERROR:  timed out
CONNECTION ERROR:  
CONNECTION ERROR:  
CONNECTION ERROR:  
CONNECTION ERROR:  
CONNECTION ERROR:  
Creating connection for 47.89.253.17 using <_io.TextIOWrapper name='logs.json' mode='a' encoding='UTF-8'> and week3-roots.pem
CONNECTION ERROR:  
CONNECTION ERROR:  timed out
Creating connection for 173.203.14.14 using <_io.TextIOWrapper name='logs.json' mode='a' encoding='UTF-8'> and week3-roots.pem
CONNECTION ERROR:  
CONNECTION ERROR:  
Creating connection for 108.175.3.135 using <_io.TextIOWrapper name='logs.json' mode='a' encoding='UTF-8'> and week3-roots.pem
Creating connection for 185.162.229.6 using <_io.TextIOWrapper name='logs.json' mode='a' encoding='UTF-8'> and week3-roots.pem
Creating connection for 50.116.38.94 using <_io.TextIOWrapper name='logs.json' mode='a' encoding='UTF-8'> and week3-roots.pem
Creating connection for 104.26.8.59 using <_io.TextIOWrapper name='logs.json' mode='a' encoding='UTF-8'> and week3-roots.pem
CONNECTION ERROR:  
Creating connection for 185.26.98.252 using <_io.TextIOWrapper name='logs.json' mode='a' encoding='UTF-8'> and week3-roots.pem
CONNECTION ERROR:  
CONNECTION ERROR:  
CONNECTION ERROR:  
Creating connection for 49.12.225.212 using <_io.TextIOWrapper name='logs.json' mode='a' encoding='UTF-8'> and week3-roots.pem
CONNECTION ERROR:  timed out
Creating connection for 185.182.91.116 using <_io.TextIOWrapper name='logs.json' mode='a' encoding='UTF-8'> and week3-roots.pem
CONNECTION ERROR:  
Creating connection for 172.67.73.195 using <_io.TextIOWrapper name='logs.json' mode='a' encoding='UTF-8'> and week3-roots.pem
Creating connection for 216.146.46.11 using <_io.TextIOWrapper name='logs.json' mode='a' encoding='UTF-8'> and week3-roots.pem
Creating connection for 23.185.0.3 using <_io.TextIOWrapper name='logs.json' mode='a' encoding='UTF-8'> and week3-roots.pem
Creating connection for 75.2.70.75 using <_io.TextIOWrapper name='logs.json' mode='a' encoding='UTF-8'> and week3-roots.pem
CONNECTION ERROR:  [Errno 111] Connection refused
Creating connection for 69.61.26.165 using <_io.TextIOWrapper name='logs.json' mode='a' encoding='UTF-8'> and week3-roots.pem
Creating connection for 45.33.18.44 using <_io.TextIOWrapper name='logs.json' mode='a' encoding='UTF-8'> and week3-roots.pem
CONNECTION ERROR:  (32, 'EPIPE')
Creating connection for 45.130.41.9 using <_io.TextIOWrapper name='logs.json' mode='a' encoding='UTF-8'> and week3-roots.pem
CONNECTION ERROR:  
CONNECTION ERROR:  
Creating connection for 13.93.43.165 using <_io.TextIOWrapper name='logs.json' mode='a' encoding='UTF-8'> and week3-roots.pem
CONNECTION ERROR:  
Creating connection for 40.81.185.151 using <_io.TextIOWrapper name='logs.json' mode='a' encoding='UTF-8'> and week3-roots.pem
CONNECTION ERROR:  
CONNECTION ERROR:  
Creating connection for 31.42.177.217 using <_io.TextIOWrapper name='logs.json' mode='a' encoding='UTF-8'> and week3-roots.pem
CONNECTION ERROR:  
Creating connection for 217.73.6.1 using <_io.TextIOWrapper name='logs.json' mode='a' encoding='UTF-8'> and week3-roots.pem
CONNECTION ERROR:  
Creating connection for 50.31.188.55 using <_io.TextIOWrapper name='logs.json' mode='a' encoding='UTF-8'> and week3-roots.pem
CONNECTION ERROR:  
Creating connection for 65.9.86.45 using <_io.TextIOWrapper name='logs.json' mode='a' encoding='UTF-8'> and week3-roots.pem
Creating connection for 67.55.103.53 using <_io.TextIOWrapper name='logs.json' mode='a' encoding='UTF-8'> and week3-roots.pem
Creating connection for 104.22.27.210 using <_io.TextIOWrapper name='logs.json' mode='a' encoding='UTF-8'> and week3-roots.pem
CONNECTION ERROR:  
Creating connection for 69.10.42.201 using <_io.TextIOWrapper name='logs.json' mode='a' encoding='UTF-8'> and week3-roots.pem
CONNECTION ERROR:  
CONNECTION ERROR:  
Creating connection for 90.156.201.110 using <_io.TextIOWrapper name='logs.json' mode='a' encoding='UTF-8'> and week3-roots.pem
Creating connection for 104.20.233.13 using <_io.TextIOWrapper name='logs.json' mode='a' encoding='UTF-8'> and week3-roots.pem
CONNECTION ERROR:  
CONNECTION ERROR:  
Creating connection for 101.201.211.170 using <_io.TextIOWrapper name='logs.json' mode='a' encoding='UTF-8'> and week3-roots.pem
Creating connection for 104.26.1.109 using <_io.TextIOWrapper name='logs.json' mode='a' encoding='UTF-8'> and week3-roots.pem
Creating connection for 172.67.175.246 using <_io.TextIOWrapper name='logs.json' mode='a' encoding='UTF-8'> and week3-roots.pem
CONNECTION ERROR:  
CONNECTION ERROR:  
CONNECTION ERROR:  
Creating connection for 167.114.83.239 using <_io.TextIOWrapper name='logs.json' mode='a' encoding='UTF-8'> and week3-roots.pem
Creating connection for 35.155.251.144 using <_io.TextIOWrapper name='logs.json' mode='a' encoding='UTF-8'> and week3-roots.pem
CONNECTION ERROR:  
CONNECTION ERROR:  
CONNECTION ERROR:  
Creating connection for 3.20.190.224 using <_io.TextIOWrapper name='logs.json' mode='a' encoding='UTF-8'> and week3-roots.pem
Creating connection for 98.129.229.55 using <_io.TextIOWrapper name='logs.json' mode='a' encoding='UTF-8'> and week3-roots.pem
CONNECTION ERROR:  
Creating connection for 210.134.168.210 using <_io.TextIOWrapper name='logs.json' mode='a' encoding='UTF-8'> and week3-roots.pem
Creating connection for 104.22.50.120 using <_io.TextIOWrapper name='logs.json' mode='a' encoding='UTF-8'> and week3-roots.pem
CONNECTION ERROR:  timed out
CONNECTION ERROR: CONNECTION ERROR:  
Creating connection for 62.141.44.222 using <_io.TextIOWrapper name='logs.json' mode='a' encoding='UTF-8'> and week3-roots.pem
Creating connection for 49.212.75.238 using <_io.TextIOWrapper name='logs.json' mode='a' encoding='UTF-8'> and week3-roots.pem
 
Creating connection for 198.49.23.145 using <_io.TextIOWrapper name='logs.json' mode='a' encoding='UTF-8'> and week3-roots.pem
Creating connection for 172.67.175.210 using <_io.TextIOWrapper name='logs.json' mode='a' encoding='UTF-8'> and week3-roots.pem
CONNECTION ERROR:  
Creating connection for 185.134.201.22 using <_io.TextIOWrapper name='logs.json' mode='a' encoding='UTF-8'> and week3-roots.pem
Creating connection for 104.253.65.221 using <_io.TextIOWrapper name='logs.json' mode='a' encoding='UTF-8'> and week3-roots.pem
CONNECTION ERROR:  
Creating connection for 82.100.56.55 using <_io.TextIOWrapper name='logs.json' mode='a' encoding='UTF-8'> and week3-roots.pem
Creating connection for 136.243.25.80 using <_io.TextIOWrapper name='logs.json' mode='a' encoding='UTF-8'> and week3-roots.pem
CONNECTION ERROR:  
Creating connection for 194.150.236.5 using <_io.TextIOWrapper name='logs.json' mode='a' encoding='UTF-8'> and week3-roots.pem
CONNECTION ERROR:  
Creating connection for 83.166.153.243 using <_io.TextIOWrapper name='logs.json' mode='a' encoding='UTF-8'> and week3-roots.pem
CONNECTION ERROR:  
Creating connection for 65.9.86.71 using <_io.TextIOWrapper name='logs.json' mode='a' encoding='UTF-8'> and week3-roots.pem
Creating connection for 82.78.64.136 using <_io.TextIOWrapper name='logs.json' mode='a' encoding='UTF-8'> and week3-roots.pem
Creating connection for 104.26.3.104 using <_io.TextIOWrapper name='logs.json' mode='a' encoding='UTF-8'> and week3-roots.pem
CONNECTION ERROR:  
Creating connection for 2.17.43.32 using <_io.TextIOWrapper name='logs.json' mode='a' encoding='UTF-8'> and week3-roots.pem
Creating connection for 172.66.40.122 using <_io.TextIOWrapper name='logs.json' mode='a' encoding='UTF-8'> and week3-roots.pem
Creating connection for 192.120.247.250 using <_io.TextIOWrapper name='logs.json' mode='a' encoding='UTF-8'> and week3-roots.pem
Creating connection for 185.65.148.67 using <_io.TextIOWrapper name='logs.json' mode='a' encoding='UTF-8'> and week3-roots.pem
Creating connection for 27.118.28.141 using <_io.TextIOWrapper name='logs.json' mode='a' encoding='UTF-8'> and week3-roots.pem
Creating connection for 88.221.9.155 using <_io.TextIOWrapper name='logs.json' mode='a' encoding='UTF-8'> and week3-roots.pem
Creating connection for 194.6.211.17 using <_io.TextIOWrapper name='logs.json' mode='a' encoding='UTF-8'> and week3-roots.pem
CONNECTION ERROR:  
CONNECTION ERROR:  
CONNECTION ERROR:  timed out
CONNECTION ERROR:  [Errno 111] Connection refused
CONNECTION ERROR:  
CONNECTION ERROR:  
CONNECTION ERROR:  (32, 'EPIPE')
Creating connection for 172.67.130.151 using <_io.TextIOWrapper name='logs.json' mode='a' encoding='UTF-8'> and week3-roots.pem
Creating connection for 185.50.70.30 using <_io.TextIOWrapper name='logs.json' mode='a' encoding='UTF-8'> and week3-roots.pem
CONNECTION ERROR:  
Creating connection for 94.46.168.92 using <_io.TextIOWrapper name='logs.json' mode='a' encoding='UTF-8'> and week3-roots.pem
Creating connection for 216.12.0.100 using <_io.TextIOWrapper name='logs.json' mode='a' encoding='UTF-8'> and week3-roots.pem
CONNECTION ERROR:  
Creating connection for 185.12.92.141 using <_io.TextIOWrapper name='logs.json' mode='a' encoding='UTF-8'> and week3-roots.pem
CONNECTION ERROR:  
Creating connection for 195.20.52.200 using <_io.TextIOWrapper name='logs.json' mode='a' encoding='UTF-8'> and week3-roots.pem
Creating connection for 199.7.240.156 using <_io.TextIOWrapper name='logs.json' mode='a' encoding='UTF-8'> and week3-roots.pem
CONNECTION ERROR:  
CONNECTION ERROR:  
CONNECTION ERROR:  
Creating connection for 104.26.6.110 using <_io.TextIOWrapper name='logs.json' mode='a' encoding='UTF-8'> and week3-roots.pem
CONNECTION ERROR:  
Creating connection for 104.18.34.136 using <_io.TextIOWrapper name='logs.json' mode='a' encoding='UTF-8'> and week3-roots.pem
CONNECTION ERROR:  
CONNECTION ERROR:  
Creating connection for 45.148.38.37 using <_io.TextIOWrapper name='logs.json' mode='a' encoding='UTF-8'> and week3-roots.pem
Creating connection for 185.33.54.7 using <_io.TextIOWrapper name='logs.json' mode='a' encoding='UTF-8'> and week3-roots.pem
Creating connection for 83.234.46.114 using <_io.TextIOWrapper name='logs.json' mode='a' encoding='UTF-8'> and week3-roots.pem
CONNECTION ERROR:  timed out
CONNECTION ERROR:  
CONNECTION ERROR:  
Creating connection for 64.225.15.151 using <_io.TextIOWrapper name='logs.json' mode='a' encoding='UTF-8'> and week3-roots.pem
CONNECTION ERROR:  
CONNECTION ERROR:  
CONNECTION ERROR:  
CONNECTION ERROR:  
Creating connection for 104.21.95.133 using <_io.TextIOWrapper name='logs.json' mode='a' encoding='UTF-8'> and week3-roots.pem
CONNECTION ERROR:  
Creating connection for 23.225.158.147 using <_io.TextIOWrapper name='logs.json' mode='a' encoding='UTF-8'> and week3-roots.pem
CONNECTION ERROR:  
CONNECTION ERROR:  
Creating connection for 18.176.105.161 using <_io.TextIOWrapper name='logs.json' mode='a' encoding='UTF-8'> and week3-roots.pem
CONNECTION ERROR:  
CONNECTION ERROR:  
CONNECTION ERROR:  
CONNECTION ERROR:  
Creating connection for 195.39.248.59 using <_io.TextIOWrapper name='logs.json' mode='a' encoding='UTF-8'> and week3-roots.pem
Creating connection for 54.194.170.100 using <_io.TextIOWrapper name='logs.json' mode='a' encoding='UTF-8'> and week3-roots.pem
Creating connection for 88.208.252.197 using <_io.TextIOWrapper name='logs.json' mode='a' encoding='UTF-8'> and week3-roots.pem
CONNECTION ERROR:  
CONNECTION ERROR:  
Creating connection for 87.236.16.135 using <_io.TextIOWrapper name='logs.json' mode='a' encoding='UTF-8'> and week3-roots.pem
Creating connection for 172.67.151.120 using <_io.TextIOWrapper name='logs.json' mode='a' encoding='UTF-8'> and week3-roots.pem
CONNECTION ERROR:  
Creating connection for 54.160.242.23 using <_io.TextIOWrapper name='logs.json' mode='a' encoding='UTF-8'> and week3-roots.pem
CONNECTION ERROR:  
Creating connection for 69.163.225.80 using <_io.TextIOWrapper name='logs.json' mode='a' encoding='UTF-8'> and week3-roots.pem
Creating connection for 65.9.86.72 using <_io.TextIOWrapper name='logs.json' mode='a' encoding='UTF-8'> and week3-roots.pem
Creating connection for 212.16.185.37 using <_io.TextIOWrapper name='logs.json' mode='a' encoding='UTF-8'> and week3-roots.pem
Creating connection for 194.226.189.21 using <_io.TextIOWrapper name='logs.json' mode='a' encoding='UTF-8'> and week3-roots.pem
Creating connection for 216.239.36.21 using <_io.TextIOWrapper name='logs.json' mode='a' encoding='UTF-8'> and week3-roots.pem
Creating connection for 223.4.221.37 using <_io.TextIOWrapper name='logs.json' mode='a' encoding='UTF-8'> and week3-roots.pem
Creating connection for 104.20.50.216 using <_io.TextIOWrapper name='logs.json' mode='a' encoding='UTF-8'> and week3-roots.pem
Creating connection for 91.184.31.115 using <_io.TextIOWrapper name='logs.json' mode='a' encoding='UTF-8'> and week3-roots.pem
Creating connection for 91.134.213.87 using <_io.TextIOWrapper name='logs.json' mode='a' encoding='UTF-8'> and week3-roots.pem
CONNECTION ERROR:  
Creating connection for 44.236.12.207 using <_io.TextIOWrapper name='logs.json' mode='a' encoding='UTF-8'> and week3-roots.pem
Creating connection for 104.21.69.157 using <_io.TextIOWrapper name='logs.json' mode='a' encoding='UTF-8'> and week3-roots.pem
Creating connection for 172.67.82.137 using <_io.TextIOWrapper name='logs.json' mode='a' encoding='UTF-8'> and week3-roots.pem
Creating connection for 151.236.34.187 using <_io.TextIOWrapper name='logs.json' mode='a' encoding='UTF-8'> and week3-roots.pem
CONNECTION ERROR:  
Creating connection for 112.90.43.190 using <_io.TextIOWrapper name='logs.json' mode='a' encoding='UTF-8'> and week3-roots.pem
Creating connection for 91.143.108.100 using <_io.TextIOWrapper name='logs.json' mode='a' encoding='UTF-8'> and week3-roots.pem
CONNECTION ERROR:  
CONNECTION ERROR: CONNECTION ERROR:  
CONNECTION ERROR:  [Errno 111] Connection refused
CONNECTION ERROR:  
CONNECTION ERROR:  
CONNECTION ERROR:  
 
Creating connection for 165.160.15.20 using <_io.TextIOWrapper name='logs.json' mode='a' encoding='UTF-8'> and week3-roots.pem
CONNECTION ERROR:  
CONNECTION ERROR:  
CONNECTION ERROR:  
CONNECTION ERROR:  
CONNECTION ERROR:  (32, 'EPIPE')
CONNECTION ERROR:  
Creating connection for 104.26.1.73 using <_io.TextIOWrapper name='logs.json' mode='a' encoding='UTF-8'> and week3-roots.pem
CONNECTION ERROR:  
Creating connection for 112.213.89.161 using <_io.TextIOWrapper name='logs.json' mode='a' encoding='UTF-8'> and week3-roots.pem
Creating connection for 103.172.111.246 using <_io.TextIOWrapper name='logs.json' mode='a' encoding='UTF-8'> and week3-roots.pem
Creating connection for 172.107.88.174 using <_io.TextIOWrapper name='logs.json' mode='a' encoding='UTF-8'> and week3-roots.pem
Creating connection for 172.67.215.162 using <_io.TextIOWrapper name='logs.json' mode='a' encoding='UTF-8'> and week3-roots.pem
CONNECTION ERROR:  
Creating connection for 104.26.5.33 using <_io.TextIOWrapper name='logs.json' mode='a' encoding='UTF-8'> and week3-roots.pem
CONNECTION ERROR:  
Creating connection for 151.80.59.11 using <_io.TextIOWrapper name='logs.json' mode='a' encoding='UTF-8'> and week3-roots.pem
CONNECTION ERROR:  
Creating connection for 141.193.213.10 using <_io.TextIOWrapper name='logs.json' mode='a' encoding='UTF-8'> and week3-roots.pem
Creating connection for 185.59.222.22 using <_io.TextIOWrapper name='logs.json' mode='a' encoding='UTF-8'> and week3-roots.pem
CONNECTION ERROR:  
CONNECTION ERROR:  
CONNECTION ERROR:  
Creating connection for 172.67.27.99 using <_io.TextIOWrapper name='logs.json' mode='a' encoding='UTF-8'> and week3-roots.pem
CONNECTION ERROR:  
CONNECTION ERROR:  
Creating connection for 72.52.222.12 using <_io.TextIOWrapper name='logs.json' mode='a' encoding='UTF-8'> and week3-roots.pem
CONNECTION ERROR:  
CONNECTION ERROR:  
Creating connection for 52.232.19.237 using <_io.TextIOWrapper name='logs.json' mode='a' encoding='UTF-8'> and week3-roots.pem
CONNECTION ERROR:  
Creating connection for 165.160.15.20 using <_io.TextIOWrapper name='logs.json' mode='a' encoding='UTF-8'> and week3-roots.pem
CONNECTION ERROR:  
CONNECTION ERROR:  
Creating connection for 65.9.86.57 using <_io.TextIOWrapper name='logs.json' mode='a' encoding='UTF-8'> and week3-roots.pem
CONNECTION ERROR:  
CONNECTION ERROR:  
Creating connection for 172.67.70.226 using <_io.TextIOWrapper name='logs.json' mode='a' encoding='UTF-8'> and week3-roots.pem
CONNECTION ERROR:  
Creating connection for 65.108.186.36 using <_io.TextIOWrapper name='logs.json' mode='a' encoding='UTF-8'> and week3-roots.pem
Creating connection for 74.114.89.17 using <_io.TextIOWrapper name='logs.json' mode='a' encoding='UTF-8'> and week3-roots.pem
Creating connection for 51.178.18.62 using <_io.TextIOWrapper name='logs.json' mode='a' encoding='UTF-8'> and week3-roots.pem
Creating connection for 35.75.255.9 using <_io.TextIOWrapper name='logs.json' mode='a' encoding='UTF-8'> and week3-roots.pem
Creating connection for 108.167.132.243 using <_io.TextIOWrapper name='logs.json' mode='a' encoding='UTF-8'> and week3-roots.pem
Creating connection for 178.62.234.149 using <_io.TextIOWrapper name='logs.json' mode='a' encoding='UTF-8'> and week3-roots.pem
CONNECTION ERROR:  
CONNECTION ERROR:  
Creating connection for 194.68.146.229 using <_io.TextIOWrapper name='logs.json' mode='a' encoding='UTF-8'> and week3-roots.pem
Creating connection for 65.9.86.91 using <_io.TextIOWrapper name='logs.json' mode='a' encoding='UTF-8'> and week3-roots.pem
Creating connection for 213.189.211.201 using <_io.TextIOWrapper name='logs.json' mode='a' encoding='UTF-8'> and week3-roots.pem
CONNECTION ERROR:  
CONNECTION ERROR:  
CONNECTION ERROR:  
Creating connection for 104.18.9.170 using <_io.TextIOWrapper name='logs.json' mode='a' encoding='UTF-8'> and week3-roots.pem
CONNECTION ERROR:  
Creating connection for 65.9.86.39 using <_io.TextIOWrapper name='logs.json' mode='a' encoding='UTF-8'> and week3-roots.pem
CONNECTION ERROR:  
Creating connection for 104.21.91.26 using <_io.TextIOWrapper name='logs.json' mode='a' encoding='UTF-8'> and week3-roots.pem
CONNECTION ERROR:  
CONNECTION ERROR:  
CONNECTION ERROR:  timed out
CONNECTION ERROR:  
CONNECTION ERROR:  
CONNECTION ERROR:  
CONNECTION ERROR:  
CONNECTION ERROR:  timed out
CONNECTION ERROR:  
Creating connection for 18.211.130.194 using <_io.TextIOWrapper name='logs.json' mode='a' encoding='UTF-8'> and week3-roots.pem
Creating connection for 92.119.121.30 using <_io.TextIOWrapper name='logs.json' mode='a' encoding='UTF-8'> and week3-roots.pem
CONNECTION ERROR:  
Creating connection for 104.26.6.58 using <_io.TextIOWrapper name='logs.json' mode='a' encoding='UTF-8'> and week3-roots.pem
CONNECTION ERROR:  
CONNECTION ERROR:  
Creating connection for 65.9.86.119 using <_io.TextIOWrapper name='logs.json' mode='a' encoding='UTF-8'> and week3-roots.pem
Creating connection for 200.58.120.24 using <_io.TextIOWrapper name='logs.json' mode='a' encoding='UTF-8'> and week3-roots.pem
Creating connection for 188.114.96.3 using <_io.TextIOWrapper name='logs.json' mode='a' encoding='UTF-8'> and week3-roots.pem
CONNECTION ERROR:  
CONNECTION ERROR:  
Creating connection for 173.213.224.179 using <_io.TextIOWrapper name='logs.json' mode='a' encoding='UTF-8'> and week3-roots.pem
CONNECTION ERROR:  
Creating connection for 65.9.86.15 using <_io.TextIOWrapper name='logs.json' mode='a' encoding='UTF-8'> and week3-roots.pem
Creating connection for 13.127.109.173 using <_io.TextIOWrapper name='logs.json' mode='a' encoding='UTF-8'> and week3-roots.pem
CONNECTION ERROR:  
Creating connection for 104.21.4.107 using <_io.TextIOWrapper name='logs.json' mode='a' encoding='UTF-8'> and week3-roots.pem
CONNECTION ERROR:  
CONNECTION ERROR:  
CONNECTION ERROR:  
CONNECTION ERROR:  
CONNECTION ERROR:  
Creating connection for 207.180.217.110 using <_io.TextIOWrapper name='logs.json' mode='a' encoding='UTF-8'> and week3-roots.pem
CONNECTION ERROR:  
CONNECTION ERROR:  
CONNECTION ERROR:  
Creating connection for 52.66.171.27 using <_io.TextIOWrapper name='logs.json' mode='a' encoding='UTF-8'> and week3-roots.pem
Creating connection for 104.26.11.92 using <_io.TextIOWrapper name='logs.json' mode='a' encoding='UTF-8'> and week3-roots.pem
Creating connection for 52.188.11.213 using <_io.TextIOWrapper name='logs.json' mode='a' encoding='UTF-8'> and week3-roots.pem
Creating connection for 65.9.86.17 using <_io.TextIOWrapper name='logs.json' mode='a' encoding='UTF-8'> and week3-roots.pem
CONNECTION ERROR:  
CONNECTION ERROR:  
Creating connection for 172.67.136.16 using <_io.TextIOWrapper name='logs.json' mode='a' encoding='UTF-8'> and week3-roots.pem
Creating connection for 172.66.41.15 using <_io.TextIOWrapper name='logs.json' mode='a' encoding='UTF-8'> and week3-roots.pem
CONNECTION ERROR:  
CONNECTION ERROR:  
Creating connection for 209.126.24.236 using <_io.TextIOWrapper name='logs.json' mode='a' encoding='UTF-8'> and week3-roots.pem
Creating connection for 213.129.118.250 using <_io.TextIOWrapper name='logs.json' mode='a' encoding='UTF-8'> and week3-roots.pem
CONNECTION ERROR:  
CONNECTION ERROR:  timed out
CONNECTION ERROR:  
CONNECTION ERROR:  
CONNECTION ERROR:  
CONNECTION ERROR:  
Creating connection for 52.13.171.212 using <_io.TextIOWrapper name='logs.json' mode='a' encoding='UTF-8'> and week3-roots.pem
Creating connection for 172.67.148.132 using <_io.TextIOWrapper name='logs.json' mode='a' encoding='UTF-8'> and week3-roots.pem
Creating connection for 72.21.234.91 using <_io.TextIOWrapper name='logs.json' mode='a' encoding='UTF-8'> and week3-roots.pem
CONNECTION ERROR:  [Errno 111] Connection refused
CONNECTION ERROR:  
CONNECTION ERROR:  (32, 'EPIPE')
Creating connection for 54.211.46.177 using <_io.TextIOWrapper name='logs.json' mode='a' encoding='UTF-8'> and week3-roots.pem
Creating connection for 162.241.244.133 using <_io.TextIOWrapper name='logs.json' mode='a' encoding='UTF-8'> and week3-roots.pem
Creating connection for 209.17.116.160 using <_io.TextIOWrapper name='logs.json' mode='a' encoding='UTF-8'> and week3-roots.pem
CONNECTION ERROR:  
Creating connection for 54.91.59.199 using <_io.TextIOWrapper name='logs.json' mode='a' encoding='UTF-8'> and week3-roots.pem
CONNECTION ERROR:  
CONNECTION ERROR:  
Creating connection for 218.17.62.10 using <_io.TextIOWrapper name='logs.json' mode='a' encoding='UTF-8'> and week3-roots.pem
CONNECTION ERROR:  
Creating connection for 104.18.221.227 using <_io.TextIOWrapper name='logs.json' mode='a' encoding='UTF-8'> and week3-roots.pem
CONNECTION ERROR:  
Creating connection for 192.185.85.119 using <_io.TextIOWrapper name='logs.json' mode='a' encoding='UTF-8'> and week3-roots.pem
Creating connection for 23.227.38.74 using <_io.TextIOWrapper name='logs.json' mode='a' encoding='UTF-8'> and week3-roots.pem
CONNECTION ERROR:  
Creating connection for 78.108.80.74 using <_io.TextIOWrapper name='logs.json' mode='a' encoding='UTF-8'> and week3-roots.pem
CONNECTION ERROR:  
CONNECTION ERROR:  
Creating connection for 172.67.72.173 using <_io.TextIOWrapper name='logs.json' mode='a' encoding='UTF-8'> and week3-roots.pem
Creating connection for 154.60.32.217 using <_io.TextIOWrapper name='logs.json' mode='a' encoding='UTF-8'> and week3-roots.pem
CONNECTION ERROR:  
Creating connection for 188.114.97.3 using <_io.TextIOWrapper name='logs.json' mode='a' encoding='UTF-8'> and week3-roots.pem
Creating connection for 54.228.231.10 using <_io.TextIOWrapper name='logs.json' mode='a' encoding='UTF-8'> and week3-roots.pem
Creating connection for 172.67.203.225 using <_io.TextIOWrapper name='logs.json' mode='a' encoding='UTF-8'> and week3-roots.pem
Creating connection for 18.203.144.158 using <_io.TextIOWrapper name='logs.json' mode='a' encoding='UTF-8'> and week3-roots.pem
Creating connection for 60.248.150.53 using <_io.TextIOWrapper name='logs.json' mode='a' encoding='UTF-8'> and week3-roots.pem
CONNECTION ERROR:  timed out
CONNECTION ERROR:  
CONNECTION ERROR:  
Creating connection for 165.160.13.20 using <_io.TextIOWrapper name='logs.json' mode='a' encoding='UTF-8'> and week3-roots.pem
Creating connection for 34.235.60.20 using <_io.TextIOWrapper name='logs.json' mode='a' encoding='UTF-8'> and week3-roots.pem
CONNECTION ERROR:  
Creating connection for 195.19.137.95 using <_io.TextIOWrapper name='logs.json' mode='a' encoding='UTF-8'> and week3-roots.pem
Creating connection for 141.193.213.10 using <_io.TextIOWrapper name='logs.json' mode='a' encoding='UTF-8'> and week3-roots.pem
Creating connection for 157.7.44.226 using <_io.TextIOWrapper name='logs.json' mode='a' encoding='UTF-8'> and week3-roots.pem
Creating connection for 104.26.13.57 using <_io.TextIOWrapper name='logs.json' mode='a' encoding='UTF-8'> and week3-roots.pem
CONNECTION ERROR:  
CONNECTION ERROR:  [Errno 111] Connection refused
CONNECTION ERROR:  (32, 'EPIPE')
Creating connection for 45.147.199.207 using <_io.TextIOWrapper name='logs.json' mode='a' encoding='UTF-8'> and week3-roots.pem
CONNECTION ERROR:  
CONNECTION ERROR:  
Creating connection for 54.157.101.122 using <_io.TextIOWrapper name='logs.json' mode='a' encoding='UTF-8'> and week3-roots.pem
Creating connection for 52.44.42.61 using <_io.TextIOWrapper name='logs.json' mode='a' encoding='UTF-8'> and week3-roots.pem
Creating connection for 50.116.18.242 using <_io.TextIOWrapper name='logs.json' mode='a' encoding='UTF-8'> and week3-roots.pem
CONNECTION ERROR:  
Creating connection for 211.189.77.36 using <_io.TextIOWrapper name='logs.json' mode='a' encoding='UTF-8'> and week3-roots.pem
Creating connection for 51.38.27.102 using <_io.TextIOWrapper name='logs.json' mode='a' encoding='UTF-8'> and week3-roots.pem
Creating connection for 95.217.100.0 using <_io.TextIOWrapper name='logs.json' mode='a' encoding='UTF-8'> and week3-roots.pem
CONNECTION ERROR:  
Creating connection for 139.59.245.247 using <_io.TextIOWrapper name='logs.json' mode='a' encoding='UTF-8'> and week3-roots.pem
Creating connection for 172.67.74.180 using <_io.TextIOWrapper name='logs.json' mode='a' encoding='UTF-8'> and week3-roots.pem
CONNECTION ERROR:  
CONNECTION ERROR:  
Creating connection for 34.117.209.34 using <_io.TextIOWrapper name='logs.json' mode='a' encoding='UTF-8'> and week3-roots.pem
CONNECTION ERROR:  
CONNECTION ERROR:  timed out
CONNECTION ERROR:  
CONNECTION ERROR:  
Creating connection for 145.239.37.162 using <_io.TextIOWrapper name='logs.json' mode='a' encoding='UTF-8'> and week3-roots.pem
Creating connection for 104.98.141.210 using <_io.TextIOWrapper name='logs.json' mode='a' encoding='UTF-8'> and week3-roots.pem
CONNECTION ERROR:  
Creating connection for 104.21.61.172 using <_io.TextIOWrapper name='logs.json' mode='a' encoding='UTF-8'> and week3-roots.pem
Creating connection for 151.101.37.84 using <_io.TextIOWrapper name='logs.json' mode='a' encoding='UTF-8'> and week3-roots.pem
Creating connection for 90.156.141.82 using <_io.TextIOWrapper name='logs.json' mode='a' encoding='UTF-8'> and week3-roots.pem
Creating connection for 104.21.27.32 using <_io.TextIOWrapper name='logs.json' mode='a' encoding='UTF-8'> and week3-roots.pem
Creating connection for 216.146.216.168 using <_io.TextIOWrapper name='logs.json' mode='a' encoding='UTF-8'> and week3-roots.pem
Creating connection for 35.197.232.189 using <_io.TextIOWrapper name='logs.json' mode='a' encoding='UTF-8'> and week3-roots.pem
CONNECTION ERROR:  [Errno 113] No route to host
CONNECTION ERROR:  [Errno 113] No route to host
Creating connection for 101.100.204.140 using <_io.TextIOWrapper name='logs.json' mode='a' encoding='UTF-8'> and week3-roots.pem
Creating connection for 3.215.172.66 using <_io.TextIOWrapper name='logs.json' mode='a' encoding='UTF-8'> and week3-roots.pem
Creating connection for 193.58.156.81 using <_io.TextIOWrapper name='logs.json' mode='a' encoding='UTF-8'> and week3-roots.pem
Creating connection for 35.208.116.196 using <_io.TextIOWrapper name='logs.json' mode='a' encoding='UTF-8'> and week3-roots.pem
CONNECTION ERROR:  
CONNECTION ERROR:  (32, 'EPIPE')
CONNECTION ERROR:  
CONNECTION ERROR:  (32, 'EPIPE')
Creating connection for 185.16.37.206 using <_io.TextIOWrapper name='logs.json' mode='a' encoding='UTF-8'> and week3-roots.pem
CONNECTION ERROR:  [Errno 111] Connection refused
Creating connection for 23.185.0.2 using <_io.TextIOWrapper name='logs.json' mode='a' encoding='UTF-8'> and week3-roots.pem
CONNECTION ERROR:  
Creating connection for 65.9.86.52 using <_io.TextIOWrapper name='logs.json' mode='a' encoding='UTF-8'> and week3-roots.pem
CONNECTION ERROR:  (32, 'EPIPE')
CONNECTION ERROR:  
Creating connection for 65.9.86.19 using <_io.TextIOWrapper name='logs.json' mode='a' encoding='UTF-8'> and week3-roots.pem
CONNECTION ERROR:  
CONNECTION ERROR:  
CONNECTION ERROR:  
CONNECTION ERROR:  
Creating connection for 134.172.203.15 using <_io.TextIOWrapper name='logs.json' mode='a' encoding='UTF-8'> and week3-roots.pem
Creating connection for 212.83.140.111 using <_io.TextIOWrapper name='logs.json' mode='a' encoding='UTF-8'> and week3-roots.pem
Creating connection for 188.240.191.171 using <_io.TextIOWrapper name='logs.json' mode='a' encoding='UTF-8'> and week3-roots.pem
CONNECTION ERROR:  
Creating connection for 104.21.83.22 using <_io.TextIOWrapper name='logs.json' mode='a' encoding='UTF-8'> and week3-roots.pem
Creating connection for 220.247.160.5 using <_io.TextIOWrapper name='logs.json' mode='a' encoding='UTF-8'> and week3-roots.pem
Creating connection for 194.1.147.67 using <_io.TextIOWrapper name='logs.json' mode='a' encoding='UTF-8'> and week3-roots.pem
CONNECTION ERROR:  
CONNECTION ERROR:  
CONNECTION ERROR:  
CONNECTION ERROR:  
Creating connection for 65.9.86.97 using <_io.TextIOWrapper name='logs.json' mode='a' encoding='UTF-8'> and week3-roots.pem
Creating connection for 210.129.48.131 using <_io.TextIOWrapper name='logs.json' mode='a' encoding='UTF-8'> and week3-roots.pem
Creating connection for 104.21.8.168 using <_io.TextIOWrapper name='logs.json' mode='a' encoding='UTF-8'> and week3-roots.pem
CONNECTION ERROR:  
Creating connection for 172.67.222.225 using <_io.TextIOWrapper name='logs.json' mode='a' encoding='UTF-8'> and week3-roots.pem
CONNECTION ERROR:  
CONNECTION ERROR:  
Creating connection for 104.21.79.20 using <_io.TextIOWrapper name='logs.json' mode='a' encoding='UTF-8'> and week3-roots.pem
Creating connection for 104.21.235.18 using <_io.TextIOWrapper name='logs.json' mode='a' encoding='UTF-8'> and week3-roots.pem
CONNECTION ERROR:  
Creating connection for 185.228.148.68 using <_io.TextIOWrapper name='logs.json' mode='a' encoding='UTF-8'> and week3-roots.pem
Creating connection for 172.67.202.199 using <_io.TextIOWrapper name='logs.json' mode='a' encoding='UTF-8'> and week3-roots.pem
CONNECTION ERROR:  
Creating connection for 23.185.0.4 using <_io.TextIOWrapper name='logs.json' mode='a' encoding='UTF-8'> and week3-roots.pem
Creating connection for 192.0.78.25 using <_io.TextIOWrapper name='logs.json' mode='a' encoding='UTF-8'> and week3-roots.pem
CONNECTION ERROR:  
Creating connection for 65.9.86.12 using <_io.TextIOWrapper name='logs.json' mode='a' encoding='UTF-8'> and week3-roots.pem
Creating connection for 185.170.164.58 using <_io.TextIOWrapper name='logs.json' mode='a' encoding='UTF-8'> and week3-roots.pem
CONNECTION ERROR:  
CONNECTION ERROR:  
CONNECTION ERROR:  
CONNECTION ERROR:  
Creating connection for 91.195.240.103 using <_io.TextIOWrapper name='logs.json' mode='a' encoding='UTF-8'> and week3-roots.pem
CONNECTION ERROR:  
CONNECTION ERROR:  
Creating connection for 5.61.36.80 using <_io.TextIOWrapper name='logs.json' mode='a' encoding='UTF-8'> and week3-roots.pem
CONNECTION ERROR:  
CONNECTION ERROR:  
CONNECTION ERROR:  
CONNECTION ERROR:  
CONNECTION ERROR:  
CONNECTION ERROR:  
Creating connection for 198.54.117.216 using <_io.TextIOWrapper name='logs.json' mode='a' encoding='UTF-8'> and week3-roots.pem
CONNECTION ERROR:  
CONNECTION ERROR:  
Creating connection for 104.21.34.36 using <_io.TextIOWrapper name='logs.json' mode='a' encoding='UTF-8'> and week3-roots.pem
CONNECTION ERROR:  
CONNECTION ERROR:  
Creating connection for 96.16.53.210 using <_io.TextIOWrapper name='logs.json' mode='a' encoding='UTF-8'> and week3-roots.pem
CONNECTION ERROR:  
CONNECTION ERROR:  
Creating connection for 74.114.88.211 using <_io.TextIOWrapper name='logs.json' mode='a' encoding='UTF-8'> and week3-roots.pem
CONNECTION ERROR:  timed out
CONNECTION ERROR:  
Creating connection for 34.251.201.224 using <_io.TextIOWrapper name='logs.json' mode='a' encoding='UTF-8'> and week3-roots.pem
CONNECTION ERROR:  
CONNECTION ERROR:  
Creating connection for 104.22.76.181 using <_io.TextIOWrapper name='logs.json' mode='a' encoding='UTF-8'> and week3-roots.pem
CONNECTION ERROR:  
CONNECTION ERROR:  
Creating connection for 157.56.160.177 using <_io.TextIOWrapper name='logs.json' mode='a' encoding='UTF-8'> and week3-roots.pem
Creating connection for 162.159.136.54 using <_io.TextIOWrapper name='logs.json' mode='a' encoding='UTF-8'> and week3-roots.pem
Creating connection for 185.20.51.238 using <_io.TextIOWrapper name='logs.json' mode='a' encoding='UTF-8'> and week3-roots.pem
Creating connection for 104.26.1.215 using <_io.TextIOWrapper name='logs.json' mode='a' encoding='UTF-8'> and week3-roots.pem
CONNECTION ERROR:  
Creating connection for 96.45.82.213 using <_io.TextIOWrapper name='logs.json' mode='a' encoding='UTF-8'> and week3-roots.pem
Creating connection for 65.9.86.65 using <_io.TextIOWrapper name='logs.json' mode='a' encoding='UTF-8'> and week3-roots.pem
Creating connection for 172.64.151.18 using <_io.TextIOWrapper name='logs.json' mode='a' encoding='UTF-8'> and week3-roots.pem
Creating connection for 104.26.9.221 using <_io.TextIOWrapper name='logs.json' mode='a' encoding='UTF-8'> and week3-roots.pem
CONNECTION ERROR:  
CONNECTION ERROR:  timed out
Creating connection for 178.77.107.162 using <_io.TextIOWrapper name='logs.json' mode='a' encoding='UTF-8'> and week3-roots.pem
Creating connection for 104.21.77.27 using <_io.TextIOWrapper name='logs.json' mode='a' encoding='UTF-8'> and week3-roots.pem
Creating connection for 200.229.196.80 using <_io.TextIOWrapper name='logs.json' mode='a' encoding='UTF-8'> and week3-roots.pem
CONNECTION ERROR:  
CONNECTION ERROR:  
CONNECTION ERROR:  timed out
Creating connection for 64.207.156.27 using <_io.TextIOWrapper name='logs.json' mode='a' encoding='UTF-8'> and week3-roots.pem
CONNECTION ERROR:  
CONNECTION ERROR:  
Creating connection for 92.51.145.141 using <_io.TextIOWrapper name='logs.json' mode='a' encoding='UTF-8'> and week3-roots.pem
CONNECTION ERROR:  
CONNECTION ERROR:  [Errno 113] No route to host
CONNECTION ERROR:  
CONNECTION ERROR:  
CONNECTION ERROR:  (32, 'EPIPE')
CONNECTION ERROR:  
Creating connection for 160.153.138.53 using <_io.TextIOWrapper name='logs.json' mode='a' encoding='UTF-8'> and week3-roots.pem
Creating connection for 65.9.86.29 using <_io.TextIOWrapper name='logs.json' mode='a' encoding='UTF-8'> and week3-roots.pem
CONNECTION ERROR:  
CONNECTION ERROR:  
CONNECTION ERROR:  
CONNECTION ERROR:  
CONNECTION ERROR:  
Creating connection for 172.67.70.189 using <_io.TextIOWrapper name='logs.json' mode='a' encoding='UTF-8'> and week3-roots.pem
CONNECTION ERROR:  timed out
CONNECTION ERROR:  
CONNECTION ERROR:  
CONNECTION ERROR:  
Creating connection for 185.201.146.128 using <_io.TextIOWrapper name='logs.json' mode='a' encoding='UTF-8'> and week3-roots.pem
Creating connection for 163.43.30.205 using <_io.TextIOWrapper name='logs.json' mode='a' encoding='UTF-8'> and week3-roots.pem
Creating connection for 47.246.48.226 using <_io.TextIOWrapper name='logs.json' mode='a' encoding='UTF-8'> and week3-roots.pem
Creating connection for 159.100.248.24 using <_io.TextIOWrapper name='logs.json' mode='a' encoding='UTF-8'> and week3-roots.pem
Creating connection for 104.18.29.211 using <_io.TextIOWrapper name='logs.json' mode='a' encoding='UTF-8'> and week3-roots.pem
CONNECTION ERROR:  
CONNECTION ERROR:  
CONNECTION ERROR:  
CONNECTION ERROR:  
CONNECTION ERROR:  
CONNECTION ERROR:  
CONNECTION ERROR:  
CONNECTION ERROR:  
Creating connection for 65.9.86.75 using <_io.TextIOWrapper name='logs.json' mode='a' encoding='UTF-8'> and week3-roots.pem
CONNECTION ERROR:  
CONNECTION ERROR:  
Creating connection for 75.2.26.18 using <_io.TextIOWrapper name='logs.json' mode='a' encoding='UTF-8'> and week3-roots.pem
CONNECTION ERROR:  
Creating connection for 207.164.245.242 using <_io.TextIOWrapper name='logs.json' mode='a' encoding='UTF-8'> and week3-roots.pem
Creating connection for 172.67.140.235 using <_io.TextIOWrapper name='logs.json' mode='a' encoding='UTF-8'> and week3-roots.pem
CONNECTION ERROR:  
Creating connection for 172.67.24.251 using <_io.TextIOWrapper name='logs.json' mode='a' encoding='UTF-8'> and week3-roots.pem
CONNECTION ERROR:  
CONNECTION ERROR:  
CONNECTION ERROR:  
Creating connection for 35.227.122.111 using <_io.TextIOWrapper name='logs.json' mode='a' encoding='UTF-8'> and week3-roots.pem
CONNECTION ERROR:  
CONNECTION ERROR:  
CONNECTION ERROR:  
CONNECTION ERROR:  
CONNECTION ERROR:  
Creating connection for 153.127.208.54 using <_io.TextIOWrapper name='logs.json' mode='a' encoding='UTF-8'> and week3-roots.pem
Creating connection for 104.24.12.30 using <_io.TextIOWrapper name='logs.json' mode='a' encoding='UTF-8'> and week3-roots.pem
CONNECTION ERROR:  
Creating connection for 180.163.40.35 using <_io.TextIOWrapper name='logs.json' mode='a' encoding='UTF-8'> and week3-roots.pem
Creating connection for 172.67.189.133 using <_io.TextIOWrapper name='logs.json' mode='a' encoding='UTF-8'> and week3-roots.pem
Creating connection for 14.128.139.39 using <_io.TextIOWrapper name='logs.json' mode='a' encoding='UTF-8'> and week3-roots.pem
CONNECTION ERROR:  
CONNECTION ERROR:  
CONNECTION ERROR:  
Creating connection for 172.67.219.102 using <_io.TextIOWrapper name='logs.json' mode='a' encoding='UTF-8'> and week3-roots.pem
CONNECTION ERROR:  timed out
CONNECTION ERROR:  
CONNECTION ERROR:  
Creating connection for 35.178.27.147 using <_io.TextIOWrapper name='logs.json' mode='a' encoding='UTF-8'> and week3-roots.pem
Creating connection for 185.109.109.98 using <_io.TextIOWrapper name='logs.json' mode='a' encoding='UTF-8'> and week3-roots.pem
Creating connection for 141.193.213.10 using <_io.TextIOWrapper name='logs.json' mode='a' encoding='UTF-8'> and week3-roots.pem
CONNECTION ERROR:  
CONNECTION ERROR:  timed out
CONNECTION ERROR:  
Creating connection for 104.21.23.153 using <_io.TextIOWrapper name='logs.json' mode='a' encoding='UTF-8'> and week3-roots.pem
CONNECTION ERROR:  
Creating connection for 96.16.53.202 using <_io.TextIOWrapper name='logs.json' mode='a' encoding='UTF-8'> and week3-roots.pem
CONNECTION ERROR:  
CONNECTION ERROR:  
CONNECTION ERROR:  
Creating connection for 34.203.27.142 using <_io.TextIOWrapper name='logs.json' mode='a' encoding='UTF-8'> and week3-roots.pem
Creating connection for 65.9.86.99 using <_io.TextIOWrapper name='logs.json' mode='a' encoding='UTF-8'> and week3-roots.pem
Creating connection for 198.185.159.144 using <_io.TextIOWrapper name='logs.json' mode='a' encoding='UTF-8'> and week3-roots.pem
CONNECTION ERROR:  
Creating connection for 78.155.212.104 using <_io.TextIOWrapper name='logs.json' mode='a' encoding='UTF-8'> and week3-roots.pem
Creating connection for 164.138.223.177 using <_io.TextIOWrapper name='logs.json' mode='a' encoding='UTF-8'> and week3-roots.pem
Creating connection for 203.30.191.13 using <_io.TextIOWrapper name='logs.json' mode='a' encoding='UTF-8'> and week3-roots.pem
CONNECTION ERROR:  
Creating connection for 151.101.130.168 using <_io.TextIOWrapper name='logs.json' mode='a' encoding='UTF-8'> and week3-roots.pem
CONNECTION ERROR:  
Creating connection for 98.139.28.145 using <_io.TextIOWrapper name='logs.json' mode='a' encoding='UTF-8'> and week3-roots.pem
CONNECTION ERROR:  timed out
CONNECTION ERROR:  
CONNECTION ERROR:  
CONNECTION ERROR:  
CONNECTION ERROR:  
Creating connection for 65.9.86.11 using <_io.TextIOWrapper name='logs.json' mode='a' encoding='UTF-8'> and week3-roots.pem
CONNECTION ERROR:  
Creating connection for 34.141.28.239 using <_io.TextIOWrapper name='logs.json' mode='a' encoding='UTF-8'> and week3-roots.pem
Creating connection for 92.124.148.76 using <_io.TextIOWrapper name='logs.json' mode='a' encoding='UTF-8'> and week3-roots.pem
CONNECTION ERROR:  
Creating connection for 151.101.37.84 using <_io.TextIOWrapper name='logs.json' mode='a' encoding='UTF-8'> and week3-roots.pem
CONNECTION ERROR:  
CONNECTION ERROR:  
CONNECTION ERROR:  
CONNECTION ERROR:  
CONNECTION ERROR:  
Creating connection for 81.187.30.81 using <_io.TextIOWrapper name='logs.json' mode='a' encoding='UTF-8'> and week3-roots.pem
CONNECTION ERROR:  
CONNECTION ERROR:  
CONNECTION ERROR:  
CONNECTION ERROR:  
Creating connection for 104.21.90.172 using <_io.TextIOWrapper name='logs.json' mode='a' encoding='UTF-8'> and week3-roots.pem
Creating connection for 185.11.101.173 using <_io.TextIOWrapper name='logs.json' mode='a' encoding='UTF-8'> and week3-roots.pem
CONNECTION ERROR:  
CONNECTION ERROR:  
Creating connection for 76.76.21.21 using <_io.TextIOWrapper name='logs.json' mode='a' encoding='UTF-8'> and week3-roots.pem
Creating connection for 141.193.213.20 using <_io.TextIOWrapper name='logs.json' mode='a' encoding='UTF-8'> and week3-roots.pem
Creating connection for 34.98.99.30 using <_io.TextIOWrapper name='logs.json' mode='a' encoding='UTF-8'> and week3-roots.pem
Creating connection for 68.65.123.94 using <_io.TextIOWrapper name='logs.json' mode='a' encoding='UTF-8'> and week3-roots.pem
CONNECTION ERROR:  
Creating connection for 62.109.140.37 using <_io.TextIOWrapper name='logs.json' mode='a' encoding='UTF-8'> and week3-roots.pem
Creating connection for 192.252.149.13 using <_io.TextIOWrapper name='logs.json' mode='a' encoding='UTF-8'> and week3-roots.pem
Creating connection for 133.167.97.133 using <_io.TextIOWrapper name='logs.json' mode='a' encoding='UTF-8'> and week3-roots.pem
Creating connection for 172.67.208.68 using <_io.TextIOWrapper name='logs.json' mode='a' encoding='UTF-8'> and week3-roots.pem
Creating connection for 69.168.91.114 using <_io.TextIOWrapper name='logs.json' mode='a' encoding='UTF-8'> and week3-roots.pem
CONNECTION ERROR:  
Creating connection for 3.7.95.177 using <_io.TextIOWrapper name='logs.json' mode='a' encoding='UTF-8'> and week3-roots.pem
CONNECTION ERROR:  
CONNECTION ERROR:  
Creating connection for 192.46.210.122 using <_io.TextIOWrapper name='logs.json' mode='a' encoding='UTF-8'> and week3-roots.pem
Creating connection for 172.83.154.35 using <_io.TextIOWrapper name='logs.json' mode='a' encoding='UTF-8'> and week3-roots.pem
Creating connection for 62.152.62.42 using <_io.TextIOWrapper name='logs.json' mode='a' encoding='UTF-8'> and week3-roots.pem
CONNECTION ERROR:  timed out
CONNECTION ERROR:  
Creating connection for 85.13.152.127 using <_io.TextIOWrapper name='logs.json' mode='a' encoding='UTF-8'> and week3-roots.pem
Creating connection for 144.202.154.65 using <_io.TextIOWrapper name='logs.json' mode='a' encoding='UTF-8'> and week3-roots.pem
CONNECTION ERROR:  
CONNECTION ERROR:  
CONNECTION ERROR:  
CONNECTION ERROR:  
Creating connection for 65.9.86.53 using <_io.TextIOWrapper name='logs.json' mode='a' encoding='UTF-8'> and week3-roots.pem
Creating connection for 185.96.67.190 using <_io.TextIOWrapper name='logs.json' mode='a' encoding='UTF-8'> and week3-roots.pem
Creating connection for 13.107.9.168 using <_io.TextIOWrapper name='logs.json' mode='a' encoding='UTF-8'> and week3-roots.pem
CONNECTION ERROR:  
Creating connection for 164.132.203.36 using <_io.TextIOWrapper name='logs.json' mode='a' encoding='UTF-8'> and week3-roots.pem
Creating connection for 63.251.106.25 using <_io.TextIOWrapper name='logs.json' mode='a' encoding='UTF-8'> and week3-roots.pem
CONNECTION ERROR:  
Creating connection for 104.21.14.192 using <_io.TextIOWrapper name='logs.json' mode='a' encoding='UTF-8'> and week3-roots.pem
Creating connection for 188.114.97.3 using <_io.TextIOWrapper name='logs.json' mode='a' encoding='UTF-8'> and week3-roots.pem
CONNECTION ERROR:  
Creating connection for 104.26.5.73 using <_io.TextIOWrapper name='logs.json' mode='a' encoding='UTF-8'> and week3-roots.pem
Creating connection for 91.198.165.221 using <_io.TextIOWrapper name='logs.json' mode='a' encoding='UTF-8'> and week3-roots.pem
Creating connection for 67.20.113.35 using <_io.TextIOWrapper name='logs.json' mode='a' encoding='UTF-8'> and week3-roots.pem
CONNECTION ERROR:  
Creating connection for 81.169.211.19 using <_io.TextIOWrapper name='logs.json' mode='a' encoding='UTF-8'> and week3-roots.pem
CONNECTION ERROR:  
Creating connection for 65.9.86.47 using <_io.TextIOWrapper name='logs.json' mode='a' encoding='UTF-8'> and week3-roots.pem
Creating connection for 60.205.24.197 using <_io.TextIOWrapper name='logs.json' mode='a' encoding='UTF-8'> and week3-roots.pem
Creating connection for 135.84.124.41 using <_io.TextIOWrapper name='logs.json' mode='a' encoding='UTF-8'> and week3-roots.pem
CONNECTION ERROR:  
Creating connection for 94.231.103.132 using <_io.TextIOWrapper name='logs.json' mode='a' encoding='UTF-8'> and week3-roots.pem
Creating connection for 172.67.68.248 using <_io.TextIOWrapper name='logs.json' mode='a' encoding='UTF-8'> and week3-roots.pem
CONNECTION ERROR:  
CONNECTION ERROR:  timed out
CONNECTION ERROR:  
CONNECTION ERROR:  
CONNECTION ERROR:  timed out
CONNECTION ERROR:  
CONNECTION ERROR:  
CONNECTION ERROR:  
CONNECTION ERROR:  
CONNECTION ERROR:  
Creating connection for 166.62.28.131 using <_io.TextIOWrapper name='logs.json' mode='a' encoding='UTF-8'> and week3-roots.pem
CONNECTION ERROR:  
CONNECTION ERROR:  
CONNECTION ERROR:  
CONNECTION ERROR:  
Creating connection for 74.208.236.145 using <_io.TextIOWrapper name='logs.json' mode='a' encoding='UTF-8'> and week3-roots.pem
Creating connection for 87.236.16.65 using <_io.TextIOWrapper name='logs.json' mode='a' encoding='UTF-8'> and week3-roots.pem
CONNECTION ERROR:  
Creating connection for 23.227.38.32 using <_io.TextIOWrapper name='logs.json' mode='a' encoding='UTF-8'> and week3-roots.pem
CONNECTION ERROR:  
Creating connection for 198.54.120.135 using <_io.TextIOWrapper name='logs.json' mode='a' encoding='UTF-8'> and week3-roots.pem
CONNECTION ERROR:  
Creating connection for 172.67.217.72 using <_io.TextIOWrapper name='logs.json' mode='a' encoding='UTF-8'> and week3-roots.pem
Creating connection for 65.9.86.118 using <_io.TextIOWrapper name='logs.json' mode='a' encoding='UTF-8'> and week3-roots.pem
Creating connection for 208.91.197.24 using <_io.TextIOWrapper name='logs.json' mode='a' encoding='UTF-8'> and week3-roots.pem
Creating connection for 217.70.184.38 using <_io.TextIOWrapper name='logs.json' mode='a' encoding='UTF-8'> and week3-roots.pem
Creating connection for 104.26.9.179 using <_io.TextIOWrapper name='logs.json' mode='a' encoding='UTF-8'> and week3-roots.pem
Creating connection for 93.190.45.6 using <_io.TextIOWrapper name='logs.json' mode='a' encoding='UTF-8'> and week3-roots.pem
Creating connection for 34.159.58.69 using <_io.TextIOWrapper name='logs.json' mode='a' encoding='UTF-8'> and week3-roots.pem
CONNECTION ERROR:  
CONNECTION ERROR:  
CONNECTION ERROR:  
CONNECTION ERROR:  
Creating connection for 172.67.155.235 using <_io.TextIOWrapper name='logs.json' mode='a' encoding='UTF-8'> and week3-roots.pem
Creating connection for 104.26.4.126 using <_io.TextIOWrapper name='logs.json' mode='a' encoding='UTF-8'> and week3-roots.pem
CONNECTION ERROR:  
Creating connection for 104.26.8.204 using <_io.TextIOWrapper name='logs.json' mode='a' encoding='UTF-8'> and week3-roots.pem
CONNECTION ERROR:  
Creating connection for 46.174.148.20 using <_io.TextIOWrapper name='logs.json' mode='a' encoding='UTF-8'> and week3-roots.pem
Creating connection for 208.91.197.26 using <_io.TextIOWrapper name='logs.json' mode='a' encoding='UTF-8'> and week3-roots.pem
CONNECTION ERROR:  
CONNECTION ERROR:  
Creating connection for 104.26.11.224 using <_io.TextIOWrapper name='logs.json' mode='a' encoding='UTF-8'> and week3-roots.pem
Creating connection for 52.204.158.69 using <_io.TextIOWrapper name='logs.json' mode='a' encoding='UTF-8'> and week3-roots.pem
Creating connection for 172.67.219.97 using <_io.TextIOWrapper name='logs.json' mode='a' encoding='UTF-8'> and week3-roots.pem
Creating connection for 104.26.8.151 using <_io.TextIOWrapper name='logs.json' mode='a' encoding='UTF-8'> and week3-roots.pem
Creating connection for 65.168.94.29 using <_io.TextIOWrapper name='logs.json' mode='a' encoding='UTF-8'> and week3-roots.pem
Creating connection for 20.239.191.22 using <_io.TextIOWrapper name='logs.json' mode='a' encoding='UTF-8'> and week3-roots.pem
Creating connection for 104.196.255.76 using <_io.TextIOWrapper name='logs.json' mode='a' encoding='UTF-8'> and week3-roots.pem
Creating connection for 65.9.86.34 using <_io.TextIOWrapper name='logs.json' mode='a' encoding='UTF-8'> and week3-roots.pem
CONNECTION ERROR:  
Creating connection for 65.9.86.52 using <_io.TextIOWrapper name='logs.json' mode='a' encoding='UTF-8'> and week3-roots.pem
Creating connection for 198.54.117.218 using <_io.TextIOWrapper name='logs.json' mode='a' encoding='UTF-8'> and week3-roots.pem
Creating connection for 104.21.235.176 using <_io.TextIOWrapper name='logs.json' mode='a' encoding='UTF-8'> and week3-roots.pem
Creating connection for 54.179.204.252 using <_io.TextIOWrapper name='logs.json' mode='a' encoding='UTF-8'> and week3-roots.pem
CONNECTION ERROR:  [Errno 111] Connection refused
CONNECTION ERROR:  
CONNECTION ERROR:  
CONNECTION ERROR:  
CONNECTION ERROR:  (32, 'EPIPE')
CONNECTION ERROR:  
CONNECTION ERROR:  timed out
CONNECTION ERROR:  
CONNECTION ERROR:  
CONNECTION ERROR:  
CONNECTION ERROR:  
CONNECTION ERROR:  
Creating connection for 176.31.176.75 using <_io.TextIOWrapper name='logs.json' mode='a' encoding='UTF-8'> and week3-roots.pem
CONNECTION ERROR:  
Creating connection for 104.31.16.7 using <_io.TextIOWrapper name='logs.json' mode='a' encoding='UTF-8'> and week3-roots.pem
Creating connection for 2.57.184.57 using <_io.TextIOWrapper name='logs.json' mode='a' encoding='UTF-8'> and week3-roots.pem
CONNECTION ERROR:  
CONNECTION ERROR:  
CONNECTION ERROR:  
Creating connection for 173.209.33.163 using <_io.TextIOWrapper name='logs.json' mode='a' encoding='UTF-8'> and week3-roots.pem
CONNECTION ERROR:  
CONNECTION ERROR:  
Creating connection for 217.19.230.103 using <_io.TextIOWrapper name='logs.json' mode='a' encoding='UTF-8'> and week3-roots.pem
Creating connection for 69.20.120.146 using <_io.TextIOWrapper name='logs.json' mode='a' encoding='UTF-8'> and week3-roots.pem
Creating connection for 104.17.110.12 using <_io.TextIOWrapper name='logs.json' mode='a' encoding='UTF-8'> and week3-roots.pem
Creating connection for 76.223.27.102 using <_io.TextIOWrapper name='logs.json' mode='a' encoding='UTF-8'> and week3-roots.pem
Creating connection for 36.103.232.26 using <_io.TextIOWrapper name='logs.json' mode='a' encoding='UTF-8'> and week3-roots.pem
CONNECTION ERROR:  
Creating connection for 111.47.226.158 using <_io.TextIOWrapper name='logs.json' mode='a' encoding='UTF-8'> and week3-roots.pem
Creating connection for 138.68.130.111 using <_io.TextIOWrapper name='logs.json' mode='a' encoding='UTF-8'> and week3-roots.pem
CONNECTION ERROR:  
CONNECTION ERROR:  
Creating connection for 101.33.10.114 using <_io.TextIOWrapper name='logs.json' mode='a' encoding='UTF-8'> and week3-roots.pem
Creating connection for 66.96.146.129 using <_io.TextIOWrapper name='logs.json' mode='a' encoding='UTF-8'> and week3-roots.pem
Creating connection for 88.204.196.134 using <_io.TextIOWrapper name='logs.json' mode='a' encoding='UTF-8'> and week3-roots.pem
Creating connection for 65.9.86.34 using <_io.TextIOWrapper name='logs.json' mode='a' encoding='UTF-8'> and week3-roots.pem
Creating connection for 104.16.137.87 using <_io.TextIOWrapper name='logs.json' mode='a' encoding='UTF-8'> and week3-roots.pem
Creating connection for 185.137.235.120 using <_io.TextIOWrapper name='logs.json' mode='a' encoding='UTF-8'> and week3-roots.pem
Creating connection for 104.18.35.174 using <_io.TextIOWrapper name='logs.json' mode='a' encoding='UTF-8'> and week3-roots.pem
Creating connection for 136.159.96.125 using <_io.TextIOWrapper name='logs.json' mode='a' encoding='UTF-8'> and week3-roots.pem
Creating connection for 104.21.64.203 using <_io.TextIOWrapper name='logs.json' mode='a' encoding='UTF-8'> and week3-roots.pem
CONNECTION ERROR:  
CONNECTION ERROR:  [Errno 111] Connection refused
CONNECTION ERROR:  (32, 'EPIPE')
CONNECTION ERROR:  
CONNECTION ERROR:  
CONNECTION ERROR:  
CONNECTION ERROR:  
Creating connection for 104.22.36.92 using <_io.TextIOWrapper name='logs.json' mode='a' encoding='UTF-8'> and week3-roots.pem
Creating connection for 103.224.212.239 using <_io.TextIOWrapper name='logs.json' mode='a' encoding='UTF-8'> and week3-roots.pem
Creating connection for 104.21.46.117 using <_io.TextIOWrapper name='logs.json' mode='a' encoding='UTF-8'> and week3-roots.pem
CONNECTION ERROR:  
CONNECTION ERROR:  
Creating connection for 195.68.246.50 using <_io.TextIOWrapper name='logs.json' mode='a' encoding='UTF-8'> and week3-roots.pem
Creating connection for 116.90.57.127 using <_io.TextIOWrapper name='logs.json' mode='a' encoding='UTF-8'> and week3-roots.pem
Creating connection for 94.46.135.151 using <_io.TextIOWrapper name='logs.json' mode='a' encoding='UTF-8'> and week3-roots.pem
CONNECTION ERROR:  
Creating connection for 65.9.86.83 using <_io.TextIOWrapper name='logs.json' mode='a' encoding='UTF-8'> and week3-roots.pem
Creating connection for 172.67.220.153 using <_io.TextIOWrapper name='logs.json' mode='a' encoding='UTF-8'> and week3-roots.pem
CONNECTION ERROR:  
Creating connection for 72.14.185.43 using <_io.TextIOWrapper name='logs.json' mode='a' encoding='UTF-8'> and week3-roots.pem
Creating connection for 216.24.57.1 using <_io.TextIOWrapper name='logs.json' mode='a' encoding='UTF-8'> and week3-roots.pem
Creating connection for 75.2.70.75 using <_io.TextIOWrapper name='logs.json' mode='a' encoding='UTF-8'> and week3-roots.pem
Creating connection for 34.95.116.176 using <_io.TextIOWrapper name='logs.json' mode='a' encoding='UTF-8'> and week3-roots.pem
CONNECTION ERROR:  timed out
CONNECTION ERROR:  
Creating connection for 35.246.30.242 using <_io.TextIOWrapper name='logs.json' mode='a' encoding='UTF-8'> and week3-roots.pem
CONNECTION ERROR:  
Creating connection for 204.11.56.48 using <_io.TextIOWrapper name='logs.json' mode='a' encoding='UTF-8'> and week3-roots.pem
CONNECTION ERROR:  
CONNECTION ERROR:  
CONNECTION ERROR:  
CONNECTION ERROR:  
CONNECTION ERROR:  
CONNECTION ERROR:  
Creating connection for 104.18.75.15 using <_io.TextIOWrapper name='logs.json' mode='a' encoding='UTF-8'> and week3-roots.pem
CONNECTION ERROR:  
Creating connection for 23.38.25.50 using <_io.TextIOWrapper name='logs.json' mode='a' encoding='UTF-8'> and week3-roots.pemCONNECTION ERROR:  

CONNECTION ERROR:  
CONNECTION ERROR:  
CONNECTION ERROR:  timed out
CONNECTION ERROR:  
CONNECTION ERROR:  
CONNECTION ERROR:  
CONNECTION ERROR:  
Creating connection for 172.67.141.217 using <_io.TextIOWrapper name='logs.json' mode='a' encoding='UTF-8'> and week3-roots.pem
CONNECTION ERROR:  
CONNECTION ERROR:  
CONNECTION ERROR:  
Creating connection for 151.101.130.133 using <_io.TextIOWrapper name='logs.json' mode='a' encoding='UTF-8'> and week3-roots.pem
CONNECTION ERROR:  
CONNECTION ERROR:  timed out
CONNECTION ERROR:  
Creating connection for 172.67.180.106 using <_io.TextIOWrapper name='logs.json' mode='a' encoding='UTF-8'> and week3-roots.pem
Creating connection for 23.185.0.4 using <_io.TextIOWrapper name='logs.json' mode='a' encoding='UTF-8'> and week3-roots.pem
CONNECTION ERROR:  
CONNECTION ERROR:  
Creating connection for 65.9.86.86 using <_io.TextIOWrapper name='logs.json' mode='a' encoding='UTF-8'> and week3-roots.pem
Creating connection for 77.222.56.252 using <_io.TextIOWrapper name='logs.json' mode='a' encoding='UTF-8'> and week3-roots.pem
Creating connection for 213.239.216.189 using <_io.TextIOWrapper name='logs.json' mode='a' encoding='UTF-8'> and week3-roots.pem
Creating connection for 3.34.93.95 using <_io.TextIOWrapper name='logs.json' mode='a' encoding='UTF-8'> and week3-roots.pem
CONNECTION ERROR:  
CONNECTION ERROR:  
CONNECTION ERROR:  timed out
CONNECTION ERROR:  
CONNECTION ERROR:  
CONNECTION ERROR:  
CONNECTION ERROR:  timed out
CONNECTION ERROR:  
Creating connection for 104.18.10.168 using <_io.TextIOWrapper name='logs.json' mode='a' encoding='UTF-8'> and week3-roots.pem
CONNECTION ERROR:  
CONNECTION ERROR:  
Creating connection for 65.9.86.35 using <_io.TextIOWrapper name='logs.json' mode='a' encoding='UTF-8'> and week3-roots.pem
Creating connection for 172.64.151.70 using <_io.TextIOWrapper name='logs.json' mode='a' encoding='UTF-8'> and week3-roots.pem
Creating connection for 35.209.67.17 using <_io.TextIOWrapper name='logs.json' mode='a' encoding='UTF-8'> and week3-roots.pem
Creating connection for 172.96.191.58 using <_io.TextIOWrapper name='logs.json' mode='a' encoding='UTF-8'> and week3-roots.pem
CONNECTION ERROR:  
CONNECTION ERROR:  
CONNECTION ERROR:  
CONNECTION ERROR:  
Creating connection for 104.21.5.195 using <_io.TextIOWrapper name='logs.json' mode='a' encoding='UTF-8'> and week3-roots.pem
Creating connection for 104.16.53.18 using <_io.TextIOWrapper name='logs.json' mode='a' encoding='UTF-8'> and week3-roots.pem
Creating connection for 122.114.12.250 using <_io.TextIOWrapper name='logs.json' mode='a' encoding='UTF-8'> and week3-roots.pem
CONNECTION ERROR:  
Creating connection for 52.188.90.112 using <_io.TextIOWrapper name='logs.json' mode='a' encoding='UTF-8'> and week3-roots.pem
Creating connection for 104.21.54.91 using <_io.TextIOWrapper name='logs.json' mode='a' encoding='UTF-8'> and week3-roots.pem
Creating connection for 104.26.13.115 using <_io.TextIOWrapper name='logs.json' mode='a' encoding='UTF-8'> and week3-roots.pem
Creating connection for 45.79.209.122 using <_io.TextIOWrapper name='logs.json' mode='a' encoding='UTF-8'> and week3-roots.pem
CONNECTION ERROR:  
Creating connection for 185.230.63.107 using <_io.TextIOWrapper name='logs.json' mode='a' encoding='UTF-8'> and week3-roots.pem
Creating connection for 104.26.4.107 using <_io.TextIOWrapper name='logs.json' mode='a' encoding='UTF-8'> and week3-roots.pem
Creating connection for 104.26.15.175 using <_io.TextIOWrapper name='logs.json' mode='a' encoding='UTF-8'> and week3-roots.pem
Creating connection for 35.204.252.203 using <_io.TextIOWrapper name='logs.json' mode='a' encoding='UTF-8'> and week3-roots.pem
CONNECTION ERROR:  
CONNECTION ERROR:  
Creating connection for 206.188.193.142 using <_io.TextIOWrapper name='logs.json' mode='a' encoding='UTF-8'> and week3-roots.pem
CONNECTION ERROR:  
Creating connection for 104.21.84.3 using <_io.TextIOWrapper name='logs.json' mode='a' encoding='UTF-8'> and week3-roots.pem
Creating connection for 104.196.155.73 using <_io.TextIOWrapper name='logs.json' mode='a' encoding='UTF-8'> and week3-roots.pem
CONNECTION ERROR:  
Creating connection for 191.6.210.184 using <_io.TextIOWrapper name='logs.json' mode='a' encoding='UTF-8'> and week3-roots.pem
CONNECTION ERROR:  
Creating connection for 172.67.200.236 using <_io.TextIOWrapper name='logs.json' mode='a' encoding='UTF-8'> and week3-roots.pem
Creating connection for 8.248.3.236 using <_io.TextIOWrapper name='logs.json' mode='a' encoding='UTF-8'> and week3-roots.pem
CONNECTION ERROR:  
CONNECTION ERROR:  
CONNECTION ERROR:  
CONNECTION ERROR:  
Creating connection for 217.160.0.161 using <_io.TextIOWrapper name='logs.json' mode='a' encoding='UTF-8'> and week3-roots.pem
CONNECTION ERROR:  
CONNECTION ERROR:  
CONNECTION ERROR:  
Creating connection for 64.225.103.0 using <_io.TextIOWrapper name='logs.json' mode='a' encoding='UTF-8'> and week3-roots.pem
Creating connection for 52.213.6.66 using <_io.TextIOWrapper name='logs.json' mode='a' encoding='UTF-8'> and week3-roots.pem
Creating connection for 195.56.240.110 using <_io.TextIOWrapper name='logs.json' mode='a' encoding='UTF-8'> and week3-roots.pem
CONNECTION ERROR:  
Creating connection for 188.114.96.3 using <_io.TextIOWrapper name='logs.json' mode='a' encoding='UTF-8'> and week3-roots.pem
Creating connection for 185.216.77.166 using <_io.TextIOWrapper name='logs.json' mode='a' encoding='UTF-8'> and week3-roots.pem
Creating connection for 188.114.97.2 using <_io.TextIOWrapper name='logs.json' mode='a' encoding='UTF-8'> and week3-roots.pem
Creating connection for 78.41.111.104 using <_io.TextIOWrapper name='logs.json' mode='a' encoding='UTF-8'> and week3-roots.pem
Creating connection for 104.26.15.85 using <_io.TextIOWrapper name='logs.json' mode='a' encoding='UTF-8'> and week3-roots.pem
Creating connection for 104.26.5.28 using <_io.TextIOWrapper name='logs.json' mode='a' encoding='UTF-8'> and week3-roots.pem
CONNECTION ERROR:  
CONNECTION ERROR:  
Creating connection for 104.18.2.178 using <_io.TextIOWrapper name='logs.json' mode='a' encoding='UTF-8'> and week3-roots.pem
Creating connection for 159.69.46.22 using <_io.TextIOWrapper name='logs.json' mode='a' encoding='UTF-8'> and week3-roots.pem
CONNECTION ERROR:  
CONNECTION ERROR:  
CONNECTION ERROR:  
CONNECTION ERROR:  
Creating connection for 104.21.24.217 using <_io.TextIOWrapper name='logs.json' mode='a' encoding='UTF-8'> and week3-roots.pem
Creating connection for 35.213.190.157 using <_io.TextIOWrapper name='logs.json' mode='a' encoding='UTF-8'> and week3-roots.pem
Creating connection for 52.32.242.26 using <_io.TextIOWrapper name='logs.json' mode='a' encoding='UTF-8'> and week3-roots.pem
Creating connection for 172.67.211.147 using <_io.TextIOWrapper name='logs.json' mode='a' encoding='UTF-8'> and week3-roots.pem
CONNECTION ERROR:  
CONNECTION ERROR:  
Creating connection for 104.22.21.129 using <_io.TextIOWrapper name='logs.json' mode='a' encoding='UTF-8'> and week3-roots.pem
Creating connection for 167.114.173.60 using <_io.TextIOWrapper name='logs.json' mode='a' encoding='UTF-8'> and week3-roots.pem
CONNECTION ERROR:  timed out
CONNECTION ERROR:  
CONNECTION ERROR:  
Creating connection for 217.194.210.112 using <_io.TextIOWrapper name='logs.json' mode='a' encoding='UTF-8'> and week3-roots.pem
CONNECTION ERROR:  
Creating connection for 52.72.211.249 using <_io.TextIOWrapper name='logs.json' mode='a' encoding='UTF-8'> and week3-roots.pem
CONNECTION ERROR:  timed out
CONNECTION ERROR:  
Creating connection for 185.78.22.7 using <_io.TextIOWrapper name='logs.json' mode='a' encoding='UTF-8'> and week3-roots.pem
Creating connection for 13.107.213.67 using <_io.TextIOWrapper name='logs.json' mode='a' encoding='UTF-8'> and week3-roots.pem
Creating connection for 188.114.97.12 using <_io.TextIOWrapper name='logs.json' mode='a' encoding='UTF-8'> and week3-roots.pem
CONNECTION ERROR:  
Creating connection for 172.93.53.159 using <_io.TextIOWrapper name='logs.json' mode='a' encoding='UTF-8'> and week3-roots.pem
CONNECTION ERROR:  
Creating connection for 54.178.81.88 using <_io.TextIOWrapper name='logs.json' mode='a' encoding='UTF-8'> and week3-roots.pemCONNECTION ERROR:  
CONNECTION ERROR:  

Creating connection for 104.21.7.36 using <_io.TextIOWrapper name='logs.json' mode='a' encoding='UTF-8'> and week3-roots.pem
CONNECTION ERROR:  
CONNECTION ERROR:  
CONNECTION ERROR:  
CONNECTION ERROR:  
Creating connection for 185.143.234.120 using <_io.TextIOWrapper name='logs.json' mode='a' encoding='UTF-8'> and week3-roots.pem
CONNECTION ERROR:  
CONNECTION ERROR:  
CONNECTION ERROR:  
CONNECTION ERROR:  
CONNECTION ERROR:  
CONNECTION ERROR:  
Creating connection for 172.67.186.152 using <_io.TextIOWrapper name='logs.json' mode='a' encoding='UTF-8'> and week3-roots.pem
CONNECTION ERROR:  
CONNECTION ERROR:  
CONNECTION ERROR:  
Creating connection for 185.80.128.50 using <_io.TextIOWrapper name='logs.json' mode='a' encoding='UTF-8'> and week3-roots.pem
CONNECTION ERROR:  
CONNECTION ERROR:  
Creating connection for 104.21.83.31 using <_io.TextIOWrapper name='logs.json' mode='a' encoding='UTF-8'> and week3-roots.pem
Creating connection for 173.255.192.10 using <_io.TextIOWrapper name='logs.json' mode='a' encoding='UTF-8'> and week3-roots.pem
CONNECTION ERROR:  
CONNECTION ERROR:  
CONNECTION ERROR:  
Creating connection for 128.14.74.32 using <_io.TextIOWrapper name='logs.json' mode='a' encoding='UTF-8'> and week3-roots.pem
Creating connection for 3.33.152.147 using <_io.TextIOWrapper name='logs.json' mode='a' encoding='UTF-8'> and week3-roots.pem
CONNECTION ERROR:  
CONNECTION ERROR:  
Creating connection for 188.114.96.12 using <_io.TextIOWrapper name='logs.json' mode='a' encoding='UTF-8'> and week3-roots.pem
Creating connection for 104.22.27.82 using <_io.TextIOWrapper name='logs.json' mode='a' encoding='UTF-8'> and week3-roots.pem
CONNECTION ERROR:  [Errno 111] Connection refused
CONNECTION ERROR:  timed out
CONNECTION ERROR:  (32, 'EPIPE')
Creating connection for 13.248.216.157 using <_io.TextIOWrapper name='logs.json' mode='a' encoding='UTF-8'> and week3-roots.pem
CONNECTION ERROR:  
Creating connection for 96.45.83.127 using <_io.TextIOWrapper name='logs.json' mode='a' encoding='UTF-8'> and week3-roots.pem
CONNECTION ERROR:  
CONNECTION ERROR:  
CONNECTION ERROR:  
Creating connection for 103.166.62.51 using <_io.TextIOWrapper name='logs.json' mode='a' encoding='UTF-8'> and week3-roots.pem
CONNECTION ERROR:  
Creating connection for 77.158.173.58 using <_io.TextIOWrapper name='logs.json' mode='a' encoding='UTF-8'> and week3-roots.pem
CONNECTION ERROR:  
CONNECTION ERROR:  
CONNECTION ERROR:  timed out
Creating connection for 18.158.98.109 using <_io.TextIOWrapper name='logs.json' mode='a' encoding='UTF-8'> and week3-roots.pem
CONNECTION ERROR:  
CONNECTION ERROR:  
Creating connection for 162.219.224.163 using <_io.TextIOWrapper name='logs.json' mode='a' encoding='UTF-8'> and week3-roots.pem
Creating connection for 40.71.11.128 using <_io.TextIOWrapper name='logs.json' mode='a' encoding='UTF-8'> and week3-roots.pem
Creating connection for 192.0.78.250 using <_io.TextIOWrapper name='logs.json' mode='a' encoding='UTF-8'> and week3-roots.pem
Creating connection for 195.68.193.23 using <_io.TextIOWrapper name='logs.json' mode='a' encoding='UTF-8'> and week3-roots.pem
CONNECTION ERROR:  
Creating connection for 62.109.27.238 using <_io.TextIOWrapper name='logs.json' mode='a' encoding='UTF-8'> and week3-roots.pem
Creating connection for 101.32.205.128 using <_io.TextIOWrapper name='logs.json' mode='a' encoding='UTF-8'> and week3-roots.pem
CONNECTION ERROR:  
CONNECTION ERROR:  
Creating connection for 65.9.86.113 using <_io.TextIOWrapper name='logs.json' mode='a' encoding='UTF-8'> and week3-roots.pem
Creating connection for 80.158.12.111 using <_io.TextIOWrapper name='logs.json' mode='a' encoding='UTF-8'> and week3-roots.pem
Creating connection for 65.9.86.17 using <_io.TextIOWrapper name='logs.json' mode='a' encoding='UTF-8'> and week3-roots.pem
Creating connection for 85.31.14.41 using <_io.TextIOWrapper name='logs.json' mode='a' encoding='UTF-8'> and week3-roots.pem
Creating connection for 34.250.161.149 using <_io.TextIOWrapper name='logs.json' mode='a' encoding='UTF-8'> and week3-roots.pem
CONNECTION ERROR:  
Creating connection for 34.253.101.190 using <_io.TextIOWrapper name='logs.json' mode='a' encoding='UTF-8'> and week3-roots.pem
Creating connection for 23.46.212.174 using <_io.TextIOWrapper name='logs.json' mode='a' encoding='UTF-8'> and week3-roots.pem
Creating connection for 65.9.86.8 using <_io.TextIOWrapper name='logs.json' mode='a' encoding='UTF-8'> and week3-roots.pem
CONNECTION ERROR:  
CONNECTION ERROR:  
CONNECTION ERROR:  
CONNECTION ERROR:  
Creating connection for 65.9.86.29 using <_io.TextIOWrapper name='logs.json' mode='a' encoding='UTF-8'> and week3-roots.pem
Creating connection for 31.31.196.160 using <_io.TextIOWrapper name='logs.json' mode='a' encoding='UTF-8'> and week3-roots.pem
Creating connection for 107.191.50.167 using <_io.TextIOWrapper name='logs.json' mode='a' encoding='UTF-8'> and week3-roots.pem
Creating connection for 52.172.47.18 using <_io.TextIOWrapper name='logs.json' mode='a' encoding='UTF-8'> and week3-roots.pem
CONNECTION ERROR:  
Creating connection for 65.9.86.107 using <_io.TextIOWrapper name='logs.json' mode='a' encoding='UTF-8'> and week3-roots.pem
CONNECTION ERROR:  
CONNECTION ERROR:  
CONNECTION ERROR:  
CONNECTION ERROR:  
Creating connection for 202.214.54.87 using <_io.TextIOWrapper name='logs.json' mode='a' encoding='UTF-8'> and week3-roots.pem
CONNECTION ERROR:  
Creating connection for 85.13.129.233 using <_io.TextIOWrapper name='logs.json' mode='a' encoding='UTF-8'> and week3-roots.pem
CONNECTION ERROR:  
Creating connection for 65.9.86.90 using <_io.TextIOWrapper name='logs.json' mode='a' encoding='UTF-8'> and week3-roots.pem
Creating connection for 172.66.43.104 using <_io.TextIOWrapper name='logs.json' mode='a' encoding='UTF-8'> and week3-roots.pem
Creating connection for 104.22.52.196 using <_io.TextIOWrapper name='logs.json' mode='a' encoding='UTF-8'> and week3-roots.pem
CONNECTION ERROR:  
CONNECTION ERROR:  
CONNECTION ERROR:  
CONNECTION ERROR:  
Creating connection for 104.21.49.16 using <_io.TextIOWrapper name='logs.json' mode='a' encoding='UTF-8'> and week3-roots.pem
Creating connection for 23.235.33.229 using <_io.TextIOWrapper name='logs.json' mode='a' encoding='UTF-8'> and week3-roots.pem
Creating connection for 41.215.232.12 using <_io.TextIOWrapper name='logs.json' mode='a' encoding='UTF-8'> and week3-roots.pem
Creating connection for 208.109.213.71 using <_io.TextIOWrapper name='logs.json' mode='a' encoding='UTF-8'> and week3-roots.pem
Creating connection for 172.67.69.173 using <_io.TextIOWrapper name='logs.json' mode='a' encoding='UTF-8'> and week3-roots.pem
Creating connection for 104.21.5.134 using <_io.TextIOWrapper name='logs.json' mode='a' encoding='UTF-8'> and week3-roots.pem
Creating connection for 108.175.2.159 using <_io.TextIOWrapper name='logs.json' mode='a' encoding='UTF-8'> and week3-roots.pem
Creating connection for 104.26.3.126 using <_io.TextIOWrapper name='logs.json' mode='a' encoding='UTF-8'> and week3-roots.pem
Creating connection for 104.26.10.176 using <_io.TextIOWrapper name='logs.json' mode='a' encoding='UTF-8'> and week3-roots.pem
Creating connection for 192.185.4.56 using <_io.TextIOWrapper name='logs.json' mode='a' encoding='UTF-8'> and week3-roots.pem
Creating connection for 3.214.203.193 using <_io.TextIOWrapper name='logs.json' mode='a' encoding='UTF-8'> and week3-roots.pem
CONNECTION ERROR:  [Errno 111] Connection refused
Creating connection for 104.21.88.183 using <_io.TextIOWrapper name='logs.json' mode='a' encoding='UTF-8'> and week3-roots.pem
CONNECTION ERROR:  
CONNECTION ERROR:  [Errno 111] Connection refused
Creating connection for 95.217.43.188 using <_io.TextIOWrapper name='logs.json' mode='a' encoding='UTF-8'> and week3-roots.pem
CONNECTION ERROR:  (32, 'EPIPE')
CONNECTION ERROR:  
CONNECTION ERROR:  
CONNECTION ERROR:  (32, 'EPIPE')
Creating connection for 104.16.9.83 using <_io.TextIOWrapper name='logs.json' mode='a' encoding='UTF-8'> and week3-roots.pem
CONNECTION ERROR:  [Errno 111] Connection refused
CONNECTION ERROR:  
CONNECTION ERROR:  
CONNECTION ERROR:  
CONNECTION ERROR: Creating connection for 206.191.152.58 using <_io.TextIOWrapper name='logs.json' mode='a' encoding='UTF-8'> and week3-roots.pem
CONNECTION ERROR:  
CONNECTION ERROR:  
Creating connection for 184.185.6.119 using <_io.TextIOWrapper name='logs.json' mode='a' encoding='UTF-8'> and week3-roots.pem
Creating connection for 66.96.149.32 using <_io.TextIOWrapper name='logs.json' mode='a' encoding='UTF-8'> and week3-roots.pem
Creating connection for 80.92.65.188 using <_io.TextIOWrapper name='logs.json' mode='a' encoding='UTF-8'> and week3-roots.pem
CONNECTION ERROR:  
CONNECTION ERROR:  (32, 'EPIPE')
CONNECTION ERROR:  timed out
CONNECTION ERROR:  
Creating connection for 83.172.146.18 using <_io.TextIOWrapper name='logs.json' mode='a' encoding='UTF-8'> and week3-roots.pem
CONNECTION ERROR:  
 
CONNECTION ERROR:  
Creating connection for 199.60.103.254 using <_io.TextIOWrapper name='logs.json' mode='a' encoding='UTF-8'> and week3-roots.pem
CONNECTION ERROR:  
CONNECTION ERROR:  
CONNECTION ERROR:  
CONNECTION ERROR:  
CONNECTION ERROR:  
CONNECTION ERROR:  
Creating connection for 124.236.103.54 using <_io.TextIOWrapper name='logs.json' mode='a' encoding='UTF-8'> and week3-roots.pem
CONNECTION ERROR:  
CONNECTION ERROR:  
CONNECTION ERROR:  
Creating connection for 159.89.121.235 using <_io.TextIOWrapper name='logs.json' mode='a' encoding='UTF-8'> and week3-roots.pem
Creating connection for 185.143.233.120 using <_io.TextIOWrapper name='logs.json' mode='a' encoding='UTF-8'> and week3-roots.pem
Creating connection for 172.67.128.198 using <_io.TextIOWrapper name='logs.json' mode='a' encoding='UTF-8'> and week3-roots.pem
CONNECTION ERROR:  
CONNECTION ERROR:  
Creating connection for 192.243.61.225 using <_io.TextIOWrapper name='logs.json' mode='a' encoding='UTF-8'> and week3-roots.pem
CONNECTION ERROR:  
CONNECTION ERROR:  
Creating connection for 218.251.96.38 using <_io.TextIOWrapper name='logs.json' mode='a' encoding='UTF-8'> and week3-roots.pem
Creating connection for 185.41.185.73 using <_io.TextIOWrapper name='logs.json' mode='a' encoding='UTF-8'> and week3-roots.pem
CONNECTION ERROR:  [Errno 111] Connection refused
CONNECTION ERROR:  (32, 'EPIPE')
Creating connection for 172.67.193.77 using <_io.TextIOWrapper name='logs.json' mode='a' encoding='UTF-8'> and week3-roots.pem
Creating connection for 84.16.240.70 using <_io.TextIOWrapper name='logs.json' mode='a' encoding='UTF-8'> and week3-roots.pem
Creating connection for 23.227.38.32 using <_io.TextIOWrapper name='logs.json' mode='a' encoding='UTF-8'> and week3-roots.pem
Creating connection for 216.10.244.88 using <_io.TextIOWrapper name='logs.json' mode='a' encoding='UTF-8'> and week3-roots.pem
Creating connection for 46.101.209.63 using <_io.TextIOWrapper name='logs.json' mode='a' encoding='UTF-8'> and week3-roots.pem
CONNECTION ERROR:  
CONNECTION ERROR:  
Creating connection for 172.247.228.133 using <_io.TextIOWrapper name='logs.json' mode='a' encoding='UTF-8'> and week3-roots.pem
CONNECTION ERROR:  
Creating connection for 80.72.224.90 using <_io.TextIOWrapper name='logs.json' mode='a' encoding='UTF-8'> and week3-roots.pem
CONNECTION ERROR:  
CONNECTION ERROR:  
CONNECTION ERROR:  
Creating connection for 78.46.93.86 using <_io.TextIOWrapper name='logs.json' mode='a' encoding='UTF-8'> and week3-roots.pem
CONNECTION ERROR:  
CONNECTION ERROR:  
Creating connection for 35.202.87.134 using <_io.TextIOWrapper name='logs.json' mode='a' encoding='UTF-8'> and week3-roots.pem
Creating connection for 213.159.0.12 using <_io.TextIOWrapper name='logs.json' mode='a' encoding='UTF-8'> and week3-roots.pem
Creating connection for 20.72.93.209 using <_io.TextIOWrapper name='logs.json' mode='a' encoding='UTF-8'> and week3-roots.pem
Creating connection for 85.204.60.10 using <_io.TextIOWrapper name='logs.json' mode='a' encoding='UTF-8'> and week3-roots.pem
Creating connection for 46.229.175.21 using <_io.TextIOWrapper name='logs.json' mode='a' encoding='UTF-8'> and week3-roots.pem
Creating connection for 104.21.233.155 using <_io.TextIOWrapper name='logs.json' mode='a' encoding='UTF-8'> and week3-roots.pem
Creating connection for 3.34.62.121 using <_io.TextIOWrapper name='logs.json' mode='a' encoding='UTF-8'> and week3-roots.pem
Creating connection for 217.166.53.4 using <_io.TextIOWrapper name='logs.json' mode='a' encoding='UTF-8'> and week3-roots.pem
CONNECTION ERROR:  
CONNECTION ERROR:  
CONNECTION ERROR:  
CONNECTION ERROR:  
Creating connection for 75.2.60.5 using <_io.TextIOWrapper name='logs.json' mode='a' encoding='UTF-8'> and week3-roots.pem
Creating connection for 104.18.130.41 using <_io.TextIOWrapper name='logs.json' mode='a' encoding='UTF-8'> and week3-roots.pem
Creating connection for 172.67.160.25 using <_io.TextIOWrapper name='logs.json' mode='a' encoding='UTF-8'> and week3-roots.pem
Creating connection for 90.145.222.44 using <_io.TextIOWrapper name='logs.json' mode='a' encoding='UTF-8'> and week3-roots.pem
CONNECTION ERROR:  
Creating connection for 65.9.86.23 using <_io.TextIOWrapper name='logs.json' mode='a' encoding='UTF-8'> and week3-roots.pem
CONNECTION ERROR:  [Errno 111] Connection refused
Creating connection for 133.18.66.217 using <_io.TextIOWrapper name='logs.json' mode='a' encoding='UTF-8'> and week3-roots.pem
CONNECTION ERROR:  (32, 'EPIPE')
Creating connection for 104.247.76.82 using <_io.TextIOWrapper name='logs.json' mode='a' encoding='UTF-8'> and week3-roots.pem
CONNECTION ERROR:  timed out
CONNECTION ERROR:  
Creating connection for 104.26.3.239 using <_io.TextIOWrapper name='logs.json' mode='a' encoding='UTF-8'> and week3-roots.pem
CONNECTION ERROR:  
Creating connection for 3.224.31.65 using <_io.TextIOWrapper name='logs.json' mode='a' encoding='UTF-8'> and week3-roots.pem
Creating connection for 217.26.52.53 using <_io.TextIOWrapper name='logs.json' mode='a' encoding='UTF-8'> and week3-roots.pem
CONNECTION ERROR:  
CONNECTION ERROR:  [Errno 111] Connection refused
CONNECTION ERROR:  
CONNECTION ERROR:  
CONNECTION ERROR:  
CONNECTION ERROR:  
CONNECTION ERROR:  
CONNECTION ERROR:  (32, 'EPIPE')
Creating connection for 141.193.213.10 using <_io.TextIOWrapper name='logs.json' mode='a' encoding='UTF-8'> and week3-roots.pem
CONNECTION ERROR:  
Creating connection for 87.236.16.222 using <_io.TextIOWrapper name='logs.json' mode='a' encoding='UTF-8'> and week3-roots.pem
Creating connection for 146.70.66.62 using <_io.TextIOWrapper name='logs.json' mode='a' encoding='UTF-8'> and week3-roots.pem
CONNECTION ERROR:  
CONNECTION ERROR:  
Creating connection for 89.184.68.169 using <_io.TextIOWrapper name='logs.json' mode='a' encoding='UTF-8'> and week3-roots.pem
CONNECTION ERROR:  timed out
CONNECTION ERROR:  
CONNECTION ERROR:  
CONNECTION ERROR:  
Creating connection for 15.160.255.40 using <_io.TextIOWrapper name='logs.json' mode='a' encoding='UTF-8'> and week3-roots.pem
Creating connection for 37.9.227.194 using <_io.TextIOWrapper name='logs.json' mode='a' encoding='UTF-8'> and week3-roots.pem
Creating connection for 160.109.21.169 using <_io.TextIOWrapper name='logs.json' mode='a' encoding='UTF-8'> and week3-roots.pem
Creating connection for 202.144.128.216 using <_io.TextIOWrapper name='logs.json' mode='a' encoding='UTF-8'> and week3-roots.pem
Creating connection for 192.29.61.248 using <_io.TextIOWrapper name='logs.json' mode='a' encoding='UTF-8'> and week3-roots.pem
Creating connection for 193.231.129.113 using <_io.TextIOWrapper name='logs.json' mode='a' encoding='UTF-8'> and week3-roots.pem
CONNECTION ERROR:  
CONNECTION ERROR:  timed out
CONNECTION ERROR:  timed out
CONNECTION ERROR:  
CONNECTION ERROR:  
Creating connection for 31.220.104.203 using <_io.TextIOWrapper name='logs.json' mode='a' encoding='UTF-8'> and week3-roots.pem
Creating connection for 65.9.86.99 using <_io.TextIOWrapper name='logs.json' mode='a' encoding='UTF-8'> and week3-roots.pem
CONNECTION ERROR:  
Creating connection for 209.99.64.71 using <_io.TextIOWrapper name='logs.json' mode='a' encoding='UTF-8'> and week3-roots.pem
Creating connection for 172.67.71.76 using <_io.TextIOWrapper name='logs.json' mode='a' encoding='UTF-8'> and week3-roots.pem
Creating connection for 185.154.13.56 using <_io.TextIOWrapper name='logs.json' mode='a' encoding='UTF-8'> and week3-roots.pem
Creating connection for 195.225.169.190 using <_io.TextIOWrapper name='logs.json' mode='a' encoding='UTF-8'> and week3-roots.pem
Creating connection for 52.215.209.71 using <_io.TextIOWrapper name='logs.json' mode='a' encoding='UTF-8'> and week3-roots.pem
Creating connection for 65.9.86.106 using <_io.TextIOWrapper name='logs.json' mode='a' encoding='UTF-8'> and week3-roots.pem
Creating connection for 216.239.32.21 using <_io.TextIOWrapper name='logs.json' mode='a' encoding='UTF-8'> and week3-roots.pem
Creating connection for 104.26.2.215 using <_io.TextIOWrapper name='logs.json' mode='a' encoding='UTF-8'> and week3-roots.pem
CONNECTION ERROR:  
Creating connection for 192.0.78.231 using <_io.TextIOWrapper name='logs.json' mode='a' encoding='UTF-8'> and week3-roots.pem
Creating connection for 34.234.247.224 using <_io.TextIOWrapper name='logs.json' mode='a' encoding='UTF-8'> and week3-roots.pem
Creating connection for 103.205.6.98 using <_io.TextIOWrapper name='logs.json' mode='a' encoding='UTF-8'> and week3-roots.pem
Creating connection for 170.81.169.85 using <_io.TextIOWrapper name='logs.json' mode='a' encoding='UTF-8'> and week3-roots.pem
Creating connection for 200.33.96.160 using <_io.TextIOWrapper name='logs.json' mode='a' encoding='UTF-8'> and week3-roots.pem
Creating connection for 45.42.34.188 using <_io.TextIOWrapper name='logs.json' mode='a' encoding='UTF-8'> and week3-roots.pem
Creating connection for 199.116.78.180 using <_io.TextIOWrapper name='logs.json' mode='a' encoding='UTF-8'> and week3-roots.pem
Creating connection for 200.58.110.199 using <_io.TextIOWrapper name='logs.json' mode='a' encoding='UTF-8'> and week3-roots.pem
Creating connection for 79.98.215.233 using <_io.TextIOWrapper name='logs.json' mode='a' encoding='UTF-8'> and week3-roots.pem
CONNECTION ERROR:  
CONNECTION ERROR:  
CONNECTION ERROR:  
Creating connection for 64.32.22.102 using <_io.TextIOWrapper name='logs.json' mode='a' encoding='UTF-8'> and week3-roots.pem
Creating connection for 72.52.138.243 using <_io.TextIOWrapper name='logs.json' mode='a' encoding='UTF-8'> and week3-roots.pem
CONNECTION ERROR:  
CONNECTION ERROR:  
CONNECTION ERROR:  
Creating connection for 185.129.100.112 using <_io.TextIOWrapper name='logs.json' mode='a' encoding='UTF-8'> and week3-roots.pem
CONNECTION ERROR:  
Creating connection for 52.58.96.189 using <_io.TextIOWrapper name='logs.json' mode='a' encoding='UTF-8'> and week3-roots.pem
CONNECTION ERROR:  
CONNECTION ERROR:  
CONNECTION ERROR:  
Creating connection for 172.67.131.178 using <_io.TextIOWrapper name='logs.json' mode='a' encoding='UTF-8'> and week3-roots.pem
Creating connection for 78.140.190.59 using <_io.TextIOWrapper name='logs.json' mode='a' encoding='UTF-8'> and week3-roots.pem
CONNECTION ERROR:  
CONNECTION ERROR:  
CONNECTION ERROR:  
CONNECTION ERROR:  
Creating connection for 14.198.252.96 using <_io.TextIOWrapper name='logs.json' mode='a' encoding='UTF-8'> and week3-roots.pem
CONNECTION ERROR:  
Creating connection for 51.210.185.26 using <_io.TextIOWrapper name='logs.json' mode='a' encoding='UTF-8'> and week3-roots.pem
CONNECTION ERROR:  
Creating connection for 185.253.44.66 using <_io.TextIOWrapper name='logs.json' mode='a' encoding='UTF-8'> and week3-roots.pem
Creating connection for 172.67.70.54 using <_io.TextIOWrapper name='logs.json' mode='a' encoding='UTF-8'> and week3-roots.pem
Creating connection for 194.116.167.96 using <_io.TextIOWrapper name='logs.json' mode='a' encoding='UTF-8'> and week3-roots.pem
CONNECTION ERROR:  
Creating connection for 13.37.185.209 using <_io.TextIOWrapper name='logs.json' mode='a' encoding='UTF-8'> and week3-roots.pem
Creating connection for 45.60.80.128 using <_io.TextIOWrapper name='logs.json' mode='a' encoding='UTF-8'> and week3-roots.pem
Creating connection for 151.101.194.166 using <_io.TextIOWrapper name='logs.json' mode='a' encoding='UTF-8'> and week3-roots.pem
Creating connection for 192.3.206.50 using <_io.TextIOWrapper name='logs.json' mode='a' encoding='UTF-8'> and week3-roots.pem
Creating connection for 141.101.121.235 using <_io.TextIOWrapper name='logs.json' mode='a' encoding='UTF-8'> and week3-roots.pem
Creating connection for 172.67.135.236 using <_io.TextIOWrapper name='logs.json' mode='a' encoding='UTF-8'> and week3-roots.pem
Creating connection for 104.26.15.221 using <_io.TextIOWrapper name='logs.json' mode='a' encoding='UTF-8'> and week3-roots.pem
CONNECTION ERROR:  
CONNECTION ERROR:  
CONNECTION ERROR:  
Creating connection for 173.230.144.164 using <_io.TextIOWrapper name='logs.json' mode='a' encoding='UTF-8'> and week3-roots.pem
CONNECTION ERROR:  
Creating connection for 104.18.34.242 using <_io.TextIOWrapper name='logs.json' mode='a' encoding='UTF-8'> and week3-roots.pem
CONNECTION ERROR:  
Creating connection for 52.30.235.24 using <_io.TextIOWrapper name='logs.json' mode='a' encoding='UTF-8'> and week3-roots.pem
CONNECTION ERROR:  
CONNECTION ERROR:  
Creating connection for 138.201.85.72 using <_io.TextIOWrapper name='logs.json' mode='a' encoding='UTF-8'> and week3-roots.pem
Creating connection for 5.61.50.240 using <_io.TextIOWrapper name='logs.json' mode='a' encoding='UTF-8'> and week3-roots.pem
Creating connection for 104.21.18.27 using <_io.TextIOWrapper name='logs.json' mode='a' encoding='UTF-8'> and week3-roots.pem
Creating connection for 192.124.249.9 using <_io.TextIOWrapper name='logs.json' mode='a' encoding='UTF-8'> and week3-roots.pem
CONNECTION ERROR:  
CONNECTION ERROR:  
CONNECTION ERROR:  
Creating connection for 216.239.36.21 using <_io.TextIOWrapper name='logs.json' mode='a' encoding='UTF-8'> and week3-roots.pem
Creating connection for 66.241.145.10 using <_io.TextIOWrapper name='logs.json' mode='a' encoding='UTF-8'> and week3-roots.pem
CONNECTION ERROR:  
CONNECTION ERROR:  
CONNECTION ERROR:  
Creating connection for 23.193.18.113 using <_io.TextIOWrapper name='logs.json' mode='a' encoding='UTF-8'> and week3-roots.pem
CONNECTION ERROR:  
CONNECTION ERROR:  
CONNECTION ERROR:  [Errno 111] Connection refused
CONNECTION ERROR:  
Creating connection for 199.60.103.254 using <_io.TextIOWrapper name='logs.json' mode='a' encoding='UTF-8'> and week3-roots.pem
Creating connection for 167.235.230.86 using <_io.TextIOWrapper name='logs.json' mode='a' encoding='UTF-8'> and week3-roots.pem
Creating connection for 92.53.117.216 using <_io.TextIOWrapper name='logs.json' mode='a' encoding='UTF-8'> and week3-roots.pem
CONNECTION ERROR:  
CONNECTION ERROR:  [Errno 111] Connection refused
CONNECTION ERROR:  
CONNECTION ERROR:  
CONNECTION ERROR:  
Creating connection for 104.16.10.72 using <_io.TextIOWrapper name='logs.json' mode='a' encoding='UTF-8'> and week3-roots.pem
CONNECTION ERROR:  (32, 'EPIPE')
CONNECTION ERROR:  (32, 'EPIPE')
CONNECTION ERROR:  
Creating connection for 198.54.117.211 using <_io.TextIOWrapper name='logs.json' mode='a' encoding='UTF-8'> and week3-roots.pem
Creating connection for 172.67.184.133 using <_io.TextIOWrapper name='logs.json' mode='a' encoding='UTF-8'> and week3-roots.pem
CONNECTION ERROR:  
CONNECTION ERROR:  
CONNECTION ERROR:  
CONNECTION ERROR:  timed out
CONNECTION ERROR:  
CONNECTION ERROR:  
CONNECTION ERROR:  
CONNECTION ERROR:  
Creating connection for 104.24.66.16 using <_io.TextIOWrapper name='logs.json' mode='a' encoding='UTF-8'> and week3-roots.pem
Creating connection for 23.227.38.74 using <_io.TextIOWrapper name='logs.json' mode='a' encoding='UTF-8'> and week3-roots.pem
CONNECTION ERROR:  
CONNECTION ERROR:  
CONNECTION ERROR:  
CONNECTION ERROR:  
Creating connection for 3.122.36.172 using <_io.TextIOWrapper name='logs.json' mode='a' encoding='UTF-8'> and week3-roots.pem
Creating connection for 80.189.90.21 using <_io.TextIOWrapper name='logs.json' mode='a' encoding='UTF-8'> and week3-roots.pem
Creating connection for 104.26.12.218 using <_io.TextIOWrapper name='logs.json' mode='a' encoding='UTF-8'> and week3-roots.pem
CONNECTION ERROR:  
CONNECTION ERROR:  
CONNECTION ERROR:  
CONNECTION ERROR:  
CONNECTION ERROR:  
CONNECTION ERROR:  
Creating connection for 65.9.86.16 using <_io.TextIOWrapper name='logs.json' mode='a' encoding='UTF-8'> and week3-roots.pem
Creating connection for 65.9.86.103 using <_io.TextIOWrapper name='logs.json' mode='a' encoding='UTF-8'> and week3-roots.pemCONNECTION ERROR:  timed out

Creating connection for 104.21.234.167 using <_io.TextIOWrapper name='logs.json' mode='a' encoding='UTF-8'> and week3-roots.pem
CONNECTION ERROR:  
CONNECTION ERROR:  
CONNECTION ERROR:  
Creating connection for 23.227.38.74 using <_io.TextIOWrapper name='logs.json' mode='a' encoding='UTF-8'> and week3-roots.pem
Creating connection for 3.104.201.69 using <_io.TextIOWrapper name='logs.json' mode='a' encoding='UTF-8'> and week3-roots.pem
CONNECTION ERROR:  
Creating connection for 156.67.67.158 using <_io.TextIOWrapper name='logs.json' mode='a' encoding='UTF-8'> and week3-roots.pem
Creating connection for 92.53.96.21 using <_io.TextIOWrapper name='logs.json' mode='a' encoding='UTF-8'> and week3-roots.pem
CONNECTION ERROR:  
CONNECTION ERROR:  
CONNECTION ERROR:  
CONNECTION ERROR:  
CONNECTION ERROR:  
CONNECTION ERROR:  
Creating connection for 65.9.86.110 using <_io.TextIOWrapper name='logs.json' mode='a' encoding='UTF-8'> and week3-roots.pem
CONNECTION ERROR:  
CONNECTION ERROR:  
CONNECTION ERROR:  
Creating connection for 186.226.58.36 using <_io.TextIOWrapper name='logs.json' mode='a' encoding='UTF-8'> and week3-roots.pem
CONNECTION ERROR:  
Creating connection for 104.16.255.71 using <_io.TextIOWrapper name='logs.json' mode='a' encoding='UTF-8'> and week3-roots.pem
CONNECTION ERROR:  
Creating connection for 192.104.183.109 using <_io.TextIOWrapper name='logs.json' mode='a' encoding='UTF-8'> and week3-roots.pem
Creating connection for 151.101.2.114 using <_io.TextIOWrapper name='logs.json' mode='a' encoding='UTF-8'> and week3-roots.pem
Creating connection for 34.218.134.48 using <_io.TextIOWrapper name='logs.json' mode='a' encoding='UTF-8'> and week3-roots.pem
Creating connection for 165.160.13.20 using <_io.TextIOWrapper name='logs.json' mode='a' encoding='UTF-8'> and week3-roots.pem
Creating connection for 54.86.124.72 using <_io.TextIOWrapper name='logs.json' mode='a' encoding='UTF-8'> and week3-roots.pem
Creating connection for 185.53.177.31 using <_io.TextIOWrapper name='logs.json' mode='a' encoding='UTF-8'> and week3-roots.pem
CONNECTION ERROR:  
CONNECTION ERROR:  
Creating connection for 46.101.94.242 using <_io.TextIOWrapper name='logs.json' mode='a' encoding='UTF-8'> and week3-roots.pem
Creating connection for 141.193.213.21 using <_io.TextIOWrapper name='logs.json' mode='a' encoding='UTF-8'> and week3-roots.pem
Creating connection for 81.169.145.163 using <_io.TextIOWrapper name='logs.json' mode='a' encoding='UTF-8'> and week3-roots.pem
CONNECTION ERROR:  
CONNECTION ERROR:  
CONNECTION ERROR:  
CONNECTION ERROR:  
CONNECTION ERROR:  
CONNECTION ERROR:  
Creating connection for 188.114.97.3 using <_io.TextIOWrapper name='logs.json' mode='a' encoding='UTF-8'> and week3-roots.pem
Creating connection for 137.61.0.38 using <_io.TextIOWrapper name='logs.json' mode='a' encoding='UTF-8'> and week3-roots.pem
Creating connection for 23.224.205.150 using <_io.TextIOWrapper name='logs.json' mode='a' encoding='UTF-8'> and week3-roots.pem
Creating connection for 172.67.131.21 using <_io.TextIOWrapper name='logs.json' mode='a' encoding='UTF-8'> and week3-roots.pem
Creating connection for 185.73.172.131 using <_io.TextIOWrapper name='logs.json' mode='a' encoding='UTF-8'> and week3-roots.pem
Creating connection for 172.67.71.45 using <_io.TextIOWrapper name='logs.json' mode='a' encoding='UTF-8'> and week3-roots.pem
Creating connection for 203.178.129.203 using <_io.TextIOWrapper name='logs.json' mode='a' encoding='UTF-8'> and week3-roots.pem
CONNECTION ERROR:  
Creating connection for 65.9.86.129 using <_io.TextIOWrapper name='logs.json' mode='a' encoding='UTF-8'> and week3-roots.pem
CONNECTION ERROR:  
Creating connection for 172.67.69.145 using <_io.TextIOWrapper name='logs.json' mode='a' encoding='UTF-8'> and week3-roots.pem
CONNECTION ERROR:  
Creating connection for 198.143.155.2 using <_io.TextIOWrapper name='logs.json' mode='a' encoding='UTF-8'> and week3-roots.pem
Creating connection for 103.227.176.19 using <_io.TextIOWrapper name='logs.json' mode='a' encoding='UTF-8'> and week3-roots.pem
CONNECTION ERROR:  
Creating connection for 195.24.89.7 using <_io.TextIOWrapper name='logs.json' mode='a' encoding='UTF-8'> and week3-roots.pem
Creating connection for 16.16.50.148 using <_io.TextIOWrapper name='logs.json' mode='a' encoding='UTF-8'> and week3-roots.pem
Creating connection for 65.9.86.14 using <_io.TextIOWrapper name='logs.json' mode='a' encoding='UTF-8'> and week3-roots.pem
Creating connection for 96.16.53.202 using <_io.TextIOWrapper name='logs.json' mode='a' encoding='UTF-8'> and week3-roots.pem
Creating connection for 77.55.149.164 using <_io.TextIOWrapper name='logs.json' mode='a' encoding='UTF-8'> and week3-roots.pem
CONNECTION ERROR:  [Errno 113] No route to host
CONNECTION ERROR:  (32, 'EPIPE')
CONNECTION ERROR:  timed out
CONNECTION ERROR:  
CONNECTION ERROR:  
CONNECTION ERROR:  
CONNECTION ERROR:  
CONNECTION ERROR:  
CONNECTION ERROR:  
CONNECTION ERROR:  timed out
CONNECTION ERROR:  
Creating connection for 210.140.92.193 using <_io.TextIOWrapper name='logs.json' mode='a' encoding='UTF-8'> and week3-roots.pem
Creating connection for 216.235.89.246 using <_io.TextIOWrapper name='logs.json' mode='a' encoding='UTF-8'> and week3-roots.pem
CONNECTION ERROR:  
CONNECTION ERROR:  
Creating connection for 100.20.245.150 using <_io.TextIOWrapper name='logs.json' mode='a' encoding='UTF-8'> and week3-roots.pem
Creating connection for 65.9.86.32 using <_io.TextIOWrapper name='logs.json' mode='a' encoding='UTF-8'> and week3-roots.pem
CONNECTION ERROR:  
CONNECTION ERROR:  
CONNECTION ERROR:  
CONNECTION ERROR:  
Creating connection for 65.9.86.119 using <_io.TextIOWrapper name='logs.json' mode='a' encoding='UTF-8'> and week3-roots.pem
Creating connection for 112.213.125.17 using <_io.TextIOWrapper name='logs.json' mode='a' encoding='UTF-8'> and week3-roots.pem
CONNECTION ERROR:  
Creating connection for 207.148.67.128 using <_io.TextIOWrapper name='logs.json' mode='a' encoding='UTF-8'> and week3-roots.pem
CONNECTION ERROR:  
Creating connection for 212.34.75.36 using <_io.TextIOWrapper name='logs.json' mode='a' encoding='UTF-8'> and week3-roots.pem
Creating connection for 145.239.9.238 using <_io.TextIOWrapper name='logs.json' mode='a' encoding='UTF-8'> and week3-roots.pem
CONNECTION ERROR:  
Creating connection for 216.239.38.21 using <_io.TextIOWrapper name='logs.json' mode='a' encoding='UTF-8'> and week3-roots.pem
Creating connection for 79.137.133.103 using <_io.TextIOWrapper name='logs.json' mode='a' encoding='UTF-8'> and week3-roots.pem
Creating connection for 104.21.43.200 using <_io.TextIOWrapper name='logs.json' mode='a' encoding='UTF-8'> and week3-roots.pem
CONNECTION ERROR:  
Creating connection for 142.132.151.34 using <_io.TextIOWrapper name='logs.json' mode='a' encoding='UTF-8'> and week3-roots.pem
CONNECTION ERROR:  
CONNECTION ERROR:  timed out
Creating connection for 185.63.254.128 using <_io.TextIOWrapper name='logs.json' mode='a' encoding='UTF-8'> and week3-roots.pem
CONNECTION ERROR:  
CONNECTION ERROR:  
CONNECTION ERROR:  
CONNECTION ERROR:  
CONNECTION ERROR:  
CONNECTION ERROR:  
Creating connection for 198.54.125.189 using <_io.TextIOWrapper name='logs.json' mode='a' encoding='UTF-8'> and week3-roots.pem
CONNECTION ERROR:  
CONNECTION ERROR:  
Creating connection for 189.247.171.189 using <_io.TextIOWrapper name='logs.json' mode='a' encoding='UTF-8'> and week3-roots.pem
Creating connection for 54.216.252.255 using <_io.TextIOWrapper name='logs.json' mode='a' encoding='UTF-8'> and week3-roots.pem
Creating connection for 54.76.127.251 using <_io.TextIOWrapper name='logs.json' mode='a' encoding='UTF-8'> and week3-roots.pem
CONNECTION ERROR:  
CONNECTION ERROR:  
CONNECTION ERROR:  
CONNECTION ERROR:  
CONNECTION ERROR:  
Creating connection for 3.23.178.179 using <_io.TextIOWrapper name='logs.json' mode='a' encoding='UTF-8'> and week3-roots.pem
CONNECTION ERROR:  
Creating connection for 34.215.136.46 using <_io.TextIOWrapper name='logs.json' mode='a' encoding='UTF-8'> and week3-roots.pem
Creating connection for 162.159.135.42 using <_io.TextIOWrapper name='logs.json' mode='a' encoding='UTF-8'> and week3-roots.pem
Creating connection for 104.26.6.212 using <_io.TextIOWrapper name='logs.json' mode='a' encoding='UTF-8'> and week3-roots.pem
Creating connection for 185.143.233.120 using <_io.TextIOWrapper name='logs.json' mode='a' encoding='UTF-8'> and week3-roots.pem
CONNECTION ERROR:  [Errno 111] Connection refused
Creating connection for 213.73.81.164 using <_io.TextIOWrapper name='logs.json' mode='a' encoding='UTF-8'> and week3-roots.pem
Creating connection for 185.199.111.153 using <_io.TextIOWrapper name='logs.json' mode='a' encoding='UTF-8'> and week3-roots.pem
CONNECTION ERROR:  (32, 'EPIPE')
CONNECTION ERROR:  timed out
Creating connection for 65.9.86.125 using <_io.TextIOWrapper name='logs.json' mode='a' encoding='UTF-8'> and week3-roots.pem
CONNECTION ERROR:  
Creating connection for 188.114.97.2 using <_io.TextIOWrapper name='logs.json' mode='a' encoding='UTF-8'> and week3-roots.pem
Creating connection for 216.239.34.21 using <_io.TextIOWrapper name='logs.json' mode='a' encoding='UTF-8'> and week3-roots.pem
Creating connection for 34.107.173.155 using <_io.TextIOWrapper name='logs.json' mode='a' encoding='UTF-8'> and week3-roots.pem
Creating connection for 40.85.190.10 using <_io.TextIOWrapper name='logs.json' mode='a' encoding='UTF-8'> and week3-roots.pem
Creating connection for 91.190.98.153 using <_io.TextIOWrapper name='logs.json' mode='a' encoding='UTF-8'> and week3-roots.pem
Creating connection for 192.141.120.250 using <_io.TextIOWrapper name='logs.json' mode='a' encoding='UTF-8'> and week3-roots.pem
Creating connection for 99.83.248.67 using <_io.TextIOWrapper name='logs.json' mode='a' encoding='UTF-8'> and week3-roots.pem
CONNECTION ERROR:  timed out
Creating connection for 92.53.96.173 using <_io.TextIOWrapper name='logs.json' mode='a' encoding='UTF-8'> and week3-roots.pem
CONNECTION ERROR:  
CONNECTION ERROR:  
CONNECTION ERROR:  
CONNECTION ERROR:  
CONNECTION ERROR:  
CONNECTION ERROR:  
Creating connection for 185.199.111.153 using <_io.TextIOWrapper name='logs.json' mode='a' encoding='UTF-8'> and week3-roots.pem
Creating connection for 34.74.87.34 using <_io.TextIOWrapper name='logs.json' mode='a' encoding='UTF-8'> and week3-roots.pem
CONNECTION ERROR:  
CONNECTION ERROR:  
Creating connection for 5.188.57.57 using <_io.TextIOWrapper name='logs.json' mode='a' encoding='UTF-8'> and week3-roots.pem
Creating connection for 104.21.51.187 using <_io.TextIOWrapper name='logs.json' mode='a' encoding='UTF-8'> and week3-roots.pem
Creating connection for 65.9.86.81 using <_io.TextIOWrapper name='logs.json' mode='a' encoding='UTF-8'> and week3-roots.pem
Creating connection for 119.23.226.22 using <_io.TextIOWrapper name='logs.json' mode='a' encoding='UTF-8'> and week3-roots.pem
CONNECTION ERROR:  
Creating connection for 157.7.44.213 using <_io.TextIOWrapper name='logs.json' mode='a' encoding='UTF-8'> and week3-roots.pem
Creating connection for 72.167.67.26 using <_io.TextIOWrapper name='logs.json' mode='a' encoding='UTF-8'> and week3-roots.pem
Creating connection for 77.78.107.184 using <_io.TextIOWrapper name='logs.json' mode='a' encoding='UTF-8'> and week3-roots.pem
CONNECTION ERROR:  
CONNECTION ERROR:  
CONNECTION ERROR:  
CONNECTION ERROR:  timed out
CONNECTION ERROR:  
Creating connection for 204.74.99.103 using <_io.TextIOWrapper name='logs.json' mode='a' encoding='UTF-8'> and week3-roots.pem
Creating connection for 104.26.13.113 using <_io.TextIOWrapper name='logs.json' mode='a' encoding='UTF-8'> and week3-roots.pem
CONNECTION ERROR:  
Creating connection for 172.67.73.5 using <_io.TextIOWrapper name='logs.json' mode='a' encoding='UTF-8'> and week3-roots.pem
Creating connection for 104.21.9.135 using <_io.TextIOWrapper name='logs.json' mode='a' encoding='UTF-8'> and week3-roots.pem
Creating connection for 54.76.78.245 using <_io.TextIOWrapper name='logs.json' mode='a' encoding='UTF-8'> and week3-roots.pem
CONNECTION ERROR:  
CONNECTION ERROR:  
Creating connection for 170.249.198.186 using <_io.TextIOWrapper name='logs.json' mode='a' encoding='UTF-8'> and week3-roots.pem
CONNECTION ERROR:  [Errno 113] No route to host
Creating connection for 23.227.38.74 using <_io.TextIOWrapper name='logs.json' mode='a' encoding='UTF-8'> and week3-roots.pem
Creating connection for 67.227.186.107 using <_io.TextIOWrapper name='logs.json' mode='a' encoding='UTF-8'> and week3-roots.pem
CONNECTION ERROR:  
CONNECTION ERROR:  
CONNECTION ERROR:  
CONNECTION ERROR:  
CONNECTION ERROR:  
CONNECTION ERROR:  
Creating connection for 3.33.152.147 using <_io.TextIOWrapper name='logs.json' mode='a' encoding='UTF-8'> and week3-roots.pem
Creating connection for 172.67.195.32 using <_io.TextIOWrapper name='logs.json' mode='a' encoding='UTF-8'> and week3-roots.pem
CONNECTION ERROR:  (32, 'EPIPE')
CONNECTION ERROR:  
CONNECTION ERROR:  
CONNECTION ERROR:  
CONNECTION ERROR:  
CONNECTION ERROR:  
Creating connection for 103.1.236.240 using <_io.TextIOWrapper name='logs.json' mode='a' encoding='UTF-8'> and week3-roots.pem
Creating connection for 63.250.43.14 using <_io.TextIOWrapper name='logs.json' mode='a' encoding='UTF-8'> and week3-roots.pem
CONNECTION ERROR:  
CONNECTION ERROR:  timed out
CONNECTION ERROR:  
CONNECTION ERROR:  
Creating connection for 65.9.86.35 using <_io.TextIOWrapper name='logs.json' mode='a' encoding='UTF-8'> and week3-roots.pem
CONNECTION ERROR:  
CONNECTION ERROR:  
Creating connection for 151.101.129.153 using <_io.TextIOWrapper name='logs.json' mode='a' encoding='UTF-8'> and week3-roots.pem
Creating connection for 37.228.90.28 using <_io.TextIOWrapper name='logs.json' mode='a' encoding='UTF-8'> and week3-roots.pem
CONNECTION ERROR:  timed out
CONNECTION ERROR:  
Creating connection for 185.230.63.171 using <_io.TextIOWrapper name='logs.json' mode='a' encoding='UTF-8'> and week3-roots.pem
Creating connection for 107.154.75.64 using <_io.TextIOWrapper name='logs.json' mode='a' encoding='UTF-8'> and week3-roots.pem
Creating connection for 202.214.54.243 using <_io.TextIOWrapper name='logs.json' mode='a' encoding='UTF-8'> and week3-roots.pem
CONNECTION ERROR:  
CONNECTION ERROR:  
Creating connection for 104.22.51.212 using <_io.TextIOWrapper name='logs.json' mode='a' encoding='UTF-8'> and week3-roots.pem
CONNECTION ERROR:  
Creating connection for 104.80.224.14 using <_io.TextIOWrapper name='logs.json' mode='a' encoding='UTF-8'> and week3-roots.pem
CONNECTION ERROR:  
CONNECTION ERROR:  
CONNECTION ERROR:  timed out
CONNECTION ERROR:  
Creating connection for 131.153.21.133 using <_io.TextIOWrapper name='logs.json' mode='a' encoding='UTF-8'> and week3-roots.pem
CONNECTION ERROR:  
Creating connection for 151.139.128.11 using <_io.TextIOWrapper name='logs.json' mode='a' encoding='UTF-8'> and week3-roots.pem
Creating connection for 70.39.125.243 using <_io.TextIOWrapper name='logs.json' mode='a' encoding='UTF-8'> and week3-roots.pem
Creating connection for 198.185.159.144 using <_io.TextIOWrapper name='logs.json' mode='a' encoding='UTF-8'> and week3-roots.pem
CONNECTION ERROR:  
CONNECTION ERROR:  
Creating connection for 164.100.54.65 using <_io.TextIOWrapper name='logs.json' mode='a' encoding='UTF-8'> and week3-roots.pem
Creating connection for 20.81.111.85 using <_io.TextIOWrapper name='logs.json' mode='a' encoding='UTF-8'> and week3-roots.pem
CONNECTION ERROR:  
Creating connection for 198.185.159.145 using <_io.TextIOWrapper name='logs.json' mode='a' encoding='UTF-8'> and week3-roots.pem
CONNECTION ERROR:  
CONNECTION ERROR:  
CONNECTION ERROR:  
Creating connection for 172.67.70.160 using <_io.TextIOWrapper name='logs.json' mode='a' encoding='UTF-8'> and week3-roots.pem
Creating connection for 92.53.106.139 using <_io.TextIOWrapper name='logs.json' mode='a' encoding='UTF-8'> and week3-roots.pem
CONNECTION ERROR:  
Creating connection for 23.227.38.74 using <_io.TextIOWrapper name='logs.json' mode='a' encoding='UTF-8'> and week3-roots.pem
CONNECTION ERROR:  
Creating connection for 206.54.184.136 using <_io.TextIOWrapper name='logs.json' mode='a' encoding='UTF-8'> and week3-roots.pem
CONNECTION ERROR:  
Creating connection for 3.138.232.119 using <_io.TextIOWrapper name='logs.json' mode='a' encoding='UTF-8'> and week3-roots.pem
Creating connection for 65.39.241.30 using <_io.TextIOWrapper name='logs.json' mode='a' encoding='UTF-8'> and week3-roots.pem
Creating connection for 65.9.86.22 using <_io.TextIOWrapper name='logs.json' mode='a' encoding='UTF-8'> and week3-roots.pem
Creating connection for 65.9.86.19 using <_io.TextIOWrapper name='logs.json' mode='a' encoding='UTF-8'> and week3-roots.pem
CONNECTION ERROR:  
CONNECTION ERROR:  timed out
CONNECTION ERROR:  
CONNECTION ERROR:  
Creating connection for 5.61.52.142 using <_io.TextIOWrapper name='logs.json' mode='a' encoding='UTF-8'> and week3-roots.pem
CONNECTION ERROR:  
CONNECTION ERROR:  
Creating connection for 185.143.233.72 using <_io.TextIOWrapper name='logs.json' mode='a' encoding='UTF-8'> and week3-roots.pem
CONNECTION ERROR:  
Creating connection for 104.21.14.199 using <_io.TextIOWrapper name='logs.json' mode='a' encoding='UTF-8'> and week3-roots.pem
Creating connection for 167.235.64.74 using <_io.TextIOWrapper name='logs.json' mode='a' encoding='UTF-8'> and week3-roots.pem
Creating connection for 31.31.196.188 using <_io.TextIOWrapper name='logs.json' mode='a' encoding='UTF-8'> and week3-roots.pem
Creating connection for 206.188.192.16 using <_io.TextIOWrapper name='logs.json' mode='a' encoding='UTF-8'> and week3-roots.pem
Creating connection for 13.107.213.67 using <_io.TextIOWrapper name='logs.json' mode='a' encoding='UTF-8'> and week3-roots.pem
Creating connection for 172.67.209.123 using <_io.TextIOWrapper name='logs.json' mode='a' encoding='UTF-8'> and week3-roots.pem
Creating connection for 68.235.35.19 using <_io.TextIOWrapper name='logs.json' mode='a' encoding='UTF-8'> and week3-roots.pem
CONNECTION ERROR:  
Creating connection for 104.17.13.35 using <_io.TextIOWrapper name='logs.json' mode='a' encoding='UTF-8'> and week3-roots.pem
Creating connection for 172.67.72.228 using <_io.TextIOWrapper name='logs.json' mode='a' encoding='UTF-8'> and week3-roots.pem
CONNECTION ERROR:  
Creating connection for 104.22.51.207 using <_io.TextIOWrapper name='logs.json' mode='a' encoding='UTF-8'> and week3-roots.pem
Creating connection for 104.26.5.236 using <_io.TextIOWrapper name='logs.json' mode='a' encoding='UTF-8'> and week3-roots.pem
Creating connection for 185.230.63.186 using <_io.TextIOWrapper name='logs.json' mode='a' encoding='UTF-8'> and week3-roots.pem
CONNECTION ERROR:  
Creating connection for 216.239.34.21 using <_io.TextIOWrapper name='logs.json' mode='a' encoding='UTF-8'> and week3-roots.pem
Creating connection for 104.26.3.11 using <_io.TextIOWrapper name='logs.json' mode='a' encoding='UTF-8'> and week3-roots.pem
CONNECTION ERROR:  
CONNECTION ERROR:  
Creating connection for 141.193.213.10 using <_io.TextIOWrapper name='logs.json' mode='a' encoding='UTF-8'> and week3-roots.pem
Creating connection for 52.69.5.163 using <_io.TextIOWrapper name='logs.json' mode='a' encoding='UTF-8'> and week3-roots.pem
Creating connection for 39.105.199.88 using <_io.TextIOWrapper name='logs.json' mode='a' encoding='UTF-8'> and week3-roots.pem
CONNECTION ERROR:  
Creating connection for 137.184.234.61 using <_io.TextIOWrapper name='logs.json' mode='a' encoding='UTF-8'> and week3-roots.pem
CONNECTION ERROR:  
CONNECTION ERROR:  
CONNECTION ERROR:  [Errno 111] Connection refused
Creating connection for 65.9.86.56 using <_io.TextIOWrapper name='logs.json' mode='a' encoding='UTF-8'> and week3-roots.pem
CONNECTION ERROR:  
CONNECTION ERROR:  
CONNECTION ERROR:  
CONNECTION ERROR:  (32, 'EPIPE')
CONNECTION ERROR:  
CONNECTION ERROR:  
CONNECTION ERROR:  
CONNECTION ERROR:  
Creating connection for 128.204.132.12 using <_io.TextIOWrapper name='logs.json' mode='a' encoding='UTF-8'> and week3-roots.pem
CONNECTION ERROR:  
Creating connection for 172.67.33.38 using <_io.TextIOWrapper name='logs.json' mode='a' encoding='UTF-8'> and week3-roots.pem
Creating connection for 104.233.201.33 using <_io.TextIOWrapper name='logs.json' mode='a' encoding='UTF-8'> and week3-roots.pem
CONNECTION ERROR:  
CONNECTION ERROR:  
Creating connection for 141.193.213.10 using <_io.TextIOWrapper name='logs.json' mode='a' encoding='UTF-8'> and week3-roots.pem
CONNECTION ERROR:  
CONNECTION ERROR:  
CONNECTION ERROR:  
CONNECTION ERROR:  
Creating connection for 172.67.222.120 using <_io.TextIOWrapper name='logs.json' mode='a' encoding='UTF-8'> and week3-roots.pem
Creating connection for 77.220.215.191 using <_io.TextIOWrapper name='logs.json' mode='a' encoding='UTF-8'> and week3-roots.pem
Creating connection for 104.19.184.250 using <_io.TextIOWrapper name='logs.json' mode='a' encoding='UTF-8'> and week3-roots.pem
Creating connection for 45.141.156.118 using <_io.TextIOWrapper name='logs.json' mode='a' encoding='UTF-8'> and week3-roots.pem
Creating connection for 176.119.159.119 using <_io.TextIOWrapper name='logs.json' mode='a' encoding='UTF-8'> and week3-roots.pem
CONNECTION ERROR:  
Creating connection for 77.245.159.56 using <_io.TextIOWrapper name='logs.json' mode='a' encoding='UTF-8'> and week3-roots.pem
CONNECTION ERROR:  
Creating connection for 35.209.137.212 using <_io.TextIOWrapper name='logs.json' mode='a' encoding='UTF-8'> and week3-roots.pem
Creating connection for 108.156.60.67 using <_io.TextIOWrapper name='logs.json' mode='a' encoding='UTF-8'> and week3-roots.pem
Creating connection for 167.99.59.21 using <_io.TextIOWrapper name='logs.json' mode='a' encoding='UTF-8'> and week3-roots.pem
Creating connection for 87.120.40.36 using <_io.TextIOWrapper name='logs.json' mode='a' encoding='UTF-8'> and week3-roots.pem
CONNECTION ERROR:  
Creating connection for 20.75.101.58 using <_io.TextIOWrapper name='logs.json' mode='a' encoding='UTF-8'> and week3-roots.pem
CONNECTION ERROR:  
Creating connection for 172.67.198.105 using <_io.TextIOWrapper name='logs.json' mode='a' encoding='UTF-8'> and week3-roots.pem
Creating connection for 172.67.202.71 using <_io.TextIOWrapper name='logs.json' mode='a' encoding='UTF-8'> and week3-roots.pem
CONNECTION ERROR:  
Creating connection for 208.91.197.26 using <_io.TextIOWrapper name='logs.json' mode='a' encoding='UTF-8'> and week3-roots.pem
Creating connection for 153.122.27.46 using <_io.TextIOWrapper name='logs.json' mode='a' encoding='UTF-8'> and week3-roots.pem
CONNECTION ERROR:  
CONNECTION ERROR:  
CONNECTION ERROR:  
Creating connection for 172.67.146.46 using <_io.TextIOWrapper name='logs.json' mode='a' encoding='UTF-8'> and week3-roots.pem
Creating connection for 92.39.76.55 using <_io.TextIOWrapper name='logs.json' mode='a' encoding='UTF-8'> and week3-roots.pem
Creating connection for 172.67.170.36 using <_io.TextIOWrapper name='logs.json' mode='a' encoding='UTF-8'> and week3-roots.pem
CONNECTION ERROR:  
CONNECTION ERROR:  
CONNECTION ERROR:  
Creating connection for 104.18.165.77 using <_io.TextIOWrapper name='logs.json' mode='a' encoding='UTF-8'> and week3-roots.pem
CONNECTION ERROR:  
CONNECTION ERROR:  
Creating connection for 94.130.230.117 using <_io.TextIOWrapper name='logs.json' mode='a' encoding='UTF-8'> and week3-roots.pem
CONNECTION ERROR:  [Errno 111] Connection refused
CONNECTION ERROR:  
Creating connection for 3.66.136.156 using <_io.TextIOWrapper name='logs.json' mode='a' encoding='UTF-8'> and week3-roots.pem
CONNECTION ERROR:  (32, 'EPIPE')
CONNECTION ERROR:  
Creating connection for 104.21.48.195 using <_io.TextIOWrapper name='logs.json' mode='a' encoding='UTF-8'> and week3-roots.pem
Creating connection for 216.239.38.21 using <_io.TextIOWrapper name='logs.json' mode='a' encoding='UTF-8'> and week3-roots.pem
Creating connection for 24.97.209.154 using <_io.TextIOWrapper name='logs.json' mode='a' encoding='UTF-8'> and week3-roots.pem
Creating connection for 172.67.70.232 using <_io.TextIOWrapper name='logs.json' mode='a' encoding='UTF-8'> and week3-roots.pem
CONNECTION ERROR:  
CONNECTION ERROR:  
Creating connection for 109.68.224.131 using <_io.TextIOWrapper name='logs.json' mode='a' encoding='UTF-8'> and week3-roots.pem
Creating connection for 104.21.43.160 using <_io.TextIOWrapper name='logs.json' mode='a' encoding='UTF-8'> and week3-roots.pem
CONNECTION ERROR:  
CONNECTION ERROR:  
CONNECTION ERROR:  
Creating connection for 208.91.197.24 using <_io.TextIOWrapper name='logs.json' mode='a' encoding='UTF-8'> and week3-roots.pem
CONNECTION ERROR:  
Creating connection for 65.9.86.124 using <_io.TextIOWrapper name='logs.json' mode='a' encoding='UTF-8'> and week3-roots.pem
CONNECTION ERROR:  
CONNECTION ERROR:  
CONNECTION ERROR:  
Creating connection for 51.254.31.177 using <_io.TextIOWrapper name='logs.json' mode='a' encoding='UTF-8'> and week3-roots.pem
Creating connection for 104.26.6.105 using <_io.TextIOWrapper name='logs.json' mode='a' encoding='UTF-8'> and week3-roots.pem
Creating connection for 195.57.84.230 using <_io.TextIOWrapper name='logs.json' mode='a' encoding='UTF-8'> and week3-roots.pem
Creating connection for 216.117.3.232 using <_io.TextIOWrapper name='logs.json' mode='a' encoding='UTF-8'> and week3-roots.pem
Creating connection for 208.91.197.108 using <_io.TextIOWrapper name='logs.json' mode='a' encoding='UTF-8'> and week3-roots.pem
Creating connection for 198.49.23.144 using <_io.TextIOWrapper name='logs.json' mode='a' encoding='UTF-8'> and week3-roots.pem
Creating connection for 172.67.30.143 using <_io.TextIOWrapper name='logs.json' mode='a' encoding='UTF-8'> and week3-roots.pem
CONNECTION ERROR:  
CONNECTION ERROR:  timed out
CONNECTION ERROR:  
CONNECTION ERROR:  
Creating connection for 45.89.69.34 using <_io.TextIOWrapper name='logs.json' mode='a' encoding='UTF-8'> and week3-roots.pem
CONNECTION ERROR:  
CONNECTION ERROR:  
CONNECTION ERROR:  
Creating connection for 65.9.86.45 using <_io.TextIOWrapper name='logs.json' mode='a' encoding='UTF-8'> and week3-roots.pem
CONNECTION ERROR:  
Creating connection for 104.26.8.203 using <_io.TextIOWrapper name='logs.json' mode='a' encoding='UTF-8'> and week3-roots.pem
Creating connection for 104.22.7.98 using <_io.TextIOWrapper name='logs.json' mode='a' encoding='UTF-8'> and week3-roots.pem
CONNECTION ERROR:  
Creating connection for 195.201.124.255 using <_io.TextIOWrapper name='logs.json' mode='a' encoding='UTF-8'> and week3-roots.pem
CONNECTION ERROR:  
CONNECTION ERROR:  
CONNECTION ERROR:  
CONNECTION ERROR:  
Creating connection for 164.132.74.1 using <_io.TextIOWrapper name='logs.json' mode='a' encoding='UTF-8'> and week3-roots.pem
CONNECTION ERROR:  
CONNECTION ERROR:  
CONNECTION ERROR:  
CONNECTION ERROR:  
Creating connection for 202.115.64.146 using <_io.TextIOWrapper name='logs.json' mode='a' encoding='UTF-8'> and week3-roots.pem
CONNECTION ERROR:  
CONNECTION ERROR:  
CONNECTION ERROR:  
Creating connection for 188.165.21.211 using <_io.TextIOWrapper name='logs.json' mode='a' encoding='UTF-8'> and week3-roots.pem
Creating connection for 172.67.200.52 using <_io.TextIOWrapper name='logs.json' mode='a' encoding='UTF-8'> and week3-roots.pem
CONNECTION ERROR:  
Creating connection for 173.214.250.167 using <_io.TextIOWrapper name='logs.json' mode='a' encoding='UTF-8'> and week3-roots.pem
CONNECTION ERROR:  
Creating connection for 149.255.60.153 using <_io.TextIOWrapper name='logs.json' mode='a' encoding='UTF-8'> and week3-roots.pem
CONNECTION ERROR:  
CONNECTION ERROR:  
Creating connection for 104.21.28.235 using <_io.TextIOWrapper name='logs.json' mode='a' encoding='UTF-8'> and week3-roots.pem
CONNECTION ERROR:  
Creating connection for 65.9.86.20 using <_io.TextIOWrapper name='logs.json' mode='a' encoding='UTF-8'> and week3-roots.pem
Creating connection for 199.60.103.227 using <_io.TextIOWrapper name='logs.json' mode='a' encoding='UTF-8'> and week3-roots.pem
Creating connection for 95.179.133.156 using <_io.TextIOWrapper name='logs.json' mode='a' encoding='UTF-8'> and week3-roots.pem
Creating connection for 3.74.239.114 using <_io.TextIOWrapper name='logs.json' mode='a' encoding='UTF-8'> and week3-roots.pem
Creating connection for 150.95.59.20 using <_io.TextIOWrapper name='logs.json' mode='a' encoding='UTF-8'> and week3-roots.pem
Creating connection for 192.237.180.9 using <_io.TextIOWrapper name='logs.json' mode='a' encoding='UTF-8'> and week3-roots.pem
Creating connection for 103.11.174.14 using <_io.TextIOWrapper name='logs.json' mode='a' encoding='UTF-8'> and week3-roots.pem
Creating connection for 167.88.170.157 using <_io.TextIOWrapper name='logs.json' mode='a' encoding='UTF-8'> and week3-roots.pem
Creating connection for 104.21.57.91 using <_io.TextIOWrapper name='logs.json' mode='a' encoding='UTF-8'> and week3-roots.pem
Creating connection for 143.164.101.67 using <_io.TextIOWrapper name='logs.json' mode='a' encoding='UTF-8'> and week3-roots.pem
CONNECTION ERROR:  
CONNECTION ERROR:  
CONNECTION ERROR:  
CONNECTION ERROR:  
CONNECTION ERROR:  
CONNECTION ERROR:  
CONNECTION ERROR:  
CONNECTION ERROR:  
CONNECTION ERROR:  
CONNECTION ERROR:  
Creating connection for 160.91.94.41 using <_io.TextIOWrapper name='logs.json' mode='a' encoding='UTF-8'> and week3-roots.pem
CONNECTION ERROR:  
Creating connection for 172.67.205.113 using <_io.TextIOWrapper name='logs.json' mode='a' encoding='UTF-8'> and week3-roots.pem
Creating connection for 3.232.3.131 using <_io.TextIOWrapper name='logs.json' mode='a' encoding='UTF-8'> and week3-roots.pem
Creating connection for 104.22.39.249 using <_io.TextIOWrapper name='logs.json' mode='a' encoding='UTF-8'> and week3-roots.pem
CONNECTION ERROR:  
Creating connection for 46.161.7.2 using <_io.TextIOWrapper name='logs.json' mode='a' encoding='UTF-8'> and week3-roots.pem
Creating connection for 88.221.24.65 using <_io.TextIOWrapper name='logs.json' mode='a' encoding='UTF-8'> and week3-roots.pem
Creating connection for 104.21.68.242 using <_io.TextIOWrapper name='logs.json' mode='a' encoding='UTF-8'> and week3-roots.pem
Creating connection for 154.17.3.17 using <_io.TextIOWrapper name='logs.json' mode='a' encoding='UTF-8'> and week3-roots.pem
Creating connection for 142.93.250.113 using <_io.TextIOWrapper name='logs.json' mode='a' encoding='UTF-8'> and week3-roots.pem
Creating connection for 52.3.129.35 using <_io.TextIOWrapper name='logs.json' mode='a' encoding='UTF-8'> and week3-roots.pem
CONNECTION ERROR:  
CONNECTION ERROR:  
Creating connection for 172.67.9.136 using <_io.TextIOWrapper name='logs.json' mode='a' encoding='UTF-8'> and week3-roots.pem
CONNECTION ERROR:  
CONNECTION ERROR:  
CONNECTION ERROR:  
CONNECTION ERROR:  [Errno 111] Connection refused
CONNECTION ERROR:  
CONNECTION ERROR:  
CONNECTION ERROR:  
CONNECTION ERROR:  
CONNECTION ERROR:  
CONNECTION ERROR:  
Creating connection for 151.139.128.10 using <_io.TextIOWrapper name='logs.json' mode='a' encoding='UTF-8'> and week3-roots.pem
CONNECTION ERROR:  (32, 'EPIPE')
CONNECTION ERROR:  
CONNECTION ERROR:  
Creating connection for 178.63.198.120 using <_io.TextIOWrapper name='logs.json' mode='a' encoding='UTF-8'> and week3-roots.pem
Creating connection for 88.221.69.57 using <_io.TextIOWrapper name='logs.json' mode='a' encoding='UTF-8'> and week3-roots.pem
Creating connection for 172.67.177.21 using <_io.TextIOWrapper name='logs.json' mode='a' encoding='UTF-8'> and week3-roots.pem
Creating connection for 3.33.131.9 using <_io.TextIOWrapper name='logs.json' mode='a' encoding='UTF-8'> and week3-roots.pem
Creating connection for 199.79.52.48 using <_io.TextIOWrapper name='logs.json' mode='a' encoding='UTF-8'> and week3-roots.pem
Creating connection for 151.101.65.195 using <_io.TextIOWrapper name='logs.json' mode='a' encoding='UTF-8'> and week3-roots.pem
CONNECTION ERROR:  
Creating connection for 94.237.121.25 using <_io.TextIOWrapper name='logs.json' mode='a' encoding='UTF-8'> and week3-roots.pem
CONNECTION ERROR:  
Creating connection for 192.241.251.181 using <_io.TextIOWrapper name='logs.json' mode='a' encoding='UTF-8'> and week3-roots.pem
Creating connection for 172.67.188.249 using <_io.TextIOWrapper name='logs.json' mode='a' encoding='UTF-8'> and week3-roots.pem
CONNECTION ERROR:  
CONNECTION ERROR:  
CONNECTION ERROR:  
CONNECTION ERROR:  
CONNECTION ERROR:  
CONNECTION ERROR:  
CONNECTION ERROR:  
Creating connection for 67.222.16.42 using <_io.TextIOWrapper name='logs.json' mode='a' encoding='UTF-8'> and week3-roots.pem
Creating connection for 172.67.198.197 using <_io.TextIOWrapper name='logs.json' mode='a' encoding='UTF-8'> and week3-roots.pem
Creating connection for 104.21.65.188 using <_io.TextIOWrapper name='logs.json' mode='a' encoding='UTF-8'> and week3-roots.pem
Creating connection for 65.9.86.93 using <_io.TextIOWrapper name='logs.json' mode='a' encoding='UTF-8'> and week3-roots.pem
CONNECTION ERROR: CONNECTION ERROR:  
Creating connection for 91.201.25.229 using <_io.TextIOWrapper name='logs.json' mode='a' encoding='UTF-8'> and week3-roots.pem
CONNECTION ERROR:  
Creating connection for 185.199.110.153 using <_io.TextIOWrapper name='logs.json' mode='a' encoding='UTF-8'> and week3-roots.pem
Creating connection for 18.178.95.45 using <_io.TextIOWrapper name='logs.json' mode='a' encoding='UTF-8'> and week3-roots.pem
Creating connection for 191.6.211.42 using <_io.TextIOWrapper name='logs.json' mode='a' encoding='UTF-8'> and week3-roots.pem
 
Creating connection for 66.232.111.62 using <_io.TextIOWrapper name='logs.json' mode='a' encoding='UTF-8'> and week3-roots.pem
Creating connection for 69.16.231.57 using <_io.TextIOWrapper name='logs.json' mode='a' encoding='UTF-8'> and week3-roots.pem
CONNECTION ERROR:  
CONNECTION ERROR:  
CONNECTION ERROR:  
CONNECTION ERROR:  
CONNECTION ERROR:  timed out
CONNECTION ERROR:  
CONNECTION ERROR:  
Creating connection for 58.214.23.102 using <_io.TextIOWrapper name='logs.json' mode='a' encoding='UTF-8'> and week3-roots.pem
CONNECTION ERROR:  timed out
Creating connection for 69.10.48.76 using <_io.TextIOWrapper name='logs.json' mode='a' encoding='UTF-8'> and week3-roots.pem
CONNECTION ERROR:  
CONNECTION ERROR:  
CONNECTION ERROR:  
CONNECTION ERROR:  
Creating connection for 104.17.67.120 using <_io.TextIOWrapper name='logs.json' mode='a' encoding='UTF-8'> and week3-roots.pem
CONNECTION ERROR:  
CONNECTION ERROR:  timed out
Creating connection for 52.213.182.76 using <_io.TextIOWrapper name='logs.json' mode='a' encoding='UTF-8'> and week3-roots.pem
CONNECTION ERROR:  
CONNECTION ERROR:  
Creating connection for 18.135.239.82 using <_io.TextIOWrapper name='logs.json' mode='a' encoding='UTF-8'> and week3-roots.pem
Creating connection for 104.199.148.142 using <_io.TextIOWrapper name='logs.json' mode='a' encoding='UTF-8'> and week3-roots.pem
CONNECTION ERROR:  
Creating connection for 212.200.255.253 using <_io.TextIOWrapper name='logs.json' mode='a' encoding='UTF-8'> and week3-roots.pem
Creating connection for 65.9.86.118 using <_io.TextIOWrapper name='logs.json' mode='a' encoding='UTF-8'> and week3-roots.pem
CONNECTION ERROR:  
Creating connection for 3.33.152.147 using <_io.TextIOWrapper name='logs.json' mode='a' encoding='UTF-8'> and week3-roots.pem
Creating connection for 52.26.213.226 using <_io.TextIOWrapper name='logs.json' mode='a' encoding='UTF-8'> and week3-roots.pem
Creating connection for 185.22.233.173 using <_io.TextIOWrapper name='logs.json' mode='a' encoding='UTF-8'> and week3-roots.pem
CONNECTION ERROR:  
Creating connection for 206.71.190.199 using <_io.TextIOWrapper name='logs.json' mode='a' encoding='UTF-8'> and week3-roots.pem
Creating connection for 63.247.140.23 using <_io.TextIOWrapper name='logs.json' mode='a' encoding='UTF-8'> and week3-roots.pem
Creating connection for 74.117.68.253 using <_io.TextIOWrapper name='logs.json' mode='a' encoding='UTF-8'> and week3-roots.pem
CONNECTION ERROR:  
Creating connection for 172.67.132.116 using <_io.TextIOWrapper name='logs.json' mode='a' encoding='UTF-8'> and week3-roots.pem
Creating connection for 216.8.75.107 using <_io.TextIOWrapper name='logs.json' mode='a' encoding='UTF-8'> and week3-roots.pem
Creating connection for 91.217.42.67 using <_io.TextIOWrapper name='logs.json' mode='a' encoding='UTF-8'> and week3-roots.pem
CONNECTION ERROR:  
CONNECTION ERROR:  
CONNECTION ERROR:  
CONNECTION ERROR:  
Creating connection for 212.193.155.42 using <_io.TextIOWrapper name='logs.json' mode='a' encoding='UTF-8'> and week3-roots.pem
Creating connection for 77.222.56.195 using <_io.TextIOWrapper name='logs.json' mode='a' encoding='UTF-8'> and week3-roots.pem
Creating connection for 67.20.113.163 using <_io.TextIOWrapper name='logs.json' mode='a' encoding='UTF-8'> and week3-roots.pem
Creating connection for 104.21.13.93 using <_io.TextIOWrapper name='logs.json' mode='a' encoding='UTF-8'> and week3-roots.pem
CONNECTION ERROR:  [Errno 111] Connection refused
Creating connection for 104.26.10.7 using <_io.TextIOWrapper name='logs.json' mode='a' encoding='UTF-8'> and week3-roots.pem
Creating connection for 104.21.55.139 using <_io.TextIOWrapper name='logs.json' mode='a' encoding='UTF-8'> and week3-roots.pem
CONNECTION ERROR:  
CONNECTION ERROR:  (32, 'EPIPE')
CONNECTION ERROR:  
Creating connection for 209.150.31.4 using <_io.TextIOWrapper name='logs.json' mode='a' encoding='UTF-8'> and week3-roots.pem
Creating connection for 188.165.65.52 using <_io.TextIOWrapper name='logs.json' mode='a' encoding='UTF-8'> and week3-roots.pem
Creating connection for 18.66.112.37 using <_io.TextIOWrapper name='logs.json' mode='a' encoding='UTF-8'> and week3-roots.pem
Creating connection for 192.124.249.9 using <_io.TextIOWrapper name='logs.json' mode='a' encoding='UTF-8'> and week3-roots.pem
CONNECTION ERROR:  
CONNECTION ERROR:  
CONNECTION ERROR:  timed out
CONNECTION ERROR:  
CONNECTION ERROR:  
Creating connection for 216.239.36.21 using <_io.TextIOWrapper name='logs.json' mode='a' encoding='UTF-8'> and week3-roots.pem
CONNECTION ERROR:  
CONNECTION ERROR:  
CONNECTION ERROR:  
CONNECTION ERROR:  
Creating connection for 97.78.193.251 using <_io.TextIOWrapper name='logs.json' mode='a' encoding='UTF-8'> and week3-roots.pem
CONNECTION ERROR:  
CONNECTION ERROR:  
CONNECTION ERROR:  
Creating connection for 185.5.124.80 using <_io.TextIOWrapper name='logs.json' mode='a' encoding='UTF-8'> and week3-roots.pem
Creating connection for 172.67.155.89 using <_io.TextIOWrapper name='logs.json' mode='a' encoding='UTF-8'> and week3-roots.pem
Creating connection for 208.91.197.26 using <_io.TextIOWrapper name='logs.json' mode='a' encoding='UTF-8'> and week3-roots.pem
CONNECTION ERROR:  
Creating connection for 59.110.239.152 using <_io.TextIOWrapper name='logs.json' mode='a' encoding='UTF-8'> and week3-roots.pem
Creating connection for 172.67.207.146 using <_io.TextIOWrapper name='logs.json' mode='a' encoding='UTF-8'> and week3-roots.pem
Creating connection for 51.255.151.62 using <_io.TextIOWrapper name='logs.json' mode='a' encoding='UTF-8'> and week3-roots.pem
Creating connection for 210.35.32.10 using <_io.TextIOWrapper name='logs.json' mode='a' encoding='UTF-8'> and week3-roots.pem
Creating connection for 65.9.86.40 using <_io.TextIOWrapper name='logs.json' mode='a' encoding='UTF-8'> and week3-roots.pem
CONNECTION ERROR:  
CONNECTION ERROR:  
CONNECTION ERROR:  
CONNECTION ERROR:  
Creating connection for 182.140.225.35 using <_io.TextIOWrapper name='logs.json' mode='a' encoding='UTF-8'> and week3-roots.pem
Creating connection for 84.53.185.203 using <_io.TextIOWrapper name='logs.json' mode='a' encoding='UTF-8'> and week3-roots.pem
CONNECTION ERROR:  timed out
Creating connection for 192.133.138.55 using <_io.TextIOWrapper name='logs.json' mode='a' encoding='UTF-8'> and week3-roots.pem
Creating connection for 180.179.164.40 using <_io.TextIOWrapper name='logs.json' mode='a' encoding='UTF-8'> and week3-roots.pem
Creating connection for 104.26.14.32 using <_io.TextIOWrapper name='logs.json' mode='a' encoding='UTF-8'> and week3-roots.pem
CONNECTION ERROR:  
CONNECTION ERROR:  
Creating connection for 5.2.85.51 using <_io.TextIOWrapper name='logs.json' mode='a' encoding='UTF-8'> and week3-roots.pem
CONNECTION ERROR:  
CONNECTION ERROR:  
Creating connection for 185.10.195.56 using <_io.TextIOWrapper name='logs.json' mode='a' encoding='UTF-8'> and week3-roots.pem
CONNECTION ERROR:  
Creating connection for 157.205.202.76 using <_io.TextIOWrapper name='logs.json' mode='a' encoding='UTF-8'> and week3-roots.pem
Creating connection for 163.44.185.182 using <_io.TextIOWrapper name='logs.json' mode='a' encoding='UTF-8'> and week3-roots.pem
Creating connection for 35.213.139.166 using <_io.TextIOWrapper name='logs.json' mode='a' encoding='UTF-8'> and week3-roots.pem
CONNECTION ERROR:  
Creating connection for 23.227.38.65 using <_io.TextIOWrapper name='logs.json' mode='a' encoding='UTF-8'> and week3-roots.pem
Creating connection for 142.93.195.193 using <_io.TextIOWrapper name='logs.json' mode='a' encoding='UTF-8'> and week3-roots.pem
CONNECTION ERROR:  
Creating connection for 23.22.5.68 using <_io.TextIOWrapper name='logs.json' mode='a' encoding='UTF-8'> and week3-roots.pem
Creating connection for 104.26.0.46 using <_io.TextIOWrapper name='logs.json' mode='a' encoding='UTF-8'> and week3-roots.pem
Creating connection for 34.66.167.190 using <_io.TextIOWrapper name='logs.json' mode='a' encoding='UTF-8'> and week3-roots.pem
Creating connection for 34.74.254.27 using <_io.TextIOWrapper name='logs.json' mode='a' encoding='UTF-8'> and week3-roots.pem
CONNECTION ERROR:  
Creating connection for 68.178.232.100 using <_io.TextIOWrapper name='logs.json' mode='a' encoding='UTF-8'> and week3-roots.pem
CONNECTION ERROR:  
CONNECTION ERROR:  
CONNECTION ERROR:  
Creating connection for 195.39.235.219 using <_io.TextIOWrapper name='logs.json' mode='a' encoding='UTF-8'> and week3-roots.pem
CONNECTION ERROR:  
Creating connection for 185.99.234.23 using <_io.TextIOWrapper name='logs.json' mode='a' encoding='UTF-8'> and week3-roots.pem
CONNECTION ERROR:  
CONNECTION ERROR:  
Creating connection for 188.114.97.3 using <_io.TextIOWrapper name='logs.json' mode='a' encoding='UTF-8'> and week3-roots.pem
Creating connection for 5.61.55.105 using <_io.TextIOWrapper name='logs.json' mode='a' encoding='UTF-8'> and week3-roots.pem
Creating connection for 94.156.102.150 using <_io.TextIOWrapper name='logs.json' mode='a' encoding='UTF-8'> and week3-roots.pem
CONNECTION ERROR:  
CONNECTION ERROR:  
Creating connection for 119.28.86.221 using <_io.TextIOWrapper name='logs.json' mode='a' encoding='UTF-8'> and week3-roots.pem
Creating connection for 104.21.70.230 using <_io.TextIOWrapper name='logs.json' mode='a' encoding='UTF-8'> and week3-roots.pem
Creating connection for 199.58.213.21 using <_io.TextIOWrapper name='logs.json' mode='a' encoding='UTF-8'> and week3-roots.pem
Creating connection for 54.251.99.37 using <_io.TextIOWrapper name='logs.json' mode='a' encoding='UTF-8'> and week3-roots.pem
CONNECTION ERROR:  
CONNECTION ERROR:  
CONNECTION ERROR:  
Creating connection for 104.26.11.179 using <_io.TextIOWrapper name='logs.json' mode='a' encoding='UTF-8'> and week3-roots.pem
CONNECTION ERROR:  
Creating connection for 146.59.82.81 using <_io.TextIOWrapper name='logs.json' mode='a' encoding='UTF-8'> and week3-roots.pem
Creating connection for 144.217.251.184 using <_io.TextIOWrapper name='logs.json' mode='a' encoding='UTF-8'> and week3-roots.pem
CONNECTION ERROR:  timed out
CONNECTION ERROR:  
Creating connection for 104.21.77.210 using <_io.TextIOWrapper name='logs.json' mode='a' encoding='UTF-8'> and week3-roots.pem
Creating connection for 104.18.23.97 using <_io.TextIOWrapper name='logs.json' mode='a' encoding='UTF-8'> and week3-roots.pem
Creating connection for 52.30.31.106 using <_io.TextIOWrapper name='logs.json' mode='a' encoding='UTF-8'> and week3-roots.pem
Creating connection for 65.9.86.35 using <_io.TextIOWrapper name='logs.json' mode='a' encoding='UTF-8'> and week3-roots.pem
CONNECTION ERROR:  
CONNECTION ERROR:  timed out
CONNECTION ERROR:  
CONNECTION ERROR:  
CONNECTION ERROR:  
CONNECTION ERROR:  
Creating connection for 16.163.5.203 using <_io.TextIOWrapper name='logs.json' mode='a' encoding='UTF-8'> and week3-roots.pem
CONNECTION ERROR:  
Creating connection for 109.205.178.237 using <_io.TextIOWrapper name='logs.json' mode='a' encoding='UTF-8'> and week3-roots.pem
Creating connection for 65.9.86.120 using <_io.TextIOWrapper name='logs.json' mode='a' encoding='UTF-8'> and week3-roots.pem
Creating connection for 87.98.249.3 using <_io.TextIOWrapper name='logs.json' mode='a' encoding='UTF-8'> and week3-roots.pem
Creating connection for 185.72.229.12 using <_io.TextIOWrapper name='logs.json' mode='a' encoding='UTF-8'> and week3-roots.pem
CONNECTION ERROR:  
CONNECTION ERROR:  
Creating connection for 209.59.183.55 using <_io.TextIOWrapper name='logs.json' mode='a' encoding='UTF-8'> and week3-roots.pem
CONNECTION ERROR:  
CONNECTION ERROR:  
CONNECTION ERROR:  
Creating connection for 77.108.123.87 using <_io.TextIOWrapper name='logs.json' mode='a' encoding='UTF-8'> and week3-roots.pem
CONNECTION ERROR:  
Creating connection for 104.16.17.35 using <_io.TextIOWrapper name='logs.json' mode='a' encoding='UTF-8'> and week3-roots.pem
CONNECTION ERROR:  
CONNECTION ERROR:  
Creating connection for 51.210.162.165 using <_io.TextIOWrapper name='logs.json' mode='a' encoding='UTF-8'> and week3-roots.pem
Creating connection for 159.69.144.149 using <_io.TextIOWrapper name='logs.json' mode='a' encoding='UTF-8'> and week3-roots.pem
CONNECTION ERROR:  
CONNECTION ERROR:  
Creating connection for 52.21.1.194 using <_io.TextIOWrapper name='logs.json' mode='a' encoding='UTF-8'> and week3-roots.pem
Creating connection for 168.154.26.10 using <_io.TextIOWrapper name='logs.json' mode='a' encoding='UTF-8'> and week3-roots.pem
CONNECTION ERROR:  
Creating connection for 38.29.223.119 using <_io.TextIOWrapper name='logs.json' mode='a' encoding='UTF-8'> and week3-roots.pem
Creating connection for 104.18.35.33 using <_io.TextIOWrapper name='logs.json' mode='a' encoding='UTF-8'> and week3-roots.pem
Creating connection for 52.194.2.170 using <_io.TextIOWrapper name='logs.json' mode='a' encoding='UTF-8'> and week3-roots.pem
Creating connection for 82.200.101.102 using <_io.TextIOWrapper name='logs.json' mode='a' encoding='UTF-8'> and week3-roots.pem
CONNECTION ERROR:  
CONNECTION ERROR:  
Creating connection for 104.26.4.41 using <_io.TextIOWrapper name='logs.json' mode='a' encoding='UTF-8'> and week3-roots.pem
CONNECTION ERROR:  [Errno 111] Connection refused
CONNECTION ERROR:  [Errno 111] Connection refused
CONNECTION ERROR:  (32, 'EPIPE')
Creating connection for 167.233.7.36 using <_io.TextIOWrapper name='logs.json' mode='a' encoding='UTF-8'> and week3-roots.pem
CONNECTION ERROR:  
CONNECTION ERROR:  (32, 'EPIPE')
Creating connection for 89.108.118.88 using <_io.TextIOWrapper name='logs.json' mode='a' encoding='UTF-8'> and week3-roots.pem
Creating connection for 23.227.38.32 using <_io.TextIOWrapper name='logs.json' mode='a' encoding='UTF-8'> and week3-roots.pem
Creating connection for 5.61.52.142 using <_io.TextIOWrapper name='logs.json' mode='a' encoding='UTF-8'> and week3-roots.pem
CONNECTION ERROR:  
Creating connection for 172.67.182.27 using <_io.TextIOWrapper name='logs.json' mode='a' encoding='UTF-8'> and week3-roots.pem
Creating connection for 104.22.23.192 using <_io.TextIOWrapper name='logs.json' mode='a' encoding='UTF-8'> and week3-roots.pem
Creating connection for 104.22.55.111 using <_io.TextIOWrapper name='logs.json' mode='a' encoding='UTF-8'> and week3-roots.pem
Creating connection for 65.9.86.16 using <_io.TextIOWrapper name='logs.json' mode='a' encoding='UTF-8'> and week3-roots.pem
CONNECTION ERROR:  
Creating connection for 149.154.167.99 using <_io.TextIOWrapper name='logs.json' mode='a' encoding='UTF-8'> and week3-roots.pem
Creating connection for 62.113.228.39 using <_io.TextIOWrapper name='logs.json' mode='a' encoding='UTF-8'> and week3-roots.pem
CONNECTION ERROR:  
CONNECTION ERROR:  
CONNECTION ERROR:  [Errno 111] Connection refused
CONNECTION ERROR:  
CONNECTION ERROR:  (32, 'EPIPE')
CONNECTION ERROR:  
CONNECTION ERROR:  
CONNECTION ERROR:  
Creating connection for 185.98.127.10 using <_io.TextIOWrapper name='logs.json' mode='a' encoding='UTF-8'> and week3-roots.pem
CONNECTION ERROR:  
Creating connection for 104.26.8.183 using <_io.TextIOWrapper name='logs.json' mode='a' encoding='UTF-8'> and week3-roots.pem
Creating connection for 104.18.24.139 using <_io.TextIOWrapper name='logs.json' mode='a' encoding='UTF-8'> and week3-roots.pem
CONNECTION ERROR:  timed out
Creating connection for 104.18.78.74 using <_io.TextIOWrapper name='logs.json' mode='a' encoding='UTF-8'> and week3-roots.pem
CONNECTION ERROR:  
Creating connection for 172.64.153.192 using <_io.TextIOWrapper name='logs.json' mode='a' encoding='UTF-8'> and week3-roots.pem
CONNECTION ERROR:  
CONNECTION ERROR:  
CONNECTION ERROR:  
Creating connection for 52.215.88.119 using <_io.TextIOWrapper name='logs.json' mode='a' encoding='UTF-8'> and week3-roots.pem
CONNECTION ERROR:  
Creating connection for 104.21.39.163 using <_io.TextIOWrapper name='logs.json' mode='a' encoding='UTF-8'> and week3-roots.pem
CONNECTION ERROR:  
Creating connection for 23.1.120.129 using <_io.TextIOWrapper name='logs.json' mode='a' encoding='UTF-8'> and week3-roots.pemCONNECTION ERROR:  

Creating connection for 52.2.74.15 using <_io.TextIOWrapper name='logs.json' mode='a' encoding='UTF-8'> and week3-roots.pem
CONNECTION ERROR:  
CONNECTION ERROR:  
Creating connection for 104.22.48.206 using <_io.TextIOWrapper name='logs.json' mode='a' encoding='UTF-8'> and week3-roots.pem
Creating connection for 173.193.190.51 using <_io.TextIOWrapper name='logs.json' mode='a' encoding='UTF-8'> and week3-roots.pem
CONNECTION ERROR:  
CONNECTION ERROR:  
Creating connection for 62.213.23.114 using <_io.TextIOWrapper name='logs.json' mode='a' encoding='UTF-8'> and week3-roots.pem
Creating connection for 50.87.144.96 using <_io.TextIOWrapper name='logs.json' mode='a' encoding='UTF-8'> and week3-roots.pem
CONNECTION ERROR:  
Creating connection for 5.61.54.133 using <_io.TextIOWrapper name='logs.json' mode='a' encoding='UTF-8'> and week3-roots.pem
CONNECTION ERROR:  
CONNECTION ERROR:  
CONNECTION ERROR:  
CONNECTION ERROR:  
Creating connection for 64.34.74.34 using <_io.TextIOWrapper name='logs.json' mode='a' encoding='UTF-8'> and week3-roots.pem
CONNECTION ERROR:  
CONNECTION ERROR:  
Creating connection for 192.185.217.35 using <_io.TextIOWrapper name='logs.json' mode='a' encoding='UTF-8'> and week3-roots.pem
Creating connection for 172.67.24.140 using <_io.TextIOWrapper name='logs.json' mode='a' encoding='UTF-8'> and week3-roots.pem
Creating connection for 58.210.249.100 using <_io.TextIOWrapper name='logs.json' mode='a' encoding='UTF-8'> and week3-roots.pem
CONNECTION ERROR:  
CONNECTION ERROR:  
CONNECTION ERROR:  
CONNECTION ERROR:  
CONNECTION ERROR:  
CONNECTION ERROR:  
Creating connection for 193.189.75.162 using <_io.TextIOWrapper name='logs.json' mode='a' encoding='UTF-8'> and week3-roots.pem
Creating connection for 188.114.97.2 using <_io.TextIOWrapper name='logs.json' mode='a' encoding='UTF-8'> and week3-roots.pem
Creating connection for 35.205.61.67 using <_io.TextIOWrapper name='logs.json' mode='a' encoding='UTF-8'> and week3-roots.pem
Creating connection for 198.49.23.144 using <_io.TextIOWrapper name='logs.json' mode='a' encoding='UTF-8'> and week3-roots.pem
Creating connection for 176.31.33.8 using <_io.TextIOWrapper name='logs.json' mode='a' encoding='UTF-8'> and week3-roots.pem
CONNECTION ERROR:  
CONNECTION ERROR:  
Creating connection for 45.79.156.244 using <_io.TextIOWrapper name='logs.json' mode='a' encoding='UTF-8'> and week3-roots.pem
CONNECTION ERROR:  
Creating connection for 172.67.209.84 using <_io.TextIOWrapper name='logs.json' mode='a' encoding='UTF-8'> and week3-roots.pem
CONNECTION ERROR:  
CONNECTION ERROR:  
Creating connection for 69.163.150.238 using <_io.TextIOWrapper name='logs.json' mode='a' encoding='UTF-8'> and week3-roots.pem
Creating connection for 152.199.20.186 using <_io.TextIOWrapper name='logs.json' mode='a' encoding='UTF-8'> and week3-roots.pem
Creating connection for 194.250.166.150 using <_io.TextIOWrapper name='logs.json' mode='a' encoding='UTF-8'> and week3-roots.pem
Creating connection for 217.76.142.41 using <_io.TextIOWrapper name='logs.json' mode='a' encoding='UTF-8'> and week3-roots.pem
Creating connection for 104.21.83.169 using <_io.TextIOWrapper name='logs.json' mode='a' encoding='UTF-8'> and week3-roots.pem
CONNECTION ERROR:  
Creating connection for 5.61.36.80 using <_io.TextIOWrapper name='logs.json' mode='a' encoding='UTF-8'> and week3-roots.pem
CONNECTION ERROR:  
Creating connection for 185.107.56.197 using <_io.TextIOWrapper name='logs.json' mode='a' encoding='UTF-8'> and week3-roots.pem
CONNECTION ERROR:  
Creating connection for 204.11.56.48 using <_io.TextIOWrapper name='logs.json' mode='a' encoding='UTF-8'> and week3-roots.pem
Creating connection for 65.9.86.10 using <_io.TextIOWrapper name='logs.json' mode='a' encoding='UTF-8'> and week3-roots.pem
CONNECTION ERROR:  
CONNECTION ERROR:  
CONNECTION ERROR:  
Creating connection for 3.224.15.27 using <_io.TextIOWrapper name='logs.json' mode='a' encoding='UTF-8'> and week3-roots.pem
Creating connection for 23.227.38.74 using <_io.TextIOWrapper name='logs.json' mode='a' encoding='UTF-8'> and week3-roots.pem
CONNECTION ERROR:  
Creating connection for 62.173.139.71 using <_io.TextIOWrapper name='logs.json' mode='a' encoding='UTF-8'> and week3-roots.pem
Creating connection for 121.241.245.18 using <_io.TextIOWrapper name='logs.json' mode='a' encoding='UTF-8'> and week3-roots.pem
Creating connection for 54.84.53.107 using <_io.TextIOWrapper name='logs.json' mode='a' encoding='UTF-8'> and week3-roots.pem
CONNECTION ERROR:  
CONNECTION ERROR:  
CONNECTION ERROR:  
Creating connection for 54.36.128.122 using <_io.TextIOWrapper name='logs.json' mode='a' encoding='UTF-8'> and week3-roots.pem
Creating connection for 193.16.43.154 using <_io.TextIOWrapper name='logs.json' mode='a' encoding='UTF-8'> and week3-roots.pem
Creating connection for 144.76.159.215 using <_io.TextIOWrapper name='logs.json' mode='a' encoding='UTF-8'> and week3-roots.pem
Creating connection for 68.178.232.100 using <_io.TextIOWrapper name='logs.json' mode='a' encoding='UTF-8'> and week3-roots.pem
Creating connection for 45.152.242.175 using <_io.TextIOWrapper name='logs.json' mode='a' encoding='UTF-8'> and week3-roots.pem
CONNECTION ERROR:  
CONNECTION ERROR:  
Creating connection for 76.76.21.21 using <_io.TextIOWrapper name='logs.json' mode='a' encoding='UTF-8'> and week3-roots.pem
CONNECTION ERROR:  
CONNECTION ERROR:  
Creating connection for 35.162.220.128 using <_io.TextIOWrapper name='logs.json' mode='a' encoding='UTF-8'> and week3-roots.pem
Creating connection for 45.129.3.151 using <_io.TextIOWrapper name='logs.json' mode='a' encoding='UTF-8'> and week3-roots.pem
Creating connection for 159.253.20.164 using <_io.TextIOWrapper name='logs.json' mode='a' encoding='UTF-8'> and week3-roots.pem
Creating connection for 99.83.190.102 using <_io.TextIOWrapper name='logs.json' mode='a' encoding='UTF-8'> and week3-roots.pem
Creating connection for 37.9.224.219 using <_io.TextIOWrapper name='logs.json' mode='a' encoding='UTF-8'> and week3-roots.pem
CONNECTION ERROR:  
CONNECTION ERROR:  timed out
Creating connection for 87.229.73.27 using <_io.TextIOWrapper name='logs.json' mode='a' encoding='UTF-8'> and week3-roots.pem
CONNECTION ERROR:  
CONNECTION ERROR:  
Creating connection for 65.9.86.77 using <_io.TextIOWrapper name='logs.json' mode='a' encoding='UTF-8'> and week3-roots.pem
CONNECTION ERROR:  
Creating connection for 23.227.38.74 using <_io.TextIOWrapper name='logs.json' mode='a' encoding='UTF-8'> and week3-roots.pem
Creating connection for 208.113.231.96 using <_io.TextIOWrapper name='logs.json' mode='a' encoding='UTF-8'> and week3-roots.pem
Creating connection for 3.232.23.180 using <_io.TextIOWrapper name='logs.json' mode='a' encoding='UTF-8'> and week3-roots.pem
Creating connection for 192.243.61.227 using <_io.TextIOWrapper name='logs.json' mode='a' encoding='UTF-8'> and week3-roots.pem
Creating connection for 172.64.153.27 using <_io.TextIOWrapper name='logs.json' mode='a' encoding='UTF-8'> and week3-roots.pem
CONNECTION ERROR:  
CONNECTION ERROR:  
CONNECTION ERROR:  
CONNECTION ERROR:  
Creating connection for 177.70.106.248 using <_io.TextIOWrapper name='logs.json' mode='a' encoding='UTF-8'> and week3-roots.pem
Creating connection for 87.98.241.2 using <_io.TextIOWrapper name='logs.json' mode='a' encoding='UTF-8'> and week3-roots.pem
CONNECTION ERROR:  
CONNECTION ERROR:  
CONNECTION ERROR:  
CONNECTION ERROR:  
CONNECTION ERROR:  
CONNECTION ERROR:  
Creating connection for 46.17.203.90 using <_io.TextIOWrapper name='logs.json' mode='a' encoding='UTF-8'> and week3-roots.pem
CONNECTION ERROR:  
Creating connection for 194.94.132.199 using <_io.TextIOWrapper name='logs.json' mode='a' encoding='UTF-8'> and week3-roots.pem
CONNECTION ERROR:  
Creating connection for 65.9.86.56 using <_io.TextIOWrapper name='logs.json' mode='a' encoding='UTF-8'> and week3-roots.pem
Creating connection for 185.170.165.10 using <_io.TextIOWrapper name='logs.json' mode='a' encoding='UTF-8'> and week3-roots.pem
Creating connection for 185.73.226.89 using <_io.TextIOWrapper name='logs.json' mode='a' encoding='UTF-8'> and week3-roots.pem
Creating connection for 80.82.212.84 using <_io.TextIOWrapper name='logs.json' mode='a' encoding='UTF-8'> and week3-roots.pem
CONNECTION ERROR:  
Creating connection for 74.200.39.25 using <_io.TextIOWrapper name='logs.json' mode='a' encoding='UTF-8'> and week3-roots.pem
Creating connection for 65.9.86.78 using <_io.TextIOWrapper name='logs.json' mode='a' encoding='UTF-8'> and week3-roots.pem
Creating connection for 185.230.63.107 using <_io.TextIOWrapper name='logs.json' mode='a' encoding='UTF-8'> and week3-roots.pem
CONNECTION ERROR:  timed out
CONNECTION ERROR:  
CONNECTION ERROR:  
Creating connection for 65.9.86.22 using <_io.TextIOWrapper name='logs.json' mode='a' encoding='UTF-8'> and week3-roots.pem
Creating connection for 104.21.48.44 using <_io.TextIOWrapper name='logs.json' mode='a' encoding='UTF-8'> and week3-roots.pem
Creating connection for 23.227.38.32 using <_io.TextIOWrapper name='logs.json' mode='a' encoding='UTF-8'> and week3-roots.pem
CONNECTION ERROR:  
CONNECTION ERROR:  
CONNECTION ERROR:  
Creating connection for 137.184.57.191 using <_io.TextIOWrapper name='logs.json' mode='a' encoding='UTF-8'> and week3-roots.pem
Creating connection for 58.57.65.2 using <_io.TextIOWrapper name='logs.json' mode='a' encoding='UTF-8'> and week3-roots.pem
CONNECTION ERROR:  
Creating connection for 208.91.197.26 using <_io.TextIOWrapper name='logs.json' mode='a' encoding='UTF-8'> and week3-roots.pem
CONNECTION ERROR:  
Creating connection for 195.224.99.190 using <_io.TextIOWrapper name='logs.json' mode='a' encoding='UTF-8'> and week3-roots.pem
CONNECTION ERROR:  
CONNECTION ERROR:  timed out
CONNECTION ERROR:  
Creating connection for 122.114.109.102 using <_io.TextIOWrapper name='logs.json' mode='a' encoding='UTF-8'> and week3-roots.pem
CONNECTION ERROR:  
CONNECTION ERROR:  
CONNECTION ERROR:  timed out
Creating connection for 104.18.32.80 using <_io.TextIOWrapper name='logs.json' mode='a' encoding='UTF-8'> and week3-roots.pem
CONNECTION ERROR:  
Creating connection for 198.251.81.30 using <_io.TextIOWrapper name='logs.json' mode='a' encoding='UTF-8'> and week3-roots.pem
CONNECTION ERROR:  
CONNECTION ERROR:  
Creating connection for 172.67.69.147 using <_io.TextIOWrapper name='logs.json' mode='a' encoding='UTF-8'> and week3-roots.pem
Creating connection for 188.114.97.2 using <_io.TextIOWrapper name='logs.json' mode='a' encoding='UTF-8'> and week3-roots.pem
CONNECTION ERROR:  
Creating connection for 151.101.2.25 using <_io.TextIOWrapper name='logs.json' mode='a' encoding='UTF-8'> and week3-roots.pem
CONNECTION ERROR:  
CONNECTION ERROR:  
Creating connection for 39.96.250.129 using <_io.TextIOWrapper name='logs.json' mode='a' encoding='UTF-8'> and week3-roots.pem
Creating connection for 172.67.74.78 using <_io.TextIOWrapper name='logs.json' mode='a' encoding='UTF-8'> and week3-roots.pem
CONNECTION ERROR:  
CONNECTION ERROR:  
CONNECTION ERROR:  
CONNECTION ERROR:  [Errno 111] Connection refused
CONNECTION ERROR:  
Creating connection for 34.141.48.9 using <_io.TextIOWrapper name='logs.json' mode='a' encoding='UTF-8'> and week3-roots.pem
CONNECTION ERROR:  
CONNECTION ERROR:  
CONNECTION ERROR:  
Creating connection for 65.9.86.89 using <_io.TextIOWrapper name='logs.json' mode='a' encoding='UTF-8'> and week3-roots.pem
CONNECTION ERROR:  (32, 'EPIPE')
CONNECTION ERROR:  
Creating connection for 121.95.101.97 using <_io.TextIOWrapper name='logs.json' mode='a' encoding='UTF-8'> and week3-roots.pem
Creating connection for 104.26.14.119 using <_io.TextIOWrapper name='logs.json' mode='a' encoding='UTF-8'> and week3-roots.pem
Creating connection for 195.190.103.234 using <_io.TextIOWrapper name='logs.json' mode='a' encoding='UTF-8'> and week3-roots.pem
CONNECTION ERROR:  
Creating connection for 83.166.138.111 using <_io.TextIOWrapper name='logs.json' mode='a' encoding='UTF-8'> and week3-roots.pem
CONNECTION ERROR:  
Creating connection for 192.185.115.51 using <_io.TextIOWrapper name='logs.json' mode='a' encoding='UTF-8'> and week3-roots.pem
Creating connection for 35.241.183.228 using <_io.TextIOWrapper name='logs.json' mode='a' encoding='UTF-8'> and week3-roots.pem
CONNECTION ERROR:  
Creating connection for 209.126.124.134 using <_io.TextIOWrapper name='logs.json' mode='a' encoding='UTF-8'> and week3-roots.pem
Creating connection for 172.67.193.84 using <_io.TextIOWrapper name='logs.json' mode='a' encoding='UTF-8'> and week3-roots.pem
CONNECTION ERROR:  
Creating connection for 5.61.53.114 using <_io.TextIOWrapper name='logs.json' mode='a' encoding='UTF-8'> and week3-roots.pem
Creating connection for 69.163.216.246 using <_io.TextIOWrapper name='logs.json' mode='a' encoding='UTF-8'> and week3-roots.pem
CONNECTION ERROR:  
CONNECTION ERROR:  
Creating connection for 3.33.243.72 using <_io.TextIOWrapper name='logs.json' mode='a' encoding='UTF-8'> and week3-roots.pem
Creating connection for 192.96.216.58 using <_io.TextIOWrapper name='logs.json' mode='a' encoding='UTF-8'> and week3-roots.pem
CONNECTION ERROR:  
CONNECTION ERROR:  
CONNECTION ERROR:  
Creating connection for 104.21.53.137 using <_io.TextIOWrapper name='logs.json' mode='a' encoding='UTF-8'> and week3-roots.pem
Creating connection for 172.67.152.101 using <_io.TextIOWrapper name='logs.json' mode='a' encoding='UTF-8'> and week3-roots.pem
Creating connection for 199.59.59.11 using <_io.TextIOWrapper name='logs.json' mode='a' encoding='UTF-8'> and week3-roots.pem
Creating connection for 178.248.237.20 using <_io.TextIOWrapper name='logs.json' mode='a' encoding='UTF-8'> and week3-roots.pem
Creating connection for 185.98.83.182 using <_io.TextIOWrapper name='logs.json' mode='a' encoding='UTF-8'> and week3-roots.pem
CONNECTION ERROR:  [Errno 111] Connection refused
Creating connection for 65.9.86.19 using <_io.TextIOWrapper name='logs.json' mode='a' encoding='UTF-8'> and week3-roots.pem
Creating connection for 185.187.73.57 using <_io.TextIOWrapper name='logs.json' mode='a' encoding='UTF-8'> and week3-roots.pem
CONNECTION ERROR:  (32, 'EPIPE')
CONNECTION ERROR:  
Creating connection for 216.223.26.253 using <_io.TextIOWrapper name='logs.json' mode='a' encoding='UTF-8'> and week3-roots.pem
CONNECTION ERROR:  
Creating connection for 65.9.86.52 using <_io.TextIOWrapper name='logs.json' mode='a' encoding='UTF-8'> and week3-roots.pem
CONNECTION ERROR:  
Creating connection for 13.113.129.232 using <_io.TextIOWrapper name='logs.json' mode='a' encoding='UTF-8'> and week3-roots.pem
CONNECTION ERROR:  
CONNECTION ERROR:  
Creating connection for 66.134.75.65 using <_io.TextIOWrapper name='logs.json' mode='a' encoding='UTF-8'> and week3-roots.pem
CONNECTION ERROR:  
Creating connection for 75.2.17.166 using <_io.TextIOWrapper name='logs.json' mode='a' encoding='UTF-8'> and week3-roots.pem
CONNECTION ERROR:  
CONNECTION ERROR:  
CONNECTION ERROR:  
Creating connection for 219.94.155.221 using <_io.TextIOWrapper name='logs.json' mode='a' encoding='UTF-8'> and week3-roots.pem
CONNECTION ERROR:  
CONNECTION ERROR:  
Creating connection for 103.1.250.175 using <_io.TextIOWrapper name='logs.json' mode='a' encoding='UTF-8'> and week3-roots.pem
Creating connection for 20.50.105.134 using <_io.TextIOWrapper name='logs.json' mode='a' encoding='UTF-8'> and week3-roots.pem
Creating connection for 109.73.32.198 using <_io.TextIOWrapper name='logs.json' mode='a' encoding='UTF-8'> and week3-roots.pem
CONNECTION ERROR:  
CONNECTION ERROR:  
Creating connection for 104.42.126.243 using <_io.TextIOWrapper name='logs.json' mode='a' encoding='UTF-8'> and week3-roots.pem
Creating connection for 172.67.160.59 using <_io.TextIOWrapper name='logs.json' mode='a' encoding='UTF-8'> and week3-roots.pem
CONNECTION ERROR:  timed out
CONNECTION ERROR:  
CONNECTION ERROR:  
Creating connection for 172.67.140.94 using <_io.TextIOWrapper name='logs.json' mode='a' encoding='UTF-8'> and week3-roots.pem
Creating connection for 194.126.175.195 using <_io.TextIOWrapper name='logs.json' mode='a' encoding='UTF-8'> and week3-roots.pem
Creating connection for 47.254.51.28 using <_io.TextIOWrapper name='logs.json' mode='a' encoding='UTF-8'> and week3-roots.pem
CONNECTION ERROR:  
Creating connection for 34.133.154.140 using <_io.TextIOWrapper name='logs.json' mode='a' encoding='UTF-8'> and week3-roots.pem
Creating connection for 193.148.245.44 using <_io.TextIOWrapper name='logs.json' mode='a' encoding='UTF-8'> and week3-roots.pem
CONNECTION ERROR:  
CONNECTION ERROR:  
Creating connection for 216.239.32.21 using <_io.TextIOWrapper name='logs.json' mode='a' encoding='UTF-8'> and week3-roots.pem
Creating connection for 104.18.19.88 using <_io.TextIOWrapper name='logs.json' mode='a' encoding='UTF-8'> and week3-roots.pem
CONNECTION ERROR:  
Creating connection for 65.9.86.70 using <_io.TextIOWrapper name='logs.json' mode='a' encoding='UTF-8'> and week3-roots.pem
CONNECTION ERROR:  
Creating connection for 185.143.233.68 using <_io.TextIOWrapper name='logs.json' mode='a' encoding='UTF-8'> and week3-roots.pem
Creating connection for 51.15.8.170 using <_io.TextIOWrapper name='logs.json' mode='a' encoding='UTF-8'> and week3-roots.pem
Creating connection for 121.4.32.188 using <_io.TextIOWrapper name='logs.json' mode='a' encoding='UTF-8'> and week3-roots.pem
Creating connection for 46.36.220.41 using <_io.TextIOWrapper name='logs.json' mode='a' encoding='UTF-8'> and week3-roots.pem
Creating connection for 162.209.15.220 using <_io.TextIOWrapper name='logs.json' mode='a' encoding='UTF-8'> and week3-roots.pem
CONNECTION ERROR:  timed out
CONNECTION ERROR:  
CONNECTION ERROR:  
Creating connection for 50.31.98.223 using <_io.TextIOWrapper name='logs.json' mode='a' encoding='UTF-8'> and week3-roots.pem
Creating connection for 172.67.71.37 using <_io.TextIOWrapper name='logs.json' mode='a' encoding='UTF-8'> and week3-roots.pem
CONNECTION ERROR:  
CONNECTION ERROR:  
CONNECTION ERROR:  
Creating connection for 141.193.213.10 using <_io.TextIOWrapper name='logs.json' mode='a' encoding='UTF-8'> and week3-roots.pem
CONNECTION ERROR:  [Errno 111] Connection refused
CONNECTION ERROR:  
CONNECTION ERROR:  timed out
CONNECTION ERROR:  
CONNECTION ERROR:  
CONNECTION ERROR:  
Creating connection for 45.79.158.14 using <_io.TextIOWrapper name='logs.json' mode='a' encoding='UTF-8'> and week3-roots.pem
Creating connection for 45.60.87.166 using <_io.TextIOWrapper name='logs.json' mode='a' encoding='UTF-8'> and week3-roots.pem
CONNECTION ERROR:  
Creating connection for 160.153.47.164 using <_io.TextIOWrapper name='logs.json' mode='a' encoding='UTF-8'> and week3-roots.pem
CONNECTION ERROR:  
CONNECTION ERROR:  
CONNECTION ERROR:  
Creating connection for 65.9.86.122 using <_io.TextIOWrapper name='logs.json' mode='a' encoding='UTF-8'> and week3-roots.pem
CONNECTION ERROR:  (32, 'EPIPE')
CONNECTION ERROR:  
CONNECTION ERROR:  
CONNECTION ERROR:  
Creating connection for 3.226.182.14 using <_io.TextIOWrapper name='logs.json' mode='a' encoding='UTF-8'> and week3-roots.pem
CONNECTION ERROR:  
CONNECTION ERROR:  
Creating connection for 65.9.86.21 using <_io.TextIOWrapper name='logs.json' mode='a' encoding='UTF-8'> and week3-roots.pem
Creating connection for 198.54.117.215 using <_io.TextIOWrapper name='logs.json' mode='a' encoding='UTF-8'> and week3-roots.pem
CONNECTION ERROR:  
Creating connection for 208.90.190.34 using <_io.TextIOWrapper name='logs.json' mode='a' encoding='UTF-8'> and week3-roots.pem
Creating connection for 172.67.214.151 using <_io.TextIOWrapper name='logs.json' mode='a' encoding='UTF-8'> and week3-roots.pem
Creating connection for 52.30.204.154 using <_io.TextIOWrapper name='logs.json' mode='a' encoding='UTF-8'> and week3-roots.pem
Creating connection for 198.185.159.144 using <_io.TextIOWrapper name='logs.json' mode='a' encoding='UTF-8'> and week3-roots.pem
Creating connection for 91.134.117.129 using <_io.TextIOWrapper name='logs.json' mode='a' encoding='UTF-8'> and week3-roots.pem
Creating connection for 151.101.2.114 using <_io.TextIOWrapper name='logs.json' mode='a' encoding='UTF-8'> and week3-roots.pem
CONNECTION ERROR:  timed out
CONNECTION ERROR:  timed out
CONNECTION ERROR:  
CONNECTION ERROR:  
CONNECTION ERROR:  
CONNECTION ERROR:  
CONNECTION ERROR:  
CONNECTION ERROR:  
CONNECTION ERROR:  
Creating connection for 104.155.222.66 using <_io.TextIOWrapper name='logs.json' mode='a' encoding='UTF-8'> and week3-roots.pem
CONNECTION ERROR:  
Creating connection for 5.45.74.218 using <_io.TextIOWrapper name='logs.json' mode='a' encoding='UTF-8'> and week3-roots.pem
CONNECTION ERROR:  
Creating connection for 172.67.199.106 using <_io.TextIOWrapper name='logs.json' mode='a' encoding='UTF-8'> and week3-roots.pem
CONNECTION ERROR:  
Creating connection for 104.16.25.5 using <_io.TextIOWrapper name='logs.json' mode='a' encoding='UTF-8'> and week3-roots.pem
Creating connection for 172.67.195.169 using <_io.TextIOWrapper name='logs.json' mode='a' encoding='UTF-8'> and week3-roots.pem
Creating connection for 52.43.237.158 using <_io.TextIOWrapper name='logs.json' mode='a' encoding='UTF-8'> and week3-roots.pem
Creating connection for 195.128.140.205 using <_io.TextIOWrapper name='logs.json' mode='a' encoding='UTF-8'> and week3-roots.pem
Creating connection for 3.33.250.164 using <_io.TextIOWrapper name='logs.json' mode='a' encoding='UTF-8'> and week3-roots.pem
Creating connection for 101.33.11.110 using <_io.TextIOWrapper name='logs.json' mode='a' encoding='UTF-8'> and week3-roots.pem
Creating connection for 45.82.71.14 using <_io.TextIOWrapper name='logs.json' mode='a' encoding='UTF-8'> and week3-roots.pem
Creating connection for 65.9.86.16 using <_io.TextIOWrapper name='logs.json' mode='a' encoding='UTF-8'> and week3-roots.pem
CONNECTION ERROR:  
CONNECTION ERROR:  
Creating connection for 104.17.237.155 using <_io.TextIOWrapper name='logs.json' mode='a' encoding='UTF-8'> and week3-roots.pem
Creating connection for 52.86.47.47 using <_io.TextIOWrapper name='logs.json' mode='a' encoding='UTF-8'> and week3-roots.pem
Creating connection for 80.249.169.134 using <_io.TextIOWrapper name='logs.json' mode='a' encoding='UTF-8'> and week3-roots.pem
CONNECTION ERROR:  
CONNECTION ERROR:  
CONNECTION ERROR:  
CONNECTION ERROR:  
CONNECTION ERROR:  
CONNECTION ERROR:  
Creating connection for 104.21.9.195 using <_io.TextIOWrapper name='logs.json' mode='a' encoding='UTF-8'> and week3-roots.pem
Creating connection for 65.9.86.3 using <_io.TextIOWrapper name='logs.json' mode='a' encoding='UTF-8'> and week3-roots.pem
CONNECTION ERROR:  
Creating connection for 89.38.208.117 using <_io.TextIOWrapper name='logs.json' mode='a' encoding='UTF-8'> and week3-roots.pem
CONNECTION ERROR:  
Creating connection for 198.54.117.210 using <_io.TextIOWrapper name='logs.json' mode='a' encoding='UTF-8'> and week3-roots.pem
CONNECTION ERROR:  
CONNECTION ERROR:  
Creating connection for 172.67.72.192 using <_io.TextIOWrapper name='logs.json' mode='a' encoding='UTF-8'> and week3-roots.pem
Creating connection for 172.67.139.131 using <_io.TextIOWrapper name='logs.json' mode='a' encoding='UTF-8'> and week3-roots.pem
Creating connection for 51.141.82.159 using <_io.TextIOWrapper name='logs.json' mode='a' encoding='UTF-8'> and week3-roots.pem
Creating connection for 173.255.215.224 using <_io.TextIOWrapper name='logs.json' mode='a' encoding='UTF-8'> and week3-roots.pem
CONNECTION ERROR:  
CONNECTION ERROR:  
CONNECTION ERROR:  
CONNECTION ERROR:  
CONNECTION ERROR:  
Creating connection for 172.67.156.183 using <_io.TextIOWrapper name='logs.json' mode='a' encoding='UTF-8'> and week3-roots.pem
CONNECTION ERROR:  
Creating connection for 172.67.147.250 using <_io.TextIOWrapper name='logs.json' mode='a' encoding='UTF-8'> and week3-roots.pem
CONNECTION ERROR:  
CONNECTION ERROR:  
CONNECTION ERROR:  
CONNECTION ERROR:  
Creating connection for 23.227.38.32 using <_io.TextIOWrapper name='logs.json' mode='a' encoding='UTF-8'> and week3-roots.pem
CONNECTION ERROR:  
Creating connection for 198.185.159.144 using <_io.TextIOWrapper name='logs.json' mode='a' encoding='UTF-8'> and week3-roots.pem
CONNECTION ERROR:  
CONNECTION ERROR:  
CONNECTION ERROR:  
CONNECTION ERROR:  
CONNECTION ERROR:  
CONNECTION ERROR:  
Creating connection for 119.8.14.79 using <_io.TextIOWrapper name='logs.json' mode='a' encoding='UTF-8'> and week3-roots.pem
CONNECTION ERROR:  
Creating connection for 65.9.86.7 using <_io.TextIOWrapper name='logs.json' mode='a' encoding='UTF-8'> and week3-roots.pem
CONNECTION ERROR:  
Creating connection for 178.251.187.9 using <_io.TextIOWrapper name='logs.json' mode='a' encoding='UTF-8'> and week3-roots.pem
Creating connection for 172.67.210.180 using <_io.TextIOWrapper name='logs.json' mode='a' encoding='UTF-8'> and week3-roots.pem
CONNECTION ERROR:  timed out
CONNECTION ERROR:  
Creating connection for 54.237.147.2 using <_io.TextIOWrapper name='logs.json' mode='a' encoding='UTF-8'> and week3-roots.pem
Creating connection for 172.64.155.233 using <_io.TextIOWrapper name='logs.json' mode='a' encoding='UTF-8'> and week3-roots.pem
CONNECTION ERROR:  
CONNECTION ERROR:  
CONNECTION ERROR:  
CONNECTION ERROR:  timed out
Creating connection for 104.21.90.122 using <_io.TextIOWrapper name='logs.json' mode='a' encoding='UTF-8'> and week3-roots.pem
Creating connection for 216.37.42.25 using <_io.TextIOWrapper name='logs.json' mode='a' encoding='UTF-8'> and week3-roots.pem
Creating connection for 178.248.236.75 using <_io.TextIOWrapper name='logs.json' mode='a' encoding='UTF-8'> and week3-roots.pem
CONNECTION ERROR:  [Errno 111] Connection refused
CONNECTION ERROR:  
Creating connection for 186.2.163.116 using <_io.TextIOWrapper name='logs.json' mode='a' encoding='UTF-8'> and week3-roots.pem
CONNECTION ERROR:  
CONNECTION ERROR:  (32, 'EPIPE')
Creating connection for 3.33.254.191 using <_io.TextIOWrapper name='logs.json' mode='a' encoding='UTF-8'> and week3-roots.pem
CONNECTION ERROR:  
CONNECTION ERROR:  
CONNECTION ERROR:  
Creating connection for 172.67.219.46 using <_io.TextIOWrapper name='logs.json' mode='a' encoding='UTF-8'> and week3-roots.pem
Creating connection for 104.22.14.154 using <_io.TextIOWrapper name='logs.json' mode='a' encoding='UTF-8'> and week3-roots.pem
CONNECTION ERROR:  timed out
CONNECTION ERROR:  
CONNECTION ERROR:  
CONNECTION ERROR:  
Creating connection for 104.21.88.55 using <_io.TextIOWrapper name='logs.json' mode='a' encoding='UTF-8'> and week3-roots.pem
CONNECTION ERROR:  
CONNECTION ERROR:  
CONNECTION ERROR:  
Creating connection for 172.67.188.252 using <_io.TextIOWrapper name='logs.json' mode='a' encoding='UTF-8'> and week3-roots.pem
Creating connection for 212.83.129.174 using <_io.TextIOWrapper name='logs.json' mode='a' encoding='UTF-8'> and week3-roots.pem
CONNECTION ERROR:  
CONNECTION ERROR:  
CONNECTION ERROR:  
Creating connection for 162.159.135.42 using <_io.TextIOWrapper name='logs.json' mode='a' encoding='UTF-8'> and week3-roots.pem
Creating connection for 176.74.254.81 using <_io.TextIOWrapper name='logs.json' mode='a' encoding='UTF-8'> and week3-roots.pem
Creating connection for 172.67.137.136 using <_io.TextIOWrapper name='logs.json' mode='a' encoding='UTF-8'> and week3-roots.pem
Creating connection for 10.120.32.114 using <_io.TextIOWrapper name='logs.json' mode='a' encoding='UTF-8'> and week3-roots.pem
Creating connection for 192.200.160.248 using <_io.TextIOWrapper name='logs.json' mode='a' encoding='UTF-8'> and week3-roots.pem
CONNECTION ERROR:  
Creating connection for 104.24.182.15 using <_io.TextIOWrapper name='logs.json' mode='a' encoding='UTF-8'> and week3-roots.pem
CONNECTION ERROR:  
CONNECTION ERROR:  
CONNECTION ERROR:  
CONNECTION ERROR:  
CONNECTION ERROR:  
Creating connection for 65.9.86.60 using <_io.TextIOWrapper name='logs.json' mode='a' encoding='UTF-8'> and week3-roots.pem
Creating connection for 54.220.250.109 using <_io.TextIOWrapper name='logs.json' mode='a' encoding='UTF-8'> and week3-roots.pem
CONNECTION ERROR:  
Creating connection for 208.109.23.206 using <_io.TextIOWrapper name='logs.json' mode='a' encoding='UTF-8'> and week3-roots.pem
CONNECTION ERROR:  
CONNECTION ERROR:  
Creating connection for 34.224.10.110 using <_io.TextIOWrapper name='logs.json' mode='a' encoding='UTF-8'> and week3-roots.pem
Creating connection for 65.9.86.103 using <_io.TextIOWrapper name='logs.json' mode='a' encoding='UTF-8'> and week3-roots.pem
Creating connection for 185.112.146.153 using <_io.TextIOWrapper name='logs.json' mode='a' encoding='UTF-8'> and week3-roots.pem
CONNECTION ERROR:  
CONNECTION ERROR:  
CONNECTION ERROR:  timed out
CONNECTION ERROR:  
CONNECTION ERROR:  
CONNECTION ERROR:  
Creating connection for 104.26.15.15 using <_io.TextIOWrapper name='logs.json' mode='a' encoding='UTF-8'> and week3-roots.pem
Creating connection for 34.111.131.76 using <_io.TextIOWrapper name='logs.json' mode='a' encoding='UTF-8'> and week3-roots.pem
Creating connection for 65.51.132.150 using <_io.TextIOWrapper name='logs.json' mode='a' encoding='UTF-8'> and week3-roots.pem
CONNECTION ERROR:  
Creating connection for 45.79.110.219 using <_io.TextIOWrapper name='logs.json' mode='a' encoding='UTF-8'> and week3-roots.pem
Creating connection for 23.227.38.32 using <_io.TextIOWrapper name='logs.json' mode='a' encoding='UTF-8'> and week3-roots.pem
CONNECTION ERROR:  
Creating connection for 12.197.122.15 using <_io.TextIOWrapper name='logs.json' mode='a' encoding='UTF-8'> and week3-roots.pem
CONNECTION ERROR:  
CONNECTION ERROR:  
CONNECTION ERROR:  
CONNECTION ERROR:  
CONNECTION ERROR:  
Creating connection for 165.227.22.171 using <_io.TextIOWrapper name='logs.json' mode='a' encoding='UTF-8'> and week3-roots.pem
Creating connection for 199.16.172.73 using <_io.TextIOWrapper name='logs.json' mode='a' encoding='UTF-8'> and week3-roots.pem
Creating connection for 46.36.220.154 using <_io.TextIOWrapper name='logs.json' mode='a' encoding='UTF-8'> and week3-roots.pem
Creating connection for 34.238.178.141 using <_io.TextIOWrapper name='logs.json' mode='a' encoding='UTF-8'> and week3-roots.pem
CONNECTION ERROR:  
CONNECTION ERROR:  
Creating connection for 52.78.177.103 using <_io.TextIOWrapper name='logs.json' mode='a' encoding='UTF-8'> and week3-roots.pem
Creating connection for 34.253.101.190 using <_io.TextIOWrapper name='logs.json' mode='a' encoding='UTF-8'> and week3-roots.pem
CONNECTION ERROR:  
Creating connection for 88.221.9.87 using <_io.TextIOWrapper name='logs.json' mode='a' encoding='UTF-8'> and week3-roots.pem
Creating connection for 76.76.21.21 using <_io.TextIOWrapper name='logs.json' mode='a' encoding='UTF-8'> and week3-roots.pem
CONNECTION ERROR:  
CONNECTION ERROR:  
Creating connection for 34.98.99.30 using <_io.TextIOWrapper name='logs.json' mode='a' encoding='UTF-8'> and week3-roots.pem
CONNECTION ERROR:  
Creating connection for 45.32.242.86 using <_io.TextIOWrapper name='logs.json' mode='a' encoding='UTF-8'> and week3-roots.pem
CONNECTION ERROR:  
Creating connection for 52.119.45.88 using <_io.TextIOWrapper name='logs.json' mode='a' encoding='UTF-8'> and week3-roots.pem
Creating connection for 195.20.54.190 using <_io.TextIOWrapper name='logs.json' mode='a' encoding='UTF-8'> and week3-roots.pem
CONNECTION ERROR:  
CONNECTION ERROR:  
Creating connection for 34.236.124.222 using <_io.TextIOWrapper name='logs.json' mode='a' encoding='UTF-8'> and week3-roots.pem
Creating connection for 104.18.15.175 using <_io.TextIOWrapper name='logs.json' mode='a' encoding='UTF-8'> and week3-roots.pem
Creating connection for 51.77.10.192 using <_io.TextIOWrapper name='logs.json' mode='a' encoding='UTF-8'> and week3-roots.pem
CONNECTION ERROR:  
Creating connection for 192.145.232.221 using <_io.TextIOWrapper name='logs.json' mode='a' encoding='UTF-8'> and week3-roots.pem
CONNECTION ERROR:  timed out
CONNECTION ERROR:  
Creating connection for 104.17.164.60 using <_io.TextIOWrapper name='logs.json' mode='a' encoding='UTF-8'> and week3-roots.pem
CONNECTION ERROR:  
CONNECTION ERROR:  
Creating connection for 99.192.136.231 using <_io.TextIOWrapper name='logs.json' mode='a' encoding='UTF-8'> and week3-roots.pem
CONNECTION ERROR:  
CONNECTION ERROR:  
CONNECTION ERROR:  
CONNECTION ERROR:  
CONNECTION ERROR:  (-1, 'Unexpected EOF')
CONNECTION ERROR:  
CONNECTION ERROR:  
CONNECTION ERROR:  
Creating connection for 195.20.51.11 using <_io.TextIOWrapper name='logs.json' mode='a' encoding='UTF-8'> and week3-roots.pem
Creating connection for 104.21.25.128 using <_io.TextIOWrapper name='logs.json' mode='a' encoding='UTF-8'> and week3-roots.pem
Creating connection for 173.233.139.164 using <_io.TextIOWrapper name='logs.json' mode='a' encoding='UTF-8'> and week3-roots.pem
Creating connection for 172.67.185.27 using <_io.TextIOWrapper name='logs.json' mode='a' encoding='UTF-8'> and week3-roots.pem
Creating connection for 65.9.86.60 using <_io.TextIOWrapper name='logs.json' mode='a' encoding='UTF-8'> and week3-roots.pemCONNECTION ERROR:  
CONNECTION ERROR:  
CONNECTION ERROR:  
CONNECTION ERROR:  

Creating connection for 185.53.178.54 using <_io.TextIOWrapper name='logs.json' mode='a' encoding='UTF-8'> and week3-roots.pem
CONNECTION ERROR:  
Creating connection for 31.177.80.144 using <_io.TextIOWrapper name='logs.json' mode='a' encoding='UTF-8'> and week3-roots.pem
Creating connection for 95.214.58.133 using <_io.TextIOWrapper name='logs.json' mode='a' encoding='UTF-8'> and week3-roots.pem
Creating connection for 104.26.14.18 using <_io.TextIOWrapper name='logs.json' mode='a' encoding='UTF-8'> and week3-roots.pem
Creating connection for 162.246.16.90 using <_io.TextIOWrapper name='logs.json' mode='a' encoding='UTF-8'> and week3-roots.pem
Creating connection for 104.18.34.207 using <_io.TextIOWrapper name='logs.json' mode='a' encoding='UTF-8'> and week3-roots.pem
Creating connection for 5.196.132.130 using <_io.TextIOWrapper name='logs.json' mode='a' encoding='UTF-8'> and week3-roots.pem
CONNECTION ERROR:  
Creating connection for 52.5.17.74 using <_io.TextIOWrapper name='logs.json' mode='a' encoding='UTF-8'> and week3-roots.pem
Creating connection for 20.239.176.211 using <_io.TextIOWrapper name='logs.json' mode='a' encoding='UTF-8'> and week3-roots.pem
CONNECTION ERROR:  
Creating connection for 141.8.193.194 using <_io.TextIOWrapper name='logs.json' mode='a' encoding='UTF-8'> and week3-roots.pem
CONNECTION ERROR:  
CONNECTION ERROR:  
Creating connection for 3.224.55.76 using <_io.TextIOWrapper name='logs.json' mode='a' encoding='UTF-8'> and week3-roots.pem
CONNECTION ERROR:  
Creating connection for 104.18.40.92 using <_io.TextIOWrapper name='logs.json' mode='a' encoding='UTF-8'> and week3-roots.pem
Creating connection for 188.114.96.2 using <_io.TextIOWrapper name='logs.json' mode='a' encoding='UTF-8'> and week3-roots.pem
Creating connection for 45.56.79.23 using <_io.TextIOWrapper name='logs.json' mode='a' encoding='UTF-8'> and week3-roots.pem
CONNECTION ERROR:  
Creating connection for 104.16.135.83 using <_io.TextIOWrapper name='logs.json' mode='a' encoding='UTF-8'> and week3-roots.pem
Creating connection for 188.114.96.2 using <_io.TextIOWrapper name='logs.json' mode='a' encoding='UTF-8'> and week3-roots.pem
Creating connection for 114.55.95.14 using <_io.TextIOWrapper name='logs.json' mode='a' encoding='UTF-8'> and week3-roots.pem
Creating connection for 104.21.58.27 using <_io.TextIOWrapper name='logs.json' mode='a' encoding='UTF-8'> and week3-roots.pem
CONNECTION ERROR:  
Creating connection for 65.9.86.121 using <_io.TextIOWrapper name='logs.json' mode='a' encoding='UTF-8'> and week3-roots.pem
Creating connection for 99.83.203.54 using <_io.TextIOWrapper name='logs.json' mode='a' encoding='UTF-8'> and week3-roots.pem
CONNECTION ERROR:  
Creating connection for 37.9.175.9 using <_io.TextIOWrapper name='logs.json' mode='a' encoding='UTF-8'> and week3-roots.pem
CONNECTION ERROR:  
CONNECTION ERROR:  
Creating connection for 85.13.155.94 using <_io.TextIOWrapper name='logs.json' mode='a' encoding='UTF-8'> and week3-roots.pem
Creating connection for 62.149.128.74 using <_io.TextIOWrapper name='logs.json' mode='a' encoding='UTF-8'> and week3-roots.pem
CONNECTION ERROR:  
CONNECTION ERROR:  timed out
Creating connection for 149.56.97.160 using <_io.TextIOWrapper name='logs.json' mode='a' encoding='UTF-8'> and week3-roots.pem
CONNECTION ERROR:  
CONNECTION ERROR:  
Creating connection for 104.26.13.134 using <_io.TextIOWrapper name='logs.json' mode='a' encoding='UTF-8'> and week3-roots.pem
CONNECTION ERROR:  
CONNECTION ERROR:  
CONNECTION ERROR:  
CONNECTION ERROR:  
Creating connection for 87.117.203.10 using <_io.TextIOWrapper name='logs.json' mode='a' encoding='UTF-8'> and week3-roots.pem
Creating connection for 47.96.72.98 using <_io.TextIOWrapper name='logs.json' mode='a' encoding='UTF-8'> and week3-roots.pem
Creating connection for 23.227.38.32 using <_io.TextIOWrapper name='logs.json' mode='a' encoding='UTF-8'> and week3-roots.pem
Creating connection for 72.55.150.59 using <_io.TextIOWrapper name='logs.json' mode='a' encoding='UTF-8'> and week3-roots.pem
Creating connection for 103.26.77.221 using <_io.TextIOWrapper name='logs.json' mode='a' encoding='UTF-8'> and week3-roots.pem
Creating connection for 204.126.253.22 using <_io.TextIOWrapper name='logs.json' mode='a' encoding='UTF-8'> and week3-roots.pem
CONNECTION ERROR:  
CONNECTION ERROR:  
CONNECTION ERROR:  
Creating connection for 172.67.177.171 using <_io.TextIOWrapper name='logs.json' mode='a' encoding='UTF-8'> and week3-roots.pem
CONNECTION ERROR:  
CONNECTION ERROR:  
Creating connection for 104.21.15.161 using <_io.TextIOWrapper name='logs.json' mode='a' encoding='UTF-8'> and week3-roots.pem
CONNECTION ERROR:  timed out
Creating connection for 104.22.78.127 using <_io.TextIOWrapper name='logs.json' mode='a' encoding='UTF-8'> and week3-roots.pem
CONNECTION ERROR:  timed out
Creating connection for 168.119.191.106 using <_io.TextIOWrapper name='logs.json' mode='a' encoding='UTF-8'> and week3-roots.pem
CONNECTION ERROR:  
CONNECTION ERROR:  
Creating connection for 104.198.210.135 using <_io.TextIOWrapper name='logs.json' mode='a' encoding='UTF-8'> and week3-roots.pem
CONNECTION ERROR:  [Errno 111] Connection refused
CONNECTION ERROR:  
CONNECTION ERROR:  
CONNECTION ERROR:  (32, 'EPIPE')
Creating connection for 34.216.18.88 using <_io.TextIOWrapper name='logs.json' mode='a' encoding='UTF-8'> and week3-roots.pem
Creating connection for 92.243.26.109 using <_io.TextIOWrapper name='logs.json' mode='a' encoding='UTF-8'> and week3-roots.pem
Creating connection for 47.251.3.115 using <_io.TextIOWrapper name='logs.json' mode='a' encoding='UTF-8'> and week3-roots.pem
CONNECTION ERROR:  
Creating connection for 101.33.11.29 using <_io.TextIOWrapper name='logs.json' mode='a' encoding='UTF-8'> and week3-roots.pem
Creating connection for 45.136.50.129 using <_io.TextIOWrapper name='logs.json' mode='a' encoding='UTF-8'> and week3-roots.pem
Creating connection for 188.114.96.3 using <_io.TextIOWrapper name='logs.json' mode='a' encoding='UTF-8'> and week3-roots.pem
CONNECTION ERROR:  
CONNECTION ERROR:  
Creating connection for 194.15.165.216 using <_io.TextIOWrapper name='logs.json' mode='a' encoding='UTF-8'> and week3-roots.pem
Creating connection for 172.67.158.24 using <_io.TextIOWrapper name='logs.json' mode='a' encoding='UTF-8'> and week3-roots.pem
Creating connection for 172.67.129.43 using <_io.TextIOWrapper name='logs.json' mode='a' encoding='UTF-8'> and week3-roots.pem
CONNECTION ERROR:  
Creating connection for 67.213.90.18 using <_io.TextIOWrapper name='logs.json' mode='a' encoding='UTF-8'> and week3-roots.pem
Creating connection for 218.145.68.130 using <_io.TextIOWrapper name='logs.json' mode='a' encoding='UTF-8'> and week3-roots.pem
CONNECTION ERROR:  [Errno 111] Connection refused
CONNECTION ERROR:  
CONNECTION ERROR:  timed out
CONNECTION ERROR:  
CONNECTION ERROR:  (32, 'EPIPE')
CONNECTION ERROR:  
CONNECTION ERROR:  
Creating connection for 212.129.51.44 using <_io.TextIOWrapper name='logs.json' mode='a' encoding='UTF-8'> and week3-roots.pem
CONNECTION ERROR:  
Creating connection for 188.114.96.3 using <_io.TextIOWrapper name='logs.json' mode='a' encoding='UTF-8'> and week3-roots.pem
CONNECTION ERROR:  
CONNECTION ERROR:  
CONNECTION ERROR:  [Errno 111] Connection refused
CONNECTION ERROR:  (32, 'EPIPE')
Creating connection for 65.9.86.43 using <_io.TextIOWrapper name='logs.json' mode='a' encoding='UTF-8'> and week3-roots.pem
Creating connection for 172.66.41.25 using <_io.TextIOWrapper name='logs.json' mode='a' encoding='UTF-8'> and week3-roots.pem
Creating connection for 192.240.162.24 using <_io.TextIOWrapper name='logs.json' mode='a' encoding='UTF-8'> and week3-roots.pem
Creating connection for 65.9.86.81 using <_io.TextIOWrapper name='logs.json' mode='a' encoding='UTF-8'> and week3-roots.pem
CONNECTION ERROR:  
CONNECTION ERROR:  [Errno 111] Connection refused
CONNECTION ERROR:  
Creating connection for 66.96.149.17 using <_io.TextIOWrapper name='logs.json' mode='a' encoding='UTF-8'> and week3-roots.pem
CONNECTION ERROR:  (32, 'EPIPE')
CONNECTION ERROR:  
CONNECTION ERROR: CONNECTION ERROR:  
CONNECTION ERROR:  
 
CONNECTION ERROR:  [Errno 111] Connection refused
Creating connection for 35.226.153.185 using <_io.TextIOWrapper name='logs.json' mode='a' encoding='UTF-8'> and week3-roots.pem
CONNECTION ERROR:  
CONNECTION ERROR:  
CONNECTION ERROR:  
Creating connection for 103.27.34.6 using <_io.TextIOWrapper name='logs.json' mode='a' encoding='UTF-8'> and week3-roots.pem
CONNECTION ERROR:  (32, 'EPIPE')
Creating connection for 35.178.153.235 using <_io.TextIOWrapper name='logs.json' mode='a' encoding='UTF-8'> and week3-roots.pem
Creating connection for 185.67.45.230 using <_io.TextIOWrapper name='logs.json' mode='a' encoding='UTF-8'> and week3-roots.pem
Creating connection for 172.67.130.225 using <_io.TextIOWrapper name='logs.json' mode='a' encoding='UTF-8'> and week3-roots.pem
CONNECTION ERROR:  
CONNECTION ERROR:  
Creating connection for 198.54.117.211 using <_io.TextIOWrapper name='logs.json' mode='a' encoding='UTF-8'> and week3-roots.pem
Creating connection for 66.23.239.158 using <_io.TextIOWrapper name='logs.json' mode='a' encoding='UTF-8'> and week3-roots.pem
Creating connection for 172.67.129.213 using <_io.TextIOWrapper name='logs.json' mode='a' encoding='UTF-8'> and week3-roots.pem
CONNECTION ERROR:  
CONNECTION ERROR:  timed out
CONNECTION ERROR:  
Creating connection for 209.17.116.160 using <_io.TextIOWrapper name='logs.json' mode='a' encoding='UTF-8'> and week3-roots.pem
CONNECTION ERROR:  
Creating connection for 172.67.182.133 using <_io.TextIOWrapper name='logs.json' mode='a' encoding='UTF-8'> and week3-roots.pem
Creating connection for 216.239.32.21 using <_io.TextIOWrapper name='logs.json' mode='a' encoding='UTF-8'> and week3-roots.pem
CONNECTION ERROR:  
CONNECTION ERROR:  
Creating connection for 69.16.254.249 using <_io.TextIOWrapper name='logs.json' mode='a' encoding='UTF-8'> and week3-roots.pem
Creating connection for 34.120.76.49 using <_io.TextIOWrapper name='logs.json' mode='a' encoding='UTF-8'> and week3-roots.pem
CONNECTION ERROR:  
Creating connection for 88.99.100.19 using <_io.TextIOWrapper name='logs.json' mode='a' encoding='UTF-8'> and week3-roots.pem
Creating connection for 160.46.226.165 using <_io.TextIOWrapper name='logs.json' mode='a' encoding='UTF-8'> and week3-roots.pem
Creating connection for 151.101.194.98 using <_io.TextIOWrapper name='logs.json' mode='a' encoding='UTF-8'> and week3-roots.pem
CONNECTION ERROR:  
CONNECTION ERROR:  
CONNECTION ERROR:  timed out
Creating connection for 65.9.86.42 using <_io.TextIOWrapper name='logs.json' mode='a' encoding='UTF-8'> and week3-roots.pem
CONNECTION ERROR:  
Creating connection for 104.26.13.91 using <_io.TextIOWrapper name='logs.json' mode='a' encoding='UTF-8'> and week3-roots.pem
Creating connection for 51.195.63.237 using <_io.TextIOWrapper name='logs.json' mode='a' encoding='UTF-8'> and week3-roots.pem
CONNECTION ERROR:  
CONNECTION ERROR:  
Creating connection for 13.248.148.254 using <_io.TextIOWrapper name='logs.json' mode='a' encoding='UTF-8'> and week3-roots.pem
CONNECTION ERROR:  
CONNECTION ERROR:  
Creating connection for 172.67.72.94 using <_io.TextIOWrapper name='logs.json' mode='a' encoding='UTF-8'> and week3-roots.pem
CONNECTION ERROR:  
CONNECTION ERROR:  
CONNECTION ERROR:  
CONNECTION ERROR:  
CONNECTION ERROR:  
Creating connection for 112.78.125.19 using <_io.TextIOWrapper name='logs.json' mode='a' encoding='UTF-8'> and week3-roots.pem
CONNECTION ERROR:  
Creating connection for 63.141.128.8 using <_io.TextIOWrapper name='logs.json' mode='a' encoding='UTF-8'> and week3-roots.pem
CONNECTION ERROR:  
CONNECTION ERROR:  
Creating connection for 104.168.202.253 using <_io.TextIOWrapper name='logs.json' mode='a' encoding='UTF-8'> and week3-roots.pem
CONNECTION ERROR:  
Creating connection for 5.188.131.10 using <_io.TextIOWrapper name='logs.json' mode='a' encoding='UTF-8'> and week3-roots.pem
Creating connection for 67.207.89.116 using <_io.TextIOWrapper name='logs.json' mode='a' encoding='UTF-8'> and week3-roots.pem
CONNECTION ERROR:  
CONNECTION ERROR:  
CONNECTION ERROR:  
Creating connection for 62.221.213.245 using <_io.TextIOWrapper name='logs.json' mode='a' encoding='UTF-8'> and week3-roots.pem
CONNECTION ERROR:  
Creating connection for 183.90.237.117 using <_io.TextIOWrapper name='logs.json' mode='a' encoding='UTF-8'> and week3-roots.pem
Creating connection for 72.47.224.111 using <_io.TextIOWrapper name='logs.json' mode='a' encoding='UTF-8'> and week3-roots.pem
Creating connection for 172.67.73.149 using <_io.TextIOWrapper name='logs.json' mode='a' encoding='UTF-8'> and week3-roots.pem
Creating connection for 176.9.20.34 using <_io.TextIOWrapper name='logs.json' mode='a' encoding='UTF-8'> and week3-roots.pem
CONNECTION ERROR:  
Creating connection for 34.237.74.65 using <_io.TextIOWrapper name='logs.json' mode='a' encoding='UTF-8'> and week3-roots.pem
Creating connection for 104.18.28.190 using <_io.TextIOWrapper name='logs.json' mode='a' encoding='UTF-8'> and week3-roots.pem
Creating connection for 23.109.87.216 using <_io.TextIOWrapper name='logs.json' mode='a' encoding='UTF-8'> and week3-roots.pem
CONNECTION ERROR:  
CONNECTION ERROR:  
CONNECTION ERROR:  
CONNECTION ERROR:  
Creating connection for 210.210.16.234 using <_io.TextIOWrapper name='logs.json' mode='a' encoding='UTF-8'> and week3-roots.pem
CONNECTION ERROR:  
Creating connection for 172.67.219.129 using <_io.TextIOWrapper name='logs.json' mode='a' encoding='UTF-8'> and week3-roots.pem
Creating connection for 50.87.146.236 using <_io.TextIOWrapper name='logs.json' mode='a' encoding='UTF-8'> and week3-roots.pem
CONNECTION ERROR:  
Creating connection for 5.22.145.16 using <_io.TextIOWrapper name='logs.json' mode='a' encoding='UTF-8'> and week3-roots.pem
CONNECTION ERROR:  
CONNECTION ERROR:  
Creating connection for 104.21.60.233 using <_io.TextIOWrapper name='logs.json' mode='a' encoding='UTF-8'> and week3-roots.pem
CONNECTION ERROR:  
Creating connection for 172.67.194.142 using <_io.TextIOWrapper name='logs.json' mode='a' encoding='UTF-8'> and week3-roots.pem
Creating connection for 157.240.2.50 using <_io.TextIOWrapper name='logs.json' mode='a' encoding='UTF-8'> and week3-roots.pem
Creating connection for 172.67.195.75 using <_io.TextIOWrapper name='logs.json' mode='a' encoding='UTF-8'> and week3-roots.pem
Creating connection for 103.224.242.22 using <_io.TextIOWrapper name='logs.json' mode='a' encoding='UTF-8'> and week3-roots.pem
CONNECTION ERROR:  
CONNECTION ERROR:  
Creating connection for 151.101.38.62 using <_io.TextIOWrapper name='logs.json' mode='a' encoding='UTF-8'> and week3-roots.pem
CONNECTION ERROR:  
CONNECTION ERROR:  
CONNECTION ERROR:  
Creating connection for 188.114.96.2 using <_io.TextIOWrapper name='logs.json' mode='a' encoding='UTF-8'> and week3-roots.pem
Creating connection for 172.67.71.239 using <_io.TextIOWrapper name='logs.json' mode='a' encoding='UTF-8'> and week3-roots.pem
Creating connection for 159.89.44.93 using <_io.TextIOWrapper name='logs.json' mode='a' encoding='UTF-8'> and week3-roots.pem
Creating connection for 45.60.240.224 using <_io.TextIOWrapper name='logs.json' mode='a' encoding='UTF-8'> and week3-roots.pem
CONNECTION ERROR:  
Creating connection for 185.107.56.202 using <_io.TextIOWrapper name='logs.json' mode='a' encoding='UTF-8'> and week3-roots.pem
CONNECTION ERROR:  
CONNECTION ERROR:  
CONNECTION ERROR:  
CONNECTION ERROR:  
CONNECTION ERROR:  
Creating connection for 104.21.42.73 using <_io.TextIOWrapper name='logs.json' mode='a' encoding='UTF-8'> and week3-roots.pem
Creating connection for 23.227.38.32 using <_io.TextIOWrapper name='logs.json' mode='a' encoding='UTF-8'> and week3-roots.pem
Creating connection for 20.104.12.1 using <_io.TextIOWrapper name='logs.json' mode='a' encoding='UTF-8'> and week3-roots.pem
CONNECTION ERROR:  
Creating connection for 188.165.24.131 using <_io.TextIOWrapper name='logs.json' mode='a' encoding='UTF-8'> and week3-roots.pem
CONNECTION ERROR:  
CONNECTION ERROR:  
Creating connection for 172.67.74.228 using <_io.TextIOWrapper name='logs.json' mode='a' encoding='UTF-8'> and week3-roots.pem
CONNECTION ERROR:  
Creating connection for 65.9.86.24 using <_io.TextIOWrapper name='logs.json' mode='a' encoding='UTF-8'> and week3-roots.pemCONNECTION ERROR:  

Creating connection for 185.61.153.97 using <_io.TextIOWrapper name='logs.json' mode='a' encoding='UTF-8'> and week3-roots.pem
Creating connection for 212.83.175.1 using <_io.TextIOWrapper name='logs.json' mode='a' encoding='UTF-8'> and week3-roots.pem
Creating connection for 95.129.40.170 using <_io.TextIOWrapper name='logs.json' mode='a' encoding='UTF-8'> and week3-roots.pem
Creating connection for 5.23.51.54 using <_io.TextIOWrapper name='logs.json' mode='a' encoding='UTF-8'> and week3-roots.pem
CONNECTION ERROR:  
Creating connection for 118.27.122.215 using <_io.TextIOWrapper name='logs.json' mode='a' encoding='UTF-8'> and week3-roots.pem
CONNECTION ERROR:  
Creating connection for 209.133.220.70 using <_io.TextIOWrapper name='logs.json' mode='a' encoding='UTF-8'> and week3-roots.pem
CONNECTION ERROR:  
CONNECTION ERROR:  
CONNECTION ERROR:  
CONNECTION ERROR:  
Creating connection for 76.223.110.48 using <_io.TextIOWrapper name='logs.json' mode='a' encoding='UTF-8'> and week3-roots.pem
Creating connection for 35.171.55.90 using <_io.TextIOWrapper name='logs.json' mode='a' encoding='UTF-8'> and week3-roots.pem
Creating connection for 153.127.41.97 using <_io.TextIOWrapper name='logs.json' mode='a' encoding='UTF-8'> and week3-roots.pem
Creating connection for 90.156.201.74 using <_io.TextIOWrapper name='logs.json' mode='a' encoding='UTF-8'> and week3-roots.pem
Creating connection for 217.26.209.58 using <_io.TextIOWrapper name='logs.json' mode='a' encoding='UTF-8'> and week3-roots.pem
Creating connection for 45.125.197.35 using <_io.TextIOWrapper name='logs.json' mode='a' encoding='UTF-8'> and week3-roots.pem
CONNECTION ERROR:  
Creating connection for 5.45.76.252 using <_io.TextIOWrapper name='logs.json' mode='a' encoding='UTF-8'> and week3-roots.pem
Creating connection for 141.193.213.21 using <_io.TextIOWrapper name='logs.json' mode='a' encoding='UTF-8'> and week3-roots.pem
Creating connection for 75.2.27.46 using <_io.TextIOWrapper name='logs.json' mode='a' encoding='UTF-8'> and week3-roots.pem
Creating connection for 91.238.163.120 using <_io.TextIOWrapper name='logs.json' mode='a' encoding='UTF-8'> and week3-roots.pem
Creating connection for 23.101.164.206 using <_io.TextIOWrapper name='logs.json' mode='a' encoding='UTF-8'> and week3-roots.pem
CONNECTION ERROR:  
Creating connection for 163.171.140.79 using <_io.TextIOWrapper name='logs.json' mode='a' encoding='UTF-8'> and week3-roots.pem
CONNECTION ERROR:  
Creating connection for 45.56.101.221 using <_io.TextIOWrapper name='logs.json' mode='a' encoding='UTF-8'> and week3-roots.pem
Creating connection for 188.114.97.2 using <_io.TextIOWrapper name='logs.json' mode='a' encoding='UTF-8'> and week3-roots.pem
Creating connection for 193.53.246.154 using <_io.TextIOWrapper name='logs.json' mode='a' encoding='UTF-8'> and week3-roots.pem
CONNECTION ERROR:  
Creating connection for 185.106.242.2 using <_io.TextIOWrapper name='logs.json' mode='a' encoding='UTF-8'> and week3-roots.pem
CONNECTION ERROR:  
CONNECTION ERROR:  
CONNECTION ERROR:  
CONNECTION ERROR:  
Creating connection for 154.0.175.108 using <_io.TextIOWrapper name='logs.json' mode='a' encoding='UTF-8'> and week3-roots.pem
CONNECTION ERROR:  
Creating connection for 172.67.39.180 using <_io.TextIOWrapper name='logs.json' mode='a' encoding='UTF-8'> and week3-roots.pem
Creating connection for 108.175.215.35 using <_io.TextIOWrapper name='logs.json' mode='a' encoding='UTF-8'> and week3-roots.pem
Creating connection for 96.16.53.212 using <_io.TextIOWrapper name='logs.json' mode='a' encoding='UTF-8'> and week3-roots.pem
Creating connection for 104.21.79.94 using <_io.TextIOWrapper name='logs.json' mode='a' encoding='UTF-8'> and week3-roots.pem
CONNECTION ERROR:  
CONNECTION ERROR:  
CONNECTION ERROR:  
CONNECTION ERROR:  
CONNECTION ERROR:  
Creating connection for 52.18.15.61 using <_io.TextIOWrapper name='logs.json' mode='a' encoding='UTF-8'> and week3-roots.pem
CONNECTION ERROR:  
Creating connection for 198.49.23.144 using <_io.TextIOWrapper name='logs.json' mode='a' encoding='UTF-8'> and week3-roots.pem
Creating connection for 145.239.67.120 using <_io.TextIOWrapper name='logs.json' mode='a' encoding='UTF-8'> and week3-roots.pem
Creating connection for 65.9.86.52 using <_io.TextIOWrapper name='logs.json' mode='a' encoding='UTF-8'> and week3-roots.pem
CONNECTION ERROR:  
Creating connection for 104.21.78.35 using <_io.TextIOWrapper name='logs.json' mode='a' encoding='UTF-8'> and week3-roots.pem
CONNECTION ERROR:  
CONNECTION ERROR:  
CONNECTION ERROR:  
CONNECTION ERROR:  timed out
Creating connection for 81.31.35.52 using <_io.TextIOWrapper name='logs.json' mode='a' encoding='UTF-8'> and week3-roots.pem
CONNECTION ERROR:  
CONNECTION ERROR:  
CONNECTION ERROR:  
CONNECTION ERROR:  
Creating connection for 104.21.69.88 using <_io.TextIOWrapper name='logs.json' mode='a' encoding='UTF-8'> and week3-roots.pem
Creating connection for 199.60.103.225 using <_io.TextIOWrapper name='logs.json' mode='a' encoding='UTF-8'> and week3-roots.pem
Creating connection for 208.91.197.26 using <_io.TextIOWrapper name='logs.json' mode='a' encoding='UTF-8'> and week3-roots.pem
CONNECTION ERROR:  
CONNECTION ERROR:  
Creating connection for 172.67.177.202 using <_io.TextIOWrapper name='logs.json' mode='a' encoding='UTF-8'> and week3-roots.pem
Creating connection for 202.96.85.167 using <_io.TextIOWrapper name='logs.json' mode='a' encoding='UTF-8'> and week3-roots.pem
CONNECTION ERROR:  
Creating connection for 65.9.86.37 using <_io.TextIOWrapper name='logs.json' mode='a' encoding='UTF-8'> and week3-roots.pem
CONNECTION ERROR:  
CONNECTION ERROR:  
Creating connection for 172.67.138.40 using <_io.TextIOWrapper name='logs.json' mode='a' encoding='UTF-8'> and week3-roots.pem
Creating connection for 185.225.163.51 using <_io.TextIOWrapper name='logs.json' mode='a' encoding='UTF-8'> and week3-roots.pem
CONNECTION ERROR:  
Creating connection for 212.74.99.36 using <_io.TextIOWrapper name='logs.json' mode='a' encoding='UTF-8'> and week3-roots.pem
Creating connection for 104.26.4.166 using <_io.TextIOWrapper name='logs.json' mode='a' encoding='UTF-8'> and week3-roots.pem
Creating connection for 13.69.68.66 using <_io.TextIOWrapper name='logs.json' mode='a' encoding='UTF-8'> and week3-roots.pem
CONNECTION ERROR:  timed out
CONNECTION ERROR:  
CONNECTION ERROR:  
CONNECTION ERROR:  
Creating connection for 151.101.65.195 using <_io.TextIOWrapper name='logs.json' mode='a' encoding='UTF-8'> and week3-roots.pem
Creating connection for 205.178.189.129 using <_io.TextIOWrapper name='logs.json' mode='a' encoding='UTF-8'> and week3-roots.pem
CONNECTION ERROR:  
Creating connection for 54.162.112.212 using <_io.TextIOWrapper name='logs.json' mode='a' encoding='UTF-8'> and week3-roots.pem
Creating connection for 8.9.30.56 using <_io.TextIOWrapper name='logs.json' mode='a' encoding='UTF-8'> and week3-roots.pem
Creating connection for 194.97.1.28 using <_io.TextIOWrapper name='logs.json' mode='a' encoding='UTF-8'> and week3-roots.pem
CONNECTION ERROR:  
Creating connection for 93.191.156.85 using <_io.TextIOWrapper name='logs.json' mode='a' encoding='UTF-8'> and week3-roots.pem
Creating connection for 216.58.214.19 using <_io.TextIOWrapper name='logs.json' mode='a' encoding='UTF-8'> and week3-roots.pem
CONNECTION ERROR:  
CONNECTION ERROR:  timed out
Creating connection for 167.86.125.151 using <_io.TextIOWrapper name='logs.json' mode='a' encoding='UTF-8'> and week3-roots.pem
Creating connection for 104.196.190.188 using <_io.TextIOWrapper name='logs.json' mode='a' encoding='UTF-8'> and week3-roots.pem
CONNECTION ERROR:  
CONNECTION ERROR:  
CONNECTION ERROR:  
CONNECTION ERROR:  
CONNECTION ERROR:  
CONNECTION ERROR:  
CONNECTION ERROR:  
Creating connection for 46.30.215.86 using <_io.TextIOWrapper name='logs.json' mode='a' encoding='UTF-8'> and week3-roots.pem
Creating connection for 47.112.103.253 using <_io.TextIOWrapper name='logs.json' mode='a' encoding='UTF-8'> and week3-roots.pem
Creating connection for 144.217.237.1 using <_io.TextIOWrapper name='logs.json' mode='a' encoding='UTF-8'> and week3-roots.pem
CONNECTION ERROR:  
CONNECTION ERROR:  
CONNECTION ERROR:  
Creating connection for 104.21.234.147 using <_io.TextIOWrapper name='logs.json' mode='a' encoding='UTF-8'> and week3-roots.pem
CONNECTION ERROR:  
CONNECTION ERROR:  
Creating connection for 212.98.168.215 using <_io.TextIOWrapper name='logs.json' mode='a' encoding='UTF-8'> and week3-roots.pem
Creating connection for 87.236.16.238 using <_io.TextIOWrapper name='logs.json' mode='a' encoding='UTF-8'> and week3-roots.pem
Creating connection for 77.75.125.177 using <_io.TextIOWrapper name='logs.json' mode='a' encoding='UTF-8'> and week3-roots.pem
CONNECTION ERROR:  
Creating connection for 69.16.203.6 using <_io.TextIOWrapper name='logs.json' mode='a' encoding='UTF-8'> and week3-roots.pem
CONNECTION ERROR:  
CONNECTION ERROR:  timed out
CONNECTION ERROR:  
Creating connection for 162.0.233.176 using <_io.TextIOWrapper name='logs.json' mode='a' encoding='UTF-8'> and week3-roots.pem
Creating connection for 162.55.172.212 using <_io.TextIOWrapper name='logs.json' mode='a' encoding='UTF-8'> and week3-roots.pem
Creating connection for 172.67.159.78 using <_io.TextIOWrapper name='logs.json' mode='a' encoding='UTF-8'> and week3-roots.pem
CONNECTION ERROR:  
Creating connection for 23.227.38.74 using <_io.TextIOWrapper name='logs.json' mode='a' encoding='UTF-8'> and week3-roots.pem
CONNECTION ERROR:  timed out
CONNECTION ERROR:  
CONNECTION ERROR:  
Creating connection for 78.46.88.140 using <_io.TextIOWrapper name='logs.json' mode='a' encoding='UTF-8'> and week3-roots.pem
Creating connection for 172.67.71.129 using <_io.TextIOWrapper name='logs.json' mode='a' encoding='UTF-8'> and week3-roots.pem
Creating connection for 104.26.3.94 using <_io.TextIOWrapper name='logs.json' mode='a' encoding='UTF-8'> and week3-roots.pem
CONNECTION ERROR:  timed out
CONNECTION ERROR:  
CONNECTION ERROR:  timed out
CONNECTION ERROR:  
CONNECTION ERROR:  
CONNECTION ERROR:  
Creating connection for 172.67.205.14 using <_io.TextIOWrapper name='logs.json' mode='a' encoding='UTF-8'> and week3-roots.pem
CONNECTION ERROR:  
CONNECTION ERROR:  
Creating connection for 35.208.67.161 using <_io.TextIOWrapper name='logs.json' mode='a' encoding='UTF-8'> and week3-roots.pem
CONNECTION ERROR:  
CONNECTION ERROR:  
CONNECTION ERROR:  
CONNECTION ERROR:  
Creating connection for 192.185.165.92 using <_io.TextIOWrapper name='logs.json' mode='a' encoding='UTF-8'> and week3-roots.pem
Creating connection for 87.242.72.213 using <_io.TextIOWrapper name='logs.json' mode='a' encoding='UTF-8'> and week3-roots.pem
CONNECTION ERROR:  
CONNECTION ERROR:  
Creating connection for 101.33.11.110 using <_io.TextIOWrapper name='logs.json' mode='a' encoding='UTF-8'> and week3-roots.pem
Creating connection for 187.45.216.45 using <_io.TextIOWrapper name='logs.json' mode='a' encoding='UTF-8'> and week3-roots.pem
Creating connection for 35.194.34.113 using <_io.TextIOWrapper name='logs.json' mode='a' encoding='UTF-8'> and week3-roots.pem
Creating connection for 92.60.114.48 using <_io.TextIOWrapper name='logs.json' mode='a' encoding='UTF-8'> and week3-roots.pem
Creating connection for 104.26.1.234 using <_io.TextIOWrapper name='logs.json' mode='a' encoding='UTF-8'> and week3-roots.pem
CONNECTION ERROR:  
CONNECTION ERROR:  
CONNECTION ERROR:  
CONNECTION ERROR:  
Creating connection for 124.93.228.8 using <_io.TextIOWrapper name='logs.json' mode='a' encoding='UTF-8'> and week3-roots.pem
Creating connection for 64.57.183.39 using <_io.TextIOWrapper name='logs.json' mode='a' encoding='UTF-8'> and week3-roots.pem
Creating connection for 123.56.49.247 using <_io.TextIOWrapper name='logs.json' mode='a' encoding='UTF-8'> and week3-roots.pem
Creating connection for 185.85.251.249 using <_io.TextIOWrapper name='logs.json' mode='a' encoding='UTF-8'> and week3-roots.pem
Creating connection for 104.18.32.9 using <_io.TextIOWrapper name='logs.json' mode='a' encoding='UTF-8'> and week3-roots.pem
CONNECTION ERROR:  
CONNECTION ERROR:  
Creating connection for 104.21.46.208 using <_io.TextIOWrapper name='logs.json' mode='a' encoding='UTF-8'> and week3-roots.pem
Creating connection for 88.79.210.93 using <_io.TextIOWrapper name='logs.json' mode='a' encoding='UTF-8'> and week3-roots.pem
Creating connection for 198.199.70.212 using <_io.TextIOWrapper name='logs.json' mode='a' encoding='UTF-8'> and week3-roots.pem
Creating connection for 104.21.11.87 using <_io.TextIOWrapper name='logs.json' mode='a' encoding='UTF-8'> and week3-roots.pem
CONNECTION ERROR:  
Creating connection for 34.192.205.196 using <_io.TextIOWrapper name='logs.json' mode='a' encoding='UTF-8'> and week3-roots.pem
CONNECTION ERROR:  
Creating connection for 222.73.219.191 using <_io.TextIOWrapper name='logs.json' mode='a' encoding='UTF-8'> and week3-roots.pem
CONNECTION ERROR:  
CONNECTION ERROR:  
Creating connection for 85.28.24.2 using <_io.TextIOWrapper name='logs.json' mode='a' encoding='UTF-8'> and week3-roots.pem
CONNECTION ERROR:  
CONNECTION ERROR:  [Errno 111] Connection refused
CONNECTION ERROR:  
Creating connection for 172.67.186.229 using <_io.TextIOWrapper name='logs.json' mode='a' encoding='UTF-8'> and week3-roots.pem
CONNECTION ERROR:  (32, 'EPIPE')
CONNECTION ERROR:  
Creating connection for 104.18.30.215 using <_io.TextIOWrapper name='logs.json' mode='a' encoding='UTF-8'> and week3-roots.pem
CONNECTION ERROR:  
CONNECTION ERROR:  
CONNECTION ERROR:  
Creating connection for 172.67.197.187 using <_io.TextIOWrapper name='logs.json' mode='a' encoding='UTF-8'> and week3-roots.pem
Creating connection for 185.193.67.203 using <_io.TextIOWrapper name='logs.json' mode='a' encoding='UTF-8'> and week3-roots.pem
Creating connection for 65.9.86.85 using <_io.TextIOWrapper name='logs.json' mode='a' encoding='UTF-8'> and week3-roots.pem
Creating connection for 162.216.231.13 using <_io.TextIOWrapper name='logs.json' mode='a' encoding='UTF-8'> and week3-roots.pem
CONNECTION ERROR:  [Errno 111] Connection refused
Creating connection for 104.26.9.4 using <_io.TextIOWrapper name='logs.json' mode='a' encoding='UTF-8'> and week3-roots.pem
CONNECTION ERROR:  
CONNECTION ERROR:  (32, 'EPIPE')
Creating connection for 188.114.97.12 using <_io.TextIOWrapper name='logs.json' mode='a' encoding='UTF-8'> and week3-roots.pem
Creating connection for 193.200.81.174 using <_io.TextIOWrapper name='logs.json' mode='a' encoding='UTF-8'> and week3-roots.pem
Creating connection for 54.72.249.82 using <_io.TextIOWrapper name='logs.json' mode='a' encoding='UTF-8'> and week3-roots.pem
Creating connection for 79.170.40.43 using <_io.TextIOWrapper name='logs.json' mode='a' encoding='UTF-8'> and week3-roots.pem
CONNECTION ERROR:  
Creating connection for 208.91.197.27 using <_io.TextIOWrapper name='logs.json' mode='a' encoding='UTF-8'> and week3-roots.pem
Creating connection for 65.9.86.23 using <_io.TextIOWrapper name='logs.json' mode='a' encoding='UTF-8'> and week3-roots.pem
Creating connection for 104.16.197.236 using <_io.TextIOWrapper name='logs.json' mode='a' encoding='UTF-8'> and week3-roots.pem
Creating connection for 47.246.48.225 using <_io.TextIOWrapper name='logs.json' mode='a' encoding='UTF-8'> and week3-roots.pem
CONNECTION ERROR:  
CONNECTION ERROR:  
CONNECTION ERROR:  
CONNECTION ERROR:  
CONNECTION ERROR:  
Creating connection for 213.249.69.112 using <_io.TextIOWrapper name='logs.json' mode='a' encoding='UTF-8'> and week3-roots.pem
Creating connection for 185.199.109.154 using <_io.TextIOWrapper name='logs.json' mode='a' encoding='UTF-8'> and week3-roots.pem
Creating connection for 58.242.226.179 using <_io.TextIOWrapper name='logs.json' mode='a' encoding='UTF-8'> and week3-roots.pem
CONNECTION ERROR:  
CONNECTION ERROR:  
Creating connection for 94.130.34.115 using <_io.TextIOWrapper name='logs.json' mode='a' encoding='UTF-8'> and week3-roots.pem
CONNECTION ERROR:  [Errno 111] Connection refused
CONNECTION ERROR:  (32, 'EPIPE')
Creating connection for 205.185.216.42 using <_io.TextIOWrapper name='logs.json' mode='a' encoding='UTF-8'> and week3-roots.pem
Creating connection for 51.158.127.191 using <_io.TextIOWrapper name='logs.json' mode='a' encoding='UTF-8'> and week3-roots.pem
CONNECTION ERROR:  
Creating connection for 65.9.86.29 using <_io.TextIOWrapper name='logs.json' mode='a' encoding='UTF-8'> and week3-roots.pem
CONNECTION ERROR:  
CONNECTION ERROR:  
Creating connection for 31.186.87.130 using <_io.TextIOWrapper name='logs.json' mode='a' encoding='UTF-8'> and week3-roots.pem
Creating connection for 104.16.193.34 using <_io.TextIOWrapper name='logs.json' mode='a' encoding='UTF-8'> and week3-roots.pem
CONNECTION ERROR:  
CONNECTION ERROR:  
CONNECTION ERROR:  
Creating connection for 13.249.39.102 using <_io.TextIOWrapper name='logs.json' mode='a' encoding='UTF-8'> and week3-roots.pem
CONNECTION ERROR:  
CONNECTION ERROR:  
Creating connection for 85.233.160.22 using <_io.TextIOWrapper name='logs.json' mode='a' encoding='UTF-8'> and week3-roots.pem
CONNECTION ERROR:  
Creating connection for 84.232.5.44 using <_io.TextIOWrapper name='logs.json' mode='a' encoding='UTF-8'> and week3-roots.pem
Creating connection for 200.11.241.124 using <_io.TextIOWrapper name='logs.json' mode='a' encoding='UTF-8'> and week3-roots.pem
CONNECTION ERROR:  
CONNECTION ERROR:  
CONNECTION ERROR:  
CONNECTION ERROR:  
Creating connection for 5.61.52.143 using <_io.TextIOWrapper name='logs.json' mode='a' encoding='UTF-8'> and week3-roots.pem
Creating connection for 65.9.86.67 using <_io.TextIOWrapper name='logs.json' mode='a' encoding='UTF-8'> and week3-roots.pem
CONNECTION ERROR:  
Creating connection for 172.67.71.185 using <_io.TextIOWrapper name='logs.json' mode='a' encoding='UTF-8'> and week3-roots.pem
CONNECTION ERROR:  
CONNECTION ERROR:  
Creating connection for 153.122.27.44 using <_io.TextIOWrapper name='logs.json' mode='a' encoding='UTF-8'> and week3-roots.pem
Creating connection for 192.185.165.92 using <_io.TextIOWrapper name='logs.json' mode='a' encoding='UTF-8'> and week3-roots.pem
Creating connection for 54.160.100.244 using <_io.TextIOWrapper name='logs.json' mode='a' encoding='UTF-8'> and week3-roots.pem
Creating connection for 34.95.85.63 using <_io.TextIOWrapper name='logs.json' mode='a' encoding='UTF-8'> and week3-roots.pem
CONNECTION ERROR:  
Creating connection for 104.21.52.201 using <_io.TextIOWrapper name='logs.json' mode='a' encoding='UTF-8'> and week3-roots.pem
Creating connection for 51.38.180.88 using <_io.TextIOWrapper name='logs.json' mode='a' encoding='UTF-8'> and week3-roots.pem
Creating connection for 217.70.184.55 using <_io.TextIOWrapper name='logs.json' mode='a' encoding='UTF-8'> and week3-roots.pem
CONNECTION ERROR:  
CONNECTION ERROR:  
CONNECTION ERROR:  
CONNECTION ERROR:  
Creating connection for 185.170.164.159 using <_io.TextIOWrapper name='logs.json' mode='a' encoding='UTF-8'> and week3-roots.pem
Creating connection for 198.1.122.210 using <_io.TextIOWrapper name='logs.json' mode='a' encoding='UTF-8'> and week3-roots.pem
CONNECTION ERROR:  
CONNECTION ERROR:  timed out
CONNECTION ERROR:  timed out
CONNECTION ERROR:  
CONNECTION ERROR:  
CONNECTION ERROR:  
CONNECTION ERROR:  
CONNECTION ERROR:  
CONNECTION ERROR:  [Errno 111] Connection refused
CONNECTION ERROR:  
Creating connection for 104.26.6.125 using <_io.TextIOWrapper name='logs.json' mode='a' encoding='UTF-8'> and week3-roots.pem
CONNECTION ERROR:  timed out
CONNECTION ERROR:  (32, 'EPIPE')
Creating connection for 172.67.71.204 using <_io.TextIOWrapper name='logs.json' mode='a' encoding='UTF-8'> and week3-roots.pem
CONNECTION ERROR:  
CONNECTION ERROR:  
Creating connection for 172.67.191.46 using <_io.TextIOWrapper name='logs.json' mode='a' encoding='UTF-8'> and week3-roots.pem
Creating connection for 47.243.161.177 using <_io.TextIOWrapper name='logs.json' mode='a' encoding='UTF-8'> and week3-roots.pem
CONNECTION ERROR:  
CONNECTION ERROR:  
Creating connection for 104.26.4.165 using <_io.TextIOWrapper name='logs.json' mode='a' encoding='UTF-8'> and week3-roots.pem
Creating connection for 115.227.41.64 using <_io.TextIOWrapper name='logs.json' mode='a' encoding='UTF-8'> and week3-roots.pem
Creating connection for 3.218.5.110 using <_io.TextIOWrapper name='logs.json' mode='a' encoding='UTF-8'> and week3-roots.pem
CONNECTION ERROR:  
Creating connection for 65.9.86.27 using <_io.TextIOWrapper name='logs.json' mode='a' encoding='UTF-8'> and week3-roots.pem
Creating connection for 104.26.8.249 using <_io.TextIOWrapper name='logs.json' mode='a' encoding='UTF-8'> and week3-roots.pem
CONNECTION ERROR:  
CONNECTION ERROR:  
CONNECTION ERROR:  
Creating connection for 185.11.72.29 using <_io.TextIOWrapper name='logs.json' mode='a' encoding='UTF-8'> and week3-roots.pem
Creating connection for 67.225.137.76 using <_io.TextIOWrapper name='logs.json' mode='a' encoding='UTF-8'> and week3-roots.pem
CONNECTION ERROR:  timed out
CONNECTION ERROR:  
Creating connection for 141.193.213.20 using <_io.TextIOWrapper name='logs.json' mode='a' encoding='UTF-8'> and week3-roots.pem
CONNECTION ERROR:  
CONNECTION ERROR:  
CONNECTION ERROR:  
CONNECTION ERROR:  
CONNECTION ERROR:  
Creating connection for 78.47.133.209 using <_io.TextIOWrapper name='logs.json' mode='a' encoding='UTF-8'> and week3-roots.pem
Creating connection for 198.49.23.144 using <_io.TextIOWrapper name='logs.json' mode='a' encoding='UTF-8'> and week3-roots.pem
Creating connection for 45.11.57.127 using <_io.TextIOWrapper name='logs.json' mode='a' encoding='UTF-8'> and week3-roots.pem
Creating connection for 104.131.48.134 using <_io.TextIOWrapper name='logs.json' mode='a' encoding='UTF-8'> and week3-roots.pem
CONNECTION ERROR:  
CONNECTION ERROR:  
CONNECTION ERROR:  
CONNECTION ERROR:  
Creating connection for 35.209.124.177 using <_io.TextIOWrapper name='logs.json' mode='a' encoding='UTF-8'> and week3-roots.pem
Creating connection for 192.124.249.104 using <_io.TextIOWrapper name='logs.json' mode='a' encoding='UTF-8'> and week3-roots.pem
CONNECTION ERROR:  [Errno 111] Connection refused
Creating connection for 173.214.250.202 using <_io.TextIOWrapper name='logs.json' mode='a' encoding='UTF-8'> and week3-roots.pem
CONNECTION ERROR:  
CONNECTION ERROR:  (32, 'EPIPE')
Creating connection for 104.21.0.202 using <_io.TextIOWrapper name='logs.json' mode='a' encoding='UTF-8'> and week3-roots.pem
Creating connection for 23.227.38.32 using <_io.TextIOWrapper name='logs.json' mode='a' encoding='UTF-8'> and week3-roots.pem
Creating connection for 170.82.174.30 using <_io.TextIOWrapper name='logs.json' mode='a' encoding='UTF-8'> and week3-roots.pem
Creating connection for 104.17.6.3 using <_io.TextIOWrapper name='logs.json' mode='a' encoding='UTF-8'> and week3-roots.pem
Creating connection for 65.183.228.18 using <_io.TextIOWrapper name='logs.json' mode='a' encoding='UTF-8'> and week3-roots.pem
CONNECTION ERROR:  
CONNECTION ERROR:  
Creating connection for 39.96.127.99 using <_io.TextIOWrapper name='logs.json' mode='a' encoding='UTF-8'> and week3-roots.pem
CONNECTION ERROR:  
Creating connection for 65.9.86.100 using <_io.TextIOWrapper name='logs.json' mode='a' encoding='UTF-8'> and week3-roots.pem
CONNECTION ERROR:  
Creating connection for 200.94.78.226 using <_io.TextIOWrapper name='logs.json' mode='a' encoding='UTF-8'> and week3-roots.pem
Creating connection for 199.33.210.2 using <_io.TextIOWrapper name='logs.json' mode='a' encoding='UTF-8'> and week3-roots.pem
CONNECTION ERROR:  
CONNECTION ERROR:  [Errno 113] No route to host
CONNECTION ERROR:  (32, 'EPIPE')
Creating connection for 65.9.86.18 using <_io.TextIOWrapper name='logs.json' mode='a' encoding='UTF-8'> and week3-roots.pem
Creating connection for 92.119.113.210 using <_io.TextIOWrapper name='logs.json' mode='a' encoding='UTF-8'> and week3-roots.pem
Creating connection for 104.18.32.23 using <_io.TextIOWrapper name='logs.json' mode='a' encoding='UTF-8'> and week3-roots.pem
CONNECTION ERROR:  timed out
Creating connection for 172.67.179.123 using <_io.TextIOWrapper name='logs.json' mode='a' encoding='UTF-8'> and week3-roots.pem
Creating connection for 213.189.220.63 using <_io.TextIOWrapper name='logs.json' mode='a' encoding='UTF-8'> and week3-roots.pem
Creating connection for 104.21.73.60 using <_io.TextIOWrapper name='logs.json' mode='a' encoding='UTF-8'> and week3-roots.pem
CONNECTION ERROR:  timed out
CONNECTION ERROR:  
CONNECTION ERROR:  
Creating connection for 78.46.167.108 using <_io.TextIOWrapper name='logs.json' mode='a' encoding='UTF-8'> and week3-roots.pemCONNECTION ERROR:  
CONNECTION ERROR:  

CONNECTION ERROR:  
CONNECTION ERROR:  
CONNECTION ERROR:  
CONNECTION ERROR:  
CONNECTION ERROR:  
Creating connection for 209.59.142.29 using <_io.TextIOWrapper name='logs.json' mode='a' encoding='UTF-8'> and week3-roots.pem
Creating connection for 178.128.243.42 using <_io.TextIOWrapper name='logs.json' mode='a' encoding='UTF-8'> and week3-roots.pem
Creating connection for 61.54.91.250 using <_io.TextIOWrapper name='logs.json' mode='a' encoding='UTF-8'> and week3-roots.pem
Creating connection for 185.143.233.80 using <_io.TextIOWrapper name='logs.json' mode='a' encoding='UTF-8'> and week3-roots.pem
Creating connection for 52.117.212.220 using <_io.TextIOWrapper name='logs.json' mode='a' encoding='UTF-8'> and week3-roots.pem
CONNECTION ERROR:  
Creating connection for 104.26.5.11 using <_io.TextIOWrapper name='logs.json' mode='a' encoding='UTF-8'> and week3-roots.pem
CONNECTION ERROR:  
Creating connection for 173.236.147.66 using <_io.TextIOWrapper name='logs.json' mode='a' encoding='UTF-8'> and week3-roots.pem
Creating connection for 162.241.123.128 using <_io.TextIOWrapper name='logs.json' mode='a' encoding='UTF-8'> and week3-roots.pem
Creating connection for 209.99.64.43 using <_io.TextIOWrapper name='logs.json' mode='a' encoding='UTF-8'> and week3-roots.pem
CONNECTION ERROR:  timed out
CONNECTION ERROR:  
CONNECTION ERROR:  
CONNECTION ERROR:  
CONNECTION ERROR:  
CONNECTION ERROR:  
Creating connection for 54.235.247.194 using <_io.TextIOWrapper name='logs.json' mode='a' encoding='UTF-8'> and week3-roots.pem
Creating connection for 216.194.175.127 using <_io.TextIOWrapper name='logs.json' mode='a' encoding='UTF-8'> and week3-roots.pem
CONNECTION ERROR:  [Errno 111] Connection refused
CONNECTION ERROR:  timed out
Creating connection for 209.182.192.246 using <_io.TextIOWrapper name='logs.json' mode='a' encoding='UTF-8'> and week3-roots.pem
CONNECTION ERROR:  timed out
Creating connection for 46.36.210.12 using <_io.TextIOWrapper name='logs.json' mode='a' encoding='UTF-8'> and week3-roots.pem
Creating connection for 69.10.61.62 using <_io.TextIOWrapper name='logs.json' mode='a' encoding='UTF-8'> and week3-roots.pem
CONNECTION ERROR:  
CONNECTION ERROR:  
CONNECTION ERROR:  
CONNECTION ERROR:  (32, 'EPIPE')
CONNECTION ERROR:  
CONNECTION ERROR:  
CONNECTION ERROR:  
Creating connection for 178.238.37.155 using <_io.TextIOWrapper name='logs.json' mode='a' encoding='UTF-8'> and week3-roots.pem
Creating connection for 193.239.6.58 using <_io.TextIOWrapper name='logs.json' mode='a' encoding='UTF-8'> and week3-roots.pem
Creating connection for 34.160.113.1 using <_io.TextIOWrapper name='logs.json' mode='a' encoding='UTF-8'> and week3-roots.pem
Creating connection for 18.158.98.109 using <_io.TextIOWrapper name='logs.json' mode='a' encoding='UTF-8'> and week3-roots.pem
CONNECTION ERROR:  
Creating connection for 35.173.19.118 using <_io.TextIOWrapper name='logs.json' mode='a' encoding='UTF-8'> and week3-roots.pem
CONNECTION ERROR:  
CONNECTION ERROR:  
CONNECTION ERROR:  
CONNECTION ERROR:  
Creating connection for 76.76.21.9 using <_io.TextIOWrapper name='logs.json' mode='a' encoding='UTF-8'> and week3-roots.pem
CONNECTION ERROR:  
Creating connection for 104.196.37.2 using <_io.TextIOWrapper name='logs.json' mode='a' encoding='UTF-8'> and week3-roots.pem
Creating connection for 176.114.10.82 using <_io.TextIOWrapper name='logs.json' mode='a' encoding='UTF-8'> and week3-roots.pem
Creating connection for 31.131.252.93 using <_io.TextIOWrapper name='logs.json' mode='a' encoding='UTF-8'> and week3-roots.pem
CONNECTION ERROR:  
Creating connection for 72.52.179.174 using <_io.TextIOWrapper name='logs.json' mode='a' encoding='UTF-8'> and week3-roots.pem
Creating connection for 185.199.110.153 using <_io.TextIOWrapper name='logs.json' mode='a' encoding='UTF-8'> and week3-roots.pem
Creating connection for 184.72.101.32 using <_io.TextIOWrapper name='logs.json' mode='a' encoding='UTF-8'> and week3-roots.pem
Creating connection for 209.97.128.243 using <_io.TextIOWrapper name='logs.json' mode='a' encoding='UTF-8'> and week3-roots.pem
Creating connection for 146.59.212.101 using <_io.TextIOWrapper name='logs.json' mode='a' encoding='UTF-8'> and week3-roots.pem
CONNECTION ERROR:  
Creating connection for 3.218.215.22 using <_io.TextIOWrapper name='logs.json' mode='a' encoding='UTF-8'> and week3-roots.pem
Creating connection for 65.9.86.24 using <_io.TextIOWrapper name='logs.json' mode='a' encoding='UTF-8'> and week3-roots.pem
CONNECTION ERROR:  
Creating connection for 104.18.8.244 using <_io.TextIOWrapper name='logs.json' mode='a' encoding='UTF-8'> and week3-roots.pem
Creating connection for 23.216.244.129 using <_io.TextIOWrapper name='logs.json' mode='a' encoding='UTF-8'> and week3-roots.pem
Creating connection for 212.126.224.44 using <_io.TextIOWrapper name='logs.json' mode='a' encoding='UTF-8'> and week3-roots.pem
CONNECTION ERROR:  
CONNECTION ERROR:  
CONNECTION ERROR:  timed out
CONNECTION ERROR:  
Creating connection for 172.64.194.4 using <_io.TextIOWrapper name='logs.json' mode='a' encoding='UTF-8'> and week3-roots.pem
Creating connection for 35.198.241.101 using <_io.TextIOWrapper name='logs.json' mode='a' encoding='UTF-8'> and week3-roots.pem
Creating connection for 151.101.194.159 using <_io.TextIOWrapper name='logs.json' mode='a' encoding='UTF-8'> and week3-roots.pem
Creating connection for 13.107.246.67 using <_io.TextIOWrapper name='logs.json' mode='a' encoding='UTF-8'> and week3-roots.pem
CONNECTION ERROR:  
Creating connection for 75.2.19.86 using <_io.TextIOWrapper name='logs.json' mode='a' encoding='UTF-8'> and week3-roots.pem
CONNECTION ERROR:  
Creating connection for 185.68.16.160 using <_io.TextIOWrapper name='logs.json' mode='a' encoding='UTF-8'> and week3-roots.pem
CONNECTION ERROR:  
CONNECTION ERROR:  
CONNECTION ERROR:  
Creating connection for 172.67.211.114 using <_io.TextIOWrapper name='logs.json' mode='a' encoding='UTF-8'> and week3-roots.pem
CONNECTION ERROR:  
CONNECTION ERROR:  
CONNECTION ERROR:  
CONNECTION ERROR:  
CONNECTION ERROR:  
Creating connection for 172.67.72.195 using <_io.TextIOWrapper name='logs.json' mode='a' encoding='UTF-8'> and week3-roots.pem
Creating connection for 122.10.4.220 using <_io.TextIOWrapper name='logs.json' mode='a' encoding='UTF-8'> and week3-roots.pem
CONNECTION ERROR:  
Creating connection for 54.84.164.130 using <_io.TextIOWrapper name='logs.json' mode='a' encoding='UTF-8'> and week3-roots.pem
Creating connection for 31.31.198.38 using <_io.TextIOWrapper name='logs.json' mode='a' encoding='UTF-8'> and week3-roots.pem
CONNECTION ERROR:  
CONNECTION ERROR:  
Creating connection for 104.16.37.33 using <_io.TextIOWrapper name='logs.json' mode='a' encoding='UTF-8'> and week3-roots.pem
Creating connection for 35.192.16.3 using <_io.TextIOWrapper name='logs.json' mode='a' encoding='UTF-8'> and week3-roots.pem
CONNECTION ERROR:  
CONNECTION ERROR:  
CONNECTION ERROR:  
CONNECTION ERROR:  
CONNECTION ERROR:  
Creating connection for 188.114.97.12 using <_io.TextIOWrapper name='logs.json' mode='a' encoding='UTF-8'> and week3-roots.pem
CONNECTION ERROR:  
Creating connection for 216.239.36.21 using <_io.TextIOWrapper name='logs.json' mode='a' encoding='UTF-8'> and week3-roots.pem
Creating connection for 66.151.197.160 using <_io.TextIOWrapper name='logs.json' mode='a' encoding='UTF-8'> and week3-roots.pem
Creating connection for 62.112.8.73 using <_io.TextIOWrapper name='logs.json' mode='a' encoding='UTF-8'> and week3-roots.pem
Creating connection for 85.158.210.84 using <_io.TextIOWrapper name='logs.json' mode='a' encoding='UTF-8'> and week3-roots.pem
CONNECTION ERROR:  
CONNECTION ERROR:  
Creating connection for 172.64.146.99 using <_io.TextIOWrapper name='logs.json' mode='a' encoding='UTF-8'> and week3-roots.pem
Creating connection for 162.0.237.182 using <_io.TextIOWrapper name='logs.json' mode='a' encoding='UTF-8'> and week3-roots.pem
Creating connection for 163.137.216.7 using <_io.TextIOWrapper name='logs.json' mode='a' encoding='UTF-8'> and week3-roots.pem
Creating connection for 193.60.236.19 using <_io.TextIOWrapper name='logs.json' mode='a' encoding='UTF-8'> and week3-roots.pem
CONNECTION ERROR:  
CONNECTION ERROR:  
Creating connection for 104.244.99.209 using <_io.TextIOWrapper name='logs.json' mode='a' encoding='UTF-8'> and week3-roots.pem
Creating connection for 172.67.200.206 using <_io.TextIOWrapper name='logs.json' mode='a' encoding='UTF-8'> and week3-roots.pem
Creating connection for 94.130.145.107 using <_io.TextIOWrapper name='logs.json' mode='a' encoding='UTF-8'> and week3-roots.pem
CONNECTION ERROR:  timed out
Creating connection for 43.132.160.153 using <_io.TextIOWrapper name='logs.json' mode='a' encoding='UTF-8'> and week3-roots.pem
Creating connection for 178.162.140.214 using <_io.TextIOWrapper name='logs.json' mode='a' encoding='UTF-8'> and week3-roots.pem
CONNECTION ERROR:  
CONNECTION ERROR:  
CONNECTION ERROR:  
Creating connection for 201.140.129.5 using <_io.TextIOWrapper name='logs.json' mode='a' encoding='UTF-8'> and week3-roots.pem
CONNECTION ERROR:  
Creating connection for 116.177.248.65 using <_io.TextIOWrapper name='logs.json' mode='a' encoding='UTF-8'> and week3-roots.pem
Creating connection for 88.198.132.17 using <_io.TextIOWrapper name='logs.json' mode='a' encoding='UTF-8'> and week3-roots.pem
Creating connection for 216.239.36.21 using <_io.TextIOWrapper name='logs.json' mode='a' encoding='UTF-8'> and week3-roots.pem
CONNECTION ERROR:  
Creating connection for 88.81.155.243 using <_io.TextIOWrapper name='logs.json' mode='a' encoding='UTF-8'> and week3-roots.pem
CONNECTION ERROR:  
CONNECTION ERROR:  
Creating connection for 104.66.104.161 using <_io.TextIOWrapper name='logs.json' mode='a' encoding='UTF-8'> and week3-roots.pem
CONNECTION ERROR:  
CONNECTION ERROR:  
Creating connection for 112.175.14.145 using <_io.TextIOWrapper name='logs.json' mode='a' encoding='UTF-8'> and week3-roots.pem
Creating connection for 151.101.129.124 using <_io.TextIOWrapper name='logs.json' mode='a' encoding='UTF-8'> and week3-roots.pem
Creating connection for 103.2.197.34 using <_io.TextIOWrapper name='logs.json' mode='a' encoding='UTF-8'> and week3-roots.pem
Creating connection for 172.67.131.19 using <_io.TextIOWrapper name='logs.json' mode='a' encoding='UTF-8'> and week3-roots.pem
Creating connection for 198.49.23.144 using <_io.TextIOWrapper name='logs.json' mode='a' encoding='UTF-8'> and week3-roots.pem
CONNECTION ERROR:  [Errno 111] Connection refused
Creating connection for 23.46.213.39 using <_io.TextIOWrapper name='logs.json' mode='a' encoding='UTF-8'> and week3-roots.pem
CONNECTION ERROR:  
CONNECTION ERROR:  
CONNECTION ERROR:  
Creating connection for 92.118.110.147 using <_io.TextIOWrapper name='logs.json' mode='a' encoding='UTF-8'> and week3-roots.pem
CONNECTION ERROR:  timed out
CONNECTION ERROR:  
CONNECTION ERROR:  
Creating connection for 104.199.113.114 using <_io.TextIOWrapper name='logs.json' mode='a' encoding='UTF-8'> and week3-roots.pem
CONNECTION ERROR:  (32, 'EPIPE')
Creating connection for 3.113.147.63 using <_io.TextIOWrapper name='logs.json' mode='a' encoding='UTF-8'> and week3-roots.pem
CONNECTION ERROR:  
CONNECTION ERROR:  
Creating connection for 139.129.179.98 using <_io.TextIOWrapper name='logs.json' mode='a' encoding='UTF-8'> and week3-roots.pem
CONNECTION ERROR:  
CONNECTION ERROR:  
CONNECTION ERROR:  
CONNECTION ERROR:  [Errno 111] Connection refused
CONNECTION ERROR:  (32, 'EPIPE')
CONNECTION ERROR:  
Creating connection for 203.34.28.123 using <_io.TextIOWrapper name='logs.json' mode='a' encoding='UTF-8'> and week3-roots.pem
CONNECTION ERROR:  
Creating connection for 162.241.253.45 using <_io.TextIOWrapper name='logs.json' mode='a' encoding='UTF-8'> and week3-roots.pem
Creating connection for 104.26.4.35 using <_io.TextIOWrapper name='logs.json' mode='a' encoding='UTF-8'> and week3-roots.pem
Creating connection for 34.251.201.224 using <_io.TextIOWrapper name='logs.json' mode='a' encoding='UTF-8'> and week3-roots.pem
CONNECTION ERROR:  
Creating connection for 104.26.12.57 using <_io.TextIOWrapper name='logs.json' mode='a' encoding='UTF-8'> and week3-roots.pem
Creating connection for 209.42.193.215 using <_io.TextIOWrapper name='logs.json' mode='a' encoding='UTF-8'> and week3-roots.pem
Creating connection for 96.16.53.203 using <_io.TextIOWrapper name='logs.json' mode='a' encoding='UTF-8'> and week3-roots.pem
Creating connection for 217.61.37.24 using <_io.TextIOWrapper name='logs.json' mode='a' encoding='UTF-8'> and week3-roots.pem
CONNECTION ERROR:  
Creating connection for 45.161.192.249 using <_io.TextIOWrapper name='logs.json' mode='a' encoding='UTF-8'> and week3-roots.pem
CONNECTION ERROR:  
Creating connection for 65.9.86.44 using <_io.TextIOWrapper name='logs.json' mode='a' encoding='UTF-8'> and week3-roots.pem
Creating connection for 162.241.157.65 using <_io.TextIOWrapper name='logs.json' mode='a' encoding='UTF-8'> and week3-roots.pem
CONNECTION ERROR:  
Creating connection for 162.159.137.54 using <_io.TextIOWrapper name='logs.json' mode='a' encoding='UTF-8'> and week3-roots.pem
Creating connection for 104.26.0.10 using <_io.TextIOWrapper name='logs.json' mode='a' encoding='UTF-8'> and week3-roots.pem
Creating connection for 72.52.179.174 using <_io.TextIOWrapper name='logs.json' mode='a' encoding='UTF-8'> and week3-roots.pem
CONNECTION ERROR:  
Creating connection for 3.64.200.242 using <_io.TextIOWrapper name='logs.json' mode='a' encoding='UTF-8'> and week3-roots.pem
Creating connection for 104.21.11.145 using <_io.TextIOWrapper name='logs.json' mode='a' encoding='UTF-8'> and week3-roots.pem
CONNECTION ERROR:  timed out
CONNECTION ERROR:  
CONNECTION ERROR:  
CONNECTION ERROR:  
CONNECTION ERROR:  
CONNECTION ERROR:  
Creating connection for 104.21.68.199 using <_io.TextIOWrapper name='logs.json' mode='a' encoding='UTF-8'> and week3-roots.pem
Creating connection for 178.210.173.34 using <_io.TextIOWrapper name='logs.json' mode='a' encoding='UTF-8'> and week3-roots.pem
Creating connection for 18.210.124.133 using <_io.TextIOWrapper name='logs.json' mode='a' encoding='UTF-8'> and week3-roots.pem
CONNECTION ERROR:  
CONNECTION ERROR:  
CONNECTION ERROR:  
CONNECTION ERROR:  [Errno 111] Connection refused
CONNECTION ERROR:  
CONNECTION ERROR:  
CONNECTION ERROR:  
Creating connection for 188.114.97.2 using <_io.TextIOWrapper name='logs.json' mode='a' encoding='UTF-8'> and week3-roots.pem
CONNECTION ERROR:  timed out
Creating connection for 52.14.180.161 using <_io.TextIOWrapper name='logs.json' mode='a' encoding='UTF-8'> and week3-roots.pem
CONNECTION ERROR:  
CONNECTION ERROR:  
CONNECTION ERROR:  (32, 'EPIPE')
CONNECTION ERROR:  
CONNECTION ERROR:  
CONNECTION ERROR:  
CONNECTION ERROR:  
Creating connection for 45.164.92.127 using <_io.TextIOWrapper name='logs.json' mode='a' encoding='UTF-8'> and week3-roots.pem
Creating connection for 18.224.169.222 using <_io.TextIOWrapper name='logs.json' mode='a' encoding='UTF-8'> and week3-roots.pem
CONNECTION ERROR:  
Creating connection for 14.119.64.132 using <_io.TextIOWrapper name='logs.json' mode='a' encoding='UTF-8'> and week3-roots.pem
Creating connection for 104.22.8.220 using <_io.TextIOWrapper name='logs.json' mode='a' encoding='UTF-8'> and week3-roots.pem
CONNECTION ERROR:  
Creating connection for 115.56.90.72 using <_io.TextIOWrapper name='logs.json' mode='a' encoding='UTF-8'> and week3-roots.pem
CONNECTION ERROR:  
Creating connection for 213.246.110.54 using <_io.TextIOWrapper name='logs.json' mode='a' encoding='UTF-8'> and week3-roots.pem
Creating connection for 216.239.38.21 using <_io.TextIOWrapper name='logs.json' mode='a' encoding='UTF-8'> and week3-roots.pem
CONNECTION ERROR:  
Creating connection for 185.62.75.219 using <_io.TextIOWrapper name='logs.json' mode='a' encoding='UTF-8'> and week3-roots.pem
CONNECTION ERROR:  
Creating connection for 175.207.12.199 using <_io.TextIOWrapper name='logs.json' mode='a' encoding='UTF-8'> and week3-roots.pem
Creating connection for 65.9.86.44 using <_io.TextIOWrapper name='logs.json' mode='a' encoding='UTF-8'> and week3-roots.pem
CONNECTION ERROR:  timed out
CONNECTION ERROR:  
Creating connection for 72.14.191.104 using <_io.TextIOWrapper name='logs.json' mode='a' encoding='UTF-8'> and week3-roots.pem
CONNECTION ERROR:  
Creating connection for 65.9.86.98 using <_io.TextIOWrapper name='logs.json' mode='a' encoding='UTF-8'> and week3-roots.pemCONNECTION ERROR:  [Errno 111] Connection refused

CONNECTION ERROR:  
CONNECTION ERROR:  
CONNECTION ERROR:  (32, 'EPIPE')
Creating connection for 65.9.86.33 using <_io.TextIOWrapper name='logs.json' mode='a' encoding='UTF-8'> and week3-roots.pem
Creating connection for 52.86.6.113 using <_io.TextIOWrapper name='logs.json' mode='a' encoding='UTF-8'> and week3-roots.pem
CONNECTION ERROR:  
CONNECTION ERROR:  
CONNECTION ERROR:  
Creating connection for 122.114.151.18 using <_io.TextIOWrapper name='logs.json' mode='a' encoding='UTF-8'> and week3-roots.pem
Creating connection for 65.9.86.37 using <_io.TextIOWrapper name='logs.json' mode='a' encoding='UTF-8'> and week3-roots.pem
Creating connection for 44.226.193.86 using <_io.TextIOWrapper name='logs.json' mode='a' encoding='UTF-8'> and week3-roots.pem
Creating connection for 104.21.21.189 using <_io.TextIOWrapper name='logs.json' mode='a' encoding='UTF-8'> and week3-roots.pem
Creating connection for 104.21.0.195 using <_io.TextIOWrapper name='logs.json' mode='a' encoding='UTF-8'> and week3-roots.pem
CONNECTION ERROR:  
CONNECTION ERROR:  
CONNECTION ERROR:  
Creating connection for 192.243.59.20 using <_io.TextIOWrapper name='logs.json' mode='a' encoding='UTF-8'> and week3-roots.pem
Creating connection for 34.253.101.190 using <_io.TextIOWrapper name='logs.json' mode='a' encoding='UTF-8'> and week3-roots.pem
CONNECTION ERROR:  
CONNECTION ERROR:  
Creating connection for 162.144.203.105 using <_io.TextIOWrapper name='logs.json' mode='a' encoding='UTF-8'> and week3-roots.pem
Creating connection for 125.65.77.14 using <_io.TextIOWrapper name='logs.json' mode='a' encoding='UTF-8'> and week3-roots.pem
CONNECTION ERROR:  
CONNECTION ERROR:  
CONNECTION ERROR:  
CONNECTION ERROR:  
CONNECTION ERROR:  
CONNECTION ERROR:  
CONNECTION ERROR:  
CONNECTION ERROR:  timed out
CONNECTION ERROR:  
CONNECTION ERROR:  
CONNECTION ERROR:  
Creating connection for 45.135.123.53 using <_io.TextIOWrapper name='logs.json' mode='a' encoding='UTF-8'> and week3-roots.pem
Creating connection for 194.61.30.77 using <_io.TextIOWrapper name='logs.json' mode='a' encoding='UTF-8'> and week3-roots.pem
Creating connection for 104.22.63.85 using <_io.TextIOWrapper name='logs.json' mode='a' encoding='UTF-8'> and week3-roots.pem
CONNECTION ERROR:  
CONNECTION ERROR:  
Creating connection for 122.228.207.51 using <_io.TextIOWrapper name='logs.json' mode='a' encoding='UTF-8'> and week3-roots.pem
Creating connection for 138.69.205.40 using <_io.TextIOWrapper name='logs.json' mode='a' encoding='UTF-8'> and week3-roots.pem
Creating connection for 185.143.234.120 using <_io.TextIOWrapper name='logs.json' mode='a' encoding='UTF-8'> and week3-roots.pem
CONNECTION ERROR:  
CONNECTION ERROR:  
Creating connection for 96.45.83.186 using <_io.TextIOWrapper name='logs.json' mode='a' encoding='UTF-8'> and week3-roots.pem
CONNECTION ERROR:  
CONNECTION ERROR:  
Creating connection for 213.180.204.242 using <_io.TextIOWrapper name='logs.json' mode='a' encoding='UTF-8'> and week3-roots.pem
Creating connection for 37.59.32.152 using <_io.TextIOWrapper name='logs.json' mode='a' encoding='UTF-8'> and week3-roots.pem
Creating connection for 151.101.130.49 using <_io.TextIOWrapper name='logs.json' mode='a' encoding='UTF-8'> and week3-roots.pem
Creating connection for 80.86.166.185 using <_io.TextIOWrapper name='logs.json' mode='a' encoding='UTF-8'> and week3-roots.pem
Creating connection for 64.190.63.111 using <_io.TextIOWrapper name='logs.json' mode='a' encoding='UTF-8'> and week3-roots.pem
CONNECTION ERROR:  
Creating connection for 104.21.10.10 using <_io.TextIOWrapper name='logs.json' mode='a' encoding='UTF-8'> and week3-roots.pem
CONNECTION ERROR:  
CONNECTION ERROR:  [Errno 111] Connection refused
CONNECTION ERROR:  
CONNECTION ERROR:  (32, 'EPIPE')
Creating connection for 208.80.122.2 using <_io.TextIOWrapper name='logs.json' mode='a' encoding='UTF-8'> and week3-roots.pem
Creating connection for 139.45.197.154 using <_io.TextIOWrapper name='logs.json' mode='a' encoding='UTF-8'> and week3-roots.pem
CONNECTION ERROR:  
Creating connection for 46.8.19.230 using <_io.TextIOWrapper name='logs.json' mode='a' encoding='UTF-8'> and week3-roots.pem
CONNECTION ERROR:  
Creating connection for 66.39.149.49 using <_io.TextIOWrapper name='logs.json' mode='a' encoding='UTF-8'> and week3-roots.pem
Creating connection for 34.98.99.30 using <_io.TextIOWrapper name='logs.json' mode='a' encoding='UTF-8'> and week3-roots.pem
Creating connection for 141.193.213.11 using <_io.TextIOWrapper name='logs.json' mode='a' encoding='UTF-8'> and week3-roots.pem
Creating connection for 195.24.68.21 using <_io.TextIOWrapper name='logs.json' mode='a' encoding='UTF-8'> and week3-roots.pem
Creating connection for 104.21.40.254 using <_io.TextIOWrapper name='logs.json' mode='a' encoding='UTF-8'> and week3-roots.pem
Creating connection for 65.9.86.73 using <_io.TextIOWrapper name='logs.json' mode='a' encoding='UTF-8'> and week3-roots.pem
CONNECTION ERROR:  
CONNECTION ERROR:  
CONNECTION ERROR:  
Creating connection for 104.22.47.238 using <_io.TextIOWrapper name='logs.json' mode='a' encoding='UTF-8'> and week3-roots.pem
Creating connection for 23.227.38.65 using <_io.TextIOWrapper name='logs.json' mode='a' encoding='UTF-8'> and week3-roots.pem
CONNECTION ERROR:  
CONNECTION ERROR:  
CONNECTION ERROR:  
Creating connection for 161.35.97.142 using <_io.TextIOWrapper name='logs.json' mode='a' encoding='UTF-8'> and week3-roots.pem
Creating connection for 65.9.86.73 using <_io.TextIOWrapper name='logs.json' mode='a' encoding='UTF-8'> and week3-roots.pem
Creating connection for 176.31.176.81 using <_io.TextIOWrapper name='logs.json' mode='a' encoding='UTF-8'> and week3-roots.pem
Creating connection for 104.21.235.127 using <_io.TextIOWrapper name='logs.json' mode='a' encoding='UTF-8'> and week3-roots.pem
Creating connection for 65.9.86.71 using <_io.TextIOWrapper name='logs.json' mode='a' encoding='UTF-8'> and week3-roots.pem
CONNECTION ERROR:  [Errno 111] Connection refused
CONNECTION ERROR:  (32, 'EPIPE')
CONNECTION ERROR:  timed out
CONNECTION ERROR:  
CONNECTION ERROR:  
CONNECTION ERROR:  
CONNECTION ERROR:  
CONNECTION ERROR:  
Creating connection for 125.65.108.80 using <_io.TextIOWrapper name='logs.json' mode='a' encoding='UTF-8'> and week3-roots.pem
Creating connection for 99.81.36.9 using <_io.TextIOWrapper name='logs.json' mode='a' encoding='UTF-8'> and week3-roots.pem
Creating connection for 104.236.222.84 using <_io.TextIOWrapper name='logs.json' mode='a' encoding='UTF-8'> and week3-roots.pem
CONNECTION ERROR:  
Creating connection for 65.9.86.2 using <_io.TextIOWrapper name='logs.json' mode='a' encoding='UTF-8'> and week3-roots.pem
CONNECTION ERROR:  
CONNECTION ERROR:  
CONNECTION ERROR:  
Creating connection for 65.9.86.63 using <_io.TextIOWrapper name='logs.json' mode='a' encoding='UTF-8'> and week3-roots.pem
CONNECTION ERROR:  
CONNECTION ERROR:  
Creating connection for 172.67.72.25 using <_io.TextIOWrapper name='logs.json' mode='a' encoding='UTF-8'> and week3-roots.pem
Creating connection for 104.73.146.82 using <_io.TextIOWrapper name='logs.json' mode='a' encoding='UTF-8'> and week3-roots.pem
Creating connection for 103.70.227.25 using <_io.TextIOWrapper name='logs.json' mode='a' encoding='UTF-8'> and week3-roots.pem
Creating connection for 63.250.43.133 using <_io.TextIOWrapper name='logs.json' mode='a' encoding='UTF-8'> and week3-roots.pem
Creating connection for 161.53.245.77 using <_io.TextIOWrapper name='logs.json' mode='a' encoding='UTF-8'> and week3-roots.pem
Creating connection for 104.26.13.164 using <_io.TextIOWrapper name='logs.json' mode='a' encoding='UTF-8'> and week3-roots.pem
CONNECTION ERROR:  
CONNECTION ERROR:  
CONNECTION ERROR:  
Creating connection for 172.67.134.9 using <_io.TextIOWrapper name='logs.json' mode='a' encoding='UTF-8'> and week3-roots.pem
Creating connection for 104.22.69.73 using <_io.TextIOWrapper name='logs.json' mode='a' encoding='UTF-8'> and week3-roots.pem
Creating connection for 54.251.5.67 using <_io.TextIOWrapper name='logs.json' mode='a' encoding='UTF-8'> and week3-roots.pem
Creating connection for 188.114.96.3 using <_io.TextIOWrapper name='logs.json' mode='a' encoding='UTF-8'> and week3-roots.pem
CONNECTION ERROR:  
CONNECTION ERROR:  
Creating connection for 185.71.61.108 using <_io.TextIOWrapper name='logs.json' mode='a' encoding='UTF-8'> and week3-roots.pem
Creating connection for 47.111.91.107 using <_io.TextIOWrapper name='logs.json' mode='a' encoding='UTF-8'> and week3-roots.pem
Creating connection for 23.38.18.25 using <_io.TextIOWrapper name='logs.json' mode='a' encoding='UTF-8'> and week3-roots.pem
CONNECTION ERROR:  
CONNECTION ERROR:  
Creating connection for 34.196.101.91 using <_io.TextIOWrapper name='logs.json' mode='a' encoding='UTF-8'> and week3-roots.pem
CONNECTION ERROR:  
CONNECTION ERROR:  
CONNECTION ERROR:  
Creating connection for 104.26.1.212 using <_io.TextIOWrapper name='logs.json' mode='a' encoding='UTF-8'> and week3-roots.pem
Creating connection for 178.208.92.5 using <_io.TextIOWrapper name='logs.json' mode='a' encoding='UTF-8'> and week3-roots.pem
Creating connection for 219.118.195.120 using <_io.TextIOWrapper name='logs.json' mode='a' encoding='UTF-8'> and week3-roots.pem
Creating connection for 93.51.147.57 using <_io.TextIOWrapper name='logs.json' mode='a' encoding='UTF-8'> and week3-roots.pem
CONNECTION ERROR:  
CONNECTION ERROR:  
Creating connection for 81.88.48.95 using <_io.TextIOWrapper name='logs.json' mode='a' encoding='UTF-8'> and week3-roots.pem
CONNECTION ERROR:  
Creating connection for 178.210.67.143 using <_io.TextIOWrapper name='logs.json' mode='a' encoding='UTF-8'> and week3-roots.pem
CONNECTION ERROR:  
Creating connection for 104.16.44.196 using <_io.TextIOWrapper name='logs.json' mode='a' encoding='UTF-8'> and week3-roots.pem
CONNECTION ERROR:  
Creating connection for 178.159.42.55 using <_io.TextIOWrapper name='logs.json' mode='a' encoding='UTF-8'> and week3-roots.pem
CONNECTION ERROR:  timed out
CONNECTION ERROR:  
CONNECTION ERROR:  
Creating connection for 78.46.84.83 using <_io.TextIOWrapper name='logs.json' mode='a' encoding='UTF-8'> and week3-roots.pem
Creating connection for 67.79.47.69 using <_io.TextIOWrapper name='logs.json' mode='a' encoding='UTF-8'> and week3-roots.pem
Creating connection for 138.197.227.52 using <_io.TextIOWrapper name='logs.json' mode='a' encoding='UTF-8'> and week3-roots.pem
Creating connection for 182.18.143.72 using <_io.TextIOWrapper name='logs.json' mode='a' encoding='UTF-8'> and week3-roots.pem
Creating connection for 65.9.86.25 using <_io.TextIOWrapper name='logs.json' mode='a' encoding='UTF-8'> and week3-roots.pem
Creating connection for 54.89.198.202 using <_io.TextIOWrapper name='logs.json' mode='a' encoding='UTF-8'> and week3-roots.pem
CONNECTION ERROR:  
Creating connection for 104.21.37.252 using <_io.TextIOWrapper name='logs.json' mode='a' encoding='UTF-8'> and week3-roots.pem
Creating connection for 172.66.43.177 using <_io.TextIOWrapper name='logs.json' mode='a' encoding='UTF-8'> and week3-roots.pem
CONNECTION ERROR:  
Creating connection for 37.143.11.11 using <_io.TextIOWrapper name='logs.json' mode='a' encoding='UTF-8'> and week3-roots.pem
Creating connection for 192.104.67.65 using <_io.TextIOWrapper name='logs.json' mode='a' encoding='UTF-8'> and week3-roots.pem
CONNECTION ERROR:  
CONNECTION ERROR:  
CONNECTION ERROR:  
CONNECTION ERROR:  
Creating connection for 104.21.0.162 using <_io.TextIOWrapper name='logs.json' mode='a' encoding='UTF-8'> and week3-roots.pem
Creating connection for 107.161.25.232 using <_io.TextIOWrapper name='logs.json' mode='a' encoding='UTF-8'> and week3-roots.pem
CONNECTION ERROR:  
Creating connection for 88.221.144.113 using <_io.TextIOWrapper name='logs.json' mode='a' encoding='UTF-8'> and week3-roots.pem
CONNECTION ERROR:  
CONNECTION ERROR:  
CONNECTION ERROR:  
CONNECTION ERROR:  timed out
CONNECTION ERROR:  
CONNECTION ERROR:  
Creating connection for 52.203.214.244 using <_io.TextIOWrapper name='logs.json' mode='a' encoding='UTF-8'> and week3-roots.pem
Creating connection for 104.21.82.134 using <_io.TextIOWrapper name='logs.json' mode='a' encoding='UTF-8'> and week3-roots.pem
Creating connection for 172.67.193.100 using <_io.TextIOWrapper name='logs.json' mode='a' encoding='UTF-8'> and week3-roots.pem
Creating connection for 103.219.34.7 using <_io.TextIOWrapper name='logs.json' mode='a' encoding='UTF-8'> and week3-roots.pem
Creating connection for 104.21.23.242 using <_io.TextIOWrapper name='logs.json' mode='a' encoding='UTF-8'> and week3-roots.pem
Creating connection for 188.114.96.12 using <_io.TextIOWrapper name='logs.json' mode='a' encoding='UTF-8'> and week3-roots.pem
Creating connection for 150.107.74.61 using <_io.TextIOWrapper name='logs.json' mode='a' encoding='UTF-8'> and week3-roots.pem
Creating connection for 128.214.223.214 using <_io.TextIOWrapper name='logs.json' mode='a' encoding='UTF-8'> and week3-roots.pem
Creating connection for 143.95.39.49 using <_io.TextIOWrapper name='logs.json' mode='a' encoding='UTF-8'> and week3-roots.pem
Creating connection for 107.180.48.92 using <_io.TextIOWrapper name='logs.json' mode='a' encoding='UTF-8'> and week3-roots.pem
Creating connection for 94.231.109.13 using <_io.TextIOWrapper name='logs.json' mode='a' encoding='UTF-8'> and week3-roots.pem
Creating connection for 116.62.226.196 using <_io.TextIOWrapper name='logs.json' mode='a' encoding='UTF-8'> and week3-roots.pem
CONNECTION ERROR:  
CONNECTION ERROR:  
Creating connection for 185.215.129.64 using <_io.TextIOWrapper name='logs.json' mode='a' encoding='UTF-8'> and week3-roots.pem
CONNECTION ERROR:  
Creating connection for 3.0.245.163 using <_io.TextIOWrapper name='logs.json' mode='a' encoding='UTF-8'> and week3-roots.pem
Creating connection for 173.231.228.54 using <_io.TextIOWrapper name='logs.json' mode='a' encoding='UTF-8'> and week3-roots.pem
CONNECTION ERROR:  
Creating connection for 43.248.76.104 using <_io.TextIOWrapper name='logs.json' mode='a' encoding='UTF-8'> and week3-roots.pem
CONNECTION ERROR:  
CONNECTION ERROR:  
CONNECTION ERROR:  
CONNECTION ERROR:  
CONNECTION ERROR:  
CONNECTION ERROR:  
CONNECTION ERROR:  
CONNECTION ERROR:  
CONNECTION ERROR:  
Creating connection for 52.41.234.105 using <_io.TextIOWrapper name='logs.json' mode='a' encoding='UTF-8'> and week3-roots.pem
CONNECTION ERROR:  
CONNECTION ERROR:  
Creating connection for 172.67.68.70 using <_io.TextIOWrapper name='logs.json' mode='a' encoding='UTF-8'> and week3-roots.pem
Creating connection for 193.29.62.50 using <_io.TextIOWrapper name='logs.json' mode='a' encoding='UTF-8'> and week3-roots.pem
Creating connection for 172.67.185.115 using <_io.TextIOWrapper name='logs.json' mode='a' encoding='UTF-8'> and week3-roots.pem
Creating connection for 192.64.119.98 using <_io.TextIOWrapper name='logs.json' mode='a' encoding='UTF-8'> and week3-roots.pem
CONNECTION ERROR:  
CONNECTION ERROR:  
CONNECTION ERROR:  
Creating connection for 104.21.39.188 using <_io.TextIOWrapper name='logs.json' mode='a' encoding='UTF-8'> and week3-roots.pem
CONNECTION ERROR:  
Creating connection for 172.67.68.217 using <_io.TextIOWrapper name='logs.json' mode='a' encoding='UTF-8'> and week3-roots.pem
CONNECTION ERROR:  
Creating connection for 141.193.213.11 using <_io.TextIOWrapper name='logs.json' mode='a' encoding='UTF-8'> and week3-roots.pem
Creating connection for 66.155.35.250 using <_io.TextIOWrapper name='logs.json' mode='a' encoding='UTF-8'> and week3-roots.pem
Creating connection for 91.198.195.64 using <_io.TextIOWrapper name='logs.json' mode='a' encoding='UTF-8'> and week3-roots.pem
Creating connection for 185.21.42.109 using <_io.TextIOWrapper name='logs.json' mode='a' encoding='UTF-8'> and week3-roots.pem
Creating connection for 188.114.97.3 using <_io.TextIOWrapper name='logs.json' mode='a' encoding='UTF-8'> and week3-roots.pem
Creating connection for 172.67.162.38 using <_io.TextIOWrapper name='logs.json' mode='a' encoding='UTF-8'> and week3-roots.pem
CONNECTION ERROR:  
CONNECTION ERROR:  
CONNECTION ERROR:  
CONNECTION ERROR:  
CONNECTION ERROR:  
CONNECTION ERROR:  
Creating connection for 104.21.235.108 using <_io.TextIOWrapper name='logs.json' mode='a' encoding='UTF-8'> and week3-roots.pem
CONNECTION ERROR:  
CONNECTION ERROR:  
Creating connection for 18.212.242.192 using <_io.TextIOWrapper name='logs.json' mode='a' encoding='UTF-8'> and week3-roots.pemCONNECTION ERROR:  
CONNECTION ERROR:  
CONNECTION ERROR:  

CONNECTION ERROR:  
Creating connection for 172.67.72.161 using <_io.TextIOWrapper name='logs.json' mode='a' encoding='UTF-8'> and week3-roots.pem
CONNECTION ERROR:  
CONNECTION ERROR:  
CONNECTION ERROR:  
Creating connection for 162.144.205.159 using <_io.TextIOWrapper name='logs.json' mode='a' encoding='UTF-8'> and week3-roots.pem
Creating connection for 109.206.161.137 using <_io.TextIOWrapper name='logs.json' mode='a' encoding='UTF-8'> and week3-roots.pem
Creating connection for 65.9.86.21 using <_io.TextIOWrapper name='logs.json' mode='a' encoding='UTF-8'> and week3-roots.pem
Creating connection for 185.230.63.107 using <_io.TextIOWrapper name='logs.json' mode='a' encoding='UTF-8'> and week3-roots.pem
CONNECTION ERROR:  timed out
CONNECTION ERROR:  
Creating connection for 20.43.132.135 using <_io.TextIOWrapper name='logs.json' mode='a' encoding='UTF-8'> and week3-roots.pem
CONNECTION ERROR:  
Creating connection for 3.64.163.50 using <_io.TextIOWrapper name='logs.json' mode='a' encoding='UTF-8'> and week3-roots.pem
CONNECTION ERROR:  
Creating connection for 65.9.86.120 using <_io.TextIOWrapper name='logs.json' mode='a' encoding='UTF-8'> and week3-roots.pem
Creating connection for 139.59.13.118 using <_io.TextIOWrapper name='logs.json' mode='a' encoding='UTF-8'> and week3-roots.pem
Creating connection for 172.67.157.249 using <_io.TextIOWrapper name='logs.json' mode='a' encoding='UTF-8'> and week3-roots.pem
Creating connection for 178.208.83.15 using <_io.TextIOWrapper name='logs.json' mode='a' encoding='UTF-8'> and week3-roots.pem
Creating connection for 149.210.177.210 using <_io.TextIOWrapper name='logs.json' mode='a' encoding='UTF-8'> and week3-roots.pem
CONNECTION ERROR:  
CONNECTION ERROR:  
CONNECTION ERROR:  
CONNECTION ERROR:  [Errno 111] Connection refused
CONNECTION ERROR:  
CONNECTION ERROR:  
CONNECTION ERROR:  (32, 'EPIPE')
Creating connection for 172.66.40.131 using <_io.TextIOWrapper name='logs.json' mode='a' encoding='UTF-8'> and week3-roots.pem
Creating connection for 188.114.96.3 using <_io.TextIOWrapper name='logs.json' mode='a' encoding='UTF-8'> and week3-roots.pem
Creating connection for 208.91.196.4 using <_io.TextIOWrapper name='logs.json' mode='a' encoding='UTF-8'> and week3-roots.pem
Creating connection for 90.156.201.47 using <_io.TextIOWrapper name='logs.json' mode='a' encoding='UTF-8'> and week3-roots.pem
Creating connection for 192.232.218.142 using <_io.TextIOWrapper name='logs.json' mode='a' encoding='UTF-8'> and week3-roots.pem
Creating connection for 104.194.11.44 using <_io.TextIOWrapper name='logs.json' mode='a' encoding='UTF-8'> and week3-roots.pem
CONNECTION ERROR:  [Errno 111] Connection refused
Creating connection for 172.67.72.189 using <_io.TextIOWrapper name='logs.json' mode='a' encoding='UTF-8'> and week3-roots.pem
Creating connection for 208.91.197.66 using <_io.TextIOWrapper name='logs.json' mode='a' encoding='UTF-8'> and week3-roots.pem
CONNECTION ERROR:  (32, 'EPIPE')
Creating connection for 23.185.0.4 using <_io.TextIOWrapper name='logs.json' mode='a' encoding='UTF-8'> and week3-roots.pem
Creating connection for 35.214.224.108 using <_io.TextIOWrapper name='logs.json' mode='a' encoding='UTF-8'> and week3-roots.pem
Creating connection for 172.64.153.35 using <_io.TextIOWrapper name='logs.json' mode='a' encoding='UTF-8'> and week3-roots.pem
CONNECTION ERROR:  
CONNECTION ERROR:  
CONNECTION ERROR:  
CONNECTION ERROR:  
Creating connection for 65.9.86.102 using <_io.TextIOWrapper name='logs.json' mode='a' encoding='UTF-8'> and week3-roots.pem
Creating connection for 180.163.40.35 using <_io.TextIOWrapper name='logs.json' mode='a' encoding='UTF-8'> and week3-roots.pem
CONNECTION ERROR:  
Creating connection for 211.121.128.75 using <_io.TextIOWrapper name='logs.json' mode='a' encoding='UTF-8'> and week3-roots.pem
CONNECTION ERROR:  
Creating connection for 204.17.177.49 using <_io.TextIOWrapper name='logs.json' mode='a' encoding='UTF-8'> and week3-roots.pem
Creating connection for 85.133.75.44 using <_io.TextIOWrapper name='logs.json' mode='a' encoding='UTF-8'> and week3-roots.pem
CONNECTION ERROR:  
CONNECTION ERROR:  
CONNECTION ERROR:  
Creating connection for 104.26.9.9 using <_io.TextIOWrapper name='logs.json' mode='a' encoding='UTF-8'> and week3-roots.pem
CONNECTION ERROR:  
Creating connection for 104.26.4.203 using <_io.TextIOWrapper name='logs.json' mode='a' encoding='UTF-8'> and week3-roots.pem
Creating connection for 172.67.204.105 using <_io.TextIOWrapper name='logs.json' mode='a' encoding='UTF-8'> and week3-roots.pem
Creating connection for 45.33.23.183 using <_io.TextIOWrapper name='logs.json' mode='a' encoding='UTF-8'> and week3-roots.pem
CONNECTION ERROR:  
CONNECTION ERROR:  
CONNECTION ERROR:  
CONNECTION ERROR:  
CONNECTION ERROR:  
Creating connection for 162.255.119.75 using <_io.TextIOWrapper name='logs.json' mode='a' encoding='UTF-8'> and week3-roots.pem
Creating connection for 93.187.202.202 using <_io.TextIOWrapper name='logs.json' mode='a' encoding='UTF-8'> and week3-roots.pem
Creating connection for 172.67.140.162 using <_io.TextIOWrapper name='logs.json' mode='a' encoding='UTF-8'> and week3-roots.pem
Creating connection for 104.21.81.85 using <_io.TextIOWrapper name='logs.json' mode='a' encoding='UTF-8'> and week3-roots.pem
CONNECTION ERROR:  
Creating connection for 172.67.29.218 using <_io.TextIOWrapper name='logs.json' mode='a' encoding='UTF-8'> and week3-roots.pem
Creating connection for 188.114.96.2 using <_io.TextIOWrapper name='logs.json' mode='a' encoding='UTF-8'> and week3-roots.pem
Creating connection for 172.67.166.4 using <_io.TextIOWrapper name='logs.json' mode='a' encoding='UTF-8'> and week3-roots.pem
CONNECTION ERROR:  
Creating connection for 37.59.80.243 using <_io.TextIOWrapper name='logs.json' mode='a' encoding='UTF-8'> and week3-roots.pem
Creating connection for 104.22.13.57 using <_io.TextIOWrapper name='logs.json' mode='a' encoding='UTF-8'> and week3-roots.pem
Creating connection for 50.28.37.134 using <_io.TextIOWrapper name='logs.json' mode='a' encoding='UTF-8'> and week3-roots.pem
CONNECTION ERROR:  
Creating connection for 104.21.234.49 using <_io.TextIOWrapper name='logs.json' mode='a' encoding='UTF-8'> and week3-roots.pem
CONNECTION ERROR:  
Creating connection for 104.22.7.207 using <_io.TextIOWrapper name='logs.json' mode='a' encoding='UTF-8'> and week3-roots.pem
Creating connection for 219.159.84.65 using <_io.TextIOWrapper name='logs.json' mode='a' encoding='UTF-8'> and week3-roots.pem
Creating connection for 87.236.16.32 using <_io.TextIOWrapper name='logs.json' mode='a' encoding='UTF-8'> and week3-roots.pem
Creating connection for 18.203.37.20 using <_io.TextIOWrapper name='logs.json' mode='a' encoding='UTF-8'> and week3-roots.pem
CONNECTION ERROR:  timed out
CONNECTION ERROR:  
CONNECTION ERROR:  
CONNECTION ERROR:  
CONNECTION ERROR:  
CONNECTION ERROR:  [Errno 113] No route to host
CONNECTION ERROR:  (32, 'EPIPE')
CONNECTION ERROR:  
CONNECTION ERROR:  
CONNECTION ERROR:  timed out
Creating connection for 104.21.69.168 using <_io.TextIOWrapper name='logs.json' mode='a' encoding='UTF-8'> and week3-roots.pem
CONNECTION ERROR:  
Creating connection for 87.236.16.33 using <_io.TextIOWrapper name='logs.json' mode='a' encoding='UTF-8'> and week3-roots.pem
Creating connection for 104.26.15.3 using <_io.TextIOWrapper name='logs.json' mode='a' encoding='UTF-8'> and week3-roots.pem
Creating connection for 90.156.201.29 using <_io.TextIOWrapper name='logs.json' mode='a' encoding='UTF-8'> and week3-roots.pem
CONNECTION ERROR:  
CONNECTION ERROR:  
CONNECTION ERROR:  
CONNECTION ERROR:  
CONNECTION ERROR:  
CONNECTION ERROR:  
Creating connection for 194.9.89.155 using <_io.TextIOWrapper name='logs.json' mode='a' encoding='UTF-8'> and week3-roots.pem
CONNECTION ERROR:  
CONNECTION ERROR:  
Creating connection for 185.143.234.120 using <_io.TextIOWrapper name='logs.json' mode='a' encoding='UTF-8'> and week3-roots.pem
Creating connection for 108.167.164.196 using <_io.TextIOWrapper name='logs.json' mode='a' encoding='UTF-8'> and week3-roots.pem
Creating connection for 104.26.7.66 using <_io.TextIOWrapper name='logs.json' mode='a' encoding='UTF-8'> and week3-roots.pem
Creating connection for 199.84.62.17 using <_io.TextIOWrapper name='logs.json' mode='a' encoding='UTF-8'> and week3-roots.pem
CONNECTION ERROR:  
Creating connection for 66.220.9.48 using <_io.TextIOWrapper name='logs.json' mode='a' encoding='UTF-8'> and week3-roots.pem
CONNECTION ERROR:  
Creating connection for 52.1.251.242 using <_io.TextIOWrapper name='logs.json' mode='a' encoding='UTF-8'> and week3-roots.pem
CONNECTION ERROR:  
Creating connection for 207.148.83.109 using <_io.TextIOWrapper name='logs.json' mode='a' encoding='UTF-8'> and week3-roots.pem
CONNECTION ERROR:  
CONNECTION ERROR:  
Creating connection for 52.21.50.234 using <_io.TextIOWrapper name='logs.json' mode='a' encoding='UTF-8'> and week3-roots.pem
Creating connection for 104.21.66.52 using <_io.TextIOWrapper name='logs.json' mode='a' encoding='UTF-8'> and week3-roots.pem
Creating connection for 65.9.86.10 using <_io.TextIOWrapper name='logs.json' mode='a' encoding='UTF-8'> and week3-roots.pem
CONNECTION ERROR:  
CONNECTION ERROR:  
CONNECTION ERROR:  
CONNECTION ERROR:  
CONNECTION ERROR:  
Creating connection for 104.21.59.124 using <_io.TextIOWrapper name='logs.json' mode='a' encoding='UTF-8'> and week3-roots.pem
CONNECTION ERROR:  
CONNECTION ERROR:  
Creating connection for 136.144.139.52 using <_io.TextIOWrapper name='logs.json' mode='a' encoding='UTF-8'> and week3-roots.pem
Creating connection for 66.29.141.33 using <_io.TextIOWrapper name='logs.json' mode='a' encoding='UTF-8'> and week3-roots.pem
CONNECTION ERROR:  
CONNECTION ERROR:  
CONNECTION ERROR:  
CONNECTION ERROR:  
CONNECTION ERROR:  
Creating connection for 85.13.129.143 using <_io.TextIOWrapper name='logs.json' mode='a' encoding='UTF-8'> and week3-roots.pem
Creating connection for 188.114.96.3 using <_io.TextIOWrapper name='logs.json' mode='a' encoding='UTF-8'> and week3-roots.pem
CONNECTION ERROR:  
Creating connection for 58.218.215.123 using <_io.TextIOWrapper name='logs.json' mode='a' encoding='UTF-8'> and week3-roots.pem
Creating connection for 89.188.131.244 using <_io.TextIOWrapper name='logs.json' mode='a' encoding='UTF-8'> and week3-roots.pem
CONNECTION ERROR:  timed out
CONNECTION ERROR:  
CONNECTION ERROR:  [Errno 111] Connection refused
Creating connection for 47.246.48.207 using <_io.TextIOWrapper name='logs.json' mode='a' encoding='UTF-8'> and week3-roots.pem
CONNECTION ERROR:  timed out
CONNECTION ERROR:  
CONNECTION ERROR:  
CONNECTION ERROR:  (32, 'EPIPE')
Creating connection for 37.59.146.69 using <_io.TextIOWrapper name='logs.json' mode='a' encoding='UTF-8'> and week3-roots.pem
CONNECTION ERROR:  
CONNECTION ERROR:  
Creating connection for 35.205.61.67 using <_io.TextIOWrapper name='logs.json' mode='a' encoding='UTF-8'> and week3-roots.pem
Creating connection for 65.9.86.5 using <_io.TextIOWrapper name='logs.json' mode='a' encoding='UTF-8'> and week3-roots.pem
CONNECTION ERROR:  
CONNECTION ERROR:  
CONNECTION ERROR:  
Creating connection for 104.26.7.61 using <_io.TextIOWrapper name='logs.json' mode='a' encoding='UTF-8'> and week3-roots.pem
CONNECTION ERROR:  
Creating connection for 145.239.143.39 using <_io.TextIOWrapper name='logs.json' mode='a' encoding='UTF-8'> and week3-roots.pem
CONNECTION ERROR:  
Creating connection for 205.186.175.74 using <_io.TextIOWrapper name='logs.json' mode='a' encoding='UTF-8'> and week3-roots.pem
Creating connection for 198.185.159.144 using <_io.TextIOWrapper name='logs.json' mode='a' encoding='UTF-8'> and week3-roots.pem
Creating connection for 65.9.86.46 using <_io.TextIOWrapper name='logs.json' mode='a' encoding='UTF-8'> and week3-roots.pem
Creating connection for 149.111.149.13 using <_io.TextIOWrapper name='logs.json' mode='a' encoding='UTF-8'> and week3-roots.pem
Creating connection for 172.67.219.231 using <_io.TextIOWrapper name='logs.json' mode='a' encoding='UTF-8'> and week3-roots.pem
Creating connection for 104.26.3.43 using <_io.TextIOWrapper name='logs.json' mode='a' encoding='UTF-8'> and week3-roots.pem
Creating connection for 212.83.144.195 using <_io.TextIOWrapper name='logs.json' mode='a' encoding='UTF-8'> and week3-roots.pem
CONNECTION ERROR:  
Creating connection for 13.69.68.85 using <_io.TextIOWrapper name='logs.json' mode='a' encoding='UTF-8'> and week3-roots.pem
CONNECTION ERROR:  
Creating connection for 172.67.164.8 using <_io.TextIOWrapper name='logs.json' mode='a' encoding='UTF-8'> and week3-roots.pem
CONNECTION ERROR:  
CONNECTION ERROR:  
Creating connection for 157.56.160.177 using <_io.TextIOWrapper name='logs.json' mode='a' encoding='UTF-8'> and week3-roots.pem
Creating connection for 116.120.59.158 using <_io.TextIOWrapper name='logs.json' mode='a' encoding='UTF-8'> and week3-roots.pem
Creating connection for 185.38.248.240 using <_io.TextIOWrapper name='logs.json' mode='a' encoding='UTF-8'> and week3-roots.pem
Creating connection for 172.67.70.40 using <_io.TextIOWrapper name='logs.json' mode='a' encoding='UTF-8'> and week3-roots.pem
CONNECTION ERROR:  
CONNECTION ERROR:  
CONNECTION ERROR:  
Creating connection for 107.180.72.203 using <_io.TextIOWrapper name='logs.json' mode='a' encoding='UTF-8'> and week3-roots.pem
CONNECTION ERROR:  
CONNECTION ERROR:  [Errno 111] Connection refused
CONNECTION ERROR:  
CONNECTION ERROR:  
CONNECTION ERROR:  (32, 'EPIPE')
CONNECTION ERROR:  
CONNECTION ERROR:  
CONNECTION ERROR:  
CONNECTION ERROR:  
CONNECTION ERROR:  
CONNECTION ERROR:  
CONNECTION ERROR:  
CONNECTION ERROR:  
Creating connection for 104.21.26.31 using <_io.TextIOWrapper name='logs.json' mode='a' encoding='UTF-8'> and week3-roots.pem
Creating connection for 188.114.97.12 using <_io.TextIOWrapper name='logs.json' mode='a' encoding='UTF-8'> and week3-roots.pem
Creating connection for 104.21.38.2 using <_io.TextIOWrapper name='logs.json' mode='a' encoding='UTF-8'> and week3-roots.pem
Creating connection for 108.156.60.10 using <_io.TextIOWrapper name='logs.json' mode='a' encoding='UTF-8'> and week3-roots.pem
Creating connection for 80.94.98.229 using <_io.TextIOWrapper name='logs.json' mode='a' encoding='UTF-8'> and week3-roots.pem
Creating connection for 35.153.40.23 using <_io.TextIOWrapper name='logs.json' mode='a' encoding='UTF-8'> and week3-roots.pem
Creating connection for 141.193.213.10 using <_io.TextIOWrapper name='logs.json' mode='a' encoding='UTF-8'> and week3-roots.pem
Creating connection for 154.92.32.111 using <_io.TextIOWrapper name='logs.json' mode='a' encoding='UTF-8'> and week3-roots.pem
CONNECTION ERROR:  
CONNECTION ERROR:  
CONNECTION ERROR:  
Creating connection for 63.250.38.201 using <_io.TextIOWrapper name='logs.json' mode='a' encoding='UTF-8'> and week3-roots.pem
CONNECTION ERROR:  
Creating connection for 104.21.44.238 using <_io.TextIOWrapper name='logs.json' mode='a' encoding='UTF-8'> and week3-roots.pem
CONNECTION ERROR:  [Errno 111] Connection refused
CONNECTION ERROR:  
CONNECTION ERROR:  
CONNECTION ERROR:  
CONNECTION ERROR:  
Creating connection for 188.114.97.2 using <_io.TextIOWrapper name='logs.json' mode='a' encoding='UTF-8'> and week3-roots.pem
Creating connection for 54.227.237.184 using <_io.TextIOWrapper name='logs.json' mode='a' encoding='UTF-8'> and week3-roots.pem
Creating connection for 104.22.42.174 using <_io.TextIOWrapper name='logs.json' mode='a' encoding='UTF-8'> and week3-roots.pem
CONNECTION ERROR:  
CONNECTION ERROR:  
CONNECTION ERROR:  (32, 'EPIPE')
CONNECTION ERROR:  
CONNECTION ERROR:  
CONNECTION ERROR:  
Creating connection for 193.228.220.9 using <_io.TextIOWrapper name='logs.json' mode='a' encoding='UTF-8'> and week3-roots.pem
CONNECTION ERROR:  
Creating connection for 103.49.62.58 using <_io.TextIOWrapper name='logs.json' mode='a' encoding='UTF-8'> and week3-roots.pem
Creating connection for 151.101.66.133 using <_io.TextIOWrapper name='logs.json' mode='a' encoding='UTF-8'> and week3-roots.pem
Creating connection for 140.211.167.122 using <_io.TextIOWrapper name='logs.json' mode='a' encoding='UTF-8'> and week3-roots.pem
Creating connection for 66.230.193.63 using <_io.TextIOWrapper name='logs.json' mode='a' encoding='UTF-8'> and week3-roots.pem
Creating connection for 172.67.70.195 using <_io.TextIOWrapper name='logs.json' mode='a' encoding='UTF-8'> and week3-roots.pem
CONNECTION ERROR:  
Creating connection for 151.101.38.132 using <_io.TextIOWrapper name='logs.json' mode='a' encoding='UTF-8'> and week3-roots.pem
CONNECTION ERROR:  
Creating connection for 45.60.23.157 using <_io.TextIOWrapper name='logs.json' mode='a' encoding='UTF-8'> and week3-roots.pem
CONNECTION ERROR:  
CONNECTION ERROR:  timed out
CONNECTION ERROR:  
CONNECTION ERROR:  
Creating connection for 168.119.201.14 using <_io.TextIOWrapper name='logs.json' mode='a' encoding='UTF-8'> and week3-roots.pem
Creating connection for 122.226.111.101 using <_io.TextIOWrapper name='logs.json' mode='a' encoding='UTF-8'> and week3-roots.pem
CONNECTION ERROR:  
Creating connection for 18.182.237.3 using <_io.TextIOWrapper name='logs.json' mode='a' encoding='UTF-8'> and week3-roots.pem
Creating connection for 89.108.125.13 using <_io.TextIOWrapper name='logs.json' mode='a' encoding='UTF-8'> and week3-roots.pem
Creating connection for 172.66.43.185 using <_io.TextIOWrapper name='logs.json' mode='a' encoding='UTF-8'> and week3-roots.pem
Creating connection for 104.18.22.84 using <_io.TextIOWrapper name='logs.json' mode='a' encoding='UTF-8'> and week3-roots.pem
Creating connection for 187.1.142.37 using <_io.TextIOWrapper name='logs.json' mode='a' encoding='UTF-8'> and week3-roots.pem
CONNECTION ERROR:  
CONNECTION ERROR:  [Errno 111] Connection refused
CONNECTION ERROR:  
Creating connection for 47.97.158.112 using <_io.TextIOWrapper name='logs.json' mode='a' encoding='UTF-8'> and week3-roots.pem
CONNECTION ERROR:  
CONNECTION ERROR:  (32, 'EPIPE')
CONNECTION ERROR:  timed out
CONNECTION ERROR:  
CONNECTION ERROR:  
CONNECTION ERROR:  
CONNECTION ERROR:  
Creating connection for 162.241.85.160 using <_io.TextIOWrapper name='logs.json' mode='a' encoding='UTF-8'> and week3-roots.pem
Creating connection for 18.192.20.55 using <_io.TextIOWrapper name='logs.json' mode='a' encoding='UTF-8'> and week3-roots.pem
Creating connection for 3.33.152.147 using <_io.TextIOWrapper name='logs.json' mode='a' encoding='UTF-8'> and week3-roots.pem
Creating connection for 104.21.76.141 using <_io.TextIOWrapper name='logs.json' mode='a' encoding='UTF-8'> and week3-roots.pem
Creating connection for 92.53.96.37 using <_io.TextIOWrapper name='logs.json' mode='a' encoding='UTF-8'> and week3-roots.pem
CONNECTION ERROR:  
Creating connection for 163.172.104.234 using <_io.TextIOWrapper name='logs.json' mode='a' encoding='UTF-8'> and week3-roots.pem
CONNECTION ERROR:  
Creating connection for 104.16.11.138 using <_io.TextIOWrapper name='logs.json' mode='a' encoding='UTF-8'> and week3-roots.pem
Creating connection for 157.56.160.177 using <_io.TextIOWrapper name='logs.json' mode='a' encoding='UTF-8'> and week3-roots.pem
CONNECTION ERROR:  
CONNECTION ERROR:  
CONNECTION ERROR:  timed out
CONNECTION ERROR:  
Creating connection for 104.21.6.120 using <_io.TextIOWrapper name='logs.json' mode='a' encoding='UTF-8'> and week3-roots.pem
CONNECTION ERROR:  
CONNECTION ERROR:  
Creating connection for 172.67.221.46 using <_io.TextIOWrapper name='logs.json' mode='a' encoding='UTF-8'> and week3-roots.pem
Creating connection for 185.123.190.239 using <_io.TextIOWrapper name='logs.json' mode='a' encoding='UTF-8'> and week3-roots.pem
Creating connection for 77.55.145.187 using <_io.TextIOWrapper name='logs.json' mode='a' encoding='UTF-8'> and week3-roots.pem
Creating connection for 213.186.113.10 using <_io.TextIOWrapper name='logs.json' mode='a' encoding='UTF-8'> and week3-roots.pem
Creating connection for 192.237.145.104 using <_io.TextIOWrapper name='logs.json' mode='a' encoding='UTF-8'> and week3-roots.pem
CONNECTION ERROR:  
CONNECTION ERROR:  
Creating connection for 151.101.194.132 using <_io.TextIOWrapper name='logs.json' mode='a' encoding='UTF-8'> and week3-roots.pem
Creating connection for 172.67.152.241 using <_io.TextIOWrapper name='logs.json' mode='a' encoding='UTF-8'> and week3-roots.pem
CONNECTION ERROR:  
Creating connection for 3.33.152.147 using <_io.TextIOWrapper name='logs.json' mode='a' encoding='UTF-8'> and week3-roots.pem
CONNECTION ERROR:  
CONNECTION ERROR:  
Creating connection for 185.88.181.3 using <_io.TextIOWrapper name='logs.json' mode='a' encoding='UTF-8'> and week3-roots.pem
Creating connection for 151.101.66.137 using <_io.TextIOWrapper name='logs.json' mode='a' encoding='UTF-8'> and week3-roots.pem
CONNECTION ERROR:  
Creating connection for 68.65.122.39 using <_io.TextIOWrapper name='logs.json' mode='a' encoding='UTF-8'> and week3-roots.pem
Creating connection for 159.223.50.48 using <_io.TextIOWrapper name='logs.json' mode='a' encoding='UTF-8'> and week3-roots.pem
Creating connection for 139.155.76.96 using <_io.TextIOWrapper name='logs.json' mode='a' encoding='UTF-8'> and week3-roots.pem
CONNECTION ERROR:  
CONNECTION ERROR:  
CONNECTION ERROR:  
CONNECTION ERROR:  
CONNECTION ERROR:  
CONNECTION ERROR:  timed out
Creating connection for 151.101.66.71 using <_io.TextIOWrapper name='logs.json' mode='a' encoding='UTF-8'> and week3-roots.pem
CONNECTION ERROR:  
CONNECTION ERROR:  
Creating connection for 107.0.12.251 using <_io.TextIOWrapper name='logs.json' mode='a' encoding='UTF-8'> and week3-roots.pem
Creating connection for 65.9.86.31 using <_io.TextIOWrapper name='logs.json' mode='a' encoding='UTF-8'> and week3-roots.pem
CONNECTION ERROR:  
CONNECTION ERROR:  
CONNECTION ERROR:  timed out
Creating connection for 35.208.167.228 using <_io.TextIOWrapper name='logs.json' mode='a' encoding='UTF-8'> and week3-roots.pem
CONNECTION ERROR:  
CONNECTION ERROR:  
CONNECTION ERROR:  
Creating connection for 172.67.75.169 using <_io.TextIOWrapper name='logs.json' mode='a' encoding='UTF-8'> and week3-roots.pem
CONNECTION ERROR:  
Creating connection for 72.34.56.145 using <_io.TextIOWrapper name='logs.json' mode='a' encoding='UTF-8'> and week3-roots.pem
CONNECTION ERROR:  
CONNECTION ERROR:  
Creating connection for 101.226.26.241 using <_io.TextIOWrapper name='logs.json' mode='a' encoding='UTF-8'> and week3-roots.pem
CONNECTION ERROR:  [Errno 113] No route to host
CONNECTION ERROR:  
Creating connection for 104.16.116.72 using <_io.TextIOWrapper name='logs.json' mode='a' encoding='UTF-8'> and week3-roots.pem
Creating connection for 23.235.214.19 using <_io.TextIOWrapper name='logs.json' mode='a' encoding='UTF-8'> and week3-roots.pem
CONNECTION ERROR:  
CONNECTION ERROR:  timed out
CONNECTION ERROR:  (32, 'EPIPE')
CONNECTION ERROR:  
Creating connection for 185.180.220.15 using <_io.TextIOWrapper name='logs.json' mode='a' encoding='UTF-8'> and week3-roots.pem
CONNECTION ERROR:  
Creating connection for 65.9.86.42 using <_io.TextIOWrapper name='logs.json' mode='a' encoding='UTF-8'> and week3-roots.pem
CONNECTION ERROR:  
CONNECTION ERROR:  
CONNECTION ERROR:  
Creating connection for 5.188.142.134 using <_io.TextIOWrapper name='logs.json' mode='a' encoding='UTF-8'> and week3-roots.pem
CONNECTION ERROR:  
Creating connection for 20.76.163.213 using <_io.TextIOWrapper name='logs.json' mode='a' encoding='UTF-8'> and week3-roots.pem
Creating connection for 45.88.0.100 using <_io.TextIOWrapper name='logs.json' mode='a' encoding='UTF-8'> and week3-roots.pem
CONNECTION ERROR:  
Creating connection for 120.226.10.39 using <_io.TextIOWrapper name='logs.json' mode='a' encoding='UTF-8'> and week3-roots.pem
Creating connection for 209.190.161.134 using <_io.TextIOWrapper name='logs.json' mode='a' encoding='UTF-8'> and week3-roots.pem
Creating connection for 38.102.1.96 using <_io.TextIOWrapper name='logs.json' mode='a' encoding='UTF-8'> and week3-roots.pem
CONNECTION ERROR:  
CONNECTION ERROR:  
Creating connection for 172.67.211.234 using <_io.TextIOWrapper name='logs.json' mode='a' encoding='UTF-8'> and week3-roots.pem
CONNECTION ERROR:  
CONNECTION ERROR:  
Creating connection for 178.18.207.196 using <_io.TextIOWrapper name='logs.json' mode='a' encoding='UTF-8'> and week3-roots.pem
CONNECTION ERROR:  
Creating connection for 52.4.98.187 using <_io.TextIOWrapper name='logs.json' mode='a' encoding='UTF-8'> and week3-roots.pem
Creating connection for 172.67.131.185 using <_io.TextIOWrapper name='logs.json' mode='a' encoding='UTF-8'> and week3-roots.pem
CONNECTION ERROR:  
CONNECTION ERROR: Creating connection for 52.4.225.124 using <_io.TextIOWrapper name='logs.json' mode='a' encoding='UTF-8'> and week3-roots.pem
 
Creating connection for 163.29.249.131 using <_io.TextIOWrapper name='logs.json' mode='a' encoding='UTF-8'> and week3-roots.pem
Creating connection for 35.197.82.226 using <_io.TextIOWrapper name='logs.json' mode='a' encoding='UTF-8'> and week3-roots.pem
Creating connection for 172.67.193.164 using <_io.TextIOWrapper name='logs.json' mode='a' encoding='UTF-8'> and week3-roots.pem
Creating connection for 51.210.65.179 using <_io.TextIOWrapper name='logs.json' mode='a' encoding='UTF-8'> and week3-roots.pem
Creating connection for 88.208.46.53 using <_io.TextIOWrapper name='logs.json' mode='a' encoding='UTF-8'> and week3-roots.pem
Creating connection for 188.114.97.2 using <_io.TextIOWrapper name='logs.json' mode='a' encoding='UTF-8'> and week3-roots.pem
CONNECTION ERROR:  timed out
CONNECTION ERROR:  
CONNECTION ERROR:  
CONNECTION ERROR:  
CONNECTION ERROR:  
Creating connection for 192.104.182.109 using <_io.TextIOWrapper name='logs.json' mode='a' encoding='UTF-8'> and week3-roots.pem
CONNECTION ERROR:  
Creating connection for 31.13.67.19 using <_io.TextIOWrapper name='logs.json' mode='a' encoding='UTF-8'> and week3-roots.pem
Creating connection for 75.2.117.16 using <_io.TextIOWrapper name='logs.json' mode='a' encoding='UTF-8'> and week3-roots.pem
CONNECTION ERROR:  
Creating connection for 192.243.61.227 using <_io.TextIOWrapper name='logs.json' mode='a' encoding='UTF-8'> and week3-roots.pem
CONNECTION ERROR:  
CONNECTION ERROR:  [Errno 111] Connection refused
Creating connection for 54.81.47.122 using <_io.TextIOWrapper name='logs.json' mode='a' encoding='UTF-8'> and week3-roots.pem
CONNECTION ERROR:  (32, 'EPIPE')
CONNECTION ERROR:  
Creating connection for 104.18.15.103 using <_io.TextIOWrapper name='logs.json' mode='a' encoding='UTF-8'> and week3-roots.pem
CONNECTION ERROR:  
Creating connection for 141.193.213.20 using <_io.TextIOWrapper name='logs.json' mode='a' encoding='UTF-8'> and week3-roots.pem
Creating connection for 34.91.95.185 using <_io.TextIOWrapper name='logs.json' mode='a' encoding='UTF-8'> and week3-roots.pem
Creating connection for 65.21.144.208 using <_io.TextIOWrapper name='logs.json' mode='a' encoding='UTF-8'> and week3-roots.pem
Creating connection for 185.244.218.180 using <_io.TextIOWrapper name='logs.json' mode='a' encoding='UTF-8'> and week3-roots.pem
Creating connection for 38.29.223.185 using <_io.TextIOWrapper name='logs.json' mode='a' encoding='UTF-8'> and week3-roots.pem
CONNECTION ERROR:  
CONNECTION ERROR:  
Creating connection for 104.21.22.25 using <_io.TextIOWrapper name='logs.json' mode='a' encoding='UTF-8'> and week3-roots.pem
CONNECTION ERROR:  
Creating connection for 216.239.34.21 using <_io.TextIOWrapper name='logs.json' mode='a' encoding='UTF-8'> and week3-roots.pem
Creating connection for 172.67.131.17 using <_io.TextIOWrapper name='logs.json' mode='a' encoding='UTF-8'> and week3-roots.pem
Creating connection for 95.31.18.151 using <_io.TextIOWrapper name='logs.json' mode='a' encoding='UTF-8'> and week3-roots.pem
CONNECTION ERROR:  
CONNECTION ERROR:  
Creating connection for 212.32.251.44 using <_io.TextIOWrapper name='logs.json' mode='a' encoding='UTF-8'> and week3-roots.pem
CONNECTION ERROR:  
Creating connection for 104.24.8.25 using <_io.TextIOWrapper name='logs.json' mode='a' encoding='UTF-8'> and week3-roots.pem
Creating connection for 195.179.237.87 using <_io.TextIOWrapper name='logs.json' mode='a' encoding='UTF-8'> and week3-roots.pem
Creating connection for 116.202.168.241 using <_io.TextIOWrapper name='logs.json' mode='a' encoding='UTF-8'> and week3-roots.pem
Creating connection for 172.67.71.34 using <_io.TextIOWrapper name='logs.json' mode='a' encoding='UTF-8'> and week3-roots.pem
CONNECTION ERROR:  
CONNECTION ERROR:  
CONNECTION ERROR:  
Creating connection for 62.149.128.154 using <_io.TextIOWrapper name='logs.json' mode='a' encoding='UTF-8'> and week3-roots.pem
Creating connection for 104.16.179.10 using <_io.TextIOWrapper name='logs.json' mode='a' encoding='UTF-8'> and week3-roots.pem
CONNECTION ERROR:  
CONNECTION ERROR:  
Creating connection for 87.230.62.243 using <_io.TextIOWrapper name='logs.json' mode='a' encoding='UTF-8'> and week3-roots.pem
CONNECTION ERROR:  timed out
Creating connection for 209.222.235.48 using <_io.TextIOWrapper name='logs.json' mode='a' encoding='UTF-8'> and week3-roots.pem
CONNECTION ERROR:  
CONNECTION ERROR:  
Creating connection for 153.92.194.79 using <_io.TextIOWrapper name='logs.json' mode='a' encoding='UTF-8'> and week3-roots.pem
CONNECTION ERROR:  
Creating connection for 104.18.4.62 using <_io.TextIOWrapper name='logs.json' mode='a' encoding='UTF-8'> and week3-roots.pem
Creating connection for 172.247.24.238 using <_io.TextIOWrapper name='logs.json' mode='a' encoding='UTF-8'> and week3-roots.pem
Creating connection for 209.68.23.71 using <_io.TextIOWrapper name='logs.json' mode='a' encoding='UTF-8'> and week3-roots.pem
CONNECTION ERROR:  
Creating connection for 85.209.12.20 using <_io.TextIOWrapper name='logs.json' mode='a' encoding='UTF-8'> and week3-roots.pem
CONNECTION ERROR:  
CONNECTION ERROR:  
CONNECTION ERROR:  
CONNECTION ERROR:  
CONNECTION ERROR:  timed out
CONNECTION ERROR:  
CONNECTION ERROR:  
Creating connection for 172.64.151.26 using <_io.TextIOWrapper name='logs.json' mode='a' encoding='UTF-8'> and week3-roots.pem
Creating connection for 195.88.208.199 using <_io.TextIOWrapper name='logs.json' mode='a' encoding='UTF-8'> and week3-roots.pem
CONNECTION ERROR:  [Errno 111] Connection refused
CONNECTION ERROR:  
CONNECTION ERROR:  (32, 'EPIPE')
Creating connection for 104.109.143.163 using <_io.TextIOWrapper name='logs.json' mode='a' encoding='UTF-8'> and week3-roots.pem
Creating connection for 104.21.23.139 using <_io.TextIOWrapper name='logs.json' mode='a' encoding='UTF-8'> and week3-roots.pem
CONNECTION ERROR:  
CONNECTION ERROR:  
Creating connection for 136.144.153.91 using <_io.TextIOWrapper name='logs.json' mode='a' encoding='UTF-8'> and week3-roots.pem
Creating connection for 203.32.33.26 using <_io.TextIOWrapper name='logs.json' mode='a' encoding='UTF-8'> and week3-roots.pem
Creating connection for 192.185.16.25 using <_io.TextIOWrapper name='logs.json' mode='a' encoding='UTF-8'> and week3-roots.pem
CONNECTION ERROR:  
Creating connection for 172.67.189.130 using <_io.TextIOWrapper name='logs.json' mode='a' encoding='UTF-8'> and week3-roots.pem
Creating connection for 47.246.48.226 using <_io.TextIOWrapper name='logs.json' mode='a' encoding='UTF-8'> and week3-roots.pem
Creating connection for 128.199.160.153 using <_io.TextIOWrapper name='logs.json' mode='a' encoding='UTF-8'> and week3-roots.pem
CONNECTION ERROR:  
Creating connection for 172.67.9.239 using <_io.TextIOWrapper name='logs.json' mode='a' encoding='UTF-8'> and week3-roots.pem
CONNECTION ERROR:  
Creating connection for 65.9.86.52 using <_io.TextIOWrapper name='logs.json' mode='a' encoding='UTF-8'> and week3-roots.pem
CONNECTION ERROR:  
CONNECTION ERROR:  
Creating connection for 188.132.204.208 using <_io.TextIOWrapper name='logs.json' mode='a' encoding='UTF-8'> and week3-roots.pem
CONNECTION ERROR:  
CONNECTION ERROR:  
CONNECTION ERROR:  
Creating connection for 198.54.117.216 using <_io.TextIOWrapper name='logs.json' mode='a' encoding='UTF-8'> and week3-roots.pem
Creating connection for 5.61.52.135 using <_io.TextIOWrapper name='logs.json' mode='a' encoding='UTF-8'> and week3-roots.pem
CONNECTION ERROR:  timed out
CONNECTION ERROR:  timed out
CONNECTION ERROR:  
Creating connection for 140.82.19.171 using <_io.TextIOWrapper name='logs.json' mode='a' encoding='UTF-8'> and week3-roots.pem
Creating connection for 199.21.76.77 using <_io.TextIOWrapper name='logs.json' mode='a' encoding='UTF-8'> and week3-roots.pem
Creating connection for 104.21.68.151 using <_io.TextIOWrapper name='logs.json' mode='a' encoding='UTF-8'> and week3-roots.pem
CONNECTION ERROR:  
Creating connection for 52.21.227.162 using <_io.TextIOWrapper name='logs.json' mode='a' encoding='UTF-8'> and week3-roots.pem
Creating connection for 98.129.229.209 using <_io.TextIOWrapper name='logs.json' mode='a' encoding='UTF-8'> and week3-roots.pem
CONNECTION ERROR:  
Creating connection for 104.23.140.16 using <_io.TextIOWrapper name='logs.json' mode='a' encoding='UTF-8'> and week3-roots.pem
CONNECTION ERROR:  
CONNECTION ERROR:  
CONNECTION ERROR:  
CONNECTION ERROR:  
CONNECTION ERROR:  
Creating connection for 188.114.96.12 using <_io.TextIOWrapper name='logs.json' mode='a' encoding='UTF-8'> and week3-roots.pem
Creating connection for 172.67.184.21 using <_io.TextIOWrapper name='logs.json' mode='a' encoding='UTF-8'> and week3-roots.pem
CONNECTION ERROR:  
CONNECTION ERROR:  
Creating connection for 185.57.66.215 using <_io.TextIOWrapper name='logs.json' mode='a' encoding='UTF-8'> and week3-roots.pem
CONNECTION ERROR:  timed out
Creating connection for 76.76.21.93 using <_io.TextIOWrapper name='logs.json' mode='a' encoding='UTF-8'> and week3-roots.pem
Creating connection for 44.233.202.43 using <_io.TextIOWrapper name='logs.json' mode='a' encoding='UTF-8'> and week3-roots.pem
CONNECTION ERROR:  
CONNECTION ERROR:  
Creating connection for 178.33.22.55 using <_io.TextIOWrapper name='logs.json' mode='a' encoding='UTF-8'> and week3-roots.pem
CONNECTION ERROR:  
Creating connection for 172.67.203.124 using <_io.TextIOWrapper name='logs.json' mode='a' encoding='UTF-8'> and week3-roots.pem
CONNECTION ERROR:  
CONNECTION ERROR:  timed out
CONNECTION ERROR:  
Creating connection for 50.116.27.99 using <_io.TextIOWrapper name='logs.json' mode='a' encoding='UTF-8'> and week3-roots.pem
CONNECTION ERROR:  
CONNECTION ERROR:  
CONNECTION ERROR:  [Errno 111] Connection refused
Creating connection for 156.230.220.233 using <_io.TextIOWrapper name='logs.json' mode='a' encoding='UTF-8'> and week3-roots.pem
CONNECTION ERROR:  
CONNECTION ERROR:  (32, 'EPIPE')
Creating connection for 104.26.6.205 using <_io.TextIOWrapper name='logs.json' mode='a' encoding='UTF-8'> and week3-roots.pem
Creating connection for 3.94.75.226 using <_io.TextIOWrapper name='logs.json' mode='a' encoding='UTF-8'> and week3-roots.pem
CONNECTION ERROR:  
CONNECTION ERROR:  
Creating connection for 172.66.42.232 using <_io.TextIOWrapper name='logs.json' mode='a' encoding='UTF-8'> and week3-roots.pem
Creating connection for 216.239.34.21 using <_io.TextIOWrapper name='logs.json' mode='a' encoding='UTF-8'> and week3-roots.pem
Creating connection for 52.7.249.154 using <_io.TextIOWrapper name='logs.json' mode='a' encoding='UTF-8'> and week3-roots.pem
Creating connection for 104.109.143.160 using <_io.TextIOWrapper name='logs.json' mode='a' encoding='UTF-8'> and week3-roots.pem
Creating connection for 185.199.110.153 using <_io.TextIOWrapper name='logs.json' mode='a' encoding='UTF-8'> and week3-roots.pem
Creating connection for 172.67.72.44 using <_io.TextIOWrapper name='logs.json' mode='a' encoding='UTF-8'> and week3-roots.pem
Creating connection for 203.23.106.22 using <_io.TextIOWrapper name='logs.json' mode='a' encoding='UTF-8'> and week3-roots.pem
CONNECTION ERROR:  
Creating connection for 75.2.14.68 using <_io.TextIOWrapper name='logs.json' mode='a' encoding='UTF-8'> and week3-roots.pem
Creating connection for 54.157.4.65 using <_io.TextIOWrapper name='logs.json' mode='a' encoding='UTF-8'> and week3-roots.pem
CONNECTION ERROR:  
CONNECTION ERROR:  
CONNECTION ERROR:  
CONNECTION ERROR:  
CONNECTION ERROR:  timed out
Creating connection for 139.45.197.239 using <_io.TextIOWrapper name='logs.json' mode='a' encoding='UTF-8'> and week3-roots.pem
CONNECTION ERROR:  
Creating connection for 51.254.53.97 using <_io.TextIOWrapper name='logs.json' mode='a' encoding='UTF-8'> and week3-roots.pem
Creating connection for 65.9.86.23 using <_io.TextIOWrapper name='logs.json' mode='a' encoding='UTF-8'> and week3-roots.pem
CONNECTION ERROR:  
Creating connection for 104.26.15.141 using <_io.TextIOWrapper name='logs.json' mode='a' encoding='UTF-8'> and week3-roots.pem
Creating connection for 184.168.103.119 using <_io.TextIOWrapper name='logs.json' mode='a' encoding='UTF-8'> and week3-roots.pem
CONNECTION ERROR:  
CONNECTION ERROR:  
CONNECTION ERROR:  
CONNECTION ERROR:  
CONNECTION ERROR:  timed out
CONNECTION ERROR:  
CONNECTION ERROR:  
CONNECTION ERROR:  
CONNECTION ERROR:  
Creating connection for 66.37.10.114 using <_io.TextIOWrapper name='logs.json' mode='a' encoding='UTF-8'> and week3-roots.pem
Creating connection for 198.54.121.162 using <_io.TextIOWrapper name='logs.json' mode='a' encoding='UTF-8'> and week3-roots.pem
CONNECTION ERROR:  
Creating connection for 67.227.226.240 using <_io.TextIOWrapper name='logs.json' mode='a' encoding='UTF-8'> and week3-roots.pem
Creating connection for 165.22.123.213 using <_io.TextIOWrapper name='logs.json' mode='a' encoding='UTF-8'> and week3-roots.pem
CONNECTION ERROR:  
CONNECTION ERROR:  
Creating connection for 72.1.32.168 using <_io.TextIOWrapper name='logs.json' mode='a' encoding='UTF-8'> and week3-roots.pem
CONNECTION ERROR:  
Creating connection for 199.60.103.225 using <_io.TextIOWrapper name='logs.json' mode='a' encoding='UTF-8'> and week3-roots.pem
CONNECTION ERROR:  
Creating connection for 64.207.183.135 using <_io.TextIOWrapper name='logs.json' mode='a' encoding='UTF-8'> and week3-roots.pem
Creating connection for 216.239.32.21 using <_io.TextIOWrapper name='logs.json' mode='a' encoding='UTF-8'> and week3-roots.pem
Creating connection for 45.60.1.160 using <_io.TextIOWrapper name='logs.json' mode='a' encoding='UTF-8'> and week3-roots.pem
Creating connection for 115.85.25.199 using <_io.TextIOWrapper name='logs.json' mode='a' encoding='UTF-8'> and week3-roots.pem
CONNECTION ERROR:  
CONNECTION ERROR:  
Creating connection for 162.242.219.107 using <_io.TextIOWrapper name='logs.json' mode='a' encoding='UTF-8'> and week3-roots.pem
Creating connection for 104.22.35.198 using <_io.TextIOWrapper name='logs.json' mode='a' encoding='UTF-8'> and week3-roots.pem
Creating connection for 104.26.6.11 using <_io.TextIOWrapper name='logs.json' mode='a' encoding='UTF-8'> and week3-roots.pem
CONNECTION ERROR:  
CONNECTION ERROR:  
CONNECTION ERROR:  
CONNECTION ERROR:  timed out
CONNECTION ERROR:  
Creating connection for 193.227.69.7 using <_io.TextIOWrapper name='logs.json' mode='a' encoding='UTF-8'> and week3-roots.pem
Creating connection for 139.99.182.80 using <_io.TextIOWrapper name='logs.json' mode='a' encoding='UTF-8'> and week3-roots.pem
Creating connection for 62.149.12.62 using <_io.TextIOWrapper name='logs.json' mode='a' encoding='UTF-8'> and week3-roots.pem
Creating connection for 45.60.11.160 using <_io.TextIOWrapper name='logs.json' mode='a' encoding='UTF-8'> and week3-roots.pem
CONNECTION ERROR:  
CONNECTION ERROR:  
CONNECTION ERROR:  
Creating connection for 172.67.211.220 using <_io.TextIOWrapper name='logs.json' mode='a' encoding='UTF-8'> and week3-roots.pem
Creating connection for 85.17.31.152 using <_io.TextIOWrapper name='logs.json' mode='a' encoding='UTF-8'> and week3-roots.pem
CONNECTION ERROR:  
CONNECTION ERROR:  
CONNECTION ERROR:  
Creating connection for 154.212.120.145 using <_io.TextIOWrapper name='logs.json' mode='a' encoding='UTF-8'> and week3-roots.pem
CONNECTION ERROR:  
Creating connection for 74.218.130.98 using <_io.TextIOWrapper name='logs.json' mode='a' encoding='UTF-8'> and week3-roots.pem
Creating connection for 192.243.61.227 using <_io.TextIOWrapper name='logs.json' mode='a' encoding='UTF-8'> and week3-roots.pem
Creating connection for 217.138.208.36 using <_io.TextIOWrapper name='logs.json' mode='a' encoding='UTF-8'> and week3-roots.pem
CONNECTION ERROR:  
Creating connection for 45.130.41.12 using <_io.TextIOWrapper name='logs.json' mode='a' encoding='UTF-8'> and week3-roots.pem
CONNECTION ERROR:  
Creating connection for 172.67.42.1 using <_io.TextIOWrapper name='logs.json' mode='a' encoding='UTF-8'> and week3-roots.pem
Creating connection for 208.76.175.43 using <_io.TextIOWrapper name='logs.json' mode='a' encoding='UTF-8'> and week3-roots.pem
Creating connection for 168.61.159.114 using <_io.TextIOWrapper name='logs.json' mode='a' encoding='UTF-8'> and week3-roots.pem
CONNECTION ERROR:  
CONNECTION ERROR:  
CONNECTION ERROR:  
Creating connection for 46.229.165.23 using <_io.TextIOWrapper name='logs.json' mode='a' encoding='UTF-8'> and week3-roots.pem
Creating connection for 94.182.185.4 using <_io.TextIOWrapper name='logs.json' mode='a' encoding='UTF-8'> and week3-roots.pem
Creating connection for 54.194.90.21 using <_io.TextIOWrapper name='logs.json' mode='a' encoding='UTF-8'> and week3-roots.pem
Creating connection for 94.23.73.212 using <_io.TextIOWrapper name='logs.json' mode='a' encoding='UTF-8'> and week3-roots.pem
CONNECTION ERROR:  
Creating connection for 78.46.103.34 using <_io.TextIOWrapper name='logs.json' mode='a' encoding='UTF-8'> and week3-roots.pem
Creating connection for 146.101.4.17 using <_io.TextIOWrapper name='logs.json' mode='a' encoding='UTF-8'> and week3-roots.pem
CONNECTION ERROR:  
Creating connection for 212.109.195.71 using <_io.TextIOWrapper name='logs.json' mode='a' encoding='UTF-8'> and week3-roots.pem
CONNECTION ERROR:  
CONNECTION ERROR:  
Creating connection for 172.67.145.98 using <_io.TextIOWrapper name='logs.json' mode='a' encoding='UTF-8'> and week3-roots.pem
CONNECTION ERROR:  
CONNECTION ERROR:  
CONNECTION ERROR:  
Creating connection for 23.92.16.162 using <_io.TextIOWrapper name='logs.json' mode='a' encoding='UTF-8'> and week3-roots.pem
Creating connection for 199.60.103.29 using <_io.TextIOWrapper name='logs.json' mode='a' encoding='UTF-8'> and week3-roots.pem
CONNECTION ERROR:  
Creating connection for 37.251.172.90 using <_io.TextIOWrapper name='logs.json' mode='a' encoding='UTF-8'> and week3-roots.pem
Creating connection for 52.192.182.248 using <_io.TextIOWrapper name='logs.json' mode='a' encoding='UTF-8'> and week3-roots.pem
CONNECTION ERROR:  
Creating connection for 192.161.187.200 using <_io.TextIOWrapper name='logs.json' mode='a' encoding='UTF-8'> and week3-roots.pem
Creating connection for 104.196.170.174 using <_io.TextIOWrapper name='logs.json' mode='a' encoding='UTF-8'> and week3-roots.pem
Creating connection for 69.48.150.136 using <_io.TextIOWrapper name='logs.json' mode='a' encoding='UTF-8'> and week3-roots.pem
Creating connection for 217.170.7.14 using <_io.TextIOWrapper name='logs.json' mode='a' encoding='UTF-8'> and week3-roots.pem
Creating connection for 104.26.8.89 using <_io.TextIOWrapper name='logs.json' mode='a' encoding='UTF-8'> and week3-roots.pem
Creating connection for 3.33.152.147 using <_io.TextIOWrapper name='logs.json' mode='a' encoding='UTF-8'> and week3-roots.pem
Creating connection for 212.52.167.105 using <_io.TextIOWrapper name='logs.json' mode='a' encoding='UTF-8'> and week3-roots.pem
Creating connection for 203.154.55.5 using <_io.TextIOWrapper name='logs.json' mode='a' encoding='UTF-8'> and week3-roots.pem
Creating connection for 172.67.158.144 using <_io.TextIOWrapper name='logs.json' mode='a' encoding='UTF-8'> and week3-roots.pem
Creating connection for 3.127.101.123 using <_io.TextIOWrapper name='logs.json' mode='a' encoding='UTF-8'> and week3-roots.pem
Creating connection for 45.60.197.200 using <_io.TextIOWrapper name='logs.json' mode='a' encoding='UTF-8'> and week3-roots.pem
Creating connection for 3.64.163.50 using <_io.TextIOWrapper name='logs.json' mode='a' encoding='UTF-8'> and week3-roots.pem
CONNECTION ERROR:  
CONNECTION ERROR:  [Errno 111] Connection refused
CONNECTION ERROR:  
CONNECTION ERROR:  
CONNECTION ERROR:  
CONNECTION ERROR:  (32, 'EPIPE')
CONNECTION ERROR:  [Errno 111] Connection refused
CONNECTION ERROR:  timed out
CONNECTION ERROR:  (32, 'EPIPE')
CONNECTION ERROR:  
CONNECTION ERROR:  
CONNECTION ERROR:  
CONNECTION ERROR:  
CONNECTION ERROR:  
Creating connection for 54.93.63.82 using <_io.TextIOWrapper name='logs.json' mode='a' encoding='UTF-8'> and week3-roots.pem
CONNECTION ERROR:  
Creating connection for 172.66.40.237 using <_io.TextIOWrapper name='logs.json' mode='a' encoding='UTF-8'> and week3-roots.pem
CONNECTION ERROR:  
CONNECTION ERROR:  
CONNECTION ERROR:  
CONNECTION ERROR:  
Creating connection for 107.180.104.22 using <_io.TextIOWrapper name='logs.json' mode='a' encoding='UTF-8'> and week3-roots.pem
Creating connection for 104.21.43.244 using <_io.TextIOWrapper name='logs.json' mode='a' encoding='UTF-8'> and week3-roots.pem
Creating connection for 149.28.133.61 using <_io.TextIOWrapper name='logs.json' mode='a' encoding='UTF-8'> and week3-roots.pem
Creating connection for 82.98.136.52 using <_io.TextIOWrapper name='logs.json' mode='a' encoding='UTF-8'> and week3-roots.pem
Creating connection for 65.9.86.90 using <_io.TextIOWrapper name='logs.json' mode='a' encoding='UTF-8'> and week3-roots.pem
Creating connection for 200.229.195.203 using <_io.TextIOWrapper name='logs.json' mode='a' encoding='UTF-8'> and week3-roots.pem
CONNECTION ERROR:  
CONNECTION ERROR:  
CONNECTION ERROR:  timed out
CONNECTION ERROR:  
CONNECTION ERROR:  
Creating connection for 188.128.85.11 using <_io.TextIOWrapper name='logs.json' mode='a' encoding='UTF-8'> and week3-roots.pem
Creating connection for 188.114.97.2 using <_io.TextIOWrapper name='logs.json' mode='a' encoding='UTF-8'> and week3-roots.pem
CONNECTION ERROR:  
Creating connection for 172.67.171.129 using <_io.TextIOWrapper name='logs.json' mode='a' encoding='UTF-8'> and week3-roots.pem
CONNECTION ERROR:  
Creating connection for 104.21.20.54 using <_io.TextIOWrapper name='logs.json' mode='a' encoding='UTF-8'> and week3-roots.pem
CONNECTION ERROR:  
CONNECTION ERROR:  
CONNECTION ERROR:  
Creating connection for 185.87.148.212 using <_io.TextIOWrapper name='logs.json' mode='a' encoding='UTF-8'> and week3-roots.pem
Creating connection for 34.218.149.246 using <_io.TextIOWrapper name='logs.json' mode='a' encoding='UTF-8'> and week3-roots.pem
CONNECTION ERROR:  
CONNECTION ERROR:  
CONNECTION ERROR:  timed out
CONNECTION ERROR:  
CONNECTION ERROR:  
CONNECTION ERROR:  
Creating connection for 54.186.23.80 using <_io.TextIOWrapper name='logs.json' mode='a' encoding='UTF-8'> and week3-roots.pem
CONNECTION ERROR:  
Creating connection for 172.67.160.244 using <_io.TextIOWrapper name='logs.json' mode='a' encoding='UTF-8'> and week3-roots.pem
Creating connection for 91.222.136.87 using <_io.TextIOWrapper name='logs.json' mode='a' encoding='UTF-8'> and week3-roots.pem
CONNECTION ERROR:  
CONNECTION ERROR:  timed out
CONNECTION ERROR:  
CONNECTION ERROR:  
Creating connection for 102.129.139.164 using <_io.TextIOWrapper name='logs.json' mode='a' encoding='UTF-8'> and week3-roots.pem
Creating connection for 176.53.160.146 using <_io.TextIOWrapper name='logs.json' mode='a' encoding='UTF-8'> and week3-roots.pem
CONNECTION ERROR:  
Creating connection for 65.9.86.129 using <_io.TextIOWrapper name='logs.json' mode='a' encoding='UTF-8'> and week3-roots.pem
Creating connection for 161.117.96.20 using <_io.TextIOWrapper name='logs.json' mode='a' encoding='UTF-8'> and week3-roots.pem
CONNECTION ERROR:  
CONNECTION ERROR:  
Creating connection for 104.21.19.80 using <_io.TextIOWrapper name='logs.json' mode='a' encoding='UTF-8'> and week3-roots.pem
CONNECTION ERROR:  
Creating connection for 203.176.128.88 using <_io.TextIOWrapper name='logs.json' mode='a' encoding='UTF-8'> and week3-roots.pem
Creating connection for 172.66.42.228 using <_io.TextIOWrapper name='logs.json' mode='a' encoding='UTF-8'> and week3-roots.pem
CONNECTION ERROR:  [Errno 111] Connection refused
CONNECTION ERROR:  
CONNECTION ERROR:  
CONNECTION ERROR:  (32, 'EPIPE')
CONNECTION ERROR:  
CONNECTION ERROR:  
Creating connection for 52.35.104.127 using <_io.TextIOWrapper name='logs.json' mode='a' encoding='UTF-8'> and week3-roots.pem
CONNECTION ERROR:  
CONNECTION ERROR:  
Creating connection for 96.30.52.60 using <_io.TextIOWrapper name='logs.json' mode='a' encoding='UTF-8'> and week3-roots.pem
Creating connection for 162.144.86.32 using <_io.TextIOWrapper name='logs.json' mode='a' encoding='UTF-8'> and week3-roots.pem
CONNECTION ERROR:  
Creating connection for 45.60.108.64 using <_io.TextIOWrapper name='logs.json' mode='a' encoding='UTF-8'> and week3-roots.pem
CONNECTION ERROR:  [Errno 111] Connection refused
CONNECTION ERROR:  (32, 'EPIPE')
CONNECTION ERROR:  
CONNECTION ERROR:  
Creating connection for 104.26.8.227 using <_io.TextIOWrapper name='logs.json' mode='a' encoding='UTF-8'> and week3-roots.pem
Creating connection for 64.190.63.111 using <_io.TextIOWrapper name='logs.json' mode='a' encoding='UTF-8'> and week3-roots.pem
Creating connection for 198.54.117.217 using <_io.TextIOWrapper name='logs.json' mode='a' encoding='UTF-8'> and week3-roots.pem
Creating connection for 142.93.176.23 using <_io.TextIOWrapper name='logs.json' mode='a' encoding='UTF-8'> and week3-roots.pem
Creating connection for 104.21.87.36 using <_io.TextIOWrapper name='logs.json' mode='a' encoding='UTF-8'> and week3-roots.pem
Creating connection for 104.21.27.203 using <_io.TextIOWrapper name='logs.json' mode='a' encoding='UTF-8'> and week3-roots.pem
Creating connection for 104.21.234.57 using <_io.TextIOWrapper name='logs.json' mode='a' encoding='UTF-8'> and week3-roots.pem
CONNECTION ERROR:  
Creating connection for 3.125.7.198 using <_io.TextIOWrapper name='logs.json' mode='a' encoding='UTF-8'> and week3-roots.pem
CONNECTION ERROR:  
Creating connection for 89.46.107.244 using <_io.TextIOWrapper name='logs.json' mode='a' encoding='UTF-8'> and week3-roots.pem
CONNECTION ERROR:  
CONNECTION ERROR:  
CONNECTION ERROR:  
Creating connection for 122.10.221.9 using <_io.TextIOWrapper name='logs.json' mode='a' encoding='UTF-8'> and week3-roots.pem
CONNECTION ERROR:  
CONNECTION ERROR:  
Creating connection for 206.18.111.36 using <_io.TextIOWrapper name='logs.json' mode='a' encoding='UTF-8'> and week3-roots.pem
Creating connection for 65.9.86.70 using <_io.TextIOWrapper name='logs.json' mode='a' encoding='UTF-8'> and week3-roots.pem
CONNECTION ERROR:  
Creating connection for 67.227.136.22 using <_io.TextIOWrapper name='logs.json' mode='a' encoding='UTF-8'> and week3-roots.pem
Creating connection for 157.90.4.172 using <_io.TextIOWrapper name='logs.json' mode='a' encoding='UTF-8'> and week3-roots.pem
CONNECTION ERROR:  [Errno 111] Connection refused
Creating connection for 65.9.86.33 using <_io.TextIOWrapper name='logs.json' mode='a' encoding='UTF-8'> and week3-roots.pem
CONNECTION ERROR:  (32, 'EPIPE')
CONNECTION ERROR:  
CONNECTION ERROR:  
CONNECTION ERROR:  
Creating connection for 82.144.103.39 using <_io.TextIOWrapper name='logs.json' mode='a' encoding='UTF-8'> and week3-roots.pem
Creating connection for 188.114.96.12 using <_io.TextIOWrapper name='logs.json' mode='a' encoding='UTF-8'> and week3-roots.pem
Creating connection for 23.227.38.32 using <_io.TextIOWrapper name='logs.json' mode='a' encoding='UTF-8'> and week3-roots.pem
Creating connection for 95.101.27.17 using <_io.TextIOWrapper name='logs.json' mode='a' encoding='UTF-8'> and week3-roots.pem
Creating connection for 103.224.182.253 using <_io.TextIOWrapper name='logs.json' mode='a' encoding='UTF-8'> and week3-roots.pem
CONNECTION ERROR:  [Errno 111] Connection refused
CONNECTION ERROR:  (32, 'EPIPE')
Creating connection for 52.202.129.138 using <_io.TextIOWrapper name='logs.json' mode='a' encoding='UTF-8'> and week3-roots.pem
Creating connection for 79.171.117.80 using <_io.TextIOWrapper name='logs.json' mode='a' encoding='UTF-8'> and week3-roots.pem
CONNECTION ERROR:  
CONNECTION ERROR:  
CONNECTION ERROR:  
CONNECTION ERROR:  
CONNECTION ERROR:  
CONNECTION ERROR:  
CONNECTION ERROR:  
Creating connection for 52.215.23.134 using <_io.TextIOWrapper name='logs.json' mode='a' encoding='UTF-8'> and week3-roots.pem
CONNECTION ERROR:  
CONNECTION ERROR:  
Creating connection for 132.177.204.5 using <_io.TextIOWrapper name='logs.json' mode='a' encoding='UTF-8'> and week3-roots.pem
CONNECTION ERROR:  
Creating connection for 202.238.151.102 using <_io.TextIOWrapper name='logs.json' mode='a' encoding='UTF-8'> and week3-roots.pem
CONNECTION ERROR:  
CONNECTION ERROR:  
Creating connection for 164.132.181.210 using <_io.TextIOWrapper name='logs.json' mode='a' encoding='UTF-8'> and week3-roots.pem
CONNECTION ERROR:  
CONNECTION ERROR:  
CONNECTION ERROR:  
CONNECTION ERROR:  
Creating connection for 84.252.136.55 using <_io.TextIOWrapper name='logs.json' mode='a' encoding='UTF-8'> and week3-roots.pem
CONNECTION ERROR:  
Creating connection for 87.106.253.111 using <_io.TextIOWrapper name='logs.json' mode='a' encoding='UTF-8'> and week3-roots.pem
Creating connection for 104.20.16.107 using <_io.TextIOWrapper name='logs.json' mode='a' encoding='UTF-8'> and week3-roots.pem
Creating connection for 75.119.148.190 using <_io.TextIOWrapper name='logs.json' mode='a' encoding='UTF-8'> and week3-roots.pem
CONNECTION ERROR:  
Creating connection for 217.174.247.33 using <_io.TextIOWrapper name='logs.json' mode='a' encoding='UTF-8'> and week3-roots.pem
Creating connection for 172.67.212.182 using <_io.TextIOWrapper name='logs.json' mode='a' encoding='UTF-8'> and week3-roots.pem
CONNECTION ERROR:  
CONNECTION ERROR:  
Creating connection for 194.107.40.38 using <_io.TextIOWrapper name='logs.json' mode='a' encoding='UTF-8'> and week3-roots.pem
Creating connection for 54.64.247.131 using <_io.TextIOWrapper name='logs.json' mode='a' encoding='UTF-8'> and week3-roots.pem
Creating connection for 104.21.9.138 using <_io.TextIOWrapper name='logs.json' mode='a' encoding='UTF-8'> and week3-roots.pem
Creating connection for 199.188.205.199 using <_io.TextIOWrapper name='logs.json' mode='a' encoding='UTF-8'> and week3-roots.pem
CONNECTION ERROR:  
Creating connection for 192.185.215.91 using <_io.TextIOWrapper name='logs.json' mode='a' encoding='UTF-8'> and week3-roots.pem
CONNECTION ERROR:  
Creating connection for 185.204.219.126 using <_io.TextIOWrapper name='logs.json' mode='a' encoding='UTF-8'> and week3-roots.pem
CONNECTION ERROR:  [Errno 111] Connection refused
Creating connection for 104.18.24.188 using <_io.TextIOWrapper name='logs.json' mode='a' encoding='UTF-8'> and week3-roots.pem
Creating connection for 128.204.213.61 using <_io.TextIOWrapper name='logs.json' mode='a' encoding='UTF-8'> and week3-roots.pem
CONNECTION ERROR:  
Creating connection for 149.7.16.209 using <_io.TextIOWrapper name='logs.json' mode='a' encoding='UTF-8'> and week3-roots.pem
CONNECTION ERROR:  
Creating connection for 172.67.204.212 using <_io.TextIOWrapper name='logs.json' mode='a' encoding='UTF-8'> and week3-roots.pem
CONNECTION ERROR:  
CONNECTION ERROR:  
Creating connection for 172.67.182.158 using <_io.TextIOWrapper name='logs.json' mode='a' encoding='UTF-8'> and week3-roots.pem
Creating connection for 104.21.235.206 using <_io.TextIOWrapper name='logs.json' mode='a' encoding='UTF-8'> and week3-roots.pem
Creating connection for 104.21.34.125 using <_io.TextIOWrapper name='logs.json' mode='a' encoding='UTF-8'> and week3-roots.pem
Creating connection for 54.88.161.127 using <_io.TextIOWrapper name='logs.json' mode='a' encoding='UTF-8'> and week3-roots.pem
Creating connection for 172.67.199.35 using <_io.TextIOWrapper name='logs.json' mode='a' encoding='UTF-8'> and week3-roots.pem
Creating connection for 23.253.184.55 using <_io.TextIOWrapper name='logs.json' mode='a' encoding='UTF-8'> and week3-roots.pem
CONNECTION ERROR:  
CONNECTION ERROR:  (32, 'EPIPE')
CONNECTION ERROR:  
Creating connection for 65.9.86.16 using <_io.TextIOWrapper name='logs.json' mode='a' encoding='UTF-8'> and week3-roots.pem
CONNECTION ERROR:  
CONNECTION ERROR:  
CONNECTION ERROR:  
Creating connection for 104.21.34.48 using <_io.TextIOWrapper name='logs.json' mode='a' encoding='UTF-8'> and week3-roots.pem
Creating connection for 104.21.21.190 using <_io.TextIOWrapper name='logs.json' mode='a' encoding='UTF-8'> and week3-roots.pem
CONNECTION ERROR:  
Creating connection for 91.221.132.2 using <_io.TextIOWrapper name='logs.json' mode='a' encoding='UTF-8'> and week3-roots.pem
Creating connection for 188.114.96.3 using <_io.TextIOWrapper name='logs.json' mode='a' encoding='UTF-8'> and week3-roots.pem
CONNECTION ERROR:  timed out
CONNECTION ERROR:  
CONNECTION ERROR:  
CONNECTION ERROR:  
CONNECTION ERROR:  
Creating connection for 151.101.66.159 using <_io.TextIOWrapper name='logs.json' mode='a' encoding='UTF-8'> and week3-roots.pem
CONNECTION ERROR:  
CONNECTION ERROR:  
CONNECTION ERROR:  
CONNECTION ERROR:  
CONNECTION ERROR:  
Creating connection for 54.148.189.203 using <_io.TextIOWrapper name='logs.json' mode='a' encoding='UTF-8'> and week3-roots.pem
CONNECTION ERROR:  
CONNECTION ERROR:  
CONNECTION ERROR:  
Creating connection for 94.102.69.60 using <_io.TextIOWrapper name='logs.json' mode='a' encoding='UTF-8'> and week3-roots.pem
CONNECTION ERROR:  
CONNECTION ERROR:  
CONNECTION ERROR:  
CONNECTION ERROR:  
CONNECTION ERROR:  
CONNECTION ERROR:  
CONNECTION ERROR:  
CONNECTION ERROR:  
Creating connection for 65.9.86.83 using <_io.TextIOWrapper name='logs.json' mode='a' encoding='UTF-8'> and week3-roots.pem
Creating connection for 202.91.245.251 using <_io.TextIOWrapper name='logs.json' mode='a' encoding='UTF-8'> and week3-roots.pem
Creating connection for 104.21.69.174 using <_io.TextIOWrapper name='logs.json' mode='a' encoding='UTF-8'> and week3-roots.pem
Creating connection for 65.9.86.48 using <_io.TextIOWrapper name='logs.json' mode='a' encoding='UTF-8'> and week3-roots.pem
Creating connection for 65.9.86.28 using <_io.TextIOWrapper name='logs.json' mode='a' encoding='UTF-8'> and week3-roots.pem
Creating connection for 172.67.71.67 using <_io.TextIOWrapper name='logs.json' mode='a' encoding='UTF-8'> and week3-roots.pem
CONNECTION ERROR:  timed out
Creating connection for 103.159.36.132 using <_io.TextIOWrapper name='logs.json' mode='a' encoding='UTF-8'> and week3-roots.pem
Creating connection for 104.21.45.161 using <_io.TextIOWrapper name='logs.json' mode='a' encoding='UTF-8'> and week3-roots.pem
CONNECTION ERROR:  
Creating connection for 99.83.186.106 using <_io.TextIOWrapper name='logs.json' mode='a' encoding='UTF-8'> and week3-roots.pem
Creating connection for 104.25.4.87 using <_io.TextIOWrapper name='logs.json' mode='a' encoding='UTF-8'> and week3-roots.pem
Creating connection for 172.67.177.120 using <_io.TextIOWrapper name='logs.json' mode='a' encoding='UTF-8'> and week3-roots.pem
CONNECTION ERROR:  
Creating connection for 172.65.64.17 using <_io.TextIOWrapper name='logs.json' mode='a' encoding='UTF-8'> and week3-roots.pem
Creating connection for 167.71.50.107 using <_io.TextIOWrapper name='logs.json' mode='a' encoding='UTF-8'> and week3-roots.pem
Creating connection for 159.69.186.9 using <_io.TextIOWrapper name='logs.json' mode='a' encoding='UTF-8'> and week3-roots.pem
Creating connection for 34.120.199.11 using <_io.TextIOWrapper name='logs.json' mode='a' encoding='UTF-8'> and week3-roots.pem
Creating connection for 94.130.114.6 using <_io.TextIOWrapper name='logs.json' mode='a' encoding='UTF-8'> and week3-roots.pem
Creating connection for 43.245.111.15 using <_io.TextIOWrapper name='logs.json' mode='a' encoding='UTF-8'> and week3-roots.pem
CONNECTION ERROR:  
CONNECTION ERROR:  
CONNECTION ERROR:  
CONNECTION ERROR:  
CONNECTION ERROR:  
CONNECTION ERROR:  
CONNECTION ERROR:  
CONNECTION ERROR:  
CONNECTION ERROR:  
Creating connection for 75.103.92.114 using <_io.TextIOWrapper name='logs.json' mode='a' encoding='UTF-8'> and week3-roots.pem
Creating connection for 192.96.223.11 using <_io.TextIOWrapper name='logs.json' mode='a' encoding='UTF-8'> and week3-roots.pem
CONNECTION ERROR:  
Creating connection for 88.198.64.133 using <_io.TextIOWrapper name='logs.json' mode='a' encoding='UTF-8'> and week3-roots.pem
Creating connection for 35.244.11.196 using <_io.TextIOWrapper name='logs.json' mode='a' encoding='UTF-8'> and week3-roots.pem
Creating connection for 119.3.116.187 using <_io.TextIOWrapper name='logs.json' mode='a' encoding='UTF-8'> and week3-roots.pem
Creating connection for 217.160.0.24 using <_io.TextIOWrapper name='logs.json' mode='a' encoding='UTF-8'> and week3-roots.pem
Creating connection for 143.198.168.174 using <_io.TextIOWrapper name='logs.json' mode='a' encoding='UTF-8'> and week3-roots.pem
CONNECTION ERROR:  
CONNECTION ERROR:  
Creating connection for 209.141.38.71 using <_io.TextIOWrapper name='logs.json' mode='a' encoding='UTF-8'> and week3-roots.pem
Creating connection for 104.26.5.82 using <_io.TextIOWrapper name='logs.json' mode='a' encoding='UTF-8'> and week3-roots.pem
Creating connection for 52.5.181.79 using <_io.TextIOWrapper name='logs.json' mode='a' encoding='UTF-8'> and week3-roots.pem
Creating connection for 65.9.86.5 using <_io.TextIOWrapper name='logs.json' mode='a' encoding='UTF-8'> and week3-roots.pem
Creating connection for 172.67.192.247 using <_io.TextIOWrapper name='logs.json' mode='a' encoding='UTF-8'> and week3-roots.pem
Creating connection for 98.139.28.145 using <_io.TextIOWrapper name='logs.json' mode='a' encoding='UTF-8'> and week3-roots.pem
Creating connection for 104.21.47.199 using <_io.TextIOWrapper name='logs.json' mode='a' encoding='UTF-8'> and week3-roots.pem
Creating connection for 164.138.25.140 using <_io.TextIOWrapper name='logs.json' mode='a' encoding='UTF-8'> and week3-roots.pem
Creating connection for 91.121.246.159 using <_io.TextIOWrapper name='logs.json' mode='a' encoding='UTF-8'> and week3-roots.pem
Creating connection for 187.73.192.100 using <_io.TextIOWrapper name='logs.json' mode='a' encoding='UTF-8'> and week3-roots.pem
CONNECTION ERROR:  
Creating connection for 172.67.178.203 using <_io.TextIOWrapper name='logs.json' mode='a' encoding='UTF-8'> and week3-roots.pem
CONNECTION ERROR:  
CONNECTION ERROR:  
CONNECTION ERROR:  
Creating connection for 217.111.111.119 using <_io.TextIOWrapper name='logs.json' mode='a' encoding='UTF-8'> and week3-roots.pem
CONNECTION ERROR:  
CONNECTION ERROR:  
Creating connection for 104.21.27.60 using <_io.TextIOWrapper name='logs.json' mode='a' encoding='UTF-8'> and week3-roots.pem
CONNECTION ERROR:  
CONNECTION ERROR:  
Creating connection for 104.198.47.241 using <_io.TextIOWrapper name='logs.json' mode='a' encoding='UTF-8'> and week3-roots.pem
Creating connection for 203.24.103.88 using <_io.TextIOWrapper name='logs.json' mode='a' encoding='UTF-8'> and week3-roots.pem
CONNECTION ERROR:  
Creating connection for 204.11.56.48 using <_io.TextIOWrapper name='logs.json' mode='a' encoding='UTF-8'> and week3-roots.pem
Creating connection for 13.234.151.134 using <_io.TextIOWrapper name='logs.json' mode='a' encoding='UTF-8'> and week3-roots.pem
Creating connection for 45.130.41.7 using <_io.TextIOWrapper name='logs.json' mode='a' encoding='UTF-8'> and week3-roots.pem
Creating connection for 62.219.23.120 using <_io.TextIOWrapper name='logs.json' mode='a' encoding='UTF-8'> and week3-roots.pem
Creating connection for 194.213.124.66 using <_io.TextIOWrapper name='logs.json' mode='a' encoding='UTF-8'> and week3-roots.pem
Creating connection for 199.60.103.16 using <_io.TextIOWrapper name='logs.json' mode='a' encoding='UTF-8'> and week3-roots.pem
Creating connection for 104.21.21.16 using <_io.TextIOWrapper name='logs.json' mode='a' encoding='UTF-8'> and week3-roots.pem
CONNECTION ERROR:  
CONNECTION ERROR:  
Creating connection for 141.193.213.20 using <_io.TextIOWrapper name='logs.json' mode='a' encoding='UTF-8'> and week3-roots.pem
CONNECTION ERROR:  
Creating connection for 51.103.4.91 using <_io.TextIOWrapper name='logs.json' mode='a' encoding='UTF-8'> and week3-roots.pem
CONNECTION ERROR:  
CONNECTION ERROR:  
CONNECTION ERROR:  
CONNECTION ERROR:  
CONNECTION ERROR:  timed out
CONNECTION ERROR:  
CONNECTION ERROR:  
CONNECTION ERROR:  
CONNECTION ERROR:  
Creating connection for 52.25.85.173 using <_io.TextIOWrapper name='logs.json' mode='a' encoding='UTF-8'> and week3-roots.pem
CONNECTION ERROR:  
CONNECTION ERROR:  
CONNECTION ERROR:  
CONNECTION ERROR:  
CONNECTION ERROR:  
CONNECTION ERROR:  
Creating connection for 101.43.178.182 using <_io.TextIOWrapper name='logs.json' mode='a' encoding='UTF-8'> and week3-roots.pem
Creating connection for 38.29.223.182 using <_io.TextIOWrapper name='logs.json' mode='a' encoding='UTF-8'> and week3-roots.pem
Creating connection for 188.114.96.12 using <_io.TextIOWrapper name='logs.json' mode='a' encoding='UTF-8'> and week3-roots.pem
Creating connection for 185.107.73.222 using <_io.TextIOWrapper name='logs.json' mode='a' encoding='UTF-8'> and week3-roots.pem
CONNECTION ERROR:  
Creating connection for 65.9.86.88 using <_io.TextIOWrapper name='logs.json' mode='a' encoding='UTF-8'> and week3-roots.pem
CONNECTION ERROR:  
Creating connection for 77.39.213.121 using <_io.TextIOWrapper name='logs.json' mode='a' encoding='UTF-8'> and week3-roots.pem
CONNECTION ERROR:  
CONNECTION ERROR:  
CONNECTION ERROR:  timed out
Creating connection for 172.66.40.139 using <_io.TextIOWrapper name='logs.json' mode='a' encoding='UTF-8'> and week3-roots.pemCONNECTION ERROR:  

Creating connection for 188.114.96.3 using <_io.TextIOWrapper name='logs.json' mode='a' encoding='UTF-8'> and week3-roots.pem
Creating connection for 104.248.193.99 using <_io.TextIOWrapper name='logs.json' mode='a' encoding='UTF-8'> and week3-roots.pem
CONNECTION ERROR:  
Creating connection for 102.130.100.6 using <_io.TextIOWrapper name='logs.json' mode='a' encoding='UTF-8'> and week3-roots.pem
Creating connection for 172.67.187.83 using <_io.TextIOWrapper name='logs.json' mode='a' encoding='UTF-8'> and week3-roots.pem
Creating connection for 107.161.23.204 using <_io.TextIOWrapper name='logs.json' mode='a' encoding='UTF-8'> and week3-roots.pem
Creating connection for 149.233.9.81 using <_io.TextIOWrapper name='logs.json' mode='a' encoding='UTF-8'> and week3-roots.pem
Creating connection for 188.114.97.3 using <_io.TextIOWrapper name='logs.json' mode='a' encoding='UTF-8'> and week3-roots.pem
CONNECTION ERROR:  
Creating connection for 65.9.86.69 using <_io.TextIOWrapper name='logs.json' mode='a' encoding='UTF-8'> and week3-roots.pem
CONNECTION ERROR:  
Creating connection for 45.84.0.207 using <_io.TextIOWrapper name='logs.json' mode='a' encoding='UTF-8'> and week3-roots.pem
Creating connection for 75.119.222.64 using <_io.TextIOWrapper name='logs.json' mode='a' encoding='UTF-8'> and week3-roots.pem
Creating connection for 104.21.64.74 using <_io.TextIOWrapper name='logs.json' mode='a' encoding='UTF-8'> and week3-roots.pem
Creating connection for 104.26.2.11 using <_io.TextIOWrapper name='logs.json' mode='a' encoding='UTF-8'> and week3-roots.pem
CONNECTION ERROR:  
Creating connection for 160.153.50.199 using <_io.TextIOWrapper name='logs.json' mode='a' encoding='UTF-8'> and week3-roots.pem
CONNECTION ERROR:  
CONNECTION ERROR:  
CONNECTION ERROR:  
Creating connection for 172.67.200.22 using <_io.TextIOWrapper name='logs.json' mode='a' encoding='UTF-8'> and week3-roots.pem
CONNECTION ERROR:  
CONNECTION ERROR:  
CONNECTION ERROR:  
CONNECTION ERROR:  
Creating connection for 3.65.58.12 using <_io.TextIOWrapper name='logs.json' mode='a' encoding='UTF-8'> and week3-roots.pem
Creating connection for 104.26.0.73 using <_io.TextIOWrapper name='logs.json' mode='a' encoding='UTF-8'> and week3-roots.pem
Creating connection for 66.147.252.246 using <_io.TextIOWrapper name='logs.json' mode='a' encoding='UTF-8'> and week3-roots.pem
Creating connection for 107.161.178.210 using <_io.TextIOWrapper name='logs.json' mode='a' encoding='UTF-8'> and week3-roots.pem
Creating connection for 109.239.61.167 using <_io.TextIOWrapper name='logs.json' mode='a' encoding='UTF-8'> and week3-roots.pem
Creating connection for 195.64.135.133 using <_io.TextIOWrapper name='logs.json' mode='a' encoding='UTF-8'> and week3-roots.pem
Creating connection for 185.71.67.239 using <_io.TextIOWrapper name='logs.json' mode='a' encoding='UTF-8'> and week3-roots.pem
CONNECTION ERROR:  
CONNECTION ERROR:  
Creating connection for 141.193.213.21 using <_io.TextIOWrapper name='logs.json' mode='a' encoding='UTF-8'> and week3-roots.pem
CONNECTION ERROR:  
Creating connection for 52.205.76.92 using <_io.TextIOWrapper name='logs.json' mode='a' encoding='UTF-8'> and week3-roots.pem
Creating connection for 178.154.227.226 using <_io.TextIOWrapper name='logs.json' mode='a' encoding='UTF-8'> and week3-roots.pem
Creating connection for 133.186.12.14 using <_io.TextIOWrapper name='logs.json' mode='a' encoding='UTF-8'> and week3-roots.pem
CONNECTION ERROR:  
CONNECTION ERROR:  [Errno 111] Connection refused
Creating connection for 172.64.163.25 using <_io.TextIOWrapper name='logs.json' mode='a' encoding='UTF-8'> and week3-roots.pem
Creating connection for 172.67.75.192 using <_io.TextIOWrapper name='logs.json' mode='a' encoding='UTF-8'> and week3-roots.pem
Creating connection for 5.61.52.135 using <_io.TextIOWrapper name='logs.json' mode='a' encoding='UTF-8'> and week3-roots.pem
CONNECTION ERROR:  (32, 'EPIPE')
CONNECTION ERROR:  
CONNECTION ERROR:  
Creating connection for 141.193.213.10 using <_io.TextIOWrapper name='logs.json' mode='a' encoding='UTF-8'> and week3-roots.pem
CONNECTION ERROR:  timed out
CONNECTION ERROR:  timed out
CONNECTION ERROR:  
Creating connection for 212.86.114.118 using <_io.TextIOWrapper name='logs.json' mode='a' encoding='UTF-8'> and week3-roots.pem
CONNECTION ERROR:  
CONNECTION ERROR:  
CONNECTION ERROR:  
Creating connection for 196.41.6.140 using <_io.TextIOWrapper name='logs.json' mode='a' encoding='UTF-8'> and week3-roots.pem
Creating connection for 141.193.213.11 using <_io.TextIOWrapper name='logs.json' mode='a' encoding='UTF-8'> and week3-roots.pem
Creating connection for 104.22.78.228 using <_io.TextIOWrapper name='logs.json' mode='a' encoding='UTF-8'> and week3-roots.pem
CONNECTION ERROR:  
Creating connection for 134.0.9.135 using <_io.TextIOWrapper name='logs.json' mode='a' encoding='UTF-8'> and week3-roots.pem
CONNECTION ERROR:  
CONNECTION ERROR:  
CONNECTION ERROR:  
CONNECTION ERROR:  
CONNECTION ERROR:  
CONNECTION ERROR:  
CONNECTION ERROR:  
CONNECTION ERROR:  
CONNECTION ERROR:  timed out
CONNECTION ERROR:  
CONNECTION ERROR:  
CONNECTION ERROR:  
CONNECTION ERROR:  
Creating connection for 44.231.220.69 using <_io.TextIOWrapper name='logs.json' mode='a' encoding='UTF-8'> and week3-roots.pem
Creating connection for 213.95.138.236 using <_io.TextIOWrapper name='logs.json' mode='a' encoding='UTF-8'> and week3-roots.pem
CONNECTION ERROR:  
Creating connection for 108.156.60.14 using <_io.TextIOWrapper name='logs.json' mode='a' encoding='UTF-8'> and week3-roots.pem
CONNECTION ERROR:  
CONNECTION ERROR:  
Creating connection for 167.71.229.213 using <_io.TextIOWrapper name='logs.json' mode='a' encoding='UTF-8'> and week3-roots.pem
Creating connection for 24.105.183.5 using <_io.TextIOWrapper name='logs.json' mode='a' encoding='UTF-8'> and week3-roots.pem
Creating connection for 217.160.0.68 using <_io.TextIOWrapper name='logs.json' mode='a' encoding='UTF-8'> and week3-roots.pem
Creating connection for 13.232.142.74 using <_io.TextIOWrapper name='logs.json' mode='a' encoding='UTF-8'> and week3-roots.pem
CONNECTION ERROR:  
CONNECTION ERROR:  
CONNECTION ERROR:  
Creating connection for 34.98.99.30 using <_io.TextIOWrapper name='logs.json' mode='a' encoding='UTF-8'> and week3-roots.pem
Creating connection for 104.21.25.214 using <_io.TextIOWrapper name='logs.json' mode='a' encoding='UTF-8'> and week3-roots.pem
Creating connection for 65.9.86.103 using <_io.TextIOWrapper name='logs.json' mode='a' encoding='UTF-8'> and week3-roots.pem
Creating connection for 80.149.104.106 using <_io.TextIOWrapper name='logs.json' mode='a' encoding='UTF-8'> and week3-roots.pem
CONNECTION ERROR:  
Creating connection for 35.154.132.124 using <_io.TextIOWrapper name='logs.json' mode='a' encoding='UTF-8'> and week3-roots.pem
Creating connection for 199.60.103.227 using <_io.TextIOWrapper name='logs.json' mode='a' encoding='UTF-8'> and week3-roots.pem
CONNECTION ERROR:  
Creating connection for 104.26.14.244 using <_io.TextIOWrapper name='logs.json' mode='a' encoding='UTF-8'> and week3-roots.pem
CONNECTION ERROR:  
Creating connection for 195.78.66.252 using <_io.TextIOWrapper name='logs.json' mode='a' encoding='UTF-8'> and week3-roots.pem
Creating connection for 65.9.86.40 using <_io.TextIOWrapper name='logs.json' mode='a' encoding='UTF-8'> and week3-roots.pem
CONNECTION ERROR:  
CONNECTION ERROR:  
CONNECTION ERROR:  
CONNECTION ERROR:  
Creating connection for 188.114.97.2 using <_io.TextIOWrapper name='logs.json' mode='a' encoding='UTF-8'> and week3-roots.pem
CONNECTION ERROR:  
CONNECTION ERROR:  
CONNECTION ERROR:  
CONNECTION ERROR:  
Creating connection for 198.49.23.145 using <_io.TextIOWrapper name='logs.json' mode='a' encoding='UTF-8'> and week3-roots.pem
CONNECTION ERROR:  
Creating connection for 34.210.182.99 using <_io.TextIOWrapper name='logs.json' mode='a' encoding='UTF-8'> and week3-roots.pem
Creating connection for 172.67.171.93 using <_io.TextIOWrapper name='logs.json' mode='a' encoding='UTF-8'> and week3-roots.pem
CONNECTION ERROR:  
CONNECTION ERROR:  
CONNECTION ERROR:  
Creating connection for 104.21.34.132 using <_io.TextIOWrapper name='logs.json' mode='a' encoding='UTF-8'> and week3-roots.pemCONNECTION ERROR:  
CONNECTION ERROR:  
CONNECTION ERROR:  
CONNECTION ERROR:  

CONNECTION ERROR:  
CONNECTION ERROR:  
Creating connection for 104.20.2.31 using <_io.TextIOWrapper name='logs.json' mode='a' encoding='UTF-8'> and week3-roots.pem
Creating connection for 104.21.74.228 using <_io.TextIOWrapper name='logs.json' mode='a' encoding='UTF-8'> and week3-roots.pem
Creating connection for 120.26.120.21 using <_io.TextIOWrapper name='logs.json' mode='a' encoding='UTF-8'> and week3-roots.pem
CONNECTION ERROR:  
Creating connection for 104.16.204.184 using <_io.TextIOWrapper name='logs.json' mode='a' encoding='UTF-8'> and week3-roots.pem
CONNECTION ERROR:  
Creating connection for 64.40.126.65 using <_io.TextIOWrapper name='logs.json' mode='a' encoding='UTF-8'> and week3-roots.pem
CONNECTION ERROR:  
Creating connection for 3.213.246.43 using <_io.TextIOWrapper name='logs.json' mode='a' encoding='UTF-8'> and week3-roots.pem
CONNECTION ERROR:  
CONNECTION ERROR:  
CONNECTION ERROR:  
Creating connection for 185.53.177.53 using <_io.TextIOWrapper name='logs.json' mode='a' encoding='UTF-8'> and week3-roots.pem
Creating connection for 93.184.220.223 using <_io.TextIOWrapper name='logs.json' mode='a' encoding='UTF-8'> and week3-roots.pem
Creating connection for 192.200.160.22 using <_io.TextIOWrapper name='logs.json' mode='a' encoding='UTF-8'> and week3-roots.pem
CONNECTION ERROR:  
Creating connection for 104.18.18.115 using <_io.TextIOWrapper name='logs.json' mode='a' encoding='UTF-8'> and week3-roots.pem
Creating connection for 104.21.46.20 using <_io.TextIOWrapper name='logs.json' mode='a' encoding='UTF-8'> and week3-roots.pem
CONNECTION ERROR:  
CONNECTION ERROR:  
CONNECTION ERROR:  
Creating connection for 172.67.134.211 using <_io.TextIOWrapper name='logs.json' mode='a' encoding='UTF-8'> and week3-roots.pem
CONNECTION ERROR:  
Creating connection for 13.225.239.87 using <_io.TextIOWrapper name='logs.json' mode='a' encoding='UTF-8'> and week3-roots.pem
CONNECTION ERROR:  
Creating connection for 13.89.44.153 using <_io.TextIOWrapper name='logs.json' mode='a' encoding='UTF-8'> and week3-roots.pem
Creating connection for 172.67.72.90 using <_io.TextIOWrapper name='logs.json' mode='a' encoding='UTF-8'> and week3-roots.pem
CONNECTION ERROR:  
Creating connection for 76.164.192.44 using <_io.TextIOWrapper name='logs.json' mode='a' encoding='UTF-8'> and week3-roots.pem
Creating connection for 82.146.54.237 using <_io.TextIOWrapper name='logs.json' mode='a' encoding='UTF-8'> and week3-roots.pem
Creating connection for 104.26.12.218 using <_io.TextIOWrapper name='logs.json' mode='a' encoding='UTF-8'> and week3-roots.pem
Creating connection for 139.196.220.59 using <_io.TextIOWrapper name='logs.json' mode='a' encoding='UTF-8'> and week3-roots.pem
CONNECTION ERROR:  
Creating connection for 99.83.190.102 using <_io.TextIOWrapper name='logs.json' mode='a' encoding='UTF-8'> and week3-roots.pem
Creating connection for 188.114.97.12 using <_io.TextIOWrapper name='logs.json' mode='a' encoding='UTF-8'> and week3-roots.pem
CONNECTION ERROR:  
CONNECTION ERROR:  
CONNECTION ERROR:  
Creating connection for 195.56.77.123 using <_io.TextIOWrapper name='logs.json' mode='a' encoding='UTF-8'> and week3-roots.pem
Creating connection for 195.208.1.135 using <_io.TextIOWrapper name='logs.json' mode='a' encoding='UTF-8'> and week3-roots.pem
CONNECTION ERROR:  
CONNECTION ERROR:  
Creating connection for 5.101.153.44 using <_io.TextIOWrapper name='logs.json' mode='a' encoding='UTF-8'> and week3-roots.pem
CONNECTION ERROR:  
Creating connection for 213.109.78.220 using <_io.TextIOWrapper name='logs.json' mode='a' encoding='UTF-8'> and week3-roots.pem
Creating connection for 3.104.101.95 using <_io.TextIOWrapper name='logs.json' mode='a' encoding='UTF-8'> and week3-roots.pem
CONNECTION ERROR:  
Creating connection for 89.17.60.135 using <_io.TextIOWrapper name='logs.json' mode='a' encoding='UTF-8'> and week3-roots.pem
CONNECTION ERROR:  
CONNECTION ERROR:  
CONNECTION ERROR:  
CONNECTION ERROR:  
CONNECTION ERROR:  
Creating connection for 121.125.77.218 using <_io.TextIOWrapper name='logs.json' mode='a' encoding='UTF-8'> and week3-roots.pem
Creating connection for 172.67.134.169 using <_io.TextIOWrapper name='logs.json' mode='a' encoding='UTF-8'> and week3-roots.pem
Creating connection for 172.67.186.40 using <_io.TextIOWrapper name='logs.json' mode='a' encoding='UTF-8'> and week3-roots.pem
Creating connection for 37.59.152.126 using <_io.TextIOWrapper name='logs.json' mode='a' encoding='UTF-8'> and week3-roots.pem
CONNECTION ERROR:  
Creating connection for 66.133.129.5 using <_io.TextIOWrapper name='logs.json' mode='a' encoding='UTF-8'> and week3-roots.pem
Creating connection for 3.6.174.170 using <_io.TextIOWrapper name='logs.json' mode='a' encoding='UTF-8'> and week3-roots.pem
Creating connection for 104.26.13.40 using <_io.TextIOWrapper name='logs.json' mode='a' encoding='UTF-8'> and week3-roots.pem
Creating connection for 163.171.140.79 using <_io.TextIOWrapper name='logs.json' mode='a' encoding='UTF-8'> and week3-roots.pem
Creating connection for 64.91.227.7 using <_io.TextIOWrapper name='logs.json' mode='a' encoding='UTF-8'> and week3-roots.pem
Creating connection for 35.174.133.160 using <_io.TextIOWrapper name='logs.json' mode='a' encoding='UTF-8'> and week3-roots.pem
Creating connection for 45.60.64.75 using <_io.TextIOWrapper name='logs.json' mode='a' encoding='UTF-8'> and week3-roots.pem
Creating connection for 65.9.86.114 using <_io.TextIOWrapper name='logs.json' mode='a' encoding='UTF-8'> and week3-roots.pem
CONNECTION ERROR:  
Creating connection for 54.194.170.100 using <_io.TextIOWrapper name='logs.json' mode='a' encoding='UTF-8'> and week3-roots.pem
CONNECTION ERROR:  
Creating connection for 12.138.242.139 using <_io.TextIOWrapper name='logs.json' mode='a' encoding='UTF-8'> and week3-roots.pem
Creating connection for 104.21.88.130 using <_io.TextIOWrapper name='logs.json' mode='a' encoding='UTF-8'> and week3-roots.pem
Creating connection for 104.21.90.87 using <_io.TextIOWrapper name='logs.json' mode='a' encoding='UTF-8'> and week3-roots.pem
Creating connection for 51.91.29.218 using <_io.TextIOWrapper name='logs.json' mode='a' encoding='UTF-8'> and week3-roots.pem
Creating connection for 94.130.69.121 using <_io.TextIOWrapper name='logs.json' mode='a' encoding='UTF-8'> and week3-roots.pem
CONNECTION ERROR:  
CONNECTION ERROR:  
CONNECTION ERROR:  timed out
Creating connection for 87.98.242.231 using <_io.TextIOWrapper name='logs.json' mode='a' encoding='UTF-8'> and week3-roots.pem
CONNECTION ERROR:  
CONNECTION ERROR:  
Creating connection for 210.172.61.86 using <_io.TextIOWrapper name='logs.json' mode='a' encoding='UTF-8'> and week3-roots.pem
Creating connection for 172.67.202.108 using <_io.TextIOWrapper name='logs.json' mode='a' encoding='UTF-8'> and week3-roots.pem
CONNECTION ERROR:  
CONNECTION ERROR:  
CONNECTION ERROR:  
CONNECTION ERROR:  
CONNECTION ERROR:  
CONNECTION ERROR:  
Creating connection for 162.0.217.22 using <_io.TextIOWrapper name='logs.json' mode='a' encoding='UTF-8'> and week3-roots.pem
CONNECTION ERROR:  
Creating connection for 164.46.123.166 using <_io.TextIOWrapper name='logs.json' mode='a' encoding='UTF-8'> and week3-roots.pem
CONNECTION ERROR:  
CONNECTION ERROR:  
Creating connection for 173.82.143.251 using <_io.TextIOWrapper name='logs.json' mode='a' encoding='UTF-8'> and week3-roots.pem
CONNECTION ERROR:  
Creating connection for 190.66.14.221 using <_io.TextIOWrapper name='logs.json' mode='a' encoding='UTF-8'> and week3-roots.pem
Creating connection for 34.98.99.30 using <_io.TextIOWrapper name='logs.json' mode='a' encoding='UTF-8'> and week3-roots.pem
Creating connection for 172.67.207.131 using <_io.TextIOWrapper name='logs.json' mode='a' encoding='UTF-8'> and week3-roots.pem
CONNECTION ERROR:  
Creating connection for 67.202.80.49 using <_io.TextIOWrapper name='logs.json' mode='a' encoding='UTF-8'> and week3-roots.pem
Creating connection for 172.67.198.236 using <_io.TextIOWrapper name='logs.json' mode='a' encoding='UTF-8'> and week3-roots.pem
Creating connection for 95.217.221.24 using <_io.TextIOWrapper name='logs.json' mode='a' encoding='UTF-8'> and week3-roots.pem
CONNECTION ERROR:  
CONNECTION ERROR:  
Creating connection for 104.21.34.2 using <_io.TextIOWrapper name='logs.json' mode='a' encoding='UTF-8'> and week3-roots.pem
Creating connection for 104.26.15.128 using <_io.TextIOWrapper name='logs.json' mode='a' encoding='UTF-8'> and week3-roots.pem
Creating connection for 104.20.133.55 using <_io.TextIOWrapper name='logs.json' mode='a' encoding='UTF-8'> and week3-roots.pem
CONNECTION ERROR:  
Creating connection for 65.9.86.52 using <_io.TextIOWrapper name='logs.json' mode='a' encoding='UTF-8'> and week3-roots.pem
CONNECTION ERROR:  
Creating connection for 172.67.212.239 using <_io.TextIOWrapper name='logs.json' mode='a' encoding='UTF-8'> and week3-roots.pem
CONNECTION ERROR:  
CONNECTION ERROR:  
Creating connection for 3.33.152.147 using <_io.TextIOWrapper name='logs.json' mode='a' encoding='UTF-8'> and week3-roots.pem
CONNECTION ERROR:  
CONNECTION ERROR:  
CONNECTION ERROR:  
CONNECTION ERROR:  
Creating connection for 195.82.135.166 using <_io.TextIOWrapper name='logs.json' mode='a' encoding='UTF-8'> and week3-roots.pem
Creating connection for 5.181.216.31 using <_io.TextIOWrapper name='logs.json' mode='a' encoding='UTF-8'> and week3-roots.pem
CONNECTION ERROR:  
CONNECTION ERROR:  
Creating connection for 109.106.243.146 using <_io.TextIOWrapper name='logs.json' mode='a' encoding='UTF-8'> and week3-roots.pem
Creating connection for 14.49.46.33 using <_io.TextIOWrapper name='logs.json' mode='a' encoding='UTF-8'> and week3-roots.pem
CONNECTION ERROR:  
CONNECTION ERROR:  
CONNECTION ERROR:  
CONNECTION ERROR:  
Creating connection for 34.111.24.118 using <_io.TextIOWrapper name='logs.json' mode='a' encoding='UTF-8'> and week3-roots.pem
CONNECTION ERROR:  
Creating connection for 5.79.71.205 using <_io.TextIOWrapper name='logs.json' mode='a' encoding='UTF-8'> and week3-roots.pem
Creating connection for 151.101.130.159 using <_io.TextIOWrapper name='logs.json' mode='a' encoding='UTF-8'> and week3-roots.pem
Creating connection for 99.83.190.102 using <_io.TextIOWrapper name='logs.json' mode='a' encoding='UTF-8'> and week3-roots.pem
CONNECTION ERROR:  
CONNECTION ERROR:  
Creating connection for 153.127.11.127 using <_io.TextIOWrapper name='logs.json' mode='a' encoding='UTF-8'> and week3-roots.pem
Creating connection for 104.21.59.218 using <_io.TextIOWrapper name='logs.json' mode='a' encoding='UTF-8'> and week3-roots.pem
Creating connection for 104.21.19.7 using <_io.TextIOWrapper name='logs.json' mode='a' encoding='UTF-8'> and week3-roots.pem
Creating connection for 116.202.133.133 using <_io.TextIOWrapper name='logs.json' mode='a' encoding='UTF-8'> and week3-roots.pem
CONNECTION ERROR:  
CONNECTION ERROR:  
CONNECTION ERROR:  
CONNECTION ERROR:  
CONNECTION ERROR:  
CONNECTION ERROR:  [Errno 111] Connection refused
CONNECTION ERROR:  
Creating connection for 104.22.17.213 using <_io.TextIOWrapper name='logs.json' mode='a' encoding='UTF-8'> and week3-roots.pem
CONNECTION ERROR:  
CONNECTION ERROR:  timed out
CONNECTION ERROR:  (32, 'EPIPE')
CONNECTION ERROR:  
CONNECTION ERROR:  
Creating connection for 219.94.155.205 using <_io.TextIOWrapper name='logs.json' mode='a' encoding='UTF-8'> and week3-roots.pem
Creating connection for 162.241.46.126 using <_io.TextIOWrapper name='logs.json' mode='a' encoding='UTF-8'> and week3-roots.pem
CONNECTION ERROR:  [Errno 111] Connection refused
Creating connection for 172.67.177.221 using <_io.TextIOWrapper name='logs.json' mode='a' encoding='UTF-8'> and week3-roots.pem
Creating connection for 151.106.123.77 using <_io.TextIOWrapper name='logs.json' mode='a' encoding='UTF-8'> and week3-roots.pem
CONNECTION ERROR:  
CONNECTION ERROR:  (32, 'EPIPE')
CONNECTION ERROR:  
CONNECTION ERROR:  
Creating connection for 65.108.75.199 using <_io.TextIOWrapper name='logs.json' mode='a' encoding='UTF-8'> and week3-roots.pem
CONNECTION ERROR:  
Creating connection for 64.71.34.26 using <_io.TextIOWrapper name='logs.json' mode='a' encoding='UTF-8'> and week3-roots.pem
Creating connection for 198.54.117.217 using <_io.TextIOWrapper name='logs.json' mode='a' encoding='UTF-8'> and week3-roots.pem
Creating connection for 87.233.92.103 using <_io.TextIOWrapper name='logs.json' mode='a' encoding='UTF-8'> and week3-roots.pem
Creating connection for 95.31.119.218 using <_io.TextIOWrapper name='logs.json' mode='a' encoding='UTF-8'> and week3-roots.pem
Creating connection for 3.6.107.186 using <_io.TextIOWrapper name='logs.json' mode='a' encoding='UTF-8'> and week3-roots.pem
CONNECTION ERROR:  
Creating connection for 69.16.221.200 using <_io.TextIOWrapper name='logs.json' mode='a' encoding='UTF-8'> and week3-roots.pem
CONNECTION ERROR:  
CONNECTION ERROR:  
CONNECTION ERROR:  
Creating connection for 172.67.129.34 using <_io.TextIOWrapper name='logs.json' mode='a' encoding='UTF-8'> and week3-roots.pem
Creating connection for 104.21.33.141 using <_io.TextIOWrapper name='logs.json' mode='a' encoding='UTF-8'> and week3-roots.pem
CONNECTION ERROR:  
CONNECTION ERROR:  
Creating connection for 62.173.154.218 using <_io.TextIOWrapper name='logs.json' mode='a' encoding='UTF-8'> and week3-roots.pem
Creating connection for 207.90.245.50 using <_io.TextIOWrapper name='logs.json' mode='a' encoding='UTF-8'> and week3-roots.pem
CONNECTION ERROR:  
Creating connection for 151.101.130.98 using <_io.TextIOWrapper name='logs.json' mode='a' encoding='UTF-8'> and week3-roots.pem
CONNECTION ERROR:  
Creating connection for 35.164.194.123 using <_io.TextIOWrapper name='logs.json' mode='a' encoding='UTF-8'> and week3-roots.pem
CONNECTION ERROR:  
CONNECTION ERROR:  
Creating connection for 104.20.31.220 using <_io.TextIOWrapper name='logs.json' mode='a' encoding='UTF-8'> and week3-roots.pem
CONNECTION ERROR:  
Creating connection for 42.4.53.183 using <_io.TextIOWrapper name='logs.json' mode='a' encoding='UTF-8'> and week3-roots.pem
Creating connection for 104.18.33.162 using <_io.TextIOWrapper name='logs.json' mode='a' encoding='UTF-8'> and week3-roots.pem
CONNECTION ERROR:  
Creating connection for 198.49.23.145 using <_io.TextIOWrapper name='logs.json' mode='a' encoding='UTF-8'> and week3-roots.pem
CONNECTION ERROR:  
Creating connection for 199.83.129.35 using <_io.TextIOWrapper name='logs.json' mode='a' encoding='UTF-8'> and week3-roots.pem
CONNECTION ERROR:  
Creating connection for 198.101.189.225 using <_io.TextIOWrapper name='logs.json' mode='a' encoding='UTF-8'> and week3-roots.pem
Creating connection for 104.26.0.101 using <_io.TextIOWrapper name='logs.json' mode='a' encoding='UTF-8'> and week3-roots.pem
Creating connection for 199.212.255.138 using <_io.TextIOWrapper name='logs.json' mode='a' encoding='UTF-8'> and week3-roots.pem
Creating connection for 95.163.124.148 using <_io.TextIOWrapper name='logs.json' mode='a' encoding='UTF-8'> and week3-roots.pem
Creating connection for 172.67.72.199 using <_io.TextIOWrapper name='logs.json' mode='a' encoding='UTF-8'> and week3-roots.pem
CONNECTION ERROR:  
Creating connection for 31.220.27.100 using <_io.TextIOWrapper name='logs.json' mode='a' encoding='UTF-8'> and week3-roots.pem
CONNECTION ERROR:  
Creating connection for 104.21.62.199 using <_io.TextIOWrapper name='logs.json' mode='a' encoding='UTF-8'> and week3-roots.pem
CONNECTION ERROR:  
CONNECTION ERROR:  
CONNECTION ERROR:  
Creating connection for 185.199.110.153 using <_io.TextIOWrapper name='logs.json' mode='a' encoding='UTF-8'> and week3-roots.pem
Creating connection for 104.26.6.3 using <_io.TextIOWrapper name='logs.json' mode='a' encoding='UTF-8'> and week3-roots.pem
Creating connection for 104.21.79.200 using <_io.TextIOWrapper name='logs.json' mode='a' encoding='UTF-8'> and week3-roots.pem
Creating connection for 96.30.27.55 using <_io.TextIOWrapper name='logs.json' mode='a' encoding='UTF-8'> and week3-roots.pem
Creating connection for 172.67.132.157 using <_io.TextIOWrapper name='logs.json' mode='a' encoding='UTF-8'> and week3-roots.pem
CONNECTION ERROR:  
Creating connection for 156.251.182.39 using <_io.TextIOWrapper name='logs.json' mode='a' encoding='UTF-8'> and week3-roots.pem
CONNECTION ERROR:  
Creating connection for 65.9.86.123 using <_io.TextIOWrapper name='logs.json' mode='a' encoding='UTF-8'> and week3-roots.pem
CONNECTION ERROR:  
Creating connection for 104.21.7.218 using <_io.TextIOWrapper name='logs.json' mode='a' encoding='UTF-8'> and week3-roots.pem
Creating connection for 172.67.68.188 using <_io.TextIOWrapper name='logs.json' mode='a' encoding='UTF-8'> and week3-roots.pem
CONNECTION ERROR:  
Creating connection for 205.166.61.194 using <_io.TextIOWrapper name='logs.json' mode='a' encoding='UTF-8'> and week3-roots.pem
Creating connection for 3.15.245.105 using <_io.TextIOWrapper name='logs.json' mode='a' encoding='UTF-8'> and week3-roots.pem
Creating connection for 194.1.147.84 using <_io.TextIOWrapper name='logs.json' mode='a' encoding='UTF-8'> and week3-roots.pem
CONNECTION ERROR:  
CONNECTION ERROR:  
CONNECTION ERROR:  
Creating connection for 172.67.175.59 using <_io.TextIOWrapper name='logs.json' mode='a' encoding='UTF-8'> and week3-roots.pem
Creating connection for 104.156.249.32 using <_io.TextIOWrapper name='logs.json' mode='a' encoding='UTF-8'> and week3-roots.pem
CONNECTION ERROR:  
CONNECTION ERROR:  
CONNECTION ERROR:  
CONNECTION ERROR:  
CONNECTION ERROR:  
CONNECTION ERROR:  
Creating connection for 104.26.7.240 using <_io.TextIOWrapper name='logs.json' mode='a' encoding='UTF-8'> and week3-roots.pem
CONNECTION ERROR:  
Creating connection for 116.202.7.112 using <_io.TextIOWrapper name='logs.json' mode='a' encoding='UTF-8'> and week3-roots.pem
CONNECTION ERROR:  
Creating connection for 108.175.9.130 using <_io.TextIOWrapper name='logs.json' mode='a' encoding='UTF-8'> and week3-roots.pem
Creating connection for 172.66.42.253 using <_io.TextIOWrapper name='logs.json' mode='a' encoding='UTF-8'> and week3-roots.pem
Creating connection for 45.60.79.198 using <_io.TextIOWrapper name='logs.json' mode='a' encoding='UTF-8'> and week3-roots.pem
Creating connection for 54.164.198.108 using <_io.TextIOWrapper name='logs.json' mode='a' encoding='UTF-8'> and week3-roots.pem
CONNECTION ERROR:  
Creating connection for 52.178.103.63 using <_io.TextIOWrapper name='logs.json' mode='a' encoding='UTF-8'> and week3-roots.pem
Creating connection for 104.26.15.32 using <_io.TextIOWrapper name='logs.json' mode='a' encoding='UTF-8'> and week3-roots.pem
CONNECTION ERROR:  
Creating connection for 107.162.154.48 using <_io.TextIOWrapper name='logs.json' mode='a' encoding='UTF-8'> and week3-roots.pem
CONNECTION ERROR:  
Creating connection for 23.229.183.33 using <_io.TextIOWrapper name='logs.json' mode='a' encoding='UTF-8'> and week3-roots.pem
Creating connection for 144.76.141.206 using <_io.TextIOWrapper name='logs.json' mode='a' encoding='UTF-8'> and week3-roots.pem
CONNECTION ERROR:  
CONNECTION ERROR:  
CONNECTION ERROR:  
Creating connection for 65.9.86.107 using <_io.TextIOWrapper name='logs.json' mode='a' encoding='UTF-8'> and week3-roots.pem
CONNECTION ERROR:  
Creating connection for 104.22.18.123 using <_io.TextIOWrapper name='logs.json' mode='a' encoding='UTF-8'> and week3-roots.pem
Creating connection for 84.53.185.153 using <_io.TextIOWrapper name='logs.json' mode='a' encoding='UTF-8'> and week3-roots.pem
CONNECTION ERROR:  
Creating connection for 104.26.9.103 using <_io.TextIOWrapper name='logs.json' mode='a' encoding='UTF-8'> and week3-roots.pem
Creating connection for 85.96.177.253 using <_io.TextIOWrapper name='logs.json' mode='a' encoding='UTF-8'> and week3-roots.pem
CONNECTION ERROR:  
Creating connection for 23.224.202.140 using <_io.TextIOWrapper name='logs.json' mode='a' encoding='UTF-8'> and week3-roots.pem
CONNECTION ERROR:  
Creating connection for 172.67.193.217 using <_io.TextIOWrapper name='logs.json' mode='a' encoding='UTF-8'> and week3-roots.pem
Creating connection for 77.235.57.56 using <_io.TextIOWrapper name='logs.json' mode='a' encoding='UTF-8'> and week3-roots.pem
Creating connection for 213.239.234.68 using <_io.TextIOWrapper name='logs.json' mode='a' encoding='UTF-8'> and week3-roots.pem
CONNECTION ERROR:  timed out
Creating connection for 213.186.33.5 using <_io.TextIOWrapper name='logs.json' mode='a' encoding='UTF-8'> and week3-roots.pem
CONNECTION ERROR:  
CONNECTION ERROR:  
CONNECTION ERROR:  
CONNECTION ERROR:  
CONNECTION ERROR:  
CONNECTION ERROR:  
Creating connection for 104.18.19.247 using <_io.TextIOWrapper name='logs.json' mode='a' encoding='UTF-8'> and week3-roots.pem
Creating connection for 185.59.222.23 using <_io.TextIOWrapper name='logs.json' mode='a' encoding='UTF-8'> and week3-roots.pem
CONNECTION ERROR:  
CONNECTION ERROR:  
Creating connection for 104.21.51.70 using <_io.TextIOWrapper name='logs.json' mode='a' encoding='UTF-8'> and week3-roots.pem
Creating connection for 171.18.96.175 using <_io.TextIOWrapper name='logs.json' mode='a' encoding='UTF-8'> and week3-roots.pem
CONNECTION ERROR:  
Creating connection for 69.195.72.55 using <_io.TextIOWrapper name='logs.json' mode='a' encoding='UTF-8'> and week3-roots.pem
CONNECTION ERROR:  timed out
CONNECTION ERROR:  
CONNECTION ERROR:  
CONNECTION ERROR:  
CONNECTION ERROR:  
Creating connection for 172.67.145.152 using <_io.TextIOWrapper name='logs.json' mode='a' encoding='UTF-8'> and week3-roots.pem
Creating connection for 113.31.89.100 using <_io.TextIOWrapper name='logs.json' mode='a' encoding='UTF-8'> and week3-roots.pem
Creating connection for 65.9.86.84 using <_io.TextIOWrapper name='logs.json' mode='a' encoding='UTF-8'> and week3-roots.pem
CONNECTION ERROR:  
Creating connection for 13.66.138.99 using <_io.TextIOWrapper name='logs.json' mode='a' encoding='UTF-8'> and week3-roots.pem
Creating connection for 199.60.103.228 using <_io.TextIOWrapper name='logs.json' mode='a' encoding='UTF-8'> and week3-roots.pem
CONNECTION ERROR:  [Errno 111] Connection refused
CONNECTION ERROR:  (32, 'EPIPE')
Creating connection for 162.255.119.158 using <_io.TextIOWrapper name='logs.json' mode='a' encoding='UTF-8'> and week3-roots.pem
Creating connection for 37.230.114.177 using <_io.TextIOWrapper name='logs.json' mode='a' encoding='UTF-8'> and week3-roots.pem
Creating connection for 216.239.34.21 using <_io.TextIOWrapper name='logs.json' mode='a' encoding='UTF-8'> and week3-roots.pem
CONNECTION ERROR:  
Creating connection for 185.32.190.60 using <_io.TextIOWrapper name='logs.json' mode='a' encoding='UTF-8'> and week3-roots.pem
CONNECTION ERROR:  
Creating connection for 23.97.224.11 using <_io.TextIOWrapper name='logs.json' mode='a' encoding='UTF-8'> and week3-roots.pem
CONNECTION ERROR:  [Errno 111] Connection refused
CONNECTION ERROR:  timed out
CONNECTION ERROR:  
Creating connection for 50.16.156.69 using <_io.TextIOWrapper name='logs.json' mode='a' encoding='UTF-8'> and week3-roots.pem
CONNECTION ERROR:  
CONNECTION ERROR:  
CONNECTION ERROR:  
Creating connection for 35.209.93.211 using <_io.TextIOWrapper name='logs.json' mode='a' encoding='UTF-8'> and week3-roots.pem
Creating connection for 139.99.134.103 using <_io.TextIOWrapper name='logs.json' mode='a' encoding='UTF-8'> and week3-roots.pem
CONNECTION ERROR:  (32, 'EPIPE')
CONNECTION ERROR:  
CONNECTION ERROR:  
CONNECTION ERROR:  
Creating connection for 176.9.174.165 using <_io.TextIOWrapper name='logs.json' mode='a' encoding='UTF-8'> and week3-roots.pem
Creating connection for 104.22.37.223 using <_io.TextIOWrapper name='logs.json' mode='a' encoding='UTF-8'> and week3-roots.pem
Creating connection for 76.76.21.21 using <_io.TextIOWrapper name='logs.json' mode='a' encoding='UTF-8'> and week3-roots.pem
Creating connection for 195.53.82.136 using <_io.TextIOWrapper name='logs.json' mode='a' encoding='UTF-8'> and week3-roots.pem
Creating connection for 195.170.180.188 using <_io.TextIOWrapper name='logs.json' mode='a' encoding='UTF-8'> and week3-roots.pem
Creating connection for 213.186.33.24 using <_io.TextIOWrapper name='logs.json' mode='a' encoding='UTF-8'> and week3-roots.pem
Creating connection for 65.9.86.19 using <_io.TextIOWrapper name='logs.json' mode='a' encoding='UTF-8'> and week3-roots.pem
Creating connection for 88.198.75.211 using <_io.TextIOWrapper name='logs.json' mode='a' encoding='UTF-8'> and week3-roots.pem
CONNECTION ERROR:  
Creating connection for 104.21.65.252 using <_io.TextIOWrapper name='logs.json' mode='a' encoding='UTF-8'> and week3-roots.pem
CONNECTION ERROR:  
CONNECTION ERROR: CONNECTION ERROR:  
CONNECTION ERROR:  
CONNECTION ERROR:  
Creating connection for 172.67.149.197 using <_io.TextIOWrapper name='logs.json' mode='a' encoding='UTF-8'> and week3-roots.pem
Creating connection for 34.241.60.49 using <_io.TextIOWrapper name='logs.json' mode='a' encoding='UTF-8'> and week3-roots.pem
CONNECTION ERROR:  
Creating connection for 184.94.148.22 using <_io.TextIOWrapper name='logs.json' mode='a' encoding='UTF-8'> and week3-roots.pem
Creating connection for 116.202.8.114 using <_io.TextIOWrapper name='logs.json' mode='a' encoding='UTF-8'> and week3-roots.pem
CONNECTION ERROR:  
 
Creating connection for 172.67.155.242 using <_io.TextIOWrapper name='logs.json' mode='a' encoding='UTF-8'> and week3-roots.pem
CONNECTION ERROR:  
Creating connection for 47.111.166.63 using <_io.TextIOWrapper name='logs.json' mode='a' encoding='UTF-8'> and week3-roots.pem
Creating connection for 54.169.188.96 using <_io.TextIOWrapper name='logs.json' mode='a' encoding='UTF-8'> and week3-roots.pem
Creating connection for 99.83.154.118 using <_io.TextIOWrapper name='logs.json' mode='a' encoding='UTF-8'> and week3-roots.pem
CONNECTION ERROR:  timed out
CONNECTION ERROR:  
CONNECTION ERROR:  
CONNECTION ERROR:  
Creating connection for 172.67.142.202 using <_io.TextIOWrapper name='logs.json' mode='a' encoding='UTF-8'> and week3-roots.pem
Creating connection for 216.30.185.204 using <_io.TextIOWrapper name='logs.json' mode='a' encoding='UTF-8'> and week3-roots.pem
Creating connection for 81.163.26.74 using <_io.TextIOWrapper name='logs.json' mode='a' encoding='UTF-8'> and week3-roots.pem
Creating connection for 88.221.69.89 using <_io.TextIOWrapper name='logs.json' mode='a' encoding='UTF-8'> and week3-roots.pem
CONNECTION ERROR:  
CONNECTION ERROR:  
Creating connection for 104.22.1.33 using <_io.TextIOWrapper name='logs.json' mode='a' encoding='UTF-8'> and week3-roots.pem
CONNECTION ERROR:  
CONNECTION ERROR:  
CONNECTION ERROR:  
CONNECTION ERROR:  
Creating connection for 18.141.32.171 using <_io.TextIOWrapper name='logs.json' mode='a' encoding='UTF-8'> and week3-roots.pem
CONNECTION ERROR:  
CONNECTION ERROR:  
Creating connection for 158.255.103.67 using <_io.TextIOWrapper name='logs.json' mode='a' encoding='UTF-8'> and week3-roots.pem
CONNECTION ERROR:  
Creating connection for 96.16.53.196 using <_io.TextIOWrapper name='logs.json' mode='a' encoding='UTF-8'> and week3-roots.pem
CONNECTION ERROR:  
CONNECTION ERROR:  timed out
CONNECTION ERROR:  
CONNECTION ERROR:  
CONNECTION ERROR:  
CONNECTION ERROR:  
CONNECTION ERROR:  timed out
CONNECTION ERROR:  
Creating connection for 45.33.51.129 using <_io.TextIOWrapper name='logs.json' mode='a' encoding='UTF-8'> and week3-roots.pem
Creating connection for 66.225.241.40 using <_io.TextIOWrapper name='logs.json' mode='a' encoding='UTF-8'> and week3-roots.pem
Creating connection for 79.127.127.32 using <_io.TextIOWrapper name='logs.json' mode='a' encoding='UTF-8'> and week3-roots.pem
Creating connection for 172.105.23.63 using <_io.TextIOWrapper name='logs.json' mode='a' encoding='UTF-8'> and week3-roots.pem
Creating connection for 178.210.67.82 using <_io.TextIOWrapper name='logs.json' mode='a' encoding='UTF-8'> and week3-roots.pem
Creating connection for 89.22.180.28 using <_io.TextIOWrapper name='logs.json' mode='a' encoding='UTF-8'> and week3-roots.pem
CONNECTION ERROR:  [Errno 111] Connection refused
CONNECTION ERROR:  
Creating connection for 134.213.79.40 using <_io.TextIOWrapper name='logs.json' mode='a' encoding='UTF-8'> and week3-roots.pem
CONNECTION ERROR:  (32, 'EPIPE')
Creating connection for 91.215.37.235 using <_io.TextIOWrapper name='logs.json' mode='a' encoding='UTF-8'> and week3-roots.pem
CONNECTION ERROR:  
CONNECTION ERROR:  
CONNECTION ERROR:  timed out
CONNECTION ERROR:  
CONNECTION ERROR:  
CONNECTION ERROR:  
Creating connection for 104.244.136.74 using <_io.TextIOWrapper name='logs.json' mode='a' encoding='UTF-8'> and week3-roots.pem
CONNECTION ERROR:  
CONNECTION ERROR:  
Creating connection for 217.112.86.182 using <_io.TextIOWrapper name='logs.json' mode='a' encoding='UTF-8'> and week3-roots.pem
CONNECTION ERROR:  
Creating connection for 204.2.245.146 using <_io.TextIOWrapper name='logs.json' mode='a' encoding='UTF-8'> and week3-roots.pem
CONNECTION ERROR:  
Creating connection for 208.36.133.110 using <_io.TextIOWrapper name='logs.json' mode='a' encoding='UTF-8'> and week3-roots.pem
CONNECTION ERROR:  
CONNECTION ERROR:  
Creating connection for 200.68.105.129 using <_io.TextIOWrapper name='logs.json' mode='a' encoding='UTF-8'> and week3-roots.pem
CONNECTION ERROR:  
Creating connection for 188.114.97.3 using <_io.TextIOWrapper name='logs.json' mode='a' encoding='UTF-8'> and week3-roots.pem
Creating connection for 23.225.223.252 using <_io.TextIOWrapper name='logs.json' mode='a' encoding='UTF-8'> and week3-roots.pem
Creating connection for 211.152.136.77 using <_io.TextIOWrapper name='logs.json' mode='a' encoding='UTF-8'> and week3-roots.pem
CONNECTION ERROR:  
Creating connection for 203.29.53.141 using <_io.TextIOWrapper name='logs.json' mode='a' encoding='UTF-8'> and week3-roots.pem
CONNECTION ERROR:  
Creating connection for 104.21.0.103 using <_io.TextIOWrapper name='logs.json' mode='a' encoding='UTF-8'> and week3-roots.pem
Creating connection for 18.214.158.18 using <_io.TextIOWrapper name='logs.json' mode='a' encoding='UTF-8'> and week3-roots.pem
Creating connection for 162.242.211.91 using <_io.TextIOWrapper name='logs.json' mode='a' encoding='UTF-8'> and week3-roots.pem
Creating connection for 5.45.64.146 using <_io.TextIOWrapper name='logs.json' mode='a' encoding='UTF-8'> and week3-roots.pem
Creating connection for 79.137.21.79 using <_io.TextIOWrapper name='logs.json' mode='a' encoding='UTF-8'> and week3-roots.pem
CONNECTION ERROR:  
Creating connection for 186.226.57.113 using <_io.TextIOWrapper name='logs.json' mode='a' encoding='UTF-8'> and week3-roots.pem
CONNECTION ERROR:  
Creating connection for 104.22.5.152 using <_io.TextIOWrapper name='logs.json' mode='a' encoding='UTF-8'> and week3-roots.pem
CONNECTION ERROR:  
Creating connection for 65.9.86.94 using <_io.TextIOWrapper name='logs.json' mode='a' encoding='UTF-8'> and week3-roots.pem
CONNECTION ERROR:  
Creating connection for 192.185.61.160 using <_io.TextIOWrapper name='logs.json' mode='a' encoding='UTF-8'> and week3-roots.pem
Creating connection for 172.66.43.49 using <_io.TextIOWrapper name='logs.json' mode='a' encoding='UTF-8'> and week3-roots.pem
CONNECTION ERROR:  
CONNECTION ERROR:  
CONNECTION ERROR:  
Creating connection for 93.93.86.201 using <_io.TextIOWrapper name='logs.json' mode='a' encoding='UTF-8'> and week3-roots.pem
CONNECTION ERROR:  
Creating connection for 208.52.178.9 using <_io.TextIOWrapper name='logs.json' mode='a' encoding='UTF-8'> and week3-roots.pem
Creating connection for 172.67.69.76 using <_io.TextIOWrapper name='logs.json' mode='a' encoding='UTF-8'> and week3-roots.pem
CONNECTION ERROR:  
CONNECTION ERROR:  
Creating connection for 14.225.10.7 using <_io.TextIOWrapper name='logs.json' mode='a' encoding='UTF-8'> and week3-roots.pem
Creating connection for 70.42.174.124 using <_io.TextIOWrapper name='logs.json' mode='a' encoding='UTF-8'> and week3-roots.pem
CONNECTION ERROR:  
CONNECTION ERROR:  
CONNECTION ERROR:  
CONNECTION ERROR:  
CONNECTION ERROR:  
Creating connection for 192.124.249.169 using <_io.TextIOWrapper name='logs.json' mode='a' encoding='UTF-8'> and week3-roots.pem
Creating connection for 5.180.184.221 using <_io.TextIOWrapper name='logs.json' mode='a' encoding='UTF-8'> and week3-roots.pem
Creating connection for 104.22.21.234 using <_io.TextIOWrapper name='logs.json' mode='a' encoding='UTF-8'> and week3-roots.pem
CONNECTION ERROR:  [Errno 111] Connection refused
Creating connection for 168.95.246.2 using <_io.TextIOWrapper name='logs.json' mode='a' encoding='UTF-8'> and week3-roots.pem
CONNECTION ERROR:  (32, 'EPIPE')
Creating connection for 211.152.136.86 using <_io.TextIOWrapper name='logs.json' mode='a' encoding='UTF-8'> and week3-roots.pem
CONNECTION ERROR:  timed out
CONNECTION ERROR:  
CONNECTION ERROR:  
Creating connection for 162.159.137.54 using <_io.TextIOWrapper name='logs.json' mode='a' encoding='UTF-8'> and week3-roots.pem
Creating connection for 54.200.125.107 using <_io.TextIOWrapper name='logs.json' mode='a' encoding='UTF-8'> and week3-roots.pem
CONNECTION ERROR:  
Creating connection for 172.67.168.120 using <_io.TextIOWrapper name='logs.json' mode='a' encoding='UTF-8'> and week3-roots.pem
Creating connection for 172.67.115.159 using <_io.TextIOWrapper name='logs.json' mode='a' encoding='UTF-8'> and week3-roots.pem
CONNECTION ERROR:  
CONNECTION ERROR:  
CONNECTION ERROR:  
Creating connection for 217.197.128.2 using <_io.TextIOWrapper name='logs.json' mode='a' encoding='UTF-8'> and week3-roots.pem
CONNECTION ERROR:  
Creating connection for 5.134.4.197 using <_io.TextIOWrapper name='logs.json' mode='a' encoding='UTF-8'> and week3-roots.pem
Creating connection for 31.31.198.186 using <_io.TextIOWrapper name='logs.json' mode='a' encoding='UTF-8'> and week3-roots.pem
CONNECTION ERROR:  
CONNECTION ERROR:  
Creating connection for 75.2.60.5 using <_io.TextIOWrapper name='logs.json' mode='a' encoding='UTF-8'> and week3-roots.pem
Creating connection for 74.200.39.25 using <_io.TextIOWrapper name='logs.json' mode='a' encoding='UTF-8'> and week3-roots.pem
Creating connection for 104.21.24.201 using <_io.TextIOWrapper name='logs.json' mode='a' encoding='UTF-8'> and week3-roots.pem
CONNECTION ERROR:  
Creating connection for 172.67.143.196 using <_io.TextIOWrapper name='logs.json' mode='a' encoding='UTF-8'> and week3-roots.pem
Creating connection for 222.138.71.235 using <_io.TextIOWrapper name='logs.json' mode='a' encoding='UTF-8'> and week3-roots.pem
Creating connection for 104.22.7.199 using <_io.TextIOWrapper name='logs.json' mode='a' encoding='UTF-8'> and week3-roots.pem
Creating connection for 207.120.33.44 using <_io.TextIOWrapper name='logs.json' mode='a' encoding='UTF-8'> and week3-roots.pem
CONNECTION ERROR:  
Creating connection for 39.97.5.223 using <_io.TextIOWrapper name='logs.json' mode='a' encoding='UTF-8'> and week3-roots.pem
Creating connection for 103.224.212.219 using <_io.TextIOWrapper name='logs.json' mode='a' encoding='UTF-8'> and week3-roots.pem
CONNECTION ERROR:  
CONNECTION ERROR:  
CONNECTION ERROR:  
CONNECTION ERROR:  
Creating connection for 104.21.233.130 using <_io.TextIOWrapper name='logs.json' mode='a' encoding='UTF-8'> and week3-roots.pem
CONNECTION ERROR:  
CONNECTION ERROR:  
CONNECTION ERROR:  
CONNECTION ERROR:  
Creating connection for 195.54.192.109 using <_io.TextIOWrapper name='logs.json' mode='a' encoding='UTF-8'> and week3-roots.pem
Creating connection for 86.107.103.68 using <_io.TextIOWrapper name='logs.json' mode='a' encoding='UTF-8'> and week3-roots.pem
CONNECTION ERROR:  
Creating connection for 205.178.189.129 using <_io.TextIOWrapper name='logs.json' mode='a' encoding='UTF-8'> and week3-roots.pem
CONNECTION ERROR:  
CONNECTION ERROR:  
Creating connection for 188.114.96.2 using <_io.TextIOWrapper name='logs.json' mode='a' encoding='UTF-8'> and week3-roots.pem
Creating connection for 104.26.8.120 using <_io.TextIOWrapper name='logs.json' mode='a' encoding='UTF-8'> and week3-roots.pem
Creating connection for 35.201.177.191 using <_io.TextIOWrapper name='logs.json' mode='a' encoding='UTF-8'> and week3-roots.pem
Creating connection for 188.114.97.3 using <_io.TextIOWrapper name='logs.json' mode='a' encoding='UTF-8'> and week3-roots.pem
Creating connection for 13.227.219.110 using <_io.TextIOWrapper name='logs.json' mode='a' encoding='UTF-8'> and week3-roots.pem
Creating connection for 18.193.227.225 using <_io.TextIOWrapper name='logs.json' mode='a' encoding='UTF-8'> and week3-roots.pem
Creating connection for 65.9.86.61 using <_io.TextIOWrapper name='logs.json' mode='a' encoding='UTF-8'> and week3-roots.pem
Creating connection for 188.114.96.3 using <_io.TextIOWrapper name='logs.json' mode='a' encoding='UTF-8'> and week3-roots.pem
CONNECTION ERROR:  
Creating connection for 188.114.97.12 using <_io.TextIOWrapper name='logs.json' mode='a' encoding='UTF-8'> and week3-roots.pem
CONNECTION ERROR:  
Creating connection for 104.18.5.142 using <_io.TextIOWrapper name='logs.json' mode='a' encoding='UTF-8'> and week3-roots.pem
Creating connection for 65.9.86.77 using <_io.TextIOWrapper name='logs.json' mode='a' encoding='UTF-8'> and week3-roots.pem
Creating connection for 81.169.145.79 using <_io.TextIOWrapper name='logs.json' mode='a' encoding='UTF-8'> and week3-roots.pem
CONNECTION ERROR:  timed out
CONNECTION ERROR:  
Creating connection for 188.165.64.102 using <_io.TextIOWrapper name='logs.json' mode='a' encoding='UTF-8'> and week3-roots.pem
CONNECTION ERROR:  
Creating connection for 172.66.40.131 using <_io.TextIOWrapper name='logs.json' mode='a' encoding='UTF-8'> and week3-roots.pem
CONNECTION ERROR:  
CONNECTION ERROR:  
Creating connection for 172.67.128.174 using <_io.TextIOWrapper name='logs.json' mode='a' encoding='UTF-8'> and week3-roots.pem
CONNECTION ERROR:  
CONNECTION ERROR:  
Creating connection for 216.37.42.20 using <_io.TextIOWrapper name='logs.json' mode='a' encoding='UTF-8'> and week3-roots.pem
CONNECTION ERROR:  
Creating connection for 65.9.86.11 using <_io.TextIOWrapper name='logs.json' mode='a' encoding='UTF-8'> and week3-roots.pem
CONNECTION ERROR:  
CONNECTION ERROR:  
Creating connection for 104.26.11.223 using <_io.TextIOWrapper name='logs.json' mode='a' encoding='UTF-8'> and week3-roots.pem
CONNECTION ERROR:  
CONNECTION ERROR:  
CONNECTION ERROR:  
Creating connection for 65.9.86.127 using <_io.TextIOWrapper name='logs.json' mode='a' encoding='UTF-8'> and week3-roots.pem
Creating connection for 208.111.35.132 using <_io.TextIOWrapper name='logs.json' mode='a' encoding='UTF-8'> and week3-roots.pem
CONNECTION ERROR:  
Creating connection for 87.236.16.120 using <_io.TextIOWrapper name='logs.json' mode='a' encoding='UTF-8'> and week3-roots.pem
CONNECTION ERROR:  timed out
CONNECTION ERROR:  
CONNECTION ERROR:  
CONNECTION ERROR:  
Creating connection for 104.26.3.208 using <_io.TextIOWrapper name='logs.json' mode='a' encoding='UTF-8'> and week3-roots.pem
CONNECTION ERROR:  
CONNECTION ERROR:  
Creating connection for 104.26.0.18 using <_io.TextIOWrapper name='logs.json' mode='a' encoding='UTF-8'> and week3-roots.pem
Creating connection for 210.172.183.32 using <_io.TextIOWrapper name='logs.json' mode='a' encoding='UTF-8'> and week3-roots.pem
Creating connection for 92.42.38.23 using <_io.TextIOWrapper name='logs.json' mode='a' encoding='UTF-8'> and week3-roots.pem
Creating connection for 198.23.53.13 using <_io.TextIOWrapper name='logs.json' mode='a' encoding='UTF-8'> and week3-roots.pem
CONNECTION ERROR:  
Creating connection for 54.150.227.4 using <_io.TextIOWrapper name='logs.json' mode='a' encoding='UTF-8'> and week3-roots.pem
Creating connection for 104.21.55.202 using <_io.TextIOWrapper name='logs.json' mode='a' encoding='UTF-8'> and week3-roots.pem
Creating connection for 34.235.239.233 using <_io.TextIOWrapper name='logs.json' mode='a' encoding='UTF-8'> and week3-roots.pem
Creating connection for 112.30.131.138 using <_io.TextIOWrapper name='logs.json' mode='a' encoding='UTF-8'> and week3-roots.pem
Creating connection for 65.9.86.25 using <_io.TextIOWrapper name='logs.json' mode='a' encoding='UTF-8'> and week3-roots.pem
Creating connection for 139.159.209.244 using <_io.TextIOWrapper name='logs.json' mode='a' encoding='UTF-8'> and week3-roots.pem
CONNECTION ERROR:  
CONNECTION ERROR:  
Creating connection for 45.223.17.28 using <_io.TextIOWrapper name='logs.json' mode='a' encoding='UTF-8'> and week3-roots.pem
Creating connection for 172.67.198.18 using <_io.TextIOWrapper name='logs.json' mode='a' encoding='UTF-8'> and week3-roots.pem
CONNECTION ERROR:  timed out
CONNECTION ERROR:  
CONNECTION ERROR:  
CONNECTION ERROR:  
CONNECTION ERROR:  
CONNECTION ERROR:  timed out
CONNECTION ERROR:  
CONNECTION ERROR:  
CONNECTION ERROR:  
CONNECTION ERROR:  
CONNECTION ERROR:  
CONNECTION ERROR:  
Creating connection for 200.160.175.75 using <_io.TextIOWrapper name='logs.json' mode='a' encoding='UTF-8'> and week3-roots.pem
CONNECTION ERROR:  
CONNECTION ERROR:  
CONNECTION ERROR:  
CONNECTION ERROR:  
Creating connection for 198.251.66.127 using <_io.TextIOWrapper name='logs.json' mode='a' encoding='UTF-8'> and week3-roots.pemCONNECTION ERROR:  
CONNECTION ERROR:  
CONNECTION ERROR:  
CONNECTION ERROR:  

CONNECTION ERROR:  
CONNECTION ERROR:  
CONNECTION ERROR:  
Creating connection for 65.9.86.121 using <_io.TextIOWrapper name='logs.json' mode='a' encoding='UTF-8'> and week3-roots.pem
Creating connection for 134.213.157.131 using <_io.TextIOWrapper name='logs.json' mode='a' encoding='UTF-8'> and week3-roots.pem
Creating connection for 65.9.86.13 using <_io.TextIOWrapper name='logs.json' mode='a' encoding='UTF-8'> and week3-roots.pem
CONNECTION ERROR:  
Creating connection for 151.101.66.137 using <_io.TextIOWrapper name='logs.json' mode='a' encoding='UTF-8'> and week3-roots.pem
Creating connection for 104.21.55.169 using <_io.TextIOWrapper name='logs.json' mode='a' encoding='UTF-8'> and week3-roots.pem
CONNECTION ERROR:  
Creating connection for 78.41.192.161 using <_io.TextIOWrapper name='logs.json' mode='a' encoding='UTF-8'> and week3-roots.pem
Creating connection for 77.78.100.98 using <_io.TextIOWrapper name='logs.json' mode='a' encoding='UTF-8'> and week3-roots.pem
CONNECTION ERROR:  
Creating connection for 188.132.157.92 using <_io.TextIOWrapper name='logs.json' mode='a' encoding='UTF-8'> and week3-roots.pem
Creating connection for 188.114.96.2 using <_io.TextIOWrapper name='logs.json' mode='a' encoding='UTF-8'> and week3-roots.pem
Creating connection for 188.114.97.3 using <_io.TextIOWrapper name='logs.json' mode='a' encoding='UTF-8'> and week3-roots.pem
Creating connection for 96.45.82.254 using <_io.TextIOWrapper name='logs.json' mode='a' encoding='UTF-8'> and week3-roots.pem
Creating connection for 104.252.60.165 using <_io.TextIOWrapper name='logs.json' mode='a' encoding='UTF-8'> and week3-roots.pem
CONNECTION ERROR:  
Creating connection for 65.9.86.101 using <_io.TextIOWrapper name='logs.json' mode='a' encoding='UTF-8'> and week3-roots.pem
CONNECTION ERROR:  
CONNECTION ERROR:  
CONNECTION ERROR:  
Creating connection for 52.68.244.198 using <_io.TextIOWrapper name='logs.json' mode='a' encoding='UTF-8'> and week3-roots.pem
Creating connection for 172.67.36.250 using <_io.TextIOWrapper name='logs.json' mode='a' encoding='UTF-8'> and week3-roots.pem
CONNECTION ERROR:  
CONNECTION ERROR:  
Creating connection for 103.84.176.9 using <_io.TextIOWrapper name='logs.json' mode='a' encoding='UTF-8'> and week3-roots.pem
Creating connection for 104.26.5.179 using <_io.TextIOWrapper name='logs.json' mode='a' encoding='UTF-8'> and week3-roots.pem
CONNECTION ERROR:  
CONNECTION ERROR:  
CONNECTION ERROR:  
CONNECTION ERROR:  
CONNECTION ERROR:  timed out
CONNECTION ERROR:  
CONNECTION ERROR:  
CONNECTION ERROR:  
Creating connection for 131.1.242.75 using <_io.TextIOWrapper name='logs.json' mode='a' encoding='UTF-8'> and week3-roots.pem
Creating connection for 52.2.74.15 using <_io.TextIOWrapper name='logs.json' mode='a' encoding='UTF-8'> and week3-roots.pem
CONNECTION ERROR:  
Creating connection for 206.119.105.46 using <_io.TextIOWrapper name='logs.json' mode='a' encoding='UTF-8'> and week3-roots.pem
Creating connection for 158.145.65.37 using <_io.TextIOWrapper name='logs.json' mode='a' encoding='UTF-8'> and week3-roots.pem
Creating connection for 3.124.232.176 using <_io.TextIOWrapper name='logs.json' mode='a' encoding='UTF-8'> and week3-roots.pem
Creating connection for 46.235.9.33 using <_io.TextIOWrapper name='logs.json' mode='a' encoding='UTF-8'> and week3-roots.pem
Creating connection for 44.205.61.85 using <_io.TextIOWrapper name='logs.json' mode='a' encoding='UTF-8'> and week3-roots.pem
Creating connection for 104.110.240.72 using <_io.TextIOWrapper name='logs.json' mode='a' encoding='UTF-8'> and week3-roots.pem
Creating connection for 3.33.152.147 using <_io.TextIOWrapper name='logs.json' mode='a' encoding='UTF-8'> and week3-roots.pem
Creating connection for 49.12.83.59 using <_io.TextIOWrapper name='logs.json' mode='a' encoding='UTF-8'> and week3-roots.pem
CONNECTION ERROR:  
CONNECTION ERROR:  
Creating connection for 164.100.229.157 using <_io.TextIOWrapper name='logs.json' mode='a' encoding='UTF-8'> and week3-roots.pem
CONNECTION ERROR:  
Creating connection for 104.21.35.5 using <_io.TextIOWrapper name='logs.json' mode='a' encoding='UTF-8'> and week3-roots.pem
CONNECTION ERROR:  
Creating connection for 158.255.101.99 using <_io.TextIOWrapper name='logs.json' mode='a' encoding='UTF-8'> and week3-roots.pem
CONNECTION ERROR:  timed out
Creating connection for 198.54.120.198 using <_io.TextIOWrapper name='logs.json' mode='a' encoding='UTF-8'> and week3-roots.pem
CONNECTION ERROR:  
Creating connection for 104.21.17.58 using <_io.TextIOWrapper name='logs.json' mode='a' encoding='UTF-8'> and week3-roots.pem
Creating connection for 185.12.125.28 using <_io.TextIOWrapper name='logs.json' mode='a' encoding='UTF-8'> and week3-roots.pem
Creating connection for 3.64.118.52 using <_io.TextIOWrapper name='logs.json' mode='a' encoding='UTF-8'> and week3-roots.pem
Creating connection for 65.9.86.75 using <_io.TextIOWrapper name='logs.json' mode='a' encoding='UTF-8'> and week3-roots.pem
CONNECTION ERROR:  
Creating connection for 52.34.234.50 using <_io.TextIOWrapper name='logs.json' mode='a' encoding='UTF-8'> and week3-roots.pem
Creating connection for 172.67.9.168 using <_io.TextIOWrapper name='logs.json' mode='a' encoding='UTF-8'> and week3-roots.pem
CONNECTION ERROR:  
CONNECTION ERROR:  
CONNECTION ERROR:  
CONNECTION ERROR:  
CONNECTION ERROR:  
Creating connection for 162.0.212.2 using <_io.TextIOWrapper name='logs.json' mode='a' encoding='UTF-8'> and week3-roots.pem
CONNECTION ERROR:  timed out
Creating connection for 104.21.53.58 using <_io.TextIOWrapper name='logs.json' mode='a' encoding='UTF-8'> and week3-roots.pem
Creating connection for 67.124.210.151 using <_io.TextIOWrapper name='logs.json' mode='a' encoding='UTF-8'> and week3-roots.pem
CONNECTION ERROR:  
CONNECTION ERROR:  
CONNECTION ERROR:  
CONNECTION ERROR:  
Creating connection for 65.9.86.49 using <_io.TextIOWrapper name='logs.json' mode='a' encoding='UTF-8'> and week3-roots.pem
CONNECTION ERROR:  
Creating connection for 46.105.204.11 using <_io.TextIOWrapper name='logs.json' mode='a' encoding='UTF-8'> and week3-roots.pem
Creating connection for 182.162.94.60 using <_io.TextIOWrapper name='logs.json' mode='a' encoding='UTF-8'> and week3-roots.pem
CONNECTION ERROR:  
Creating connection for 94.136.40.82 using <_io.TextIOWrapper name='logs.json' mode='a' encoding='UTF-8'> and week3-roots.pem
CONNECTION ERROR:  
Creating connection for 153.127.39.22 using <_io.TextIOWrapper name='logs.json' mode='a' encoding='UTF-8'> and week3-roots.pem
Creating connection for 52.139.180.84 using <_io.TextIOWrapper name='logs.json' mode='a' encoding='UTF-8'> and week3-roots.pem
CONNECTION ERROR:  
CONNECTION ERROR:  
Creating connection for 188.114.97.2 using <_io.TextIOWrapper name='logs.json' mode='a' encoding='UTF-8'> and week3-roots.pem
Creating connection for 200.43.193.119 using <_io.TextIOWrapper name='logs.json' mode='a' encoding='UTF-8'> and week3-roots.pem
CONNECTION ERROR:  
CONNECTION ERROR:  
CONNECTION ERROR:  
CONNECTION ERROR:  
CONNECTION ERROR:  [Errno 111] Connection refused
CONNECTION ERROR:  (32, 'EPIPE')
CONNECTION ERROR:  
Creating connection for 172.67.195.43 using <_io.TextIOWrapper name='logs.json' mode='a' encoding='UTF-8'> and week3-roots.pem
Creating connection for 184.168.112.132 using <_io.TextIOWrapper name='logs.json' mode='a' encoding='UTF-8'> and week3-roots.pem
Creating connection for 172.67.73.79 using <_io.TextIOWrapper name='logs.json' mode='a' encoding='UTF-8'> and week3-roots.pem
CONNECTION ERROR:  
Creating connection for 94.23.123.122 using <_io.TextIOWrapper name='logs.json' mode='a' encoding='UTF-8'> and week3-roots.pem
CONNECTION ERROR:  timed out
CONNECTION ERROR:  
CONNECTION ERROR:  
CONNECTION ERROR:  
Creating connection for 216.137.180.138 using <_io.TextIOWrapper name='logs.json' mode='a' encoding='UTF-8'> and week3-roots.pem
Creating connection for 13.250.219.183 using <_io.TextIOWrapper name='logs.json' mode='a' encoding='UTF-8'> and week3-roots.pem
Creating connection for 72.34.251.240 using <_io.TextIOWrapper name='logs.json' mode='a' encoding='UTF-8'> and week3-roots.pemCONNECTION ERROR:  

Creating connection for 81.177.139.61 using <_io.TextIOWrapper name='logs.json' mode='a' encoding='UTF-8'> and week3-roots.pem
CONNECTION ERROR:  
Creating connection for 54.156.157.153 using <_io.TextIOWrapper name='logs.json' mode='a' encoding='UTF-8'> and week3-roots.pem
CONNECTION ERROR:  
CONNECTION ERROR:  
CONNECTION ERROR:  
Creating connection for 104.21.75.120 using <_io.TextIOWrapper name='logs.json' mode='a' encoding='UTF-8'> and week3-roots.pem
Creating connection for 104.22.16.228 using <_io.TextIOWrapper name='logs.json' mode='a' encoding='UTF-8'> and week3-roots.pem
CONNECTION ERROR:  
Creating connection for 118.143.28.56 using <_io.TextIOWrapper name='logs.json' mode='a' encoding='UTF-8'> and week3-roots.pem
CONNECTION ERROR:  
Creating connection for 104.26.8.193 using <_io.TextIOWrapper name='logs.json' mode='a' encoding='UTF-8'> and week3-roots.pem
Creating connection for 76.76.21.21 using <_io.TextIOWrapper name='logs.json' mode='a' encoding='UTF-8'> and week3-roots.pem
CONNECTION ERROR:  [Errno 111] Connection refused
CONNECTION ERROR:  (32, 'EPIPE')
Creating connection for 64.190.63.111 using <_io.TextIOWrapper name='logs.json' mode='a' encoding='UTF-8'> and week3-roots.pem
CONNECTION ERROR:  
Creating connection for 217.26.61.91 using <_io.TextIOWrapper name='logs.json' mode='a' encoding='UTF-8'> and week3-roots.pem
Creating connection for 104.21.8.99 using <_io.TextIOWrapper name='logs.json' mode='a' encoding='UTF-8'> and week3-roots.pem
Creating connection for 185.215.4.21 using <_io.TextIOWrapper name='logs.json' mode='a' encoding='UTF-8'> and week3-roots.pem
Creating connection for 5.45.78.153 using <_io.TextIOWrapper name='logs.json' mode='a' encoding='UTF-8'> and week3-roots.pem
Creating connection for 65.9.86.121 using <_io.TextIOWrapper name='logs.json' mode='a' encoding='UTF-8'> and week3-roots.pem
CONNECTION ERROR:  
CONNECTION ERROR:  
Creating connection for 51.91.19.20 using <_io.TextIOWrapper name='logs.json' mode='a' encoding='UTF-8'> and week3-roots.pem
Creating connection for 172.66.40.173 using <_io.TextIOWrapper name='logs.json' mode='a' encoding='UTF-8'> and week3-roots.pem
CONNECTION ERROR:  
CONNECTION ERROR:  
CONNECTION ERROR:  
Creating connection for 104.16.42.196 using <_io.TextIOWrapper name='logs.json' mode='a' encoding='UTF-8'> and week3-roots.pem
CONNECTION ERROR:  
CONNECTION ERROR:  
Creating connection for 185.15.43.27 using <_io.TextIOWrapper name='logs.json' mode='a' encoding='UTF-8'> and week3-roots.pem
Creating connection for 184.168.117.92 using <_io.TextIOWrapper name='logs.json' mode='a' encoding='UTF-8'> and week3-roots.pem
CONNECTION ERROR:  
CONNECTION ERROR:  
CONNECTION ERROR:  
CONNECTION ERROR:  
Creating connection for 3.66.136.156 using <_io.TextIOWrapper name='logs.json' mode='a' encoding='UTF-8'> and week3-roots.pem
Creating connection for 95.128.179.193 using <_io.TextIOWrapper name='logs.json' mode='a' encoding='UTF-8'> and week3-roots.pem
CONNECTION ERROR:  
CONNECTION ERROR:  
CONNECTION ERROR:  
CONNECTION ERROR:  
CONNECTION ERROR:  
CONNECTION ERROR:  
CONNECTION ERROR:  timed out
Creating connection for 104.21.93.77 using <_io.TextIOWrapper name='logs.json' mode='a' encoding='UTF-8'> and week3-roots.pem
CONNECTION ERROR:  
Creating connection for 104.21.235.115 using <_io.TextIOWrapper name='logs.json' mode='a' encoding='UTF-8'> and week3-roots.pem
CONNECTION ERROR:  
Creating connection for 65.9.86.120 using <_io.TextIOWrapper name='logs.json' mode='a' encoding='UTF-8'> and week3-roots.pem
Creating connection for 172.67.72.2 using <_io.TextIOWrapper name='logs.json' mode='a' encoding='UTF-8'> and week3-roots.pem
Creating connection for 84.201.142.35 using <_io.TextIOWrapper name='logs.json' mode='a' encoding='UTF-8'> and week3-roots.pem
CONNECTION ERROR:  
CONNECTION ERROR:  
CONNECTION ERROR:  
Creating connection for 72.14.185.43 using <_io.TextIOWrapper name='logs.json' mode='a' encoding='UTF-8'> and week3-roots.pem
Creating connection for 172.67.71.14 using <_io.TextIOWrapper name='logs.json' mode='a' encoding='UTF-8'> and week3-roots.pem
Creating connection for 18.216.171.176 using <_io.TextIOWrapper name='logs.json' mode='a' encoding='UTF-8'> and week3-roots.pem
CONNECTION ERROR:  
CONNECTION ERROR:  
Creating connection for 104.26.11.100 using <_io.TextIOWrapper name='logs.json' mode='a' encoding='UTF-8'> and week3-roots.pem
Creating connection for 109.201.142.161 using <_io.TextIOWrapper name='logs.json' mode='a' encoding='UTF-8'> and week3-roots.pem
CONNECTION ERROR:  
CONNECTION ERROR:  
CONNECTION ERROR:  
Creating connection for 75.2.70.75 using <_io.TextIOWrapper name='logs.json' mode='a' encoding='UTF-8'> and week3-roots.pem
CONNECTION ERROR:  
CONNECTION ERROR:  
CONNECTION ERROR:  
Creating connection for 172.67.154.82 using <_io.TextIOWrapper name='logs.json' mode='a' encoding='UTF-8'> and week3-roots.pem
Creating connection for 31.31.198.165 using <_io.TextIOWrapper name='logs.json' mode='a' encoding='UTF-8'> and week3-roots.pem
Creating connection for 65.9.86.100 using <_io.TextIOWrapper name='logs.json' mode='a' encoding='UTF-8'> and week3-roots.pem
Creating connection for 86.109.178.106 using <_io.TextIOWrapper name='logs.json' mode='a' encoding='UTF-8'> and week3-roots.pem
Creating connection for 78.46.224.134 using <_io.TextIOWrapper name='logs.json' mode='a' encoding='UTF-8'> and week3-roots.pem
Creating connection for 37.230.116.135 using <_io.TextIOWrapper name='logs.json' mode='a' encoding='UTF-8'> and week3-roots.pem
CONNECTION ERROR:  
CONNECTION ERROR:  
CONNECTION ERROR:  
Creating connection for 156.234.201.250 using <_io.TextIOWrapper name='logs.json' mode='a' encoding='UTF-8'> and week3-roots.pem
CONNECTION ERROR:  
CONNECTION ERROR:  
CONNECTION ERROR:  
CONNECTION ERROR:  
Creating connection for 45.152.240.128 using <_io.TextIOWrapper name='logs.json' mode='a' encoding='UTF-8'> and week3-roots.pem
Creating connection for 162.159.130.11 using <_io.TextIOWrapper name='logs.json' mode='a' encoding='UTF-8'> and week3-roots.pem
Creating connection for 23.227.38.32 using <_io.TextIOWrapper name='logs.json' mode='a' encoding='UTF-8'> and week3-roots.pem
CONNECTION ERROR:  
CONNECTION ERROR:  
CONNECTION ERROR:  
CONNECTION ERROR:  
Creating connection for 162.43.117.90 using <_io.TextIOWrapper name='logs.json' mode='a' encoding='UTF-8'> and week3-roots.pem
CONNECTION ERROR:  
Creating connection for 54.154.235.142 using <_io.TextIOWrapper name='logs.json' mode='a' encoding='UTF-8'> and week3-roots.pem
Creating connection for 104.21.33.57 using <_io.TextIOWrapper name='logs.json' mode='a' encoding='UTF-8'> and week3-roots.pem
Creating connection for 80.70.107.91 using <_io.TextIOWrapper name='logs.json' mode='a' encoding='UTF-8'> and week3-roots.pem
CONNECTION ERROR:  
Creating connection for 34.238.11.122 using <_io.TextIOWrapper name='logs.json' mode='a' encoding='UTF-8'> and week3-roots.pem
Creating connection for 195.243.80.107 using <_io.TextIOWrapper name='logs.json' mode='a' encoding='UTF-8'> and week3-roots.pem
Creating connection for 104.26.10.44 using <_io.TextIOWrapper name='logs.json' mode='a' encoding='UTF-8'> and week3-roots.pem
CONNECTION ERROR:  
Creating connection for 216.239.36.21 using <_io.TextIOWrapper name='logs.json' mode='a' encoding='UTF-8'> and week3-roots.pem
Creating connection for 47.90.6.230 using <_io.TextIOWrapper name='logs.json' mode='a' encoding='UTF-8'> and week3-roots.pem
CONNECTION ERROR:  
Creating connection for 49.212.7.187 using <_io.TextIOWrapper name='logs.json' mode='a' encoding='UTF-8'> and week3-roots.pem
CONNECTION ERROR:  
Creating connection for 94.23.199.65 using <_io.TextIOWrapper name='logs.json' mode='a' encoding='UTF-8'> and week3-roots.pem
Creating connection for 65.9.86.80 using <_io.TextIOWrapper name='logs.json' mode='a' encoding='UTF-8'> and week3-roots.pem
CONNECTION ERROR:  [Errno 111] Connection refused
Creating connection for 217.70.184.55 using <_io.TextIOWrapper name='logs.json' mode='a' encoding='UTF-8'> and week3-roots.pem
CONNECTION ERROR:  
CONNECTION ERROR:  
Creating connection for 95.100.252.27 using <_io.TextIOWrapper name='logs.json' mode='a' encoding='UTF-8'> and week3-roots.pem
CONNECTION ERROR:  (32, 'EPIPE')
CONNECTION ERROR:  
Creating connection for 209.126.102.155 using <_io.TextIOWrapper name='logs.json' mode='a' encoding='UTF-8'> and week3-roots.pem
CONNECTION ERROR:  [Errno 111] Connection refused
CONNECTION ERROR:  
Creating connection for 172.67.140.145 using <_io.TextIOWrapper name='logs.json' mode='a' encoding='UTF-8'> and week3-roots.pem
CONNECTION ERROR:  (32, 'EPIPE')
CONNECTION ERROR:  [Errno 113] No route to host
CONNECTION ERROR:  (32, 'EPIPE')
Creating connection for 208.91.197.26 using <_io.TextIOWrapper name='logs.json' mode='a' encoding='UTF-8'> and week3-roots.pem
Creating connection for 95.131.186.154 using <_io.TextIOWrapper name='logs.json' mode='a' encoding='UTF-8'> and week3-roots.pem
CONNECTION ERROR:  
Creating connection for 104.26.8.83 using <_io.TextIOWrapper name='logs.json' mode='a' encoding='UTF-8'> and week3-roots.pem
Creating connection for 104.20.62.71 using <_io.TextIOWrapper name='logs.json' mode='a' encoding='UTF-8'> and week3-roots.pem
CONNECTION ERROR:  
Creating connection for 185.199.110.153 using <_io.TextIOWrapper name='logs.json' mode='a' encoding='UTF-8'> and week3-roots.pem
CONNECTION ERROR:  
CONNECTION ERROR:  
Creating connection for 195.243.161.63 using <_io.TextIOWrapper name='logs.json' mode='a' encoding='UTF-8'> and week3-roots.pem
Creating connection for 172.67.167.15 using <_io.TextIOWrapper name='logs.json' mode='a' encoding='UTF-8'> and week3-roots.pem
CONNECTION ERROR:  
CONNECTION ERROR:  
CONNECTION ERROR:  
Creating connection for 208.52.168.233 using <_io.TextIOWrapper name='logs.json' mode='a' encoding='UTF-8'> and week3-roots.pem
CONNECTION ERROR:  
Creating connection for 46.226.108.58 using <_io.TextIOWrapper name='logs.json' mode='a' encoding='UTF-8'> and week3-roots.pem
Creating connection for 190.210.117.153 using <_io.TextIOWrapper name='logs.json' mode='a' encoding='UTF-8'> and week3-roots.pem
CONNECTION ERROR:  
Creating connection for 104.26.0.195 using <_io.TextIOWrapper name='logs.json' mode='a' encoding='UTF-8'> and week3-roots.pem
CONNECTION ERROR:  
CONNECTION ERROR:  
Creating connection for 223.27.202.201 using <_io.TextIOWrapper name='logs.json' mode='a' encoding='UTF-8'> and week3-roots.pem
Creating connection for 217.28.102.229 using <_io.TextIOWrapper name='logs.json' mode='a' encoding='UTF-8'> and week3-roots.pem
Creating connection for 104.26.2.215 using <_io.TextIOWrapper name='logs.json' mode='a' encoding='UTF-8'> and week3-roots.pem
Creating connection for 65.9.86.97 using <_io.TextIOWrapper name='logs.json' mode='a' encoding='UTF-8'> and week3-roots.pem
CONNECTION ERROR:  
CONNECTION ERROR:  
CONNECTION ERROR:  
CONNECTION ERROR:  
CONNECTION ERROR:  
CONNECTION ERROR:  
Creating connection for 103.28.39.29 using <_io.TextIOWrapper name='logs.json' mode='a' encoding='UTF-8'> and week3-roots.pem
Creating connection for 172.67.153.41 using <_io.TextIOWrapper name='logs.json' mode='a' encoding='UTF-8'> and week3-roots.pem
CONNECTION ERROR:  
CONNECTION ERROR:  
CONNECTION ERROR:  
Creating connection for 173.239.8.164 using <_io.TextIOWrapper name='logs.json' mode='a' encoding='UTF-8'> and week3-roots.pem
Creating connection for 217.160.0.85 using <_io.TextIOWrapper name='logs.json' mode='a' encoding='UTF-8'> and week3-roots.pem
Creating connection for 104.21.31.176 using <_io.TextIOWrapper name='logs.json' mode='a' encoding='UTF-8'> and week3-roots.pem
CONNECTION ERROR:  
Creating connection for 141.193.213.11 using <_io.TextIOWrapper name='logs.json' mode='a' encoding='UTF-8'> and week3-roots.pem
CONNECTION ERROR:  
CONNECTION ERROR:  
CONNECTION ERROR:  
Creating connection for 104.21.92.230 using <_io.TextIOWrapper name='logs.json' mode='a' encoding='UTF-8'> and week3-roots.pem
Creating connection for 172.67.198.217 using <_io.TextIOWrapper name='logs.json' mode='a' encoding='UTF-8'> and week3-roots.pem
Creating connection for 91.195.241.232 using <_io.TextIOWrapper name='logs.json' mode='a' encoding='UTF-8'> and week3-roots.pem
Creating connection for 151.101.37.188 using <_io.TextIOWrapper name='logs.json' mode='a' encoding='UTF-8'> and week3-roots.pem
Creating connection for 13.112.108.233 using <_io.TextIOWrapper name='logs.json' mode='a' encoding='UTF-8'> and week3-roots.pem
Creating connection for 199.60.103.28 using <_io.TextIOWrapper name='logs.json' mode='a' encoding='UTF-8'> and week3-roots.pem
CONNECTION ERROR:  
Creating connection for 172.104.228.224 using <_io.TextIOWrapper name='logs.json' mode='a' encoding='UTF-8'> and week3-roots.pem
Creating connection for 65.9.86.10 using <_io.TextIOWrapper name='logs.json' mode='a' encoding='UTF-8'> and week3-roots.pem
Creating connection for 192.243.59.12 using <_io.TextIOWrapper name='logs.json' mode='a' encoding='UTF-8'> and week3-roots.pem
CONNECTION ERROR:  
CONNECTION ERROR:  
CONNECTION ERROR:  
Creating connection for 84.88.27.7 using <_io.TextIOWrapper name='logs.json' mode='a' encoding='UTF-8'> and week3-roots.pem
Creating connection for 185.230.63.171 using <_io.TextIOWrapper name='logs.json' mode='a' encoding='UTF-8'> and week3-roots.pem
CONNECTION ERROR:  
CONNECTION ERROR:  
CONNECTION ERROR:  
Creating connection for 156.250.243.117 using <_io.TextIOWrapper name='logs.json' mode='a' encoding='UTF-8'> and week3-roots.pem
Creating connection for 18.195.30.247 using <_io.TextIOWrapper name='logs.json' mode='a' encoding='UTF-8'> and week3-roots.pem
Creating connection for 104.22.1.4 using <_io.TextIOWrapper name='logs.json' mode='a' encoding='UTF-8'> and week3-roots.pem
CONNECTION ERROR:  
CONNECTION ERROR:  
CONNECTION ERROR:  
CONNECTION ERROR:  
Creating connection for 65.9.86.5 using <_io.TextIOWrapper name='logs.json' mode='a' encoding='UTF-8'> and week3-roots.pem
Creating connection for 3.33.152.147 using <_io.TextIOWrapper name='logs.json' mode='a' encoding='UTF-8'> and week3-roots.pem
Creating connection for 65.9.86.15 using <_io.TextIOWrapper name='logs.json' mode='a' encoding='UTF-8'> and week3-roots.pem
Creating connection for 104.22.22.231 using <_io.TextIOWrapper name='logs.json' mode='a' encoding='UTF-8'> and week3-roots.pem
CONNECTION ERROR:  
Creating connection for 172.67.161.216 using <_io.TextIOWrapper name='logs.json' mode='a' encoding='UTF-8'> and week3-roots.pem
Creating connection for 172.67.195.60 using <_io.TextIOWrapper name='logs.json' mode='a' encoding='UTF-8'> and week3-roots.pem
Creating connection for 50.62.160.32 using <_io.TextIOWrapper name='logs.json' mode='a' encoding='UTF-8'> and week3-roots.pem
Creating connection for 34.255.25.147 using <_io.TextIOWrapper name='logs.json' mode='a' encoding='UTF-8'> and week3-roots.pem
Creating connection for 104.22.76.163 using <_io.TextIOWrapper name='logs.json' mode='a' encoding='UTF-8'> and week3-roots.pem
Creating connection for 104.21.46.130 using <_io.TextIOWrapper name='logs.json' mode='a' encoding='UTF-8'> and week3-roots.pem
CONNECTION ERROR:  
CONNECTION ERROR:  
Creating connection for 65.9.86.121 using <_io.TextIOWrapper name='logs.json' mode='a' encoding='UTF-8'> and week3-roots.pem
CONNECTION ERROR:  
Creating connection for 65.9.86.8 using <_io.TextIOWrapper name='logs.json' mode='a' encoding='UTF-8'> and week3-roots.pem
CONNECTION ERROR:  
CONNECTION ERROR:  
CONNECTION ERROR:  
CONNECTION ERROR:  
Creating connection for 172.67.155.178 using <_io.TextIOWrapper name='logs.json' mode='a' encoding='UTF-8'> and week3-roots.pem
Creating connection for 95.214.59.138 using <_io.TextIOWrapper name='logs.json' mode='a' encoding='UTF-8'> and week3-roots.pem
CONNECTION ERROR:  
CONNECTION ERROR:  
CONNECTION ERROR:  
Creating connection for 18.209.41.188 using <_io.TextIOWrapper name='logs.json' mode='a' encoding='UTF-8'> and week3-roots.pem
CONNECTION ERROR:  
Creating connection for 208.4.80.150 using <_io.TextIOWrapper name='logs.json' mode='a' encoding='UTF-8'> and week3-roots.pem
CONNECTION ERROR:  
CONNECTION ERROR:  
CONNECTION ERROR:  
CONNECTION ERROR:  
Creating connection for 104.20.10.225 using <_io.TextIOWrapper name='logs.json' mode='a' encoding='UTF-8'> and week3-roots.pem
CONNECTION ERROR:  
CONNECTION ERROR:  
Creating connection for 75.2.60.5 using <_io.TextIOWrapper name='logs.json' mode='a' encoding='UTF-8'> and week3-roots.pemCONNECTION ERROR:  

Creating connection for 47.97.248.214 using <_io.TextIOWrapper name='logs.json' mode='a' encoding='UTF-8'> and week3-roots.pem
Creating connection for 3.66.136.156 using <_io.TextIOWrapper name='logs.json' mode='a' encoding='UTF-8'> and week3-roots.pem
CONNECTION ERROR:  
Creating connection for 65.9.86.61 using <_io.TextIOWrapper name='logs.json' mode='a' encoding='UTF-8'> and week3-roots.pem
Creating connection for 172.67.197.214 using <_io.TextIOWrapper name='logs.json' mode='a' encoding='UTF-8'> and week3-roots.pem
Creating connection for 104.26.11.196 using <_io.TextIOWrapper name='logs.json' mode='a' encoding='UTF-8'> and week3-roots.pem
Creating connection for 198.185.159.145 using <_io.TextIOWrapper name='logs.json' mode='a' encoding='UTF-8'> and week3-roots.pem
Creating connection for 23.227.38.36 using <_io.TextIOWrapper name='logs.json' mode='a' encoding='UTF-8'> and week3-roots.pem
Creating connection for 45.93.137.91 using <_io.TextIOWrapper name='logs.json' mode='a' encoding='UTF-8'> and week3-roots.pem
Creating connection for 151.101.38.125 using <_io.TextIOWrapper name='logs.json' mode='a' encoding='UTF-8'> and week3-roots.pem
Creating connection for 104.22.4.47 using <_io.TextIOWrapper name='logs.json' mode='a' encoding='UTF-8'> and week3-roots.pem
CONNECTION ERROR:  
CONNECTION ERROR:  
Creating connection for 74.220.199.9 using <_io.TextIOWrapper name='logs.json' mode='a' encoding='UTF-8'> and week3-roots.pem
CONNECTION ERROR:  
CONNECTION ERROR:  
Creating connection for 188.114.97.2 using <_io.TextIOWrapper name='logs.json' mode='a' encoding='UTF-8'> and week3-roots.pem
Creating connection for 188.210.221.85 using <_io.TextIOWrapper name='logs.json' mode='a' encoding='UTF-8'> and week3-roots.pem
CONNECTION ERROR:  
CONNECTION ERROR:  
Creating connection for 35.184.110.109 using <_io.TextIOWrapper name='logs.json' mode='a' encoding='UTF-8'> and week3-roots.pem
CONNECTION ERROR:  
CONNECTION ERROR:  timed out
CONNECTION ERROR:  
Creating connection for 190.115.19.43 using <_io.TextIOWrapper name='logs.json' mode='a' encoding='UTF-8'> and week3-roots.pem
CONNECTION ERROR:  
CONNECTION ERROR:  
CONNECTION ERROR:  
CONNECTION ERROR:  
Creating connection for 188.114.96.3 using <_io.TextIOWrapper name='logs.json' mode='a' encoding='UTF-8'> and week3-roots.pem
CONNECTION ERROR:  
CONNECTION ERROR:  timed out
Creating connection for 141.95.121.165 using <_io.TextIOWrapper name='logs.json' mode='a' encoding='UTF-8'> and week3-roots.pem
CONNECTION ERROR:  
CONNECTION ERROR:  
Creating connection for 195.254.235.90 using <_io.TextIOWrapper name='logs.json' mode='a' encoding='UTF-8'> and week3-roots.pem
Creating connection for 65.9.86.30 using <_io.TextIOWrapper name='logs.json' mode='a' encoding='UTF-8'> and week3-roots.pem
Creating connection for 51.91.48.135 using <_io.TextIOWrapper name='logs.json' mode='a' encoding='UTF-8'> and week3-roots.pem
CONNECTION ERROR:  
Creating connection for 172.67.204.202 using <_io.TextIOWrapper name='logs.json' mode='a' encoding='UTF-8'> and week3-roots.pem
Creating connection for 45.79.153.188 using <_io.TextIOWrapper name='logs.json' mode='a' encoding='UTF-8'> and week3-roots.pem
Creating connection for 172.67.68.209 using <_io.TextIOWrapper name='logs.json' mode='a' encoding='UTF-8'> and week3-roots.pem
Creating connection for 192.229.233.181 using <_io.TextIOWrapper name='logs.json' mode='a' encoding='UTF-8'> and week3-roots.pem
CONNECTION ERROR:  timed out
CONNECTION ERROR:  
Creating connection for 141.193.213.10 using <_io.TextIOWrapper name='logs.json' mode='a' encoding='UTF-8'> and week3-roots.pem
Creating connection for 62.122.171.84 using <_io.TextIOWrapper name='logs.json' mode='a' encoding='UTF-8'> and week3-roots.pem
Creating connection for 202.4.179.73 using <_io.TextIOWrapper name='logs.json' mode='a' encoding='UTF-8'> and week3-roots.pem
Creating connection for 207.38.40.43 using <_io.TextIOWrapper name='logs.json' mode='a' encoding='UTF-8'> and week3-roots.pem
Creating connection for 65.9.86.107 using <_io.TextIOWrapper name='logs.json' mode='a' encoding='UTF-8'> and week3-roots.pem
Creating connection for 199.15.163.138 using <_io.TextIOWrapper name='logs.json' mode='a' encoding='UTF-8'> and week3-roots.pem
CONNECTION ERROR:  
CONNECTION ERROR:  
Creating connection for 104.21.80.62 using <_io.TextIOWrapper name='logs.json' mode='a' encoding='UTF-8'> and week3-roots.pem
CONNECTION ERROR:  
CONNECTION ERROR:  
CONNECTION ERROR:  
CONNECTION ERROR:  
CONNECTION ERROR:  
Creating connection for 172.67.75.163 using <_io.TextIOWrapper name='logs.json' mode='a' encoding='UTF-8'> and week3-roots.pem
Creating connection for 194.1.147.10 using <_io.TextIOWrapper name='logs.json' mode='a' encoding='UTF-8'> and week3-roots.pem
Creating connection for 104.16.15.93 using <_io.TextIOWrapper name='logs.json' mode='a' encoding='UTF-8'> and week3-roots.pem
Creating connection for 104.18.94.72 using <_io.TextIOWrapper name='logs.json' mode='a' encoding='UTF-8'> and week3-roots.pem
CONNECTION ERROR:  
CONNECTION ERROR:  
CONNECTION ERROR:  
CONNECTION ERROR:  
CONNECTION ERROR:  
Creating connection for 185.100.160.125 using <_io.TextIOWrapper name='logs.json' mode='a' encoding='UTF-8'> and week3-roots.pem
CONNECTION ERROR:  [Errno 111] Connection refused
CONNECTION ERROR:  
CONNECTION ERROR:  
Creating connection for 172.66.40.226 using <_io.TextIOWrapper name='logs.json' mode='a' encoding='UTF-8'> and week3-roots.pem
Creating connection for 82.81.81.125 using <_io.TextIOWrapper name='logs.json' mode='a' encoding='UTF-8'> and week3-roots.pem
CONNECTION ERROR:  (32, 'EPIPE')
CONNECTION ERROR:  
CONNECTION ERROR:  
Creating connection for 216.239.32.21 using <_io.TextIOWrapper name='logs.json' mode='a' encoding='UTF-8'> and week3-roots.pem
CONNECTION ERROR:  
CONNECTION ERROR:  
CONNECTION ERROR:  
CONNECTION ERROR:  
CONNECTION ERROR:  
CONNECTION ERROR:  
Creating connection for 111.223.37.134 using <_io.TextIOWrapper name='logs.json' mode='a' encoding='UTF-8'> and week3-roots.pem
Creating connection for 104.26.9.133 using <_io.TextIOWrapper name='logs.json' mode='a' encoding='UTF-8'> and week3-roots.pem
CONNECTION ERROR:  
CONNECTION ERROR:  
CONNECTION ERROR:  
CONNECTION ERROR:  
CONNECTION ERROR:  
CONNECTION ERROR:  
Creating connection for 146.71.34.4 using <_io.TextIOWrapper name='logs.json' mode='a' encoding='UTF-8'> and week3-roots.pem
CONNECTION ERROR:  
Creating connection for 104.21.57.100 using <_io.TextIOWrapper name='logs.json' mode='a' encoding='UTF-8'> and week3-roots.pem
CONNECTION ERROR:  
CONNECTION ERROR:  
CONNECTION ERROR:  
Creating connection for 192.0.78.226 using <_io.TextIOWrapper name='logs.json' mode='a' encoding='UTF-8'> and week3-roots.pem
CONNECTION ERROR:  
CONNECTION ERROR:  timed out
Creating connection for 65.9.86.33 using <_io.TextIOWrapper name='logs.json' mode='a' encoding='UTF-8'> and week3-roots.pem
CONNECTION ERROR:  
CONNECTION ERROR:  
CONNECTION ERROR:  
CONNECTION ERROR:  
Creating connection for 23.227.38.74 using <_io.TextIOWrapper name='logs.json' mode='a' encoding='UTF-8'> and week3-roots.pem
CONNECTION ERROR:  
Creating connection for 35.201.86.109 using <_io.TextIOWrapper name='logs.json' mode='a' encoding='UTF-8'> and week3-roots.pem
CONNECTION ERROR:  
CONNECTION ERROR:  
CONNECTION ERROR:  
CONNECTION ERROR:  
Creating connection for 104.25.210.30 using <_io.TextIOWrapper name='logs.json' mode='a' encoding='UTF-8'> and week3-roots.pem
Creating connection for 188.114.96.3 using <_io.TextIOWrapper name='logs.json' mode='a' encoding='UTF-8'> and week3-roots.pem
CONNECTION ERROR:  
CONNECTION ERROR:  
Creating connection for 172.67.201.85 using <_io.TextIOWrapper name='logs.json' mode='a' encoding='UTF-8'> and week3-roots.pem
CONNECTION ERROR:  
Creating connection for 23.185.0.4 using <_io.TextIOWrapper name='logs.json' mode='a' encoding='UTF-8'> and week3-roots.pem
Creating connection for 104.17.221.15 using <_io.TextIOWrapper name='logs.json' mode='a' encoding='UTF-8'> and week3-roots.pem
Creating connection for 112.124.34.161 using <_io.TextIOWrapper name='logs.json' mode='a' encoding='UTF-8'> and week3-roots.pem
Creating connection for 90.161.94.138 using <_io.TextIOWrapper name='logs.json' mode='a' encoding='UTF-8'> and week3-roots.pemCONNECTION ERROR:  
CONNECTION ERROR:  

CONNECTION ERROR:  timed out
CONNECTION ERROR:  
Creating connection for 47.254.157.136 using <_io.TextIOWrapper name='logs.json' mode='a' encoding='UTF-8'> and week3-roots.pem
CONNECTION ERROR:  
CONNECTION ERROR:  
Creating connection for 212.204.79.86 using <_io.TextIOWrapper name='logs.json' mode='a' encoding='UTF-8'> and week3-roots.pem
Creating connection for 173.231.189.17 using <_io.TextIOWrapper name='logs.json' mode='a' encoding='UTF-8'> and week3-roots.pem
Creating connection for 23.198.18.221 using <_io.TextIOWrapper name='logs.json' mode='a' encoding='UTF-8'> and week3-roots.pem
Creating connection for 172.67.179.245 using <_io.TextIOWrapper name='logs.json' mode='a' encoding='UTF-8'> and week3-roots.pem
Creating connection for 172.66.43.176 using <_io.TextIOWrapper name='logs.json' mode='a' encoding='UTF-8'> and week3-roots.pem
CONNECTION ERROR:  
CONNECTION ERROR:  
Creating connection for 222.186.59.243 using <_io.TextIOWrapper name='logs.json' mode='a' encoding='UTF-8'> and week3-roots.pem
CONNECTION ERROR:  
CONNECTION ERROR:  
Creating connection for 104.21.94.99 using <_io.TextIOWrapper name='logs.json' mode='a' encoding='UTF-8'> and week3-roots.pem
Creating connection for 104.152.109.87 using <_io.TextIOWrapper name='logs.json' mode='a' encoding='UTF-8'> and week3-roots.pem
Creating connection for 95.216.74.26 using <_io.TextIOWrapper name='logs.json' mode='a' encoding='UTF-8'> and week3-roots.pem
Creating connection for 52.223.15.168 using <_io.TextIOWrapper name='logs.json' mode='a' encoding='UTF-8'> and week3-roots.pem
Creating connection for 104.21.89.75 using <_io.TextIOWrapper name='logs.json' mode='a' encoding='UTF-8'> and week3-roots.pem
Creating connection for 104.21.72.178 using <_io.TextIOWrapper name='logs.json' mode='a' encoding='UTF-8'> and week3-roots.pem
CONNECTION ERROR:  
CONNECTION ERROR:  
CONNECTION ERROR:  
CONNECTION ERROR:  
Creating connection for 52.73.15.2 using <_io.TextIOWrapper name='logs.json' mode='a' encoding='UTF-8'> and week3-roots.pem
CONNECTION ERROR:  timed out
CONNECTION ERROR:  
CONNECTION ERROR:  
Creating connection for 104.18.0.81 using <_io.TextIOWrapper name='logs.json' mode='a' encoding='UTF-8'> and week3-roots.pem
CONNECTION ERROR:  
CONNECTION ERROR:  
Creating connection for 78.47.237.134 using <_io.TextIOWrapper name='logs.json' mode='a' encoding='UTF-8'> and week3-roots.pem
Creating connection for 65.9.86.88 using <_io.TextIOWrapper name='logs.json' mode='a' encoding='UTF-8'> and week3-roots.pem
Creating connection for 91.121.52.100 using <_io.TextIOWrapper name='logs.json' mode='a' encoding='UTF-8'> and week3-roots.pem
Creating connection for 104.21.46.170 using <_io.TextIOWrapper name='logs.json' mode='a' encoding='UTF-8'> and week3-roots.pem
Creating connection for 103.62.228.120 using <_io.TextIOWrapper name='logs.json' mode='a' encoding='UTF-8'> and week3-roots.pem
Creating connection for 12.43.214.81 using <_io.TextIOWrapper name='logs.json' mode='a' encoding='UTF-8'> and week3-roots.pem
CONNECTION ERROR:  timed out
CONNECTION ERROR:  
CONNECTION ERROR:  
Creating connection for 34.246.251.173 using <_io.TextIOWrapper name='logs.json' mode='a' encoding='UTF-8'> and week3-roots.pem
Creating connection for 138.255.83.135 using <_io.TextIOWrapper name='logs.json' mode='a' encoding='UTF-8'> and week3-roots.pem
Creating connection for 34.247.225.85 using <_io.TextIOWrapper name='logs.json' mode='a' encoding='UTF-8'> and week3-roots.pem
Creating connection for 104.26.14.233 using <_io.TextIOWrapper name='logs.json' mode='a' encoding='UTF-8'> and week3-roots.pem
CONNECTION ERROR:  
CONNECTION ERROR:  
CONNECTION ERROR:  
CONNECTION ERROR:  
CONNECTION ERROR:  
Creating connection for 178.63.129.147 using <_io.TextIOWrapper name='logs.json' mode='a' encoding='UTF-8'> and week3-roots.pem
Creating connection for 221.231.81.239 using <_io.TextIOWrapper name='logs.json' mode='a' encoding='UTF-8'> and week3-roots.pem
Creating connection for 172.67.68.109 using <_io.TextIOWrapper name='logs.json' mode='a' encoding='UTF-8'> and week3-roots.pem
Creating connection for 172.67.156.220 using <_io.TextIOWrapper name='logs.json' mode='a' encoding='UTF-8'> and week3-roots.pem
CONNECTION ERROR:  
CONNECTION ERROR:  timed out
CONNECTION ERROR:  
CONNECTION ERROR:  timed out
CONNECTION ERROR:  
Creating connection for 185.199.110.153 using <_io.TextIOWrapper name='logs.json' mode='a' encoding='UTF-8'> and week3-roots.pem
Creating connection for 193.111.255.11 using <_io.TextIOWrapper name='logs.json' mode='a' encoding='UTF-8'> and week3-roots.pem
CONNECTION ERROR:  
Creating connection for 91.221.182.50 using <_io.TextIOWrapper name='logs.json' mode='a' encoding='UTF-8'> and week3-roots.pem
CONNECTION ERROR:  
Creating connection for 51.11.26.170 using <_io.TextIOWrapper name='logs.json' mode='a' encoding='UTF-8'> and week3-roots.pem
Creating connection for 162.55.242.139 using <_io.TextIOWrapper name='logs.json' mode='a' encoding='UTF-8'> and week3-roots.pem
CONNECTION ERROR:  
Creating connection for 37.97.204.132 using <_io.TextIOWrapper name='logs.json' mode='a' encoding='UTF-8'> and week3-roots.pem
Creating connection for 62.122.172.250 using <_io.TextIOWrapper name='logs.json' mode='a' encoding='UTF-8'> and week3-roots.pem
CONNECTION ERROR:  
CONNECTION ERROR:  
CONNECTION ERROR:  
Creating connection for 50.87.62.194 using <_io.TextIOWrapper name='logs.json' mode='a' encoding='UTF-8'> and week3-roots.pem
Creating connection for 45.130.41.76 using <_io.TextIOWrapper name='logs.json' mode='a' encoding='UTF-8'> and week3-roots.pem
CONNECTION ERROR:  
CONNECTION ERROR:  
Creating connection for 188.114.97.3 using <_io.TextIOWrapper name='logs.json' mode='a' encoding='UTF-8'> and week3-roots.pem
CONNECTION ERROR:  
Creating connection for 84.53.185.184 using <_io.TextIOWrapper name='logs.json' mode='a' encoding='UTF-8'> and week3-roots.pem
CONNECTION ERROR:  
CONNECTION ERROR:  
CONNECTION ERROR:  
CONNECTION ERROR:  
CONNECTION ERROR:  
CONNECTION ERROR:  
CONNECTION ERROR:  
CONNECTION ERROR:  
Creating connection for 172.255.6.116 using <_io.TextIOWrapper name='logs.json' mode='a' encoding='UTF-8'> and week3-roots.pem
CONNECTION ERROR:  
Creating connection for 174.136.152.15 using <_io.TextIOWrapper name='logs.json' mode='a' encoding='UTF-8'> and week3-roots.pem
CONNECTION ERROR:  
Creating connection for 34.159.25.198 using <_io.TextIOWrapper name='logs.json' mode='a' encoding='UTF-8'> and week3-roots.pem
Creating connection for 65.9.86.109 using <_io.TextIOWrapper name='logs.json' mode='a' encoding='UTF-8'> and week3-roots.pem
Creating connection for 172.67.73.100 using <_io.TextIOWrapper name='logs.json' mode='a' encoding='UTF-8'> and week3-roots.pem
Creating connection for 65.9.86.13 using <_io.TextIOWrapper name='logs.json' mode='a' encoding='UTF-8'> and week3-roots.pem
CONNECTION ERROR:  
Creating connection for 104.21.31.73 using <_io.TextIOWrapper name='logs.json' mode='a' encoding='UTF-8'> and week3-roots.pem
CONNECTION ERROR:  
Creating connection for 104.26.7.80 using <_io.TextIOWrapper name='logs.json' mode='a' encoding='UTF-8'> and week3-roots.pem
Creating connection for 103.119.144.68 using <_io.TextIOWrapper name='logs.json' mode='a' encoding='UTF-8'> and week3-roots.pem
CONNECTION ERROR:  
CONNECTION ERROR:  
CONNECTION ERROR:  
Creating connection for 172.67.70.33 using <_io.TextIOWrapper name='logs.json' mode='a' encoding='UTF-8'> and week3-roots.pem
CONNECTION ERROR:  
CONNECTION ERROR:  
Creating connection for 151.106.100.74 using <_io.TextIOWrapper name='logs.json' mode='a' encoding='UTF-8'> and week3-roots.pem
Creating connection for 46.182.8.71 using <_io.TextIOWrapper name='logs.json' mode='a' encoding='UTF-8'> and week3-roots.pem
CONNECTION ERROR:  
Creating connection for 188.114.96.2 using <_io.TextIOWrapper name='logs.json' mode='a' encoding='UTF-8'> and week3-roots.pem
CONNECTION ERROR:  
CONNECTION ERROR:  timed out
CONNECTION ERROR:  
CONNECTION ERROR:  
CONNECTION ERROR:  
Creating connection for 172.67.75.53 using <_io.TextIOWrapper name='logs.json' mode='a' encoding='UTF-8'> and week3-roots.pem
CONNECTION ERROR: CONNECTION ERROR:  
Creating connection for 206.12.90.22 using <_io.TextIOWrapper name='logs.json' mode='a' encoding='UTF-8'> and week3-roots.pem
CONNECTION ERROR:  
 
CONNECTION ERROR:  
Creating connection for 87.236.16.149 using <_io.TextIOWrapper name='logs.json' mode='a' encoding='UTF-8'> and week3-roots.pem
CONNECTION ERROR:  
CONNECTION ERROR:  
CONNECTION ERROR:  
CONNECTION ERROR:  
CONNECTION ERROR:  
Creating connection for 31.41.216.81 using <_io.TextIOWrapper name='logs.json' mode='a' encoding='UTF-8'> and week3-roots.pem
CONNECTION ERROR:  
CONNECTION ERROR:  
Creating connection for 95.173.179.165 using <_io.TextIOWrapper name='logs.json' mode='a' encoding='UTF-8'> and week3-roots.pem
Creating connection for 172.67.139.202 using <_io.TextIOWrapper name='logs.json' mode='a' encoding='UTF-8'> and week3-roots.pem
CONNECTION ERROR:  timed out
CONNECTION ERROR:  
Creating connection for 213.36.253.176 using <_io.TextIOWrapper name='logs.json' mode='a' encoding='UTF-8'> and week3-roots.pem
Creating connection for 23.198.25.28 using <_io.TextIOWrapper name='logs.json' mode='a' encoding='UTF-8'> and week3-roots.pem
Creating connection for 23.227.38.74 using <_io.TextIOWrapper name='logs.json' mode='a' encoding='UTF-8'> and week3-roots.pem
Creating connection for 75.2.37.224 using <_io.TextIOWrapper name='logs.json' mode='a' encoding='UTF-8'> and week3-roots.pem
Creating connection for 160.153.138.163 using <_io.TextIOWrapper name='logs.json' mode='a' encoding='UTF-8'> and week3-roots.pem
CONNECTION ERROR:  
CONNECTION ERROR:  
Creating connection for 216.239.34.21 using <_io.TextIOWrapper name='logs.json' mode='a' encoding='UTF-8'> and week3-roots.pem
Creating connection for 172.67.172.10 using <_io.TextIOWrapper name='logs.json' mode='a' encoding='UTF-8'> and week3-roots.pem
Creating connection for 172.67.191.185 using <_io.TextIOWrapper name='logs.json' mode='a' encoding='UTF-8'> and week3-roots.pem
Creating connection for 212.77.181.200 using <_io.TextIOWrapper name='logs.json' mode='a' encoding='UTF-8'> and week3-roots.pem
Creating connection for 104.26.10.66 using <_io.TextIOWrapper name='logs.json' mode='a' encoding='UTF-8'> and week3-roots.pem
CONNECTION ERROR:  
Creating connection for 65.9.86.9 using <_io.TextIOWrapper name='logs.json' mode='a' encoding='UTF-8'> and week3-roots.pem
CONNECTION ERROR:  [Errno 111] Connection refused
CONNECTION ERROR:  
CONNECTION ERROR:  
Creating connection for 91.121.34.196 using <_io.TextIOWrapper name='logs.json' mode='a' encoding='UTF-8'> and week3-roots.pem
CONNECTION ERROR:  
CONNECTION ERROR:  (32, 'EPIPE')
Creating connection for 94.159.25.27 using <_io.TextIOWrapper name='logs.json' mode='a' encoding='UTF-8'> and week3-roots.pem
Creating connection for 151.101.130.98 using <_io.TextIOWrapper name='logs.json' mode='a' encoding='UTF-8'> and week3-roots.pem
Creating connection for 65.9.86.28 using <_io.TextIOWrapper name='logs.json' mode='a' encoding='UTF-8'> and week3-roots.pem
Creating connection for 94.130.13.104 using <_io.TextIOWrapper name='logs.json' mode='a' encoding='UTF-8'> and week3-roots.pem
CONNECTION ERROR:  
CONNECTION ERROR:  
Creating connection for 18.193.49.84 using <_io.TextIOWrapper name='logs.json' mode='a' encoding='UTF-8'> and week3-roots.pem
CONNECTION ERROR:  
Creating connection for 129.247.31.61 using <_io.TextIOWrapper name='logs.json' mode='a' encoding='UTF-8'> and week3-roots.pem
CONNECTION ERROR:  
CONNECTION ERROR:  
CONNECTION ERROR:  
Creating connection for 104.19.175.104 using <_io.TextIOWrapper name='logs.json' mode='a' encoding='UTF-8'> and week3-roots.pem
CONNECTION ERROR:  
CONNECTION ERROR:  
Creating connection for 207.244.65.58 using <_io.TextIOWrapper name='logs.json' mode='a' encoding='UTF-8'> and week3-roots.pem
Creating connection for 49.71.76.159 using <_io.TextIOWrapper name='logs.json' mode='a' encoding='UTF-8'> and week3-roots.pem
Creating connection for 45.60.14.114 using <_io.TextIOWrapper name='logs.json' mode='a' encoding='UTF-8'> and week3-roots.pem
Creating connection for 18.205.124.10 using <_io.TextIOWrapper name='logs.json' mode='a' encoding='UTF-8'> and week3-roots.pem
Creating connection for 210.244.39.67 using <_io.TextIOWrapper name='logs.json' mode='a' encoding='UTF-8'> and week3-roots.pem
Creating connection for 104.18.31.3 using <_io.TextIOWrapper name='logs.json' mode='a' encoding='UTF-8'> and week3-roots.pem
Creating connection for 87.236.16.19 using <_io.TextIOWrapper name='logs.json' mode='a' encoding='UTF-8'> and week3-roots.pem
Creating connection for 194.165.190.40 using <_io.TextIOWrapper name='logs.json' mode='a' encoding='UTF-8'> and week3-roots.pem
Creating connection for 104.21.20.231 using <_io.TextIOWrapper name='logs.json' mode='a' encoding='UTF-8'> and week3-roots.pem
Creating connection for 104.21.72.240 using <_io.TextIOWrapper name='logs.json' mode='a' encoding='UTF-8'> and week3-roots.pem
CONNECTION ERROR:  
CONNECTION ERROR:  
CONNECTION ERROR:  timed out
CONNECTION ERROR:  
CONNECTION ERROR:  
CONNECTION ERROR:  
CONNECTION ERROR:  [Errno 111] Connection refused
CONNECTION ERROR:  (32, 'EPIPE')
Creating connection for 194.1.147.71 using <_io.TextIOWrapper name='logs.json' mode='a' encoding='UTF-8'> and week3-roots.pem
CONNECTION ERROR:  
Creating connection for 104.21.90.217 using <_io.TextIOWrapper name='logs.json' mode='a' encoding='UTF-8'> and week3-roots.pem
Creating connection for 52.44.79.123 using <_io.TextIOWrapper name='logs.json' mode='a' encoding='UTF-8'> and week3-roots.pem
CONNECTION ERROR:  
CONNECTION ERROR:  
Creating connection for 75.2.70.75 using <_io.TextIOWrapper name='logs.json' mode='a' encoding='UTF-8'> and week3-roots.pem
CONNECTION ERROR:  
CONNECTION ERROR:  
Creating connection for 198.49.23.144 using <_io.TextIOWrapper name='logs.json' mode='a' encoding='UTF-8'> and week3-roots.pem
CONNECTION ERROR:  
CONNECTION ERROR:  
Creating connection for 45.223.164.42 using <_io.TextIOWrapper name='logs.json' mode='a' encoding='UTF-8'> and week3-roots.pem
CONNECTION ERROR:  
Creating connection for 180.101.50.122 using <_io.TextIOWrapper name='logs.json' mode='a' encoding='UTF-8'> and week3-roots.pem
CONNECTION ERROR:  timed out
CONNECTION ERROR:  [Errno 111] Connection refused
Creating connection for 194.85.126.35 using <_io.TextIOWrapper name='logs.json' mode='a' encoding='UTF-8'> and week3-roots.pem
Creating connection for 31.24.144.197 using <_io.TextIOWrapper name='logs.json' mode='a' encoding='UTF-8'> and week3-roots.pem
CONNECTION ERROR:  
Creating connection for 84.53.185.123 using <_io.TextIOWrapper name='logs.json' mode='a' encoding='UTF-8'> and week3-roots.pem
CONNECTION ERROR:  (32, 'EPIPE')
Creating connection for 46.229.174.193 using <_io.TextIOWrapper name='logs.json' mode='a' encoding='UTF-8'> and week3-roots.pem
Creating connection for 172.67.157.141 using <_io.TextIOWrapper name='logs.json' mode='a' encoding='UTF-8'> and week3-roots.pem
CONNECTION ERROR:  
CONNECTION ERROR:  
CONNECTION ERROR:  
CONNECTION ERROR:  
Creating connection for 45.14.174.9 using <_io.TextIOWrapper name='logs.json' mode='a' encoding='UTF-8'> and week3-roots.pem
CONNECTION ERROR:  
Creating connection for 65.9.86.86 using <_io.TextIOWrapper name='logs.json' mode='a' encoding='UTF-8'> and week3-roots.pem
CONNECTION ERROR:  
CONNECTION ERROR:  
Creating connection for 192.51.54.198 using <_io.TextIOWrapper name='logs.json' mode='a' encoding='UTF-8'> and week3-roots.pem
Creating connection for 60.205.24.195 using <_io.TextIOWrapper name='logs.json' mode='a' encoding='UTF-8'> and week3-roots.pem
Creating connection for 141.105.126.114 using <_io.TextIOWrapper name='logs.json' mode='a' encoding='UTF-8'> and week3-roots.pem
CONNECTION ERROR:  
CONNECTION ERROR:  
Creating connection for 195.20.52.66 using <_io.TextIOWrapper name='logs.json' mode='a' encoding='UTF-8'> and week3-roots.pem
Creating connection for 54.195.199.13 using <_io.TextIOWrapper name='logs.json' mode='a' encoding='UTF-8'> and week3-roots.pem
CONNECTION ERROR:  
Creating connection for 104.21.7.108 using <_io.TextIOWrapper name='logs.json' mode='a' encoding='UTF-8'> and week3-roots.pem
Creating connection for 39.98.155.194 using <_io.TextIOWrapper name='logs.json' mode='a' encoding='UTF-8'> and week3-roots.pem
CONNECTION ERROR:  
Creating connection for 172.67.9.136 using <_io.TextIOWrapper name='logs.json' mode='a' encoding='UTF-8'> and week3-roots.pem
CONNECTION ERROR:  
Creating connection for 66.37.232.241 using <_io.TextIOWrapper name='logs.json' mode='a' encoding='UTF-8'> and week3-roots.pem
CONNECTION ERROR:  
CONNECTION ERROR:  
Creating connection for 104.21.25.72 using <_io.TextIOWrapper name='logs.json' mode='a' encoding='UTF-8'> and week3-roots.pem
Creating connection for 65.9.86.48 using <_io.TextIOWrapper name='logs.json' mode='a' encoding='UTF-8'> and week3-roots.pem
Creating connection for 188.114.97.2 using <_io.TextIOWrapper name='logs.json' mode='a' encoding='UTF-8'> and week3-roots.pem
Creating connection for 23.101.228.153 using <_io.TextIOWrapper name='logs.json' mode='a' encoding='UTF-8'> and week3-roots.pem
Creating connection for 52.0.118.21 using <_io.TextIOWrapper name='logs.json' mode='a' encoding='UTF-8'> and week3-roots.pem
CONNECTION ERROR:  
CONNECTION ERROR:  
Creating connection for 18.193.36.153 using <_io.TextIOWrapper name='logs.json' mode='a' encoding='UTF-8'> and week3-roots.pem
CONNECTION ERROR:  [Errno 111] Connection refused
Creating connection for 3.236.108.57 using <_io.TextIOWrapper name='logs.json' mode='a' encoding='UTF-8'> and week3-roots.pem
Creating connection for 185.12.94.229 using <_io.TextIOWrapper name='logs.json' mode='a' encoding='UTF-8'> and week3-roots.pem
Creating connection for 141.193.213.21 using <_io.TextIOWrapper name='logs.json' mode='a' encoding='UTF-8'> and week3-roots.pem
CONNECTION ERROR:  (32, 'EPIPE')
CONNECTION ERROR:  
Creating connection for 104.21.85.197 using <_io.TextIOWrapper name='logs.json' mode='a' encoding='UTF-8'> and week3-roots.pem
Creating connection for 133.159.74.150 using <_io.TextIOWrapper name='logs.json' mode='a' encoding='UTF-8'> and week3-roots.pem
Creating connection for 65.109.48.61 using <_io.TextIOWrapper name='logs.json' mode='a' encoding='UTF-8'> and week3-roots.pem
Creating connection for 160.153.55.231 using <_io.TextIOWrapper name='logs.json' mode='a' encoding='UTF-8'> and week3-roots.pem
CONNECTION ERROR:  
CONNECTION ERROR:  
CONNECTION ERROR:  
CONNECTION ERROR:  
CONNECTION ERROR:  timed out
CONNECTION ERROR:  
CONNECTION ERROR:  
Creating connection for 195.201.104.190 using <_io.TextIOWrapper name='logs.json' mode='a' encoding='UTF-8'> and week3-roots.pem
CONNECTION ERROR:  
CONNECTION ERROR:  
Creating connection for 209.23.113.10 using <_io.TextIOWrapper name='logs.json' mode='a' encoding='UTF-8'> and week3-roots.pem
Creating connection for 185.95.13.152 using <_io.TextIOWrapper name='logs.json' mode='a' encoding='UTF-8'> and week3-roots.pem
Creating connection for 216.239.32.21 using <_io.TextIOWrapper name='logs.json' mode='a' encoding='UTF-8'> and week3-roots.pem
Creating connection for 65.9.86.113 using <_io.TextIOWrapper name='logs.json' mode='a' encoding='UTF-8'> and week3-roots.pem
Creating connection for 188.114.96.2 using <_io.TextIOWrapper name='logs.json' mode='a' encoding='UTF-8'> and week3-roots.pem
CONNECTION ERROR:  
Creating connection for 3.33.152.147 using <_io.TextIOWrapper name='logs.json' mode='a' encoding='UTF-8'> and week3-roots.pem
CONNECTION ERROR:  
Creating connection for 104.26.8.73 using <_io.TextIOWrapper name='logs.json' mode='a' encoding='UTF-8'> and week3-roots.pem
Creating connection for 104.26.8.95 using <_io.TextIOWrapper name='logs.json' mode='a' encoding='UTF-8'> and week3-roots.pem
Creating connection for 104.21.5.202 using <_io.TextIOWrapper name='logs.json' mode='a' encoding='UTF-8'> and week3-roots.pem
Creating connection for 188.34.134.78 using <_io.TextIOWrapper name='logs.json' mode='a' encoding='UTF-8'> and week3-roots.pem
CONNECTION ERROR:  
CONNECTION ERROR:  
CONNECTION ERROR:  
CONNECTION ERROR:  [Errno 111] Connection refused
CONNECTION ERROR:  
CONNECTION ERROR:  (32, 'EPIPE')
CONNECTION ERROR:  
Creating connection for 172.67.68.22 using <_io.TextIOWrapper name='logs.json' mode='a' encoding='UTF-8'> and week3-roots.pem
CONNECTION ERROR:  
Creating connection for 104.21.92.28 using <_io.TextIOWrapper name='logs.json' mode='a' encoding='UTF-8'> and week3-roots.pem
CONNECTION ERROR:  
CONNECTION ERROR:  timed out
Creating connection for 52.20.84.62 using <_io.TextIOWrapper name='logs.json' mode='a' encoding='UTF-8'> and week3-roots.pem
CONNECTION ERROR:  
Creating connection for 178.62.231.240 using <_io.TextIOWrapper name='logs.json' mode='a' encoding='UTF-8'> and week3-roots.pem
Creating connection for 216.158.229.242 using <_io.TextIOWrapper name='logs.json' mode='a' encoding='UTF-8'> and week3-roots.pem
CONNECTION ERROR:  timed out
CONNECTION ERROR:  
CONNECTION ERROR:  
Creating connection for 52.86.136.106 using <_io.TextIOWrapper name='logs.json' mode='a' encoding='UTF-8'> and week3-roots.pem
Creating connection for 63.251.106.25 using <_io.TextIOWrapper name='logs.json' mode='a' encoding='UTF-8'> and week3-roots.pem
Creating connection for 74.84.192.142 using <_io.TextIOWrapper name='logs.json' mode='a' encoding='UTF-8'> and week3-roots.pem
Creating connection for 31.220.104.192 using <_io.TextIOWrapper name='logs.json' mode='a' encoding='UTF-8'> and week3-roots.pem
CONNECTION ERROR:  
Creating connection for 113.36.80.251 using <_io.TextIOWrapper name='logs.json' mode='a' encoding='UTF-8'> and week3-roots.pem
CONNECTION ERROR:  
CONNECTION ERROR:  
CONNECTION ERROR:  
CONNECTION ERROR:  
CONNECTION ERROR:  timed out
CONNECTION ERROR:  
CONNECTION ERROR:  
CONNECTION ERROR:  
CONNECTION ERROR:  
CONNECTION ERROR:  
Creating connection for 158.106.131.177 using <_io.TextIOWrapper name='logs.json' mode='a' encoding='UTF-8'> and week3-roots.pem
Creating connection for 78.140.220.45 using <_io.TextIOWrapper name='logs.json' mode='a' encoding='UTF-8'> and week3-roots.pem
Creating connection for 74.6.136.150 using <_io.TextIOWrapper name='logs.json' mode='a' encoding='UTF-8'> and week3-roots.pem
Creating connection for 104.21.95.57 using <_io.TextIOWrapper name='logs.json' mode='a' encoding='UTF-8'> and week3-roots.pem
Creating connection for 51.210.253.164 using <_io.TextIOWrapper name='logs.json' mode='a' encoding='UTF-8'> and week3-roots.pem
Creating connection for 71.94.44.229 using <_io.TextIOWrapper name='logs.json' mode='a' encoding='UTF-8'> and week3-roots.pem
CONNECTION ERROR:  
Creating connection for 54.73.67.85 using <_io.TextIOWrapper name='logs.json' mode='a' encoding='UTF-8'> and week3-roots.pem
Creating connection for 104.21.3.13 using <_io.TextIOWrapper name='logs.json' mode='a' encoding='UTF-8'> and week3-roots.pem
Creating connection for 35.182.114.222 using <_io.TextIOWrapper name='logs.json' mode='a' encoding='UTF-8'> and week3-roots.pem
Creating connection for 193.191.187.229 using <_io.TextIOWrapper name='logs.json' mode='a' encoding='UTF-8'> and week3-roots.pem
CONNECTION ERROR:  
Creating connection for 119.9.33.88 using <_io.TextIOWrapper name='logs.json' mode='a' encoding='UTF-8'> and week3-roots.pem
CONNECTION ERROR:  
CONNECTION ERROR:  
Creating connection for 161.35.154.34 using <_io.TextIOWrapper name='logs.json' mode='a' encoding='UTF-8'> and week3-roots.pem
Creating connection for 40.78.121.210 using <_io.TextIOWrapper name='logs.json' mode='a' encoding='UTF-8'> and week3-roots.pem
Creating connection for 65.9.86.18 using <_io.TextIOWrapper name='logs.json' mode='a' encoding='UTF-8'> and week3-roots.pem
CONNECTION ERROR:  
CONNECTION ERROR:  
Creating connection for 104.26.0.68 using <_io.TextIOWrapper name='logs.json' mode='a' encoding='UTF-8'> and week3-roots.pem
Creating connection for 3.226.31.191 using <_io.TextIOWrapper name='logs.json' mode='a' encoding='UTF-8'> and week3-roots.pem
Creating connection for 23.227.38.74 using <_io.TextIOWrapper name='logs.json' mode='a' encoding='UTF-8'> and week3-roots.pem
Creating connection for 108.163.211.141 using <_io.TextIOWrapper name='logs.json' mode='a' encoding='UTF-8'> and week3-roots.pem
Creating connection for 104.26.5.82 using <_io.TextIOWrapper name='logs.json' mode='a' encoding='UTF-8'> and week3-roots.pem
Creating connection for 65.9.86.98 using <_io.TextIOWrapper name='logs.json' mode='a' encoding='UTF-8'> and week3-roots.pemCONNECTION ERROR:  

CONNECTION ERROR:  [Errno 111] Connection refused
CONNECTION ERROR:  
CONNECTION ERROR:  
Creating connection for 104.18.14.46 using <_io.TextIOWrapper name='logs.json' mode='a' encoding='UTF-8'> and week3-roots.pem
Creating connection for 40.142.56.130 using <_io.TextIOWrapper name='logs.json' mode='a' encoding='UTF-8'> and week3-roots.pem
CONNECTION ERROR:  timed out
CONNECTION ERROR:  (32, 'EPIPE')
CONNECTION ERROR:  
CONNECTION ERROR:  
Creating connection for 66.232.98.170 using <_io.TextIOWrapper name='logs.json' mode='a' encoding='UTF-8'> and week3-roots.pem
CONNECTION ERROR:  
Creating connection for 199.16.172.23 using <_io.TextIOWrapper name='logs.json' mode='a' encoding='UTF-8'> and week3-roots.pem
Creating connection for 188.114.96.3 using <_io.TextIOWrapper name='logs.json' mode='a' encoding='UTF-8'> and week3-roots.pem
Creating connection for 45.10.148.10 using <_io.TextIOWrapper name='logs.json' mode='a' encoding='UTF-8'> and week3-roots.pem
Creating connection for 65.9.86.54 using <_io.TextIOWrapper name='logs.json' mode='a' encoding='UTF-8'> and week3-roots.pem
Creating connection for 198.185.159.145 using <_io.TextIOWrapper name='logs.json' mode='a' encoding='UTF-8'> and week3-roots.pem
Creating connection for 63.250.43.14 using <_io.TextIOWrapper name='logs.json' mode='a' encoding='UTF-8'> and week3-roots.pem
Creating connection for 3.232.147.42 using <_io.TextIOWrapper name='logs.json' mode='a' encoding='UTF-8'> and week3-roots.pem
Creating connection for 162.13.135.189 using <_io.TextIOWrapper name='logs.json' mode='a' encoding='UTF-8'> and week3-roots.pem
CONNECTION ERROR:  
Creating connection for 202.213.217.82 using <_io.TextIOWrapper name='logs.json' mode='a' encoding='UTF-8'> and week3-roots.pem
CONNECTION ERROR:  
Creating connection for 198.49.23.145 using <_io.TextIOWrapper name='logs.json' mode='a' encoding='UTF-8'> and week3-roots.pem
CONNECTION ERROR:  
CONNECTION ERROR:  
CONNECTION ERROR:  
CONNECTION ERROR:  
CONNECTION ERROR:  
Creating connection for 104.26.6.223 using <_io.TextIOWrapper name='logs.json' mode='a' encoding='UTF-8'> and week3-roots.pem
CONNECTION ERROR:  
Creating connection for 188.114.97.3 using <_io.TextIOWrapper name='logs.json' mode='a' encoding='UTF-8'> and week3-roots.pem
CONNECTION ERROR:  
CONNECTION ERROR:  
Creating connection for 104.26.6.52 using <_io.TextIOWrapper name='logs.json' mode='a' encoding='UTF-8'> and week3-roots.pem
Creating connection for 172.64.147.169 using <_io.TextIOWrapper name='logs.json' mode='a' encoding='UTF-8'> and week3-roots.pem
Creating connection for 65.9.86.67 using <_io.TextIOWrapper name='logs.json' mode='a' encoding='UTF-8'> and week3-roots.pem
CONNECTION ERROR:  
Creating connection for 65.9.86.2 using <_io.TextIOWrapper name='logs.json' mode='a' encoding='UTF-8'> and week3-roots.pem
Creating connection for 167.71.50.107 using <_io.TextIOWrapper name='logs.json' mode='a' encoding='UTF-8'> and week3-roots.pem
Creating connection for 65.9.86.38 using <_io.TextIOWrapper name='logs.json' mode='a' encoding='UTF-8'> and week3-roots.pem
CONNECTION ERROR:  
Creating connection for 172.67.71.165 using <_io.TextIOWrapper name='logs.json' mode='a' encoding='UTF-8'> and week3-roots.pem
CONNECTION ERROR:  
CONNECTION ERROR:  
CONNECTION ERROR:  
Creating connection for 192.185.30.131 using <_io.TextIOWrapper name='logs.json' mode='a' encoding='UTF-8'> and week3-roots.pem
CONNECTION ERROR:  
CONNECTION ERROR:  
CONNECTION ERROR:  
Creating connection for 151.11.50.251 using <_io.TextIOWrapper name='logs.json' mode='a' encoding='UTF-8'> and week3-roots.pem
Creating connection for 65.9.86.88 using <_io.TextIOWrapper name='logs.json' mode='a' encoding='UTF-8'> and week3-roots.pem
CONNECTION ERROR:  
Creating connection for 76.223.91.149 using <_io.TextIOWrapper name='logs.json' mode='a' encoding='UTF-8'> and week3-roots.pem
CONNECTION ERROR:  
Creating connection for 23.40.72.153 using <_io.TextIOWrapper name='logs.json' mode='a' encoding='UTF-8'> and week3-roots.pem
CONNECTION ERROR:  
Creating connection for 189.20.126.20 using <_io.TextIOWrapper name='logs.json' mode='a' encoding='UTF-8'> and week3-roots.pem
CONNECTION ERROR:  
Creating connection for 34.199.120.231 using <_io.TextIOWrapper name='logs.json' mode='a' encoding='UTF-8'> and week3-roots.pem
CONNECTION ERROR:  
Creating connection for 185.208.180.208 using <_io.TextIOWrapper name='logs.json' mode='a' encoding='UTF-8'> and week3-roots.pem
Creating connection for 23.227.38.74 using <_io.TextIOWrapper name='logs.json' mode='a' encoding='UTF-8'> and week3-roots.pem
Creating connection for 62.146.111.19 using <_io.TextIOWrapper name='logs.json' mode='a' encoding='UTF-8'> and week3-roots.pem
Creating connection for 65.9.86.50 using <_io.TextIOWrapper name='logs.json' mode='a' encoding='UTF-8'> and week3-roots.pem
CONNECTION ERROR:  
Creating connection for 188.114.97.12 using <_io.TextIOWrapper name='logs.json' mode='a' encoding='UTF-8'> and week3-roots.pem
CONNECTION ERROR:  
CONNECTION ERROR:  
CONNECTION ERROR:  
Creating connection for 52.160.192.200 using <_io.TextIOWrapper name='logs.json' mode='a' encoding='UTF-8'> and week3-roots.pem
Creating connection for 198.54.117.215 using <_io.TextIOWrapper name='logs.json' mode='a' encoding='UTF-8'> and week3-roots.pem
Creating connection for 209.126.100.229 using <_io.TextIOWrapper name='logs.json' mode='a' encoding='UTF-8'> and week3-roots.pem
Creating connection for 92.205.5.183 using <_io.TextIOWrapper name='logs.json' mode='a' encoding='UTF-8'> and week3-roots.pem
Creating connection for 185.230.63.107 using <_io.TextIOWrapper name='logs.json' mode='a' encoding='UTF-8'> and week3-roots.pem
Creating connection for 122.155.165.46 using <_io.TextIOWrapper name='logs.json' mode='a' encoding='UTF-8'> and week3-roots.pem
CONNECTION ERROR:  
Creating connection for 35.193.223.105 using <_io.TextIOWrapper name='logs.json' mode='a' encoding='UTF-8'> and week3-roots.pem
CONNECTION ERROR:  
CONNECTION ERROR:  
CONNECTION ERROR:  
Creating connection for 172.67.141.24 using <_io.TextIOWrapper name='logs.json' mode='a' encoding='UTF-8'> and week3-roots.pem
CONNECTION ERROR:  
Creating connection for 90.156.201.22 using <_io.TextIOWrapper name='logs.json' mode='a' encoding='UTF-8'> and week3-roots.pem
Creating connection for 65.9.86.16 using <_io.TextIOWrapper name='logs.json' mode='a' encoding='UTF-8'> and week3-roots.pem
Creating connection for 172.67.73.61 using <_io.TextIOWrapper name='logs.json' mode='a' encoding='UTF-8'> and week3-roots.pem
Creating connection for 104.21.58.22 using <_io.TextIOWrapper name='logs.json' mode='a' encoding='UTF-8'> and week3-roots.pem
Creating connection for 52.48.180.217 using <_io.TextIOWrapper name='logs.json' mode='a' encoding='UTF-8'> and week3-roots.pem
CONNECTION ERROR:  
Creating connection for 172.67.80.175 using <_io.TextIOWrapper name='logs.json' mode='a' encoding='UTF-8'> and week3-roots.pem
CONNECTION ERROR:  
CONNECTION ERROR:  
Creating connection for 195.142.105.70 using <_io.TextIOWrapper name='logs.json' mode='a' encoding='UTF-8'> and week3-roots.pem
Creating connection for 172.67.202.13 using <_io.TextIOWrapper name='logs.json' mode='a' encoding='UTF-8'> and week3-roots.pem
Creating connection for 208.91.197.26 using <_io.TextIOWrapper name='logs.json' mode='a' encoding='UTF-8'> and week3-roots.pem
CONNECTION ERROR:  
CONNECTION ERROR:  
Creating connection for 164.215.39.201 using <_io.TextIOWrapper name='logs.json' mode='a' encoding='UTF-8'> and week3-roots.pem
CONNECTION ERROR:  
CONNECTION ERROR:  
Creating connection for 65.51.132.150 using <_io.TextIOWrapper name='logs.json' mode='a' encoding='UTF-8'> and week3-roots.pem
Creating connection for 198.185.159.144 using <_io.TextIOWrapper name='logs.json' mode='a' encoding='UTF-8'> and week3-roots.pem
Creating connection for 96.45.82.90 using <_io.TextIOWrapper name='logs.json' mode='a' encoding='UTF-8'> and week3-roots.pem
Creating connection for 160.153.155.217 using <_io.TextIOWrapper name='logs.json' mode='a' encoding='UTF-8'> and week3-roots.pem
CONNECTION ERROR:  
Creating connection for 213.136.92.251 using <_io.TextIOWrapper name='logs.json' mode='a' encoding='UTF-8'> and week3-roots.pemCONNECTION ERROR:  
CONNECTION ERROR:  

CONNECTION ERROR:  
CONNECTION ERROR:  
Creating connection for 84.53.185.146 using <_io.TextIOWrapper name='logs.json' mode='a' encoding='UTF-8'> and week3-roots.pem
Creating connection for 104.21.49.14 using <_io.TextIOWrapper name='logs.json' mode='a' encoding='UTF-8'> and week3-roots.pem
CONNECTION ERROR:  
Creating connection for 118.98.73.214 using <_io.TextIOWrapper name='logs.json' mode='a' encoding='UTF-8'> and week3-roots.pem
Creating connection for 212.1.102.172 using <_io.TextIOWrapper name='logs.json' mode='a' encoding='UTF-8'> and week3-roots.pem
Creating connection for 157.112.187.5 using <_io.TextIOWrapper name='logs.json' mode='a' encoding='UTF-8'> and week3-roots.pem
Creating connection for 162.216.242.208 using <_io.TextIOWrapper name='logs.json' mode='a' encoding='UTF-8'> and week3-roots.pem
Creating connection for 104.73.140.171 using <_io.TextIOWrapper name='logs.json' mode='a' encoding='UTF-8'> and week3-roots.pem
Creating connection for 164.88.87.142 using <_io.TextIOWrapper name='logs.json' mode='a' encoding='UTF-8'> and week3-roots.pem
Creating connection for 185.114.21.108 using <_io.TextIOWrapper name='logs.json' mode='a' encoding='UTF-8'> and week3-roots.pem
Creating connection for 101.79.91.4 using <_io.TextIOWrapper name='logs.json' mode='a' encoding='UTF-8'> and week3-roots.pem
Creating connection for 139.28.140.218 using <_io.TextIOWrapper name='logs.json' mode='a' encoding='UTF-8'> and week3-roots.pem
CONNECTION ERROR:  
CONNECTION ERROR:  
CONNECTION ERROR:  
Creating connection for 169.62.226.194 using <_io.TextIOWrapper name='logs.json' mode='a' encoding='UTF-8'> and week3-roots.pem
CONNECTION ERROR:  
Creating connection for 50.87.173.48 using <_io.TextIOWrapper name='logs.json' mode='a' encoding='UTF-8'> and week3-roots.pem
CONNECTION ERROR:  
CONNECTION ERROR:  
Creating connection for 165.160.13.20 using <_io.TextIOWrapper name='logs.json' mode='a' encoding='UTF-8'> and week3-roots.pem
CONNECTION ERROR:  
CONNECTION ERROR:  
CONNECTION ERROR:  
CONNECTION ERROR:  timed out
CONNECTION ERROR:  
CONNECTION ERROR:  
Creating connection for 107.180.25.209 using <_io.TextIOWrapper name='logs.json' mode='a' encoding='UTF-8'> and week3-roots.pem
CONNECTION ERROR:  
Creating connection for 145.239.2.11 using <_io.TextIOWrapper name='logs.json' mode='a' encoding='UTF-8'> and week3-roots.pem
Creating connection for 35.82.235.65 using <_io.TextIOWrapper name='logs.json' mode='a' encoding='UTF-8'> and week3-roots.pem
CONNECTION ERROR:  
Creating connection for 8.240.116.252 using <_io.TextIOWrapper name='logs.json' mode='a' encoding='UTF-8'> and week3-roots.pem
CONNECTION ERROR:  
CONNECTION ERROR:  
CONNECTION ERROR:  
Creating connection for 212.29.246.125 using <_io.TextIOWrapper name='logs.json' mode='a' encoding='UTF-8'> and week3-roots.pem
Creating connection for 65.9.86.108 using <_io.TextIOWrapper name='logs.json' mode='a' encoding='UTF-8'> and week3-roots.pem
Creating connection for 104.16.173.102 using <_io.TextIOWrapper name='logs.json' mode='a' encoding='UTF-8'> and week3-roots.pem
Creating connection for 184.180.11.194 using <_io.TextIOWrapper name='logs.json' mode='a' encoding='UTF-8'> and week3-roots.pem
Creating connection for 151.101.38.49 using <_io.TextIOWrapper name='logs.json' mode='a' encoding='UTF-8'> and week3-roots.pem
Creating connection for 213.13.145.216 using <_io.TextIOWrapper name='logs.json' mode='a' encoding='UTF-8'> and week3-roots.pem
Creating connection for 104.109.143.157 using <_io.TextIOWrapper name='logs.json' mode='a' encoding='UTF-8'> and week3-roots.pem
CONNECTION ERROR:  
Creating connection for 141.94.130.180 using <_io.TextIOWrapper name='logs.json' mode='a' encoding='UTF-8'> and week3-roots.pem
CONNECTION ERROR:  timed out
Creating connection for 104.26.12.133 using <_io.TextIOWrapper name='logs.json' mode='a' encoding='UTF-8'> and week3-roots.pem
Creating connection for 89.208.229.60 using <_io.TextIOWrapper name='logs.json' mode='a' encoding='UTF-8'> and week3-roots.pem
CONNECTION ERROR:  
Creating connection for 45.82.68.15 using <_io.TextIOWrapper name='logs.json' mode='a' encoding='UTF-8'> and week3-roots.pem
CONNECTION ERROR:  
CONNECTION ERROR:  
CONNECTION ERROR:  
Creating connection for 188.241.222.214 using <_io.TextIOWrapper name='logs.json' mode='a' encoding='UTF-8'> and week3-roots.pem
Creating connection for 104.22.42.136 using <_io.TextIOWrapper name='logs.json' mode='a' encoding='UTF-8'> and week3-roots.pem
Creating connection for 52.223.15.106 using <_io.TextIOWrapper name='logs.json' mode='a' encoding='UTF-8'> and week3-roots.pem
Creating connection for 218.150.78.197 using <_io.TextIOWrapper name='logs.json' mode='a' encoding='UTF-8'> and week3-roots.pem
CONNECTION ERROR:  
CONNECTION ERROR:  
CONNECTION ERROR:  
CONNECTION ERROR:  
Creating connection for 60.191.13.153 using <_io.TextIOWrapper name='logs.json' mode='a' encoding='UTF-8'> and week3-roots.pem
CONNECTION ERROR:  
CONNECTION ERROR:  timed out
Creating connection for 104.21.235.69 using <_io.TextIOWrapper name='logs.json' mode='a' encoding='UTF-8'> and week3-roots.pem
Creating connection for 125.93.83.170 using <_io.TextIOWrapper name='logs.json' mode='a' encoding='UTF-8'> and week3-roots.pem
CONNECTION ERROR:  
CONNECTION ERROR:  
Creating connection for 65.9.86.94 using <_io.TextIOWrapper name='logs.json' mode='a' encoding='UTF-8'> and week3-roots.pem
CONNECTION ERROR:  
CONNECTION ERROR:  
CONNECTION ERROR:  
CONNECTION ERROR:  
CONNECTION ERROR:  
CONNECTION ERROR:  
CONNECTION ERROR:  
Creating connection for 104.21.234.63 using <_io.TextIOWrapper name='logs.json' mode='a' encoding='UTF-8'> and week3-roots.pem
Creating connection for 99.192.205.27 using <_io.TextIOWrapper name='logs.json' mode='a' encoding='UTF-8'> and week3-roots.pem
CONNECTION ERROR:  
Creating connection for 188.114.97.3 using <_io.TextIOWrapper name='logs.json' mode='a' encoding='UTF-8'> and week3-roots.pem
Creating connection for 65.9.86.42 using <_io.TextIOWrapper name='logs.json' mode='a' encoding='UTF-8'> and week3-roots.pem
CONNECTION ERROR:  
CONNECTION ERROR:  
Creating connection for 46.229.238.201 using <_io.TextIOWrapper name='logs.json' mode='a' encoding='UTF-8'> and week3-roots.pem
Creating connection for 172.67.81.221 using <_io.TextIOWrapper name='logs.json' mode='a' encoding='UTF-8'> and week3-roots.pem
Creating connection for 52.1.126.122 using <_io.TextIOWrapper name='logs.json' mode='a' encoding='UTF-8'> and week3-roots.pem
CONNECTION ERROR:  
CONNECTION ERROR:  
Creating connection for 54.194.170.100 using <_io.TextIOWrapper name='logs.json' mode='a' encoding='UTF-8'> and week3-roots.pem
Creating connection for 151.101.194.133 using <_io.TextIOWrapper name='logs.json' mode='a' encoding='UTF-8'> and week3-roots.pem
CONNECTION ERROR:  
Creating connection for 157.56.160.177 using <_io.TextIOWrapper name='logs.json' mode='a' encoding='UTF-8'> and week3-roots.pem
CONNECTION ERROR:  
Creating connection for 172.67.150.27 using <_io.TextIOWrapper name='logs.json' mode='a' encoding='UTF-8'> and week3-roots.pem
Creating connection for 81.19.159.5 using <_io.TextIOWrapper name='logs.json' mode='a' encoding='UTF-8'> and week3-roots.pem
CONNECTION ERROR:  
CONNECTION ERROR:  
CONNECTION ERROR:  
Creating connection for 172.67.207.179 using <_io.TextIOWrapper name='logs.json' mode='a' encoding='UTF-8'> and week3-roots.pem
Creating connection for 104.21.73.143 using <_io.TextIOWrapper name='logs.json' mode='a' encoding='UTF-8'> and week3-roots.pem
Creating connection for 49.212.180.35 using <_io.TextIOWrapper name='logs.json' mode='a' encoding='UTF-8'> and week3-roots.pem
CONNECTION ERROR:  
CONNECTION ERROR:  
Creating connection for 104.21.12.67 using <_io.TextIOWrapper name='logs.json' mode='a' encoding='UTF-8'> and week3-roots.pem
Creating connection for 38.105.209.3 using <_io.TextIOWrapper name='logs.json' mode='a' encoding='UTF-8'> and week3-roots.pem
CONNECTION ERROR:  
Creating connection for 65.9.86.27 using <_io.TextIOWrapper name='logs.json' mode='a' encoding='UTF-8'> and week3-roots.pem
Creating connection for 18.158.98.109 using <_io.TextIOWrapper name='logs.json' mode='a' encoding='UTF-8'> and week3-roots.pemCONNECTION ERROR:  
CONNECTION ERROR:  
CONNECTION ERROR:  

Creating connection for 35.169.137.142 using <_io.TextIOWrapper name='logs.json' mode='a' encoding='UTF-8'> and week3-roots.pem
CONNECTION ERROR:  
Creating connection for 3.66.136.156 using <_io.TextIOWrapper name='logs.json' mode='a' encoding='UTF-8'> and week3-roots.pem
Creating connection for 104.21.10.252 using <_io.TextIOWrapper name='logs.json' mode='a' encoding='UTF-8'> and week3-roots.pem
CONNECTION ERROR:  
CONNECTION ERROR:  
Creating connection for 123.57.94.209 using <_io.TextIOWrapper name='logs.json' mode='a' encoding='UTF-8'> and week3-roots.pem
Creating connection for 167.71.50.107 using <_io.TextIOWrapper name='logs.json' mode='a' encoding='UTF-8'> and week3-roots.pem
Creating connection for 141.193.213.10 using <_io.TextIOWrapper name='logs.json' mode='a' encoding='UTF-8'> and week3-roots.pem
CONNECTION ERROR:  
Creating connection for 104.17.197.240 using <_io.TextIOWrapper name='logs.json' mode='a' encoding='UTF-8'> and week3-roots.pem
Creating connection for 13.37.158.26 using <_io.TextIOWrapper name='logs.json' mode='a' encoding='UTF-8'> and week3-roots.pem
Creating connection for 91.202.40.173 using <_io.TextIOWrapper name='logs.json' mode='a' encoding='UTF-8'> and week3-roots.pem
Creating connection for 216.239.38.21 using <_io.TextIOWrapper name='logs.json' mode='a' encoding='UTF-8'> and week3-roots.pem
Creating connection for 152.228.227.201 using <_io.TextIOWrapper name='logs.json' mode='a' encoding='UTF-8'> and week3-roots.pem
CONNECTION ERROR:  
Creating connection for 47.246.48.209 using <_io.TextIOWrapper name='logs.json' mode='a' encoding='UTF-8'> and week3-roots.pem
CONNECTION ERROR:  [Errno 111] Connection refused
CONNECTION ERROR:  timed out
CONNECTION ERROR:  
CONNECTION ERROR:  
CONNECTION ERROR:  (32, 'EPIPE')
Creating connection for 162.253.17.230 using <_io.TextIOWrapper name='logs.json' mode='a' encoding='UTF-8'> and week3-roots.pem
Creating connection for 188.114.96.2 using <_io.TextIOWrapper name='logs.json' mode='a' encoding='UTF-8'> and week3-roots.pem
CONNECTION ERROR:  
Creating connection for 13.239.66.129 using <_io.TextIOWrapper name='logs.json' mode='a' encoding='UTF-8'> and week3-roots.pem
Creating connection for 195.24.68.23 using <_io.TextIOWrapper name='logs.json' mode='a' encoding='UTF-8'> and week3-roots.pem
CONNECTION ERROR:  
CONNECTION ERROR:  
Creating connection for 172.67.75.100 using <_io.TextIOWrapper name='logs.json' mode='a' encoding='UTF-8'> and week3-roots.pem
CONNECTION ERROR:  timed out
CONNECTION ERROR:  timed out
CONNECTION ERROR:  
CONNECTION ERROR:  
CONNECTION ERROR:  
CONNECTION ERROR:  
CONNECTION ERROR:  
CONNECTION ERROR:  
CONNECTION ERROR:  
CONNECTION ERROR:  
CONNECTION ERROR:  
CONNECTION ERROR:  
Creating connection for 172.67.169.27 using <_io.TextIOWrapper name='logs.json' mode='a' encoding='UTF-8'> and week3-roots.pem
CONNECTION ERROR:  
Creating connection for 104.18.3.204 using <_io.TextIOWrapper name='logs.json' mode='a' encoding='UTF-8'> and week3-roots.pem
CONNECTION ERROR:  
CONNECTION ERROR:  
CONNECTION ERROR:  
Creating connection for 65.9.86.56 using <_io.TextIOWrapper name='logs.json' mode='a' encoding='UTF-8'> and week3-roots.pem
CONNECTION ERROR:  
CONNECTION ERROR:  
Creating connection for 172.67.162.169 using <_io.TextIOWrapper name='logs.json' mode='a' encoding='UTF-8'> and week3-roots.pem
Creating connection for 65.9.86.99 using <_io.TextIOWrapper name='logs.json' mode='a' encoding='UTF-8'> and week3-roots.pem
Creating connection for 104.21.36.250 using <_io.TextIOWrapper name='logs.json' mode='a' encoding='UTF-8'> and week3-roots.pem
CONNECTION ERROR:  
Creating connection for 192.169.156.206 using <_io.TextIOWrapper name='logs.json' mode='a' encoding='UTF-8'> and week3-roots.pem
Creating connection for 104.21.72.31 using <_io.TextIOWrapper name='logs.json' mode='a' encoding='UTF-8'> and week3-roots.pem
CONNECTION ERROR:  
CONNECTION ERROR:  
CONNECTION ERROR:  
Creating connection for 3.225.244.238 using <_io.TextIOWrapper name='logs.json' mode='a' encoding='UTF-8'> and week3-roots.pem
Creating connection for 203.17.126.91 using <_io.TextIOWrapper name='logs.json' mode='a' encoding='UTF-8'> and week3-roots.pem
CONNECTION ERROR:  
Creating connection for 1.32.254.94 using <_io.TextIOWrapper name='logs.json' mode='a' encoding='UTF-8'> and week3-roots.pem
Creating connection for 203.29.55.241 using <_io.TextIOWrapper name='logs.json' mode='a' encoding='UTF-8'> and week3-roots.pem
CONNECTION ERROR:  
Creating connection for 104.26.12.173 using <_io.TextIOWrapper name='logs.json' mode='a' encoding='UTF-8'> and week3-roots.pem
CONNECTION ERROR:  
Creating connection for 45.60.46.201 using <_io.TextIOWrapper name='logs.json' mode='a' encoding='UTF-8'> and week3-roots.pem
CONNECTION ERROR:  
CONNECTION ERROR:  
Creating connection for 172.67.75.199 using <_io.TextIOWrapper name='logs.json' mode='a' encoding='UTF-8'> and week3-roots.pem
CONNECTION ERROR:  
CONNECTION ERROR:  
Creating connection for 50.87.225.217 using <_io.TextIOWrapper name='logs.json' mode='a' encoding='UTF-8'> and week3-roots.pem
Creating connection for 104.22.50.205 using <_io.TextIOWrapper name='logs.json' mode='a' encoding='UTF-8'> and week3-roots.pem
Creating connection for 3.33.152.147 using <_io.TextIOWrapper name='logs.json' mode='a' encoding='UTF-8'> and week3-roots.pem
CONNECTION ERROR:  
CONNECTION ERROR:  
Creating connection for 3.33.152.147 using <_io.TextIOWrapper name='logs.json' mode='a' encoding='UTF-8'> and week3-roots.pem
Creating connection for 104.26.4.182 using <_io.TextIOWrapper name='logs.json' mode='a' encoding='UTF-8'> and week3-roots.pem
Creating connection for 192.243.59.13 using <_io.TextIOWrapper name='logs.json' mode='a' encoding='UTF-8'> and week3-roots.pem
CONNECTION ERROR:  
CONNECTION ERROR:  
CONNECTION ERROR:  
CONNECTION ERROR:  timed out
CONNECTION ERROR:  
Creating connection for 198.74.107.64 using <_io.TextIOWrapper name='logs.json' mode='a' encoding='UTF-8'> and week3-roots.pem
Creating connection for 108.157.4.29 using <_io.TextIOWrapper name='logs.json' mode='a' encoding='UTF-8'> and week3-roots.pem
Creating connection for 34.251.201.224 using <_io.TextIOWrapper name='logs.json' mode='a' encoding='UTF-8'> and week3-roots.pem
CONNECTION ERROR:  timed out
CONNECTION ERROR:  
CONNECTION ERROR:  
CONNECTION ERROR:  
Creating connection for 134.213.79.236 using <_io.TextIOWrapper name='logs.json' mode='a' encoding='UTF-8'> and week3-roots.pem
CONNECTION ERROR:  
CONNECTION ERROR:  
CONNECTION ERROR:  
CONNECTION ERROR:  
CONNECTION ERROR:  
CONNECTION ERROR:  
CONNECTION ERROR:  
CONNECTION ERROR:  timed out
CONNECTION ERROR:  
Creating connection for 199.15.163.148 using <_io.TextIOWrapper name='logs.json' mode='a' encoding='UTF-8'> and week3-roots.pem
Creating connection for 104.21.42.102 using <_io.TextIOWrapper name='logs.json' mode='a' encoding='UTF-8'> and week3-roots.pem
CONNECTION ERROR:  
Creating connection for 107.189.30.213 using <_io.TextIOWrapper name='logs.json' mode='a' encoding='UTF-8'> and week3-roots.pem
CONNECTION ERROR:  
Creating connection for 78.47.98.183 using <_io.TextIOWrapper name='logs.json' mode='a' encoding='UTF-8'> and week3-roots.pem
CONNECTION ERROR:  
CONNECTION ERROR:  
CONNECTION ERROR:  
CONNECTION ERROR:  
CONNECTION ERROR:  
CONNECTION ERROR:  
Creating connection for 198.58.118.167 using <_io.TextIOWrapper name='logs.json' mode='a' encoding='UTF-8'> and week3-roots.pem
Creating connection for 104.26.12.174 using <_io.TextIOWrapper name='logs.json' mode='a' encoding='UTF-8'> and week3-roots.pem
Creating connection for 162.0.209.17 using <_io.TextIOWrapper name='logs.json' mode='a' encoding='UTF-8'> and week3-roots.pem
Creating connection for 121.196.110.39 using <_io.TextIOWrapper name='logs.json' mode='a' encoding='UTF-8'> and week3-roots.pem
CONNECTION ERROR:  
CONNECTION ERROR:  
CONNECTION ERROR:  
Creating connection for 118.68.218.5 using <_io.TextIOWrapper name='logs.json' mode='a' encoding='UTF-8'> and week3-roots.pem
Creating connection for 221.236.18.250 using <_io.TextIOWrapper name='logs.json' mode='a' encoding='UTF-8'> and week3-roots.pem
CONNECTION ERROR:  
CONNECTION ERROR:  
Creating connection for 172.67.137.147 using <_io.TextIOWrapper name='logs.json' mode='a' encoding='UTF-8'> and week3-roots.pem
Creating connection for 138.68.97.44 using <_io.TextIOWrapper name='logs.json' mode='a' encoding='UTF-8'> and week3-roots.pem
Creating connection for 194.67.71.27 using <_io.TextIOWrapper name='logs.json' mode='a' encoding='UTF-8'> and week3-roots.pem
Creating connection for 3.134.191.105 using <_io.TextIOWrapper name='logs.json' mode='a' encoding='UTF-8'> and week3-roots.pem
Creating connection for 104.26.11.251 using <_io.TextIOWrapper name='logs.json' mode='a' encoding='UTF-8'> and week3-roots.pem
Creating connection for 104.17.93.54 using <_io.TextIOWrapper name='logs.json' mode='a' encoding='UTF-8'> and week3-roots.pem
CONNECTION ERROR:  
CONNECTION ERROR:  
Creating connection for 104.26.0.28 using <_io.TextIOWrapper name='logs.json' mode='a' encoding='UTF-8'> and week3-roots.pem
CONNECTION ERROR:  
CONNECTION ERROR:  
Creating connection for 104.21.75.180 using <_io.TextIOWrapper name='logs.json' mode='a' encoding='UTF-8'> and week3-roots.pem
Creating connection for 172.67.178.124 using <_io.TextIOWrapper name='logs.json' mode='a' encoding='UTF-8'> and week3-roots.pem
Creating connection for 104.22.3.107 using <_io.TextIOWrapper name='logs.json' mode='a' encoding='UTF-8'> and week3-roots.pem
CONNECTION ERROR:  
CONNECTION ERROR:  
CONNECTION ERROR:  
CONNECTION ERROR:  [Errno 111] Connection refused
CONNECTION ERROR:  (32, 'EPIPE')
Creating connection for 104.21.34.37 using <_io.TextIOWrapper name='logs.json' mode='a' encoding='UTF-8'> and week3-roots.pem
Creating connection for 149.126.73.39 using <_io.TextIOWrapper name='logs.json' mode='a' encoding='UTF-8'> and week3-roots.pem
CONNECTION ERROR:  
CONNECTION ERROR:  
Creating connection for 35.213.146.232 using <_io.TextIOWrapper name='logs.json' mode='a' encoding='UTF-8'> and week3-roots.pem
Creating connection for 44.239.194.200 using <_io.TextIOWrapper name='logs.json' mode='a' encoding='UTF-8'> and week3-roots.pem
Creating connection for 104.20.52.19 using <_io.TextIOWrapper name='logs.json' mode='a' encoding='UTF-8'> and week3-roots.pem
CONNECTION ERROR:  
CONNECTION ERROR:  
Creating connection for 68.65.120.207 using <_io.TextIOWrapper name='logs.json' mode='a' encoding='UTF-8'> and week3-roots.pem
CONNECTION ERROR:  
CONNECTION ERROR:  
CONNECTION ERROR:  
CONNECTION ERROR:  
Creating connection for 151.101.194.135 using <_io.TextIOWrapper name='logs.json' mode='a' encoding='UTF-8'> and week3-roots.pem
CONNECTION ERROR:  
CONNECTION ERROR:  [Errno 111] Connection refused
Creating connection for 104.21.13.218 using <_io.TextIOWrapper name='logs.json' mode='a' encoding='UTF-8'> and week3-roots.pem
Creating connection for 162.159.135.42 using <_io.TextIOWrapper name='logs.json' mode='a' encoding='UTF-8'> and week3-roots.pem
CONNECTION ERROR:  
CONNECTION ERROR:  
CONNECTION ERROR:  
CONNECTION ERROR:  timed out
CONNECTION ERROR:  
CONNECTION ERROR:  (32, 'EPIPE')
CONNECTION ERROR:  
Creating connection for 192.243.59.13 using <_io.TextIOWrapper name='logs.json' mode='a' encoding='UTF-8'> and week3-roots.pem
CONNECTION ERROR:  
CONNECTION ERROR:  
Creating connection for 157.230.116.229 using <_io.TextIOWrapper name='logs.json' mode='a' encoding='UTF-8'> and week3-roots.pem
CONNECTION ERROR:  
Creating connection for 76.76.21.21 using <_io.TextIOWrapper name='logs.json' mode='a' encoding='UTF-8'> and week3-roots.pem
CONNECTION ERROR:  
Creating connection for 188.114.96.3 using <_io.TextIOWrapper name='logs.json' mode='a' encoding='UTF-8'> and week3-roots.pem
Creating connection for 65.9.86.73 using <_io.TextIOWrapper name='logs.json' mode='a' encoding='UTF-8'> and week3-roots.pem
Creating connection for 65.60.38.190 using <_io.TextIOWrapper name='logs.json' mode='a' encoding='UTF-8'> and week3-roots.pem
CONNECTION ERROR:  
CONNECTION ERROR:  
Creating connection for 120.27.245.69 using <_io.TextIOWrapper name='logs.json' mode='a' encoding='UTF-8'> and week3-roots.pem
Creating connection for 68.178.226.72 using <_io.TextIOWrapper name='logs.json' mode='a' encoding='UTF-8'> and week3-roots.pem
Creating connection for 23.227.38.74 using <_io.TextIOWrapper name='logs.json' mode='a' encoding='UTF-8'> and week3-roots.pem
CONNECTION ERROR:  [Errno 113] No route to host
CONNECTION ERROR:  
CONNECTION ERROR:  (32, 'EPIPE')
Creating connection for 104.26.15.34 using <_io.TextIOWrapper name='logs.json' mode='a' encoding='UTF-8'> and week3-roots.pem
CONNECTION ERROR:  
Creating connection for 216.182.93.156 using <_io.TextIOWrapper name='logs.json' mode='a' encoding='UTF-8'> and week3-roots.pem
CONNECTION ERROR:  
Creating connection for 188.114.96.2 using <_io.TextIOWrapper name='logs.json' mode='a' encoding='UTF-8'> and week3-roots.pem
Creating connection for 63.247.112.225 using <_io.TextIOWrapper name='logs.json' mode='a' encoding='UTF-8'> and week3-roots.pem
Creating connection for 108.128.72.146 using <_io.TextIOWrapper name='logs.json' mode='a' encoding='UTF-8'> and week3-roots.pem
Creating connection for 94.23.154.108 using <_io.TextIOWrapper name='logs.json' mode='a' encoding='UTF-8'> and week3-roots.pem
Creating connection for 167.71.50.107 using <_io.TextIOWrapper name='logs.json' mode='a' encoding='UTF-8'> and week3-roots.pem
CONNECTION ERROR:  
Creating connection for 65.9.86.88 using <_io.TextIOWrapper name='logs.json' mode='a' encoding='UTF-8'> and week3-roots.pem
Creating connection for 45.60.101.160 using <_io.TextIOWrapper name='logs.json' mode='a' encoding='UTF-8'> and week3-roots.pem
Creating connection for 47.246.48.227 using <_io.TextIOWrapper name='logs.json' mode='a' encoding='UTF-8'> and week3-roots.pem
Creating connection for 199.101.171.157 using <_io.TextIOWrapper name='logs.json' mode='a' encoding='UTF-8'> and week3-roots.pem
CONNECTION ERROR:  timed out
CONNECTION ERROR:  
CONNECTION ERROR:  
Creating connection for 188.114.97.3 using <_io.TextIOWrapper name='logs.json' mode='a' encoding='UTF-8'> and week3-roots.pem
Creating connection for 54.65.250.250 using <_io.TextIOWrapper name='logs.json' mode='a' encoding='UTF-8'> and week3-roots.pem
Creating connection for 40.65.197.253 using <_io.TextIOWrapper name='logs.json' mode='a' encoding='UTF-8'> and week3-roots.pem
Creating connection for 194.38.38.178 using <_io.TextIOWrapper name='logs.json' mode='a' encoding='UTF-8'> and week3-roots.pem
Creating connection for 216.239.34.21 using <_io.TextIOWrapper name='logs.json' mode='a' encoding='UTF-8'> and week3-roots.pem
Creating connection for 94.26.242.130 using <_io.TextIOWrapper name='logs.json' mode='a' encoding='UTF-8'> and week3-roots.pem
CONNECTION ERROR:  
Creating connection for 104.22.11.131 using <_io.TextIOWrapper name='logs.json' mode='a' encoding='UTF-8'> and week3-roots.pem
CONNECTION ERROR:  
CONNECTION ERROR:  
Creating connection for 178.57.217.216 using <_io.TextIOWrapper name='logs.json' mode='a' encoding='UTF-8'> and week3-roots.pem
CONNECTION ERROR:  [Errno 111] Connection refused
CONNECTION ERROR:  
CONNECTION ERROR:  
CONNECTION ERROR:  
CONNECTION ERROR:  
CONNECTION ERROR:  
Creating connection for 18.141.46.6 using <_io.TextIOWrapper name='logs.json' mode='a' encoding='UTF-8'> and week3-roots.pem
CONNECTION ERROR:  (32, 'EPIPE')
CONNECTION ERROR:  
CONNECTION ERROR:  
CONNECTION ERROR:  
Creating connection for 172.67.172.175 using <_io.TextIOWrapper name='logs.json' mode='a' encoding='UTF-8'> and week3-roots.pem
Creating connection for 104.21.81.194 using <_io.TextIOWrapper name='logs.json' mode='a' encoding='UTF-8'> and week3-roots.pem
Creating connection for 65.61.154.7 using <_io.TextIOWrapper name='logs.json' mode='a' encoding='UTF-8'> and week3-roots.pem
Creating connection for 78.129.223.56 using <_io.TextIOWrapper name='logs.json' mode='a' encoding='UTF-8'> and week3-roots.pem
Creating connection for 192.185.16.95 using <_io.TextIOWrapper name='logs.json' mode='a' encoding='UTF-8'> and week3-roots.pem
CONNECTION ERROR:  
CONNECTION ERROR:  
CONNECTION ERROR:  
Creating connection for 170.33.12.16 using <_io.TextIOWrapper name='logs.json' mode='a' encoding='UTF-8'> and week3-roots.pemCONNECTION ERROR:  

Creating connection for 104.21.52.67 using <_io.TextIOWrapper name='logs.json' mode='a' encoding='UTF-8'> and week3-roots.pem
Creating connection for 172.67.159.179 using <_io.TextIOWrapper name='logs.json' mode='a' encoding='UTF-8'> and week3-roots.pem
Creating connection for 69.167.158.44 using <_io.TextIOWrapper name='logs.json' mode='a' encoding='UTF-8'> and week3-roots.pem
Creating connection for 216.239.34.21 using <_io.TextIOWrapper name='logs.json' mode='a' encoding='UTF-8'> and week3-roots.pem
CONNECTION ERROR:  
Creating connection for 18.156.126.169 using <_io.TextIOWrapper name='logs.json' mode='a' encoding='UTF-8'> and week3-roots.pem
CONNECTION ERROR:  
CONNECTION ERROR:  
CONNECTION ERROR:  timed out
CONNECTION ERROR:  
Creating connection for 140.181.3.149 using <_io.TextIOWrapper name='logs.json' mode='a' encoding='UTF-8'> and week3-roots.pem
CONNECTION ERROR:  
Creating connection for 162.55.184.84 using <_io.TextIOWrapper name='logs.json' mode='a' encoding='UTF-8'> and week3-roots.pem
CONNECTION ERROR:  
Creating connection for 172.67.219.218 using <_io.TextIOWrapper name='logs.json' mode='a' encoding='UTF-8'> and week3-roots.pem
Creating connection for 104.21.86.67 using <_io.TextIOWrapper name='logs.json' mode='a' encoding='UTF-8'> and week3-roots.pem
Creating connection for 54.144.15.76 using <_io.TextIOWrapper name='logs.json' mode='a' encoding='UTF-8'> and week3-roots.pem
CONNECTION ERROR:  
CONNECTION ERROR:  
CONNECTION ERROR:  
CONNECTION ERROR:  
Creating connection for 31.14.22.23 using <_io.TextIOWrapper name='logs.json' mode='a' encoding='UTF-8'> and week3-roots.pem
Creating connection for 65.9.86.19 using <_io.TextIOWrapper name='logs.json' mode='a' encoding='UTF-8'> and week3-roots.pem
Creating connection for 50.56.19.155 using <_io.TextIOWrapper name='logs.json' mode='a' encoding='UTF-8'> and week3-roots.pem
CONNECTION ERROR:  
CONNECTION ERROR:  
Creating connection for 185.244.218.180 using <_io.TextIOWrapper name='logs.json' mode='a' encoding='UTF-8'> and week3-roots.pem
Creating connection for 216.239.38.21 using <_io.TextIOWrapper name='logs.json' mode='a' encoding='UTF-8'> and week3-roots.pem
Creating connection for 35.214.23.145 using <_io.TextIOWrapper name='logs.json' mode='a' encoding='UTF-8'> and week3-roots.pem
CONNECTION ERROR:  
Creating connection for 82.146.42.135 using <_io.TextIOWrapper name='logs.json' mode='a' encoding='UTF-8'> and week3-roots.pem
Creating connection for 65.9.86.88 using <_io.TextIOWrapper name='logs.json' mode='a' encoding='UTF-8'> and week3-roots.pem
Creating connection for 172.67.178.33 using <_io.TextIOWrapper name='logs.json' mode='a' encoding='UTF-8'> and week3-roots.pem
CONNECTION ERROR:  
CONNECTION ERROR:  
Creating connection for 96.45.82.166 using <_io.TextIOWrapper name='logs.json' mode='a' encoding='UTF-8'> and week3-roots.pem
CONNECTION ERROR:  
Creating connection for 34.216.127.34 using <_io.TextIOWrapper name='logs.json' mode='a' encoding='UTF-8'> and week3-roots.pem
CONNECTION ERROR:  
CONNECTION ERROR:  
CONNECTION ERROR:  
CONNECTION ERROR:  
CONNECTION ERROR:  
Creating connection for 54.250.56.146 using <_io.TextIOWrapper name='logs.json' mode='a' encoding='UTF-8'> and week3-roots.pem
Creating connection for 172.67.210.23 using <_io.TextIOWrapper name='logs.json' mode='a' encoding='UTF-8'> and week3-roots.pem
Creating connection for 104.21.30.78 using <_io.TextIOWrapper name='logs.json' mode='a' encoding='UTF-8'> and week3-roots.pem
Creating connection for 104.21.59.170 using <_io.TextIOWrapper name='logs.json' mode='a' encoding='UTF-8'> and week3-roots.pem
Creating connection for 63.251.126.10 using <_io.TextIOWrapper name='logs.json' mode='a' encoding='UTF-8'> and week3-roots.pem
CONNECTION ERROR:  
Creating connection for 54.154.29.84 using <_io.TextIOWrapper name='logs.json' mode='a' encoding='UTF-8'> and week3-roots.pem
CONNECTION ERROR:  
Creating connection for 104.21.67.104 using <_io.TextIOWrapper name='logs.json' mode='a' encoding='UTF-8'> and week3-roots.pem
CONNECTION ERROR:  
CONNECTION ERROR:  
Creating connection for 92.205.58.245 using <_io.TextIOWrapper name='logs.json' mode='a' encoding='UTF-8'> and week3-roots.pem
CONNECTION ERROR:  
Creating connection for 211.152.136.88 using <_io.TextIOWrapper name='logs.json' mode='a' encoding='UTF-8'> and week3-roots.pem
Creating connection for 65.9.86.75 using <_io.TextIOWrapper name='logs.json' mode='a' encoding='UTF-8'> and week3-roots.pem
CONNECTION ERROR:  
CONNECTION ERROR:  
CONNECTION ERROR:  
CONNECTION ERROR:  
Creating connection for 34.196.1.111 using <_io.TextIOWrapper name='logs.json' mode='a' encoding='UTF-8'> and week3-roots.pem
Creating connection for 45.154.75.62 using <_io.TextIOWrapper name='logs.json' mode='a' encoding='UTF-8'> and week3-roots.pem
CONNECTION ERROR:  
Creating connection for 74.207.245.228 using <_io.TextIOWrapper name='logs.json' mode='a' encoding='UTF-8'> and week3-roots.pem
Creating connection for 178.170.118.47 using <_io.TextIOWrapper name='logs.json' mode='a' encoding='UTF-8'> and week3-roots.pem
Creating connection for 193.111.11.3 using <_io.TextIOWrapper name='logs.json' mode='a' encoding='UTF-8'> and week3-roots.pem
CONNECTION ERROR:  
CONNECTION ERROR:  timed out
CONNECTION ERROR:  
CONNECTION ERROR:  
CONNECTION ERROR:  
Creating connection for 172.67.212.113 using <_io.TextIOWrapper name='logs.json' mode='a' encoding='UTF-8'> and week3-roots.pem
Creating connection for 172.67.152.251 using <_io.TextIOWrapper name='logs.json' mode='a' encoding='UTF-8'> and week3-roots.pem
Creating connection for 159.31.10.4 using <_io.TextIOWrapper name='logs.json' mode='a' encoding='UTF-8'> and week3-roots.pem
Creating connection for 198.54.120.215 using <_io.TextIOWrapper name='logs.json' mode='a' encoding='UTF-8'> and week3-roots.pem
Creating connection for 200.12.192.19 using <_io.TextIOWrapper name='logs.json' mode='a' encoding='UTF-8'> and week3-roots.pem
Creating connection for 104.21.85.204 using <_io.TextIOWrapper name='logs.json' mode='a' encoding='UTF-8'> and week3-roots.pem
Creating connection for 190.2.144.183 using <_io.TextIOWrapper name='logs.json' mode='a' encoding='UTF-8'> and week3-roots.pem
Creating connection for 104.21.5.243 using <_io.TextIOWrapper name='logs.json' mode='a' encoding='UTF-8'> and week3-roots.pem
Creating connection for 99.83.154.118 using <_io.TextIOWrapper name='logs.json' mode='a' encoding='UTF-8'> and week3-roots.pem
Creating connection for 172.67.153.220 using <_io.TextIOWrapper name='logs.json' mode='a' encoding='UTF-8'> and week3-roots.pem
CONNECTION ERROR:  
CONNECTION ERROR:  
Creating connection for 38.100.14.166 using <_io.TextIOWrapper name='logs.json' mode='a' encoding='UTF-8'> and week3-roots.pem
CONNECTION ERROR:  
Creating connection for 104.21.55.239 using <_io.TextIOWrapper name='logs.json' mode='a' encoding='UTF-8'> and week3-roots.pem
CONNECTION ERROR:  
Creating connection for 162.254.188.208 using <_io.TextIOWrapper name='logs.json' mode='a' encoding='UTF-8'> and week3-roots.pem
Creating connection for 54.68.22.26 using <_io.TextIOWrapper name='logs.json' mode='a' encoding='UTF-8'> and week3-roots.pem
Creating connection for 31.184.219.8 using <_io.TextIOWrapper name='logs.json' mode='a' encoding='UTF-8'> and week3-roots.pem
Creating connection for 189.39.224.100 using <_io.TextIOWrapper name='logs.json' mode='a' encoding='UTF-8'> and week3-roots.pem
Creating connection for 45.138.68.251 using <_io.TextIOWrapper name='logs.json' mode='a' encoding='UTF-8'> and week3-roots.pem
CONNECTION ERROR:  
Creating connection for 104.16.90.18 using <_io.TextIOWrapper name='logs.json' mode='a' encoding='UTF-8'> and week3-roots.pem
CONNECTION ERROR:  
CONNECTION ERROR:  
CONNECTION ERROR:  
CONNECTION ERROR:  
CONNECTION ERROR:  
CONNECTION ERROR:  
CONNECTION ERROR:  
CONNECTION ERROR:  
CONNECTION ERROR:  
CONNECTION ERROR:  [Errno 113] No route to host
Creating connection for 104.21.82.150 using <_io.TextIOWrapper name='logs.json' mode='a' encoding='UTF-8'> and week3-roots.pem
Creating connection for 65.9.86.23 using <_io.TextIOWrapper name='logs.json' mode='a' encoding='UTF-8'> and week3-roots.pem
Creating connection for 185.199.111.153 using <_io.TextIOWrapper name='logs.json' mode='a' encoding='UTF-8'> and week3-roots.pem
Creating connection for 64.190.63.111 using <_io.TextIOWrapper name='logs.json' mode='a' encoding='UTF-8'> and week3-roots.pem
CONNECTION ERROR:  (32, 'EPIPE')
Creating connection for 104.18.24.229 using <_io.TextIOWrapper name='logs.json' mode='a' encoding='UTF-8'> and week3-roots.pem
CONNECTION ERROR:  
Creating connection for 120.26.47.186 using <_io.TextIOWrapper name='logs.json' mode='a' encoding='UTF-8'> and week3-roots.pem
Creating connection for 104.21.23.16 using <_io.TextIOWrapper name='logs.json' mode='a' encoding='UTF-8'> and week3-roots.pem
CONNECTION ERROR:  timed out
CONNECTION ERROR:  
Creating connection for 216.220.96.10 using <_io.TextIOWrapper name='logs.json' mode='a' encoding='UTF-8'> and week3-roots.pem
Creating connection for 104.20.46.161 using <_io.TextIOWrapper name='logs.json' mode='a' encoding='UTF-8'> and week3-roots.pem
Creating connection for 54.94.87.154 using <_io.TextIOWrapper name='logs.json' mode='a' encoding='UTF-8'> and week3-roots.pem
Creating connection for 209.99.64.70 using <_io.TextIOWrapper name='logs.json' mode='a' encoding='UTF-8'> and week3-roots.pem
Creating connection for 123.12.213.81 using <_io.TextIOWrapper name='logs.json' mode='a' encoding='UTF-8'> and week3-roots.pem
CONNECTION ERROR:  
CONNECTION ERROR:  
Creating connection for 216.40.34.41 using <_io.TextIOWrapper name='logs.json' mode='a' encoding='UTF-8'> and week3-roots.pem
Creating connection for 172.67.160.35 using <_io.TextIOWrapper name='logs.json' mode='a' encoding='UTF-8'> and week3-roots.pem
Creating connection for 116.202.193.218 using <_io.TextIOWrapper name='logs.json' mode='a' encoding='UTF-8'> and week3-roots.pem
CONNECTION ERROR:  
CONNECTION ERROR:  
CONNECTION ERROR:  
CONNECTION ERROR:  
CONNECTION ERROR:  
CONNECTION ERROR:  
CONNECTION ERROR:  
Creating connection for 104.22.10.107 using <_io.TextIOWrapper name='logs.json' mode='a' encoding='UTF-8'> and week3-roots.pem
Creating connection for 34.159.132.250 using <_io.TextIOWrapper name='logs.json' mode='a' encoding='UTF-8'> and week3-roots.pem
Creating connection for 199.60.103.107 using <_io.TextIOWrapper name='logs.json' mode='a' encoding='UTF-8'> and week3-roots.pem
Creating connection for 156.67.74.48 using <_io.TextIOWrapper name='logs.json' mode='a' encoding='UTF-8'> and week3-roots.pem
Creating connection for 146.59.49.168 using <_io.TextIOWrapper name='logs.json' mode='a' encoding='UTF-8'> and week3-roots.pem
CONNECTION ERROR:  
Creating connection for 216.238.160.69 using <_io.TextIOWrapper name='logs.json' mode='a' encoding='UTF-8'> and week3-roots.pem
Creating connection for 88.208.36.28 using <_io.TextIOWrapper name='logs.json' mode='a' encoding='UTF-8'> and week3-roots.pem
Creating connection for 46.105.212.204 using <_io.TextIOWrapper name='logs.json' mode='a' encoding='UTF-8'> and week3-roots.pem
Creating connection for 104.21.52.114 using <_io.TextIOWrapper name='logs.json' mode='a' encoding='UTF-8'> and week3-roots.pem
CONNECTION ERROR:  
Creating connection for 151.101.2.28 using <_io.TextIOWrapper name='logs.json' mode='a' encoding='UTF-8'> and week3-roots.pem
CONNECTION ERROR:  
CONNECTION ERROR:  
Creating connection for 23.216.253.241 using <_io.TextIOWrapper name='logs.json' mode='a' encoding='UTF-8'> and week3-roots.pem
CONNECTION ERROR:  
Creating connection for 122.194.221.251 using <_io.TextIOWrapper name='logs.json' mode='a' encoding='UTF-8'> and week3-roots.pem
Creating connection for 104.22.39.155 using <_io.TextIOWrapper name='logs.json' mode='a' encoding='UTF-8'> and week3-roots.pem
CONNECTION ERROR:  
Creating connection for 157.56.160.177 using <_io.TextIOWrapper name='logs.json' mode='a' encoding='UTF-8'> and week3-roots.pem
CONNECTION ERROR:  
CONNECTION ERROR:  
Creating connection for 172.67.199.83 using <_io.TextIOWrapper name='logs.json' mode='a' encoding='UTF-8'> and week3-roots.pem
CONNECTION ERROR:  
CONNECTION ERROR:  
CONNECTION ERROR:  
CONNECTION ERROR:  
CONNECTION ERROR:  
CONNECTION ERROR:  
CONNECTION ERROR:  
Creating connection for 172.67.5.85 using <_io.TextIOWrapper name='logs.json' mode='a' encoding='UTF-8'> and week3-roots.pem
CONNECTION ERROR:  
CONNECTION ERROR:  
Creating connection for 52.18.222.14 using <_io.TextIOWrapper name='logs.json' mode='a' encoding='UTF-8'> and week3-roots.pem
CONNECTION ERROR:  
Creating connection for 116.177.248.72 using <_io.TextIOWrapper name='logs.json' mode='a' encoding='UTF-8'> and week3-roots.pem
CONNECTION ERROR:  
Creating connection for 35.208.150.161 using <_io.TextIOWrapper name='logs.json' mode='a' encoding='UTF-8'> and week3-roots.pem
Creating connection for 82.196.237.244 using <_io.TextIOWrapper name='logs.json' mode='a' encoding='UTF-8'> and week3-roots.pem
Creating connection for 97.107.140.92 using <_io.TextIOWrapper name='logs.json' mode='a' encoding='UTF-8'> and week3-roots.pem
CONNECTION ERROR:  
Creating connection for 61.147.108.16 using <_io.TextIOWrapper name='logs.json' mode='a' encoding='UTF-8'> and week3-roots.pem
CONNECTION ERROR:  
Creating connection for 180.122.78.242 using <_io.TextIOWrapper name='logs.json' mode='a' encoding='UTF-8'> and week3-roots.pem
CONNECTION ERROR:  timed out
Creating connection for 104.21.52.150 using <_io.TextIOWrapper name='logs.json' mode='a' encoding='UTF-8'> and week3-roots.pem
Creating connection for 182.50.135.117 using <_io.TextIOWrapper name='logs.json' mode='a' encoding='UTF-8'> and week3-roots.pem
Creating connection for 104.22.26.242 using <_io.TextIOWrapper name='logs.json' mode='a' encoding='UTF-8'> and week3-roots.pem
CONNECTION ERROR:  
CONNECTION ERROR:  
Creating connection for 104.21.21.86 using <_io.TextIOWrapper name='logs.json' mode='a' encoding='UTF-8'> and week3-roots.pem
Creating connection for 104.21.235.32 using <_io.TextIOWrapper name='logs.json' mode='a' encoding='UTF-8'> and week3-roots.pem
Creating connection for 216.213.31.99 using <_io.TextIOWrapper name='logs.json' mode='a' encoding='UTF-8'> and week3-roots.pem
CONNECTION ERROR:  
CONNECTION ERROR:  
Creating connection for 54.86.244.75 using <_io.TextIOWrapper name='logs.json' mode='a' encoding='UTF-8'> and week3-roots.pem
Creating connection for 65.9.86.88 using <_io.TextIOWrapper name='logs.json' mode='a' encoding='UTF-8'> and week3-roots.pem
Creating connection for 217.160.195.103 using <_io.TextIOWrapper name='logs.json' mode='a' encoding='UTF-8'> and week3-roots.pem
CONNECTION ERROR:  
CONNECTION ERROR:  
Creating connection for 199.60.103.2 using <_io.TextIOWrapper name='logs.json' mode='a' encoding='UTF-8'> and week3-roots.pem
Creating connection for 104.21.55.128 using <_io.TextIOWrapper name='logs.json' mode='a' encoding='UTF-8'> and week3-roots.pem
Creating connection for 139.129.149.228 using <_io.TextIOWrapper name='logs.json' mode='a' encoding='UTF-8'> and week3-roots.pem
CONNECTION ERROR:  
Creating connection for 203.29.55.68 using <_io.TextIOWrapper name='logs.json' mode='a' encoding='UTF-8'> and week3-roots.pem
CONNECTION ERROR:  
Creating connection for 63.251.126.10 using <_io.TextIOWrapper name='logs.json' mode='a' encoding='UTF-8'> and week3-roots.pem
Creating connection for 93.186.178.238 using <_io.TextIOWrapper name='logs.json' mode='a' encoding='UTF-8'> and week3-roots.pem
Creating connection for 151.101.65.195 using <_io.TextIOWrapper name='logs.json' mode='a' encoding='UTF-8'> and week3-roots.pem
Creating connection for 141.193.213.21 using <_io.TextIOWrapper name='logs.json' mode='a' encoding='UTF-8'> and week3-roots.pem
Creating connection for 104.16.205.134 using <_io.TextIOWrapper name='logs.json' mode='a' encoding='UTF-8'> and week3-roots.pem
CONNECTION ERROR:  timed out
CONNECTION ERROR:  
CONNECTION ERROR:  
Creating connection for 35.153.116.65 using <_io.TextIOWrapper name='logs.json' mode='a' encoding='UTF-8'> and week3-roots.pem
CONNECTION ERROR:  
CONNECTION ERROR:  
CONNECTION ERROR:  
CONNECTION ERROR:  
CONNECTION ERROR:  
CONNECTION ERROR:  
CONNECTION ERROR:  
CONNECTION ERROR:  
CONNECTION ERROR:  
Creating connection for 172.67.150.175 using <_io.TextIOWrapper name='logs.json' mode='a' encoding='UTF-8'> and week3-roots.pem
Creating connection for 188.114.97.12 using <_io.TextIOWrapper name='logs.json' mode='a' encoding='UTF-8'> and week3-roots.pem
Creating connection for 178.159.42.31 using <_io.TextIOWrapper name='logs.json' mode='a' encoding='UTF-8'> and week3-roots.pem
Creating connection for 136.144.144.38 using <_io.TextIOWrapper name='logs.json' mode='a' encoding='UTF-8'> and week3-roots.pem
CONNECTION ERROR:  
Creating connection for 188.114.96.3 using <_io.TextIOWrapper name='logs.json' mode='a' encoding='UTF-8'> and week3-roots.pem
CONNECTION ERROR:  
CONNECTION ERROR:  
Creating connection for 198.251.81.30 using <_io.TextIOWrapper name='logs.json' mode='a' encoding='UTF-8'> and week3-roots.pem
CONNECTION ERROR:  
CONNECTION ERROR:  
Creating connection for 45.79.90.212 using <_io.TextIOWrapper name='logs.json' mode='a' encoding='UTF-8'> and week3-roots.pem
CONNECTION ERROR:  
Creating connection for 165.232.183.92 using <_io.TextIOWrapper name='logs.json' mode='a' encoding='UTF-8'> and week3-roots.pem
CONNECTION ERROR:  
CONNECTION ERROR:  
CONNECTION ERROR:  
CONNECTION ERROR:  
CONNECTION ERROR:  
CONNECTION ERROR:  
Creating connection for 211.152.136.42 using <_io.TextIOWrapper name='logs.json' mode='a' encoding='UTF-8'> and week3-roots.pem
Creating connection for 65.9.86.48 using <_io.TextIOWrapper name='logs.json' mode='a' encoding='UTF-8'> and week3-roots.pem
CONNECTION ERROR:  
CONNECTION ERROR:  
Creating connection for 185.33.186.22 using <_io.TextIOWrapper name='logs.json' mode='a' encoding='UTF-8'> and week3-roots.pem
CONNECTION ERROR:  
Creating connection for 104.21.89.121 using <_io.TextIOWrapper name='logs.json' mode='a' encoding='UTF-8'> and week3-roots.pem
CONNECTION ERROR:  timed out
CONNECTION ERROR:  
Creating connection for 54.157.4.65 using <_io.TextIOWrapper name='logs.json' mode='a' encoding='UTF-8'> and week3-roots.pem
CONNECTION ERROR:  
Creating connection for 94.231.101.70 using <_io.TextIOWrapper name='logs.json' mode='a' encoding='UTF-8'> and week3-roots.pem
Creating connection for 216.239.34.21 using <_io.TextIOWrapper name='logs.json' mode='a' encoding='UTF-8'> and week3-roots.pem
CONNECTION ERROR:  
Creating connection for 35.170.254.27 using <_io.TextIOWrapper name='logs.json' mode='a' encoding='UTF-8'> and week3-roots.pem
CONNECTION ERROR:  
CONNECTION ERROR:  
Creating connection for 166.62.112.107 using <_io.TextIOWrapper name='logs.json' mode='a' encoding='UTF-8'> and week3-roots.pem
CONNECTION ERROR:  
Creating connection for 64.111.116.215 using <_io.TextIOWrapper name='logs.json' mode='a' encoding='UTF-8'> and week3-roots.pem
Creating connection for 172.67.68.15 using <_io.TextIOWrapper name='logs.json' mode='a' encoding='UTF-8'> and week3-roots.pem
CONNECTION ERROR:  
CONNECTION ERROR:  
CONNECTION ERROR:  
Creating connection for 34.251.201.224 using <_io.TextIOWrapper name='logs.json' mode='a' encoding='UTF-8'> and week3-roots.pem
Creating connection for 198.49.23.145 using <_io.TextIOWrapper name='logs.json' mode='a' encoding='UTF-8'> and week3-roots.pem
CONNECTION ERROR:  
Creating connection for 172.67.206.139 using <_io.TextIOWrapper name='logs.json' mode='a' encoding='UTF-8'> and week3-roots.pem
Creating connection for 15.164.138.230 using <_io.TextIOWrapper name='logs.json' mode='a' encoding='UTF-8'> and week3-roots.pem
Creating connection for 47.101.169.118 using <_io.TextIOWrapper name='logs.json' mode='a' encoding='UTF-8'> and week3-roots.pem
CONNECTION ERROR:  
CONNECTION ERROR:  
Creating connection for 23.21.193.87 using <_io.TextIOWrapper name='logs.json' mode='a' encoding='UTF-8'> and week3-roots.pem
Creating connection for 65.9.86.8 using <_io.TextIOWrapper name='logs.json' mode='a' encoding='UTF-8'> and week3-roots.pem
CONNECTION ERROR:  
Creating connection for 52.242.28.194 using <_io.TextIOWrapper name='logs.json' mode='a' encoding='UTF-8'> and week3-roots.pem
Creating connection for 104.16.220.249 using <_io.TextIOWrapper name='logs.json' mode='a' encoding='UTF-8'> and week3-roots.pem
Creating connection for 139.45.197.152 using <_io.TextIOWrapper name='logs.json' mode='a' encoding='UTF-8'> and week3-roots.pem
Creating connection for 172.66.40.190 using <_io.TextIOWrapper name='logs.json' mode='a' encoding='UTF-8'> and week3-roots.pem
CONNECTION ERROR:  
CONNECTION ERROR:  
CONNECTION ERROR:  
Creating connection for 104.21.76.189 using <_io.TextIOWrapper name='logs.json' mode='a' encoding='UTF-8'> and week3-roots.pem
Creating connection for 104.31.16.121 using <_io.TextIOWrapper name='logs.json' mode='a' encoding='UTF-8'> and week3-roots.pem
Creating connection for 192.254.236.166 using <_io.TextIOWrapper name='logs.json' mode='a' encoding='UTF-8'> and week3-roots.pem
CONNECTION ERROR:  
CONNECTION ERROR:  
Creating connection for 5.196.164.16 using <_io.TextIOWrapper name='logs.json' mode='a' encoding='UTF-8'> and week3-roots.pem
Creating connection for 106.75.22.236 using <_io.TextIOWrapper name='logs.json' mode='a' encoding='UTF-8'> and week3-roots.pem
Creating connection for 104.26.12.209 using <_io.TextIOWrapper name='logs.json' mode='a' encoding='UTF-8'> and week3-roots.pem
Creating connection for 156.67.73.190 using <_io.TextIOWrapper name='logs.json' mode='a' encoding='UTF-8'> and week3-roots.pem
Creating connection for 85.114.41.96 using <_io.TextIOWrapper name='logs.json' mode='a' encoding='UTF-8'> and week3-roots.pem
CONNECTION ERROR:  
CONNECTION ERROR:  
CONNECTION ERROR:  
CONNECTION ERROR:  
Creating connection for 192.169.244.12 using <_io.TextIOWrapper name='logs.json' mode='a' encoding='UTF-8'> and week3-roots.pem
Creating connection for 170.81.43.233 using <_io.TextIOWrapper name='logs.json' mode='a' encoding='UTF-8'> and week3-roots.pem
Creating connection for 173.230.130.168 using <_io.TextIOWrapper name='logs.json' mode='a' encoding='UTF-8'> and week3-roots.pem
Creating connection for 80.92.65.188 using <_io.TextIOWrapper name='logs.json' mode='a' encoding='UTF-8'> and week3-roots.pem
Creating connection for 87.79.26.37 using <_io.TextIOWrapper name='logs.json' mode='a' encoding='UTF-8'> and week3-roots.pem
CONNECTION ERROR:  
Creating connection for 18.159.80.129 using <_io.TextIOWrapper name='logs.json' mode='a' encoding='UTF-8'> and week3-roots.pem
CONNECTION ERROR:  
Creating connection for 104.21.7.25 using <_io.TextIOWrapper name='logs.json' mode='a' encoding='UTF-8'> and week3-roots.pem
Creating connection for 112.90.43.190 using <_io.TextIOWrapper name='logs.json' mode='a' encoding='UTF-8'> and week3-roots.pem
Creating connection for 188.114.97.2 using <_io.TextIOWrapper name='logs.json' mode='a' encoding='UTF-8'> and week3-roots.pem
CONNECTION ERROR:  
CONNECTION ERROR:  
Creating connection for 192.81.170.17 using <_io.TextIOWrapper name='logs.json' mode='a' encoding='UTF-8'> and week3-roots.pem
Creating connection for 92.53.96.129 using <_io.TextIOWrapper name='logs.json' mode='a' encoding='UTF-8'> and week3-roots.pem
Creating connection for 65.9.86.61 using <_io.TextIOWrapper name='logs.json' mode='a' encoding='UTF-8'> and week3-roots.pem
Creating connection for 65.144.14.137 using <_io.TextIOWrapper name='logs.json' mode='a' encoding='UTF-8'> and week3-roots.pem
CONNECTION ERROR:  
CONNECTION ERROR:  
CONNECTION ERROR:  
Creating connection for 101.36.107.230 using <_io.TextIOWrapper name='logs.json' mode='a' encoding='UTF-8'> and week3-roots.pem
CONNECTION ERROR:  [Errno 111] Connection refused
Creating connection for 64.207.139.203 using <_io.TextIOWrapper name='logs.json' mode='a' encoding='UTF-8'> and week3-roots.pem
Creating connection for 3.67.234.155 using <_io.TextIOWrapper name='logs.json' mode='a' encoding='UTF-8'> and week3-roots.pem
CONNECTION ERROR:  (32, 'EPIPE')
CONNECTION ERROR:  
Creating connection for 151.101.65.193 using <_io.TextIOWrapper name='logs.json' mode='a' encoding='UTF-8'> and week3-roots.pem
CONNECTION ERROR:  
Creating connection for 80.74.128.8 using <_io.TextIOWrapper name='logs.json' mode='a' encoding='UTF-8'> and week3-roots.pem
Creating connection for 75.98.226.11 using <_io.TextIOWrapper name='logs.json' mode='a' encoding='UTF-8'> and week3-roots.pem
CONNECTION ERROR:  
CONNECTION ERROR:  
Creating connection for 104.18.22.107 using <_io.TextIOWrapper name='logs.json' mode='a' encoding='UTF-8'> and week3-roots.pemCONNECTION ERROR:  
CONNECTION ERROR:  

Creating connection for 213.242.250.58 using <_io.TextIOWrapper name='logs.json' mode='a' encoding='UTF-8'> and week3-roots.pem
Creating connection for 206.119.101.85 using <_io.TextIOWrapper name='logs.json' mode='a' encoding='UTF-8'> and week3-roots.pem
Creating connection for 109.123.72.70 using <_io.TextIOWrapper name='logs.json' mode='a' encoding='UTF-8'> and week3-roots.pem
Creating connection for 172.67.183.67 using <_io.TextIOWrapper name='logs.json' mode='a' encoding='UTF-8'> and week3-roots.pem
CONNECTION ERROR:  
Creating connection for 172.67.129.8 using <_io.TextIOWrapper name='logs.json' mode='a' encoding='UTF-8'> and week3-roots.pem
CONNECTION ERROR:  
CONNECTION ERROR:  
Creating connection for 162.159.135.42 using <_io.TextIOWrapper name='logs.json' mode='a' encoding='UTF-8'> and week3-roots.pem
Creating connection for 188.114.96.12 using <_io.TextIOWrapper name='logs.json' mode='a' encoding='UTF-8'> and week3-roots.pem
CONNECTION ERROR:  
Creating connection for 66.96.161.148 using <_io.TextIOWrapper name='logs.json' mode='a' encoding='UTF-8'> and week3-roots.pem
CONNECTION ERROR:  
Creating connection for 23.227.38.65 using <_io.TextIOWrapper name='logs.json' mode='a' encoding='UTF-8'> and week3-roots.pem
Creating connection for 104.21.79.141 using <_io.TextIOWrapper name='logs.json' mode='a' encoding='UTF-8'> and week3-roots.pem
CONNECTION ERROR:  
CONNECTION ERROR:  
CONNECTION ERROR:  
CONNECTION ERROR:  
CONNECTION ERROR:  [Errno 111] Connection refused
Creating connection for 138.201.169.61 using <_io.TextIOWrapper name='logs.json' mode='a' encoding='UTF-8'> and week3-roots.pem
CONNECTION ERROR:  timed out
CONNECTION ERROR:  
CONNECTION ERROR:  
Creating connection for 47.90.13.26 using <_io.TextIOWrapper name='logs.json' mode='a' encoding='UTF-8'> and week3-roots.pem
CONNECTION ERROR:  (32, 'EPIPE')
Creating connection for 104.17.126.99 using <_io.TextIOWrapper name='logs.json' mode='a' encoding='UTF-8'> and week3-roots.pem
Creating connection for 65.9.86.111 using <_io.TextIOWrapper name='logs.json' mode='a' encoding='UTF-8'> and week3-roots.pem
CONNECTION ERROR:  
CONNECTION ERROR:  
Creating connection for 99.83.154.118 using <_io.TextIOWrapper name='logs.json' mode='a' encoding='UTF-8'> and week3-roots.pem
CONNECTION ERROR:  
CONNECTION ERROR:  
CONNECTION ERROR:  
CONNECTION ERROR:  
Creating connection for 213.215.124.50 using <_io.TextIOWrapper name='logs.json' mode='a' encoding='UTF-8'> and week3-roots.pem
CONNECTION ERROR:  
CONNECTION ERROR:  
CONNECTION ERROR:  timed out
Creating connection for 104.26.6.246 using <_io.TextIOWrapper name='logs.json' mode='a' encoding='UTF-8'> and week3-roots.pem
Creating connection for 192.4.0.214 using <_io.TextIOWrapper name='logs.json' mode='a' encoding='UTF-8'> and week3-roots.pem
Creating connection for 108.178.43.214 using <_io.TextIOWrapper name='logs.json' mode='a' encoding='UTF-8'> and week3-roots.pem
CONNECTION ERROR:  timed out
Creating connection for 208.91.197.23 using <_io.TextIOWrapper name='logs.json' mode='a' encoding='UTF-8'> and week3-roots.pem
Creating connection for 115.124.104.11 using <_io.TextIOWrapper name='logs.json' mode='a' encoding='UTF-8'> and week3-roots.pem
CONNECTION ERROR:  
CONNECTION ERROR:  
CONNECTION ERROR:  
Creating connection for 198.54.117.216 using <_io.TextIOWrapper name='logs.json' mode='a' encoding='UTF-8'> and week3-roots.pem
CONNECTION ERROR:  
CONNECTION ERROR:  
CONNECTION ERROR:  
CONNECTION ERROR:  
CONNECTION ERROR:  
Creating connection for 18.195.158.12 using <_io.TextIOWrapper name='logs.json' mode='a' encoding='UTF-8'> and week3-roots.pem
CONNECTION ERROR:  
CONNECTION ERROR:  
Creating connection for 13.107.246.67 using <_io.TextIOWrapper name='logs.json' mode='a' encoding='UTF-8'> and week3-roots.pem
Creating connection for 65.9.86.121 using <_io.TextIOWrapper name='logs.json' mode='a' encoding='UTF-8'> and week3-roots.pem
Creating connection for 104.18.250.31 using <_io.TextIOWrapper name='logs.json' mode='a' encoding='UTF-8'> and week3-roots.pem
Creating connection for 172.67.11.232 using <_io.TextIOWrapper name='logs.json' mode='a' encoding='UTF-8'> and week3-roots.pem
Creating connection for 104.21.52.175 using <_io.TextIOWrapper name='logs.json' mode='a' encoding='UTF-8'> and week3-roots.pem
CONNECTION ERROR:  
Creating connection for 190.92.158.4 using <_io.TextIOWrapper name='logs.json' mode='a' encoding='UTF-8'> and week3-roots.pem
Creating connection for 98.129.90.233 using <_io.TextIOWrapper name='logs.json' mode='a' encoding='UTF-8'> and week3-roots.pem
Creating connection for 40.88.39.94 using <_io.TextIOWrapper name='logs.json' mode='a' encoding='UTF-8'> and week3-roots.pem
CONNECTION ERROR:  
Creating connection for 34.253.101.190 using <_io.TextIOWrapper name='logs.json' mode='a' encoding='UTF-8'> and week3-roots.pem
Creating connection for 35.158.249.55 using <_io.TextIOWrapper name='logs.json' mode='a' encoding='UTF-8'> and week3-roots.pem
CONNECTION ERROR:  
CONNECTION ERROR:  
CONNECTION ERROR:  
CONNECTION ERROR:  
Creating connection for 192.0.80.240 using <_io.TextIOWrapper name='logs.json' mode='a' encoding='UTF-8'> and week3-roots.pem
Creating connection for 118.69.174.251 using <_io.TextIOWrapper name='logs.json' mode='a' encoding='UTF-8'> and week3-roots.pem
CONNECTION ERROR:  
CONNECTION ERROR:  
Creating connection for 178.128.33.167 using <_io.TextIOWrapper name='logs.json' mode='a' encoding='UTF-8'> and week3-roots.pem
Creating connection for 185.199.109.153 using <_io.TextIOWrapper name='logs.json' mode='a' encoding='UTF-8'> and week3-roots.pem
CONNECTION ERROR:  
CONNECTION ERROR:  
CONNECTION ERROR:  [Errno 111] Connection refused
Creating connection for 198.16.53.254 using <_io.TextIOWrapper name='logs.json' mode='a' encoding='UTF-8'> and week3-roots.pem
Creating connection for 172.67.69.47 using <_io.TextIOWrapper name='logs.json' mode='a' encoding='UTF-8'> and week3-roots.pem
Creating connection for 104.18.13.55 using <_io.TextIOWrapper name='logs.json' mode='a' encoding='UTF-8'> and week3-roots.pem
CONNECTION ERROR:  (32, 'EPIPE')
CONNECTION ERROR:  
Creating connection for 104.21.14.12 using <_io.TextIOWrapper name='logs.json' mode='a' encoding='UTF-8'> and week3-roots.pem
Creating connection for 60.205.24.211 using <_io.TextIOWrapper name='logs.json' mode='a' encoding='UTF-8'> and week3-roots.pem
Creating connection for 172.66.40.76 using <_io.TextIOWrapper name='logs.json' mode='a' encoding='UTF-8'> and week3-roots.pem
CONNECTION ERROR:  
CONNECTION ERROR:  [Errno 111] Connection refused
CONNECTION ERROR:  
CONNECTION ERROR:  
Creating connection for 104.21.92.179 using <_io.TextIOWrapper name='logs.json' mode='a' encoding='UTF-8'> and week3-roots.pem
Creating connection for 104.21.67.248 using <_io.TextIOWrapper name='logs.json' mode='a' encoding='UTF-8'> and week3-roots.pem
Creating connection for 176.10.250.160 using <_io.TextIOWrapper name='logs.json' mode='a' encoding='UTF-8'> and week3-roots.pem
Creating connection for 104.21.90.118 using <_io.TextIOWrapper name='logs.json' mode='a' encoding='UTF-8'> and week3-roots.pem
CONNECTION ERROR:  (32, 'EPIPE')
CONNECTION ERROR:  
Creating connection for 104.100.183.232 using <_io.TextIOWrapper name='logs.json' mode='a' encoding='UTF-8'> and week3-roots.pem
Creating connection for 35.233.36.231 using <_io.TextIOWrapper name='logs.json' mode='a' encoding='UTF-8'> and week3-roots.pem
CONNECTION ERROR:  
Creating connection for 104.17.108.61 using <_io.TextIOWrapper name='logs.json' mode='a' encoding='UTF-8'> and week3-roots.pem
Creating connection for 104.26.9.161 using <_io.TextIOWrapper name='logs.json' mode='a' encoding='UTF-8'> and week3-roots.pem
CONNECTION ERROR:  
CONNECTION ERROR:  
Creating connection for 52.215.88.119 using <_io.TextIOWrapper name='logs.json' mode='a' encoding='UTF-8'> and week3-roots.pem
CONNECTION ERROR:  
CONNECTION ERROR:  
CONNECTION ERROR:  
CONNECTION ERROR:  
CONNECTION ERROR:  
Creating connection for 45.114.142.245 using <_io.TextIOWrapper name='logs.json' mode='a' encoding='UTF-8'> and week3-roots.pem
Creating connection for 111.101.9.163 using <_io.TextIOWrapper name='logs.json' mode='a' encoding='UTF-8'> and week3-roots.pemCONNECTION ERROR:  
CONNECTION ERROR:  timed out
CONNECTION ERROR:  timed out
CONNECTION ERROR:  

CONNECTION ERROR:  
CONNECTION ERROR:  
CONNECTION ERROR:  
Creating connection for 124.150.132.18 using <_io.TextIOWrapper name='logs.json' mode='a' encoding='UTF-8'> and week3-roots.pem
Creating connection for 5.23.50.207 using <_io.TextIOWrapper name='logs.json' mode='a' encoding='UTF-8'> and week3-roots.pem
Creating connection for 139.45.197.153 using <_io.TextIOWrapper name='logs.json' mode='a' encoding='UTF-8'> and week3-roots.pem
CONNECTION ERROR:  
Creating connection for 46.30.215.141 using <_io.TextIOWrapper name='logs.json' mode='a' encoding='UTF-8'> and week3-roots.pem
CONNECTION ERROR:  
Creating connection for 200.229.197.128 using <_io.TextIOWrapper name='logs.json' mode='a' encoding='UTF-8'> and week3-roots.pem
Creating connection for 185.149.132.49 using <_io.TextIOWrapper name='logs.json' mode='a' encoding='UTF-8'> and week3-roots.pem
Creating connection for 188.166.118.151 using <_io.TextIOWrapper name='logs.json' mode='a' encoding='UTF-8'> and week3-roots.pem
CONNECTION ERROR:  
CONNECTION ERROR:  
CONNECTION ERROR:  
CONNECTION ERROR:  
Creating connection for 44.227.76.166 using <_io.TextIOWrapper name='logs.json' mode='a' encoding='UTF-8'> and week3-roots.pem
Creating connection for 3.92.34.108 using <_io.TextIOWrapper name='logs.json' mode='a' encoding='UTF-8'> and week3-roots.pem
CONNECTION ERROR:  
Creating connection for 173.44.37.208 using <_io.TextIOWrapper name='logs.json' mode='a' encoding='UTF-8'> and week3-roots.pem
Creating connection for 193.239.44.202 using <_io.TextIOWrapper name='logs.json' mode='a' encoding='UTF-8'> and week3-roots.pem
CONNECTION ERROR:  
Creating connection for 178.172.162.83 using <_io.TextIOWrapper name='logs.json' mode='a' encoding='UTF-8'> and week3-roots.pem
Creating connection for 85.239.227.84 using <_io.TextIOWrapper name='logs.json' mode='a' encoding='UTF-8'> and week3-roots.pem
Creating connection for 208.91.197.26 using <_io.TextIOWrapper name='logs.json' mode='a' encoding='UTF-8'> and week3-roots.pem
Creating connection for 217.146.69.2 using <_io.TextIOWrapper name='logs.json' mode='a' encoding='UTF-8'> and week3-roots.pem
Creating connection for 172.67.199.142 using <_io.TextIOWrapper name='logs.json' mode='a' encoding='UTF-8'> and week3-roots.pem
Creating connection for 54.235.155.72 using <_io.TextIOWrapper name='logs.json' mode='a' encoding='UTF-8'> and week3-roots.pem
Creating connection for 151.101.192.200 using <_io.TextIOWrapper name='logs.json' mode='a' encoding='UTF-8'> and week3-roots.pem
Creating connection for 51.38.221.171 using <_io.TextIOWrapper name='logs.json' mode='a' encoding='UTF-8'> and week3-roots.pem
CONNECTION ERROR:  
CONNECTION ERROR:  
Creating connection for 104.21.18.173 using <_io.TextIOWrapper name='logs.json' mode='a' encoding='UTF-8'> and week3-roots.pem
CONNECTION ERROR:  
Creating connection for 52.151.125.139 using <_io.TextIOWrapper name='logs.json' mode='a' encoding='UTF-8'> and week3-roots.pem
Creating connection for 65.9.86.43 using <_io.TextIOWrapper name='logs.json' mode='a' encoding='UTF-8'> and week3-roots.pem
Creating connection for 47.105.163.167 using <_io.TextIOWrapper name='logs.json' mode='a' encoding='UTF-8'> and week3-roots.pem
Creating connection for 172.66.43.152 using <_io.TextIOWrapper name='logs.json' mode='a' encoding='UTF-8'> and week3-roots.pem
CONNECTION ERROR:  
Creating connection for 160.153.75.227 using <_io.TextIOWrapper name='logs.json' mode='a' encoding='UTF-8'> and week3-roots.pem
CONNECTION ERROR:  
Creating connection for 54.235.106.140 using <_io.TextIOWrapper name='logs.json' mode='a' encoding='UTF-8'> and week3-roots.pem
Creating connection for 178.91.129.229 using <_io.TextIOWrapper name='logs.json' mode='a' encoding='UTF-8'> and week3-roots.pem
Creating connection for 104.21.93.43 using <_io.TextIOWrapper name='logs.json' mode='a' encoding='UTF-8'> and week3-roots.pem
Creating connection for 172.67.197.247 using <_io.TextIOWrapper name='logs.json' mode='a' encoding='UTF-8'> and week3-roots.pem
CONNECTION ERROR:  
CONNECTION ERROR:  timed out
CONNECTION ERROR:  
Creating connection for 54.194.170.100 using <_io.TextIOWrapper name='logs.json' mode='a' encoding='UTF-8'> and week3-roots.pem
CONNECTION ERROR:  
Creating connection for 104.26.11.60 using <_io.TextIOWrapper name='logs.json' mode='a' encoding='UTF-8'> and week3-roots.pem
CONNECTION ERROR:  
CONNECTION ERROR:  
CONNECTION ERROR:  
Creating connection for 123.31.36.75 using <_io.TextIOWrapper name='logs.json' mode='a' encoding='UTF-8'> and week3-roots.pem
CONNECTION ERROR:  
CONNECTION ERROR:  
Creating connection for 192.124.249.70 using <_io.TextIOWrapper name='logs.json' mode='a' encoding='UTF-8'> and week3-roots.pem
CONNECTION ERROR:  
CONNECTION ERROR:  
CONNECTION ERROR:  
CONNECTION ERROR:  
CONNECTION ERROR:  
CONNECTION ERROR:  
CONNECTION ERROR:  timed out
CONNECTION ERROR:  
CONNECTION ERROR:  
CONNECTION ERROR:  
CONNECTION ERROR:  
CONNECTION ERROR:  
Creating connection for 34.242.84.47 using <_io.TextIOWrapper name='logs.json' mode='a' encoding='UTF-8'> and week3-roots.pem
CONNECTION ERROR:  
Creating connection for 151.101.130.132 using <_io.TextIOWrapper name='logs.json' mode='a' encoding='UTF-8'> and week3-roots.pem
Creating connection for 34.251.201.224 using <_io.TextIOWrapper name='logs.json' mode='a' encoding='UTF-8'> and week3-roots.pem
Creating connection for 141.8.194.42 using <_io.TextIOWrapper name='logs.json' mode='a' encoding='UTF-8'> and week3-roots.pem
Creating connection for 172.67.75.69 using <_io.TextIOWrapper name='logs.json' mode='a' encoding='UTF-8'> and week3-roots.pem
CONNECTION ERROR:  
CONNECTION ERROR:  
Creating connection for 185.104.29.42 using <_io.TextIOWrapper name='logs.json' mode='a' encoding='UTF-8'> and week3-roots.pem
Creating connection for 172.67.155.125 using <_io.TextIOWrapper name='logs.json' mode='a' encoding='UTF-8'> and week3-roots.pem
Creating connection for 188.114.96.2 using <_io.TextIOWrapper name='logs.json' mode='a' encoding='UTF-8'> and week3-roots.pem
CONNECTION ERROR:  
CONNECTION ERROR:  
Creating connection for 188.166.232.103 using <_io.TextIOWrapper name='logs.json' mode='a' encoding='UTF-8'> and week3-roots.pem
CONNECTION ERROR:  
CONNECTION ERROR:  
Creating connection for 3.66.68.25 using <_io.TextIOWrapper name='logs.json' mode='a' encoding='UTF-8'> and week3-roots.pem
Creating connection for 172.105.162.84 using <_io.TextIOWrapper name='logs.json' mode='a' encoding='UTF-8'> and week3-roots.pem
Creating connection for 188.225.63.143 using <_io.TextIOWrapper name='logs.json' mode='a' encoding='UTF-8'> and week3-roots.pem
Creating connection for 13.215.42.202 using <_io.TextIOWrapper name='logs.json' mode='a' encoding='UTF-8'> and week3-roots.pem
Creating connection for 34.159.168.235 using <_io.TextIOWrapper name='logs.json' mode='a' encoding='UTF-8'> and week3-roots.pem
CONNECTION ERROR:  timed out
Creating connection for 216.239.36.21 using <_io.TextIOWrapper name='logs.json' mode='a' encoding='UTF-8'> and week3-roots.pem
Creating connection for 81.177.140.121 using <_io.TextIOWrapper name='logs.json' mode='a' encoding='UTF-8'> and week3-roots.pem
Creating connection for 192.161.187.200 using <_io.TextIOWrapper name='logs.json' mode='a' encoding='UTF-8'> and week3-roots.pem
Creating connection for 40.118.104.168 using <_io.TextIOWrapper name='logs.json' mode='a' encoding='UTF-8'> and week3-roots.pem
Creating connection for 23.109.87.43 using <_io.TextIOWrapper name='logs.json' mode='a' encoding='UTF-8'> and week3-roots.pem
Creating connection for 35.83.74.74 using <_io.TextIOWrapper name='logs.json' mode='a' encoding='UTF-8'> and week3-roots.pem
Creating connection for 35.229.28.237 using <_io.TextIOWrapper name='logs.json' mode='a' encoding='UTF-8'> and week3-roots.pem
CONNECTION ERROR:  
Creating connection for 172.67.74.39 using <_io.TextIOWrapper name='logs.json' mode='a' encoding='UTF-8'> and week3-roots.pem
CONNECTION ERROR:  
CONNECTION ERROR:  
CONNECTION ERROR:  [Errno 111] Connection refused
CONNECTION ERROR:  
CONNECTION ERROR:  (32, 'EPIPE')
CONNECTION ERROR:  
CONNECTION ERROR:  
CONNECTION ERROR:  
CONNECTION ERROR:  
CONNECTION ERROR:  
CONNECTION ERROR:  
CONNECTION ERROR:  
CONNECTION ERROR:  
CONNECTION ERROR:  
CONNECTION ERROR:  
Creating connection for 178.62.105.232 using <_io.TextIOWrapper name='logs.json' mode='a' encoding='UTF-8'> and week3-roots.pem
Creating connection for 172.67.74.1 using <_io.TextIOWrapper name='logs.json' mode='a' encoding='UTF-8'> and week3-roots.pem
CONNECTION ERROR:  timed out
CONNECTION ERROR:  
Creating connection for 34.205.242.146 using <_io.TextIOWrapper name='logs.json' mode='a' encoding='UTF-8'> and week3-roots.pem
Creating connection for 104.17.235.232 using <_io.TextIOWrapper name='logs.json' mode='a' encoding='UTF-8'> and week3-roots.pem
Creating connection for 208.66.56.22 using <_io.TextIOWrapper name='logs.json' mode='a' encoding='UTF-8'> and week3-roots.pem
CONNECTION ERROR:  
CONNECTION ERROR:  
CONNECTION ERROR:  
Creating connection for 170.39.76.215 using <_io.TextIOWrapper name='logs.json' mode='a' encoding='UTF-8'> and week3-roots.pem
CONNECTION ERROR:  
CONNECTION ERROR:  
CONNECTION ERROR:  
CONNECTION ERROR:  
Creating connection for 5.22.145.121 using <_io.TextIOWrapper name='logs.json' mode='a' encoding='UTF-8'> and week3-roots.pem
CONNECTION ERROR:  
Creating connection for 195.24.68.8 using <_io.TextIOWrapper name='logs.json' mode='a' encoding='UTF-8'> and week3-roots.pem
CONNECTION ERROR:  
Creating connection for 104.21.73.127 using <_io.TextIOWrapper name='logs.json' mode='a' encoding='UTF-8'> and week3-roots.pem
Creating connection for 88.99.28.16 using <_io.TextIOWrapper name='logs.json' mode='a' encoding='UTF-8'> and week3-roots.pem
CONNECTION ERROR:  
CONNECTION ERROR:  timed out
CONNECTION ERROR:  
Creating connection for 195.140.114.172 using <_io.TextIOWrapper name='logs.json' mode='a' encoding='UTF-8'> and week3-roots.pem
CONNECTION ERROR:  
Creating connection for 104.21.235.92 using <_io.TextIOWrapper name='logs.json' mode='a' encoding='UTF-8'> and week3-roots.pem
Creating connection for 172.67.207.11 using <_io.TextIOWrapper name='logs.json' mode='a' encoding='UTF-8'> and week3-roots.pem
Creating connection for 37.1.216.55 using <_io.TextIOWrapper name='logs.json' mode='a' encoding='UTF-8'> and week3-roots.pem
CONNECTION ERROR:  
CONNECTION ERROR:  
CONNECTION ERROR:  
Creating connection for 65.9.86.111 using <_io.TextIOWrapper name='logs.json' mode='a' encoding='UTF-8'> and week3-roots.pem
Creating connection for 172.67.131.17 using <_io.TextIOWrapper name='logs.json' mode='a' encoding='UTF-8'> and week3-roots.pem
Creating connection for 172.67.204.223 using <_io.TextIOWrapper name='logs.json' mode='a' encoding='UTF-8'> and week3-roots.pem
CONNECTION ERROR:  
CONNECTION ERROR:  
Creating connection for 117.144.123.18 using <_io.TextIOWrapper name='logs.json' mode='a' encoding='UTF-8'> and week3-roots.pem
CONNECTION ERROR:  
Creating connection for 34.91.95.185 using <_io.TextIOWrapper name='logs.json' mode='a' encoding='UTF-8'> and week3-roots.pem
Creating connection for 51.195.248.180 using <_io.TextIOWrapper name='logs.json' mode='a' encoding='UTF-8'> and week3-roots.pem
Creating connection for 5.44.220.179 using <_io.TextIOWrapper name='logs.json' mode='a' encoding='UTF-8'> and week3-roots.pem
Creating connection for 108.136.77.233 using <_io.TextIOWrapper name='logs.json' mode='a' encoding='UTF-8'> and week3-roots.pem
Creating connection for 23.198.28.190 using <_io.TextIOWrapper name='logs.json' mode='a' encoding='UTF-8'> and week3-roots.pem
Creating connection for 199.60.103.227 using <_io.TextIOWrapper name='logs.json' mode='a' encoding='UTF-8'> and week3-roots.pem
Creating connection for 172.66.40.192 using <_io.TextIOWrapper name='logs.json' mode='a' encoding='UTF-8'> and week3-roots.pem
CONNECTION ERROR:  
CONNECTION ERROR:  
CONNECTION ERROR:  
CONNECTION ERROR:  
CONNECTION ERROR:  
CONNECTION ERROR:  
CONNECTION ERROR:  
CONNECTION ERROR:  
CONNECTION ERROR:  timed out
CONNECTION ERROR:  
CONNECTION ERROR:  
Creating connection for 67.222.6.163 using <_io.TextIOWrapper name='logs.json' mode='a' encoding='UTF-8'> and week3-roots.pem
Creating connection for 101.33.124.157 using <_io.TextIOWrapper name='logs.json' mode='a' encoding='UTF-8'> and week3-roots.pem
Creating connection for 192.254.232.239 using <_io.TextIOWrapper name='logs.json' mode='a' encoding='UTF-8'> and week3-roots.pem
Creating connection for 193.135.56.14 using <_io.TextIOWrapper name='logs.json' mode='a' encoding='UTF-8'> and week3-roots.pem
CONNECTION ERROR:  
CONNECTION ERROR:  
Creating connection for 193.168.131.40 using <_io.TextIOWrapper name='logs.json' mode='a' encoding='UTF-8'> and week3-roots.pem
Creating connection for 23.224.122.45 using <_io.TextIOWrapper name='logs.json' mode='a' encoding='UTF-8'> and week3-roots.pem
CONNECTION ERROR:  
CONNECTION ERROR:  
CONNECTION ERROR:  
CONNECTION ERROR:  
CONNECTION ERROR:  timed out
CONNECTION ERROR:  
CONNECTION ERROR:  
CONNECTION ERROR:  
Creating connection for 104.26.3.244 using <_io.TextIOWrapper name='logs.json' mode='a' encoding='UTF-8'> and week3-roots.pem
CONNECTION ERROR:  
Creating connection for 104.198.14.52 using <_io.TextIOWrapper name='logs.json' mode='a' encoding='UTF-8'> and week3-roots.pem
Creating connection for 74.205.76.31 using <_io.TextIOWrapper name='logs.json' mode='a' encoding='UTF-8'> and week3-roots.pem
Creating connection for 185.51.8.52 using <_io.TextIOWrapper name='logs.json' mode='a' encoding='UTF-8'> and week3-roots.pem
Creating connection for 151.101.66.132 using <_io.TextIOWrapper name='logs.json' mode='a' encoding='UTF-8'> and week3-roots.pem
Creating connection for 172.67.150.102 using <_io.TextIOWrapper name='logs.json' mode='a' encoding='UTF-8'> and week3-roots.pem
Creating connection for 65.9.86.43 using <_io.TextIOWrapper name='logs.json' mode='a' encoding='UTF-8'> and week3-roots.pem
CONNECTION ERROR:  
CONNECTION ERROR:  
CONNECTION ERROR:  
Creating connection for 192.243.59.13 using <_io.TextIOWrapper name='logs.json' mode='a' encoding='UTF-8'> and week3-roots.pem
Creating connection for 160.153.34.132 using <_io.TextIOWrapper name='logs.json' mode='a' encoding='UTF-8'> and week3-roots.pem
Creating connection for 147.135.143.90 using <_io.TextIOWrapper name='logs.json' mode='a' encoding='UTF-8'> and week3-roots.pem
CONNECTION ERROR:  
Creating connection for 65.9.86.112 using <_io.TextIOWrapper name='logs.json' mode='a' encoding='UTF-8'> and week3-roots.pem
Creating connection for 185.216.33.66 using <_io.TextIOWrapper name='logs.json' mode='a' encoding='UTF-8'> and week3-roots.pem
Creating connection for 217.168.133.74 using <_io.TextIOWrapper name='logs.json' mode='a' encoding='UTF-8'> and week3-roots.pem
Creating connection for 188.114.97.3 using <_io.TextIOWrapper name='logs.json' mode='a' encoding='UTF-8'> and week3-roots.pem
CONNECTION ERROR:  
Creating connection for 193.169.188.252 using <_io.TextIOWrapper name='logs.json' mode='a' encoding='UTF-8'> and week3-roots.pem
CONNECTION ERROR:  
CONNECTION ERROR:  
Creating connection for 104.21.30.242 using <_io.TextIOWrapper name='logs.json' mode='a' encoding='UTF-8'> and week3-roots.pem
CONNECTION ERROR:  
CONNECTION ERROR:  
CONNECTION ERROR:  
Creating connection for 101.102.235.60 using <_io.TextIOWrapper name='logs.json' mode='a' encoding='UTF-8'> and week3-roots.pem
Creating connection for 45.60.155.26 using <_io.TextIOWrapper name='logs.json' mode='a' encoding='UTF-8'> and week3-roots.pem
Creating connection for 34.252.158.17 using <_io.TextIOWrapper name='logs.json' mode='a' encoding='UTF-8'> and week3-roots.pem
CONNECTION ERROR:  
Creating connection for 5.183.188.3 using <_io.TextIOWrapper name='logs.json' mode='a' encoding='UTF-8'> and week3-roots.pem
CONNECTION ERROR:  
Creating connection for 104.18.42.253 using <_io.TextIOWrapper name='logs.json' mode='a' encoding='UTF-8'> and week3-roots.pem
Creating connection for 199.60.103.226 using <_io.TextIOWrapper name='logs.json' mode='a' encoding='UTF-8'> and week3-roots.pem
Creating connection for 104.21.55.216 using <_io.TextIOWrapper name='logs.json' mode='a' encoding='UTF-8'> and week3-roots.pem
CONNECTION ERROR:  
Creating connection for 104.21.28.111 using <_io.TextIOWrapper name='logs.json' mode='a' encoding='UTF-8'> and week3-roots.pem
CONNECTION ERROR:  
CONNECTION ERROR:  timed out
CONNECTION ERROR:  [Errno 111] Connection refused
Creating connection for 184.154.155.10 using <_io.TextIOWrapper name='logs.json' mode='a' encoding='UTF-8'> and week3-roots.pem
Creating connection for 167.172.42.164 using <_io.TextIOWrapper name='logs.json' mode='a' encoding='UTF-8'> and week3-roots.pem
CONNECTION ERROR:  
CONNECTION ERROR:  
CONNECTION ERROR:  
CONNECTION ERROR:  
CONNECTION ERROR:  (32, 'EPIPE')
CONNECTION ERROR:  
CONNECTION ERROR:  
Creating connection for 104.21.38.71 using <_io.TextIOWrapper name='logs.json' mode='a' encoding='UTF-8'> and week3-roots.pem
CONNECTION ERROR:  
CONNECTION ERROR:  
Creating connection for 172.67.150.68 using <_io.TextIOWrapper name='logs.json' mode='a' encoding='UTF-8'> and week3-roots.pem
Creating connection for 3.218.6.119 using <_io.TextIOWrapper name='logs.json' mode='a' encoding='UTF-8'> and week3-roots.pem
Creating connection for 173.255.194.134 using <_io.TextIOWrapper name='logs.json' mode='a' encoding='UTF-8'> and week3-roots.pem
CONNECTION ERROR:  timed out
CONNECTION ERROR:  
CONNECTION ERROR:  
Creating connection for 188.114.97.3 using <_io.TextIOWrapper name='logs.json' mode='a' encoding='UTF-8'> and week3-roots.pem
CONNECTION ERROR:  
CONNECTION ERROR:  
Creating connection for 99.192.136.228 using <_io.TextIOWrapper name='logs.json' mode='a' encoding='UTF-8'> and week3-roots.pem
CONNECTION ERROR:  
CONNECTION ERROR:  
CONNECTION ERROR:  
Creating connection for 172.67.176.80 using <_io.TextIOWrapper name='logs.json' mode='a' encoding='UTF-8'> and week3-roots.pem
Creating connection for 198.27.81.49 using <_io.TextIOWrapper name='logs.json' mode='a' encoding='UTF-8'> and week3-roots.pem
Creating connection for 193.34.42.68 using <_io.TextIOWrapper name='logs.json' mode='a' encoding='UTF-8'> and week3-roots.pem
Creating connection for 65.9.86.8 using <_io.TextIOWrapper name='logs.json' mode='a' encoding='UTF-8'> and week3-roots.pem
Creating connection for 51.68.128.20 using <_io.TextIOWrapper name='logs.json' mode='a' encoding='UTF-8'> and week3-roots.pem
CONNECTION ERROR:  [Errno 113] No route to host
Creating connection for 172.67.211.100 using <_io.TextIOWrapper name='logs.json' mode='a' encoding='UTF-8'> and week3-roots.pem
CONNECTION ERROR:  
CONNECTION ERROR:  
CONNECTION ERROR:  (32, 'EPIPE')
CONNECTION ERROR:  
Creating connection for 104.21.72.249 using <_io.TextIOWrapper name='logs.json' mode='a' encoding='UTF-8'> and week3-roots.pem
Creating connection for 185.230.63.171 using <_io.TextIOWrapper name='logs.json' mode='a' encoding='UTF-8'> and week3-roots.pem
CONNECTION ERROR:  
CONNECTION ERROR:  
CONNECTION ERROR:  
CONNECTION ERROR:  
CONNECTION ERROR:  
CONNECTION ERROR:  
Creating connection for 185.122.165.174 using <_io.TextIOWrapper name='logs.json' mode='a' encoding='UTF-8'> and week3-roots.pem
CONNECTION ERROR:  
Creating connection for 65.9.86.28 using <_io.TextIOWrapper name='logs.json' mode='a' encoding='UTF-8'> and week3-roots.pem
Creating connection for 147.135.253.55 using <_io.TextIOWrapper name='logs.json' mode='a' encoding='UTF-8'> and week3-roots.pem
CONNECTION ERROR:  
Creating connection for 216.239.38.21 using <_io.TextIOWrapper name='logs.json' mode='a' encoding='UTF-8'> and week3-roots.pem
Creating connection for 52.25.254.157 using <_io.TextIOWrapper name='logs.json' mode='a' encoding='UTF-8'> and week3-roots.pem
Creating connection for 172.255.6.51 using <_io.TextIOWrapper name='logs.json' mode='a' encoding='UTF-8'> and week3-roots.pem
CONNECTION ERROR:  
Creating connection for 178.63.79.107 using <_io.TextIOWrapper name='logs.json' mode='a' encoding='UTF-8'> and week3-roots.pem
Creating connection for 208.64.6.220 using <_io.TextIOWrapper name='logs.json' mode='a' encoding='UTF-8'> and week3-roots.pem
Creating connection for 203.175.8.4 using <_io.TextIOWrapper name='logs.json' mode='a' encoding='UTF-8'> and week3-roots.pem
Creating connection for 61.152.176.60 using <_io.TextIOWrapper name='logs.json' mode='a' encoding='UTF-8'> and week3-roots.pem
Creating connection for 92.123.77.19 using <_io.TextIOWrapper name='logs.json' mode='a' encoding='UTF-8'> and week3-roots.pem
CONNECTION ERROR:  
Creating connection for 185.92.148.234 using <_io.TextIOWrapper name='logs.json' mode='a' encoding='UTF-8'> and week3-roots.pem
CONNECTION ERROR:  
Creating connection for 203.89.64.250 using <_io.TextIOWrapper name='logs.json' mode='a' encoding='UTF-8'> and week3-roots.pem
Creating connection for 188.114.97.2 using <_io.TextIOWrapper name='logs.json' mode='a' encoding='UTF-8'> and week3-roots.pem
Creating connection for 5.61.54.131 using <_io.TextIOWrapper name='logs.json' mode='a' encoding='UTF-8'> and week3-roots.pem
CONNECTION ERROR:  
Creating connection for 23.253.53.217 using <_io.TextIOWrapper name='logs.json' mode='a' encoding='UTF-8'> and week3-roots.pem
CONNECTION ERROR:  
CONNECTION ERROR:  
Creating connection for 104.26.3.162 using <_io.TextIOWrapper name='logs.json' mode='a' encoding='UTF-8'> and week3-roots.pem
Creating connection for 99.83.171.248 using <_io.TextIOWrapper name='logs.json' mode='a' encoding='UTF-8'> and week3-roots.pem
CONNECTION ERROR:  [Errno 111] Connection refused
CONNECTION ERROR:  
Creating connection for 15.197.132.185 using <_io.TextIOWrapper name='logs.json' mode='a' encoding='UTF-8'> and week3-roots.pem
CONNECTION ERROR:  (32, 'EPIPE')
Creating connection for 172.67.178.165 using <_io.TextIOWrapper name='logs.json' mode='a' encoding='UTF-8'> and week3-roots.pem
CONNECTION ERROR:  
Creating connection for 96.45.83.139 using <_io.TextIOWrapper name='logs.json' mode='a' encoding='UTF-8'> and week3-roots.pem
Creating connection for 151.139.128.11 using <_io.TextIOWrapper name='logs.json' mode='a' encoding='UTF-8'> and week3-roots.pem
CONNECTION ERROR:  
Creating connection for 66.94.101.74 using <_io.TextIOWrapper name='logs.json' mode='a' encoding='UTF-8'> and week3-roots.pem
Creating connection for 167.207.136.121 using <_io.TextIOWrapper name='logs.json' mode='a' encoding='UTF-8'> and week3-roots.pem
CONNECTION ERROR:  
CONNECTION ERROR:  
CONNECTION ERROR:  timed out
Creating connection for 65.9.86.17 using <_io.TextIOWrapper name='logs.json' mode='a' encoding='UTF-8'> and week3-roots.pem
Creating connection for 172.67.24.161 using <_io.TextIOWrapper name='logs.json' mode='a' encoding='UTF-8'> and week3-roots.pem
Creating connection for 45.223.147.200 using <_io.TextIOWrapper name='logs.json' mode='a' encoding='UTF-8'> and week3-roots.pem
CONNECTION ERROR:  
CONNECTION ERROR:  
Creating connection for 51.145.9.133 using <_io.TextIOWrapper name='logs.json' mode='a' encoding='UTF-8'> and week3-roots.pem
Creating connection for 70.32.23.55 using <_io.TextIOWrapper name='logs.json' mode='a' encoding='UTF-8'> and week3-roots.pem
CONNECTION ERROR:  
Creating connection for 185.20.205.44 using <_io.TextIOWrapper name='logs.json' mode='a' encoding='UTF-8'> and week3-roots.pem
CONNECTION ERROR:  
CONNECTION ERROR:  
Creating connection for 104.21.11.202 using <_io.TextIOWrapper name='logs.json' mode='a' encoding='UTF-8'> and week3-roots.pem
CONNECTION ERROR:  
CONNECTION ERROR:  
CONNECTION ERROR:  
CONNECTION ERROR:  
CONNECTION ERROR:  
Creating connection for 77.111.240.175 using <_io.TextIOWrapper name='logs.json' mode='a' encoding='UTF-8'> and week3-roots.pem
Creating connection for 172.67.167.181 using <_io.TextIOWrapper name='logs.json' mode='a' encoding='UTF-8'> and week3-roots.pem
Creating connection for 213.52.132.42 using <_io.TextIOWrapper name='logs.json' mode='a' encoding='UTF-8'> and week3-roots.pem
Creating connection for 172.67.13.155 using <_io.TextIOWrapper name='logs.json' mode='a' encoding='UTF-8'> and week3-roots.pem
Creating connection for 185.23.102.11 using <_io.TextIOWrapper name='logs.json' mode='a' encoding='UTF-8'> and week3-roots.pem
CONNECTION ERROR:  
CONNECTION ERROR:  
Creating connection for 159.69.83.207 using <_io.TextIOWrapper name='logs.json' mode='a' encoding='UTF-8'> and week3-roots.pem
Creating connection for 203.216.206.42 using <_io.TextIOWrapper name='logs.json' mode='a' encoding='UTF-8'> and week3-roots.pem
CONNECTION ERROR:  
CONNECTION ERROR:  timed out
CONNECTION ERROR:  
Creating connection for 192.243.61.227 using <_io.TextIOWrapper name='logs.json' mode='a' encoding='UTF-8'> and week3-roots.pem
Creating connection for 162.159.136.54 using <_io.TextIOWrapper name='logs.json' mode='a' encoding='UTF-8'> and week3-roots.pem
Creating connection for 208.91.197.26 using <_io.TextIOWrapper name='logs.json' mode='a' encoding='UTF-8'> and week3-roots.pem
Creating connection for 221.204.209.232 using <_io.TextIOWrapper name='logs.json' mode='a' encoding='UTF-8'> and week3-roots.pem
CONNECTION ERROR:  
Creating connection for 27.17.17.237 using <_io.TextIOWrapper name='logs.json' mode='a' encoding='UTF-8'> and week3-roots.pem
CONNECTION ERROR:  
CONNECTION ERROR:  
Creating connection for 65.9.86.33 using <_io.TextIOWrapper name='logs.json' mode='a' encoding='UTF-8'> and week3-roots.pem
CONNECTION ERROR:  
Creating connection for 151.101.1.124 using <_io.TextIOWrapper name='logs.json' mode='a' encoding='UTF-8'> and week3-roots.pem
CONNECTION ERROR:  
CONNECTION ERROR:  
Creating connection for 138.201.140.146 using <_io.TextIOWrapper name='logs.json' mode='a' encoding='UTF-8'> and week3-roots.pem
CONNECTION ERROR:  
Creating connection for 76.223.73.66 using <_io.TextIOWrapper name='logs.json' mode='a' encoding='UTF-8'> and week3-roots.pem
Creating connection for 13.107.213.67 using <_io.TextIOWrapper name='logs.json' mode='a' encoding='UTF-8'> and week3-roots.pem
Creating connection for 162.159.130.11 using <_io.TextIOWrapper name='logs.json' mode='a' encoding='UTF-8'> and week3-roots.pem
Creating connection for 162.159.135.42 using <_io.TextIOWrapper name='logs.json' mode='a' encoding='UTF-8'> and week3-roots.pem
Creating connection for 154.29.74.72 using <_io.TextIOWrapper name='logs.json' mode='a' encoding='UTF-8'> and week3-roots.pem
Creating connection for 104.18.164.83 using <_io.TextIOWrapper name='logs.json' mode='a' encoding='UTF-8'> and week3-roots.pem
CONNECTION ERROR:  
CONNECTION ERROR:  [Errno 111] Connection refused
CONNECTION ERROR:  
CONNECTION ERROR:  [Errno 113] No route to host
CONNECTION ERROR:  (32, 'EPIPE')
Creating connection for 104.26.12.72 using <_io.TextIOWrapper name='logs.json' mode='a' encoding='UTF-8'> and week3-roots.pem
CONNECTION ERROR:  
CONNECTION ERROR:  (32, 'EPIPE')
Creating connection for 47.91.170.222 using <_io.TextIOWrapper name='logs.json' mode='a' encoding='UTF-8'> and week3-roots.pem
Creating connection for 75.2.60.5 using <_io.TextIOWrapper name='logs.json' mode='a' encoding='UTF-8'> and week3-roots.pem
CONNECTION ERROR:  
Creating connection for 44.198.131.220 using <_io.TextIOWrapper name='logs.json' mode='a' encoding='UTF-8'> and week3-roots.pem
CONNECTION ERROR:  
Creating connection for 219.94.159.56 using <_io.TextIOWrapper name='logs.json' mode='a' encoding='UTF-8'> and week3-roots.pem
CONNECTION ERROR:  
CONNECTION ERROR:  
CONNECTION ERROR:  
Creating connection for 195.4.156.7 using <_io.TextIOWrapper name='logs.json' mode='a' encoding='UTF-8'> and week3-roots.pem
CONNECTION ERROR:  
Creating connection for 104.21.27.203 using <_io.TextIOWrapper name='logs.json' mode='a' encoding='UTF-8'> and week3-roots.pem
CONNECTION ERROR:  
CONNECTION ERROR:  
CONNECTION ERROR:  
CONNECTION ERROR:  
Creating connection for 104.21.91.145 using <_io.TextIOWrapper name='logs.json' mode='a' encoding='UTF-8'> and week3-roots.pem
CONNECTION ERROR:  
CONNECTION ERROR:  
CONNECTION ERROR:  
CONNECTION ERROR:  
CONNECTION ERROR:  
Creating connection for 104.21.12.225 using <_io.TextIOWrapper name='logs.json' mode='a' encoding='UTF-8'> and week3-roots.pem
Creating connection for 208.91.197.24 using <_io.TextIOWrapper name='logs.json' mode='a' encoding='UTF-8'> and week3-roots.pem
Creating connection for 78.46.78.87 using <_io.TextIOWrapper name='logs.json' mode='a' encoding='UTF-8'> and week3-roots.pem
Creating connection for 45.60.13.35 using <_io.TextIOWrapper name='logs.json' mode='a' encoding='UTF-8'> and week3-roots.pem
CONNECTION ERROR:  
CONNECTION ERROR:  
Creating connection for 172.64.149.129 using <_io.TextIOWrapper name='logs.json' mode='a' encoding='UTF-8'> and week3-roots.pem
Creating connection for 85.187.128.44 using <_io.TextIOWrapper name='logs.json' mode='a' encoding='UTF-8'> and week3-roots.pem
Creating connection for 104.21.28.209 using <_io.TextIOWrapper name='logs.json' mode='a' encoding='UTF-8'> and week3-roots.pem
CONNECTION ERROR:  
CONNECTION ERROR:  
Creating connection for 65.9.86.92 using <_io.TextIOWrapper name='logs.json' mode='a' encoding='UTF-8'> and week3-roots.pem
CONNECTION ERROR:  
Creating connection for 167.172.133.93 using <_io.TextIOWrapper name='logs.json' mode='a' encoding='UTF-8'> and week3-roots.pem
Creating connection for 172.67.149.32 using <_io.TextIOWrapper name='logs.json' mode='a' encoding='UTF-8'> and week3-roots.pem
Creating connection for 194.1.147.34 using <_io.TextIOWrapper name='logs.json' mode='a' encoding='UTF-8'> and week3-roots.pem
Creating connection for 52.167.227.147 using <_io.TextIOWrapper name='logs.json' mode='a' encoding='UTF-8'> and week3-roots.pem
Creating connection for 34.237.169.220 using <_io.TextIOWrapper name='logs.json' mode='a' encoding='UTF-8'> and week3-roots.pem
Creating connection for 64.254.247.158 using <_io.TextIOWrapper name='logs.json' mode='a' encoding='UTF-8'> and week3-roots.pem
Creating connection for 87.236.16.26 using <_io.TextIOWrapper name='logs.json' mode='a' encoding='UTF-8'> and week3-roots.pem
Creating connection for 204.155.148.134 using <_io.TextIOWrapper name='logs.json' mode='a' encoding='UTF-8'> and week3-roots.pem
CONNECTION ERROR:  
CONNECTION ERROR:  timed out
CONNECTION ERROR:  
CONNECTION ERROR:  
CONNECTION ERROR:  
CONNECTION ERROR:  
CONNECTION ERROR:  
CONNECTION ERROR:  
Creating connection for 217.65.6.11 using <_io.TextIOWrapper name='logs.json' mode='a' encoding='UTF-8'> and week3-roots.pem
CONNECTION ERROR:  
CONNECTION ERROR:  
CONNECTION ERROR:  
Creating connection for 76.76.21.164 using <_io.TextIOWrapper name='logs.json' mode='a' encoding='UTF-8'> and week3-roots.pem
Creating connection for 118.27.122.190 using <_io.TextIOWrapper name='logs.json' mode='a' encoding='UTF-8'> and week3-roots.pem
CONNECTION ERROR:  
Creating connection for 176.74.20.141 using <_io.TextIOWrapper name='logs.json' mode='a' encoding='UTF-8'> and week3-roots.pem
CONNECTION ERROR:  
Creating connection for 54.84.188.188 using <_io.TextIOWrapper name='logs.json' mode='a' encoding='UTF-8'> and week3-roots.pem
CONNECTION ERROR:  
CONNECTION ERROR:  
CONNECTION ERROR:  
CONNECTION ERROR:  
CONNECTION ERROR:  
Creating connection for 172.67.150.79 using <_io.TextIOWrapper name='logs.json' mode='a' encoding='UTF-8'> and week3-roots.pem
Creating connection for 5.35.251.59 using <_io.TextIOWrapper name='logs.json' mode='a' encoding='UTF-8'> and week3-roots.pem
Creating connection for 75.102.57.201 using <_io.TextIOWrapper name='logs.json' mode='a' encoding='UTF-8'> and week3-roots.pem
Creating connection for 172.66.43.106 using <_io.TextIOWrapper name='logs.json' mode='a' encoding='UTF-8'> and week3-roots.pem
Creating connection for 69.16.252.44 using <_io.TextIOWrapper name='logs.json' mode='a' encoding='UTF-8'> and week3-roots.pem
Creating connection for 160.16.113.241 using <_io.TextIOWrapper name='logs.json' mode='a' encoding='UTF-8'> and week3-roots.pem
CONNECTION ERROR:  
Creating connection for 81.176.70.2 using <_io.TextIOWrapper name='logs.json' mode='a' encoding='UTF-8'> and week3-roots.pem
Creating connection for 91.215.216.19 using <_io.TextIOWrapper name='logs.json' mode='a' encoding='UTF-8'> and week3-roots.pem
Creating connection for 51.68.111.191 using <_io.TextIOWrapper name='logs.json' mode='a' encoding='UTF-8'> and week3-roots.pem
Creating connection for 34.159.75.132 using <_io.TextIOWrapper name='logs.json' mode='a' encoding='UTF-8'> and week3-roots.pem
CONNECTION ERROR:  
Creating connection for 193.99.144.90 using <_io.TextIOWrapper name='logs.json' mode='a' encoding='UTF-8'> and week3-roots.pem
Creating connection for 172.67.71.128 using <_io.TextIOWrapper name='logs.json' mode='a' encoding='UTF-8'> and week3-roots.pem
Creating connection for 104.17.36.45 using <_io.TextIOWrapper name='logs.json' mode='a' encoding='UTF-8'> and week3-roots.pem
Creating connection for 8.40.216.186 using <_io.TextIOWrapper name='logs.json' mode='a' encoding='UTF-8'> and week3-roots.pem
Creating connection for 217.26.150.160 using <_io.TextIOWrapper name='logs.json' mode='a' encoding='UTF-8'> and week3-roots.pem
Creating connection for 54.237.159.171 using <_io.TextIOWrapper name='logs.json' mode='a' encoding='UTF-8'> and week3-roots.pem
CONNECTION ERROR:  
CONNECTION ERROR:  
CONNECTION ERROR:  
Creating connection for 103.239.246.38 using <_io.TextIOWrapper name='logs.json' mode='a' encoding='UTF-8'> and week3-roots.pem
CONNECTION ERROR:  
Creating connection for 45.136.51.113 using <_io.TextIOWrapper name='logs.json' mode='a' encoding='UTF-8'> and week3-roots.pem
CONNECTION ERROR:  
Creating connection for 172.66.43.65 using <_io.TextIOWrapper name='logs.json' mode='a' encoding='UTF-8'> and week3-roots.pem
Creating connection for 104.21.74.142 using <_io.TextIOWrapper name='logs.json' mode='a' encoding='UTF-8'> and week3-roots.pem
CONNECTION ERROR:  
Creating connection for 52.4.175.111 using <_io.TextIOWrapper name='logs.json' mode='a' encoding='UTF-8'> and week3-roots.pem
Creating connection for 23.185.0.1 using <_io.TextIOWrapper name='logs.json' mode='a' encoding='UTF-8'> and week3-roots.pem
Creating connection for 185.151.30.174 using <_io.TextIOWrapper name='logs.json' mode='a' encoding='UTF-8'> and week3-roots.pem
CONNECTION ERROR:  
Creating connection for 82.98.185.158 using <_io.TextIOWrapper name='logs.json' mode='a' encoding='UTF-8'> and week3-roots.pem
Creating connection for 167.172.122.98 using <_io.TextIOWrapper name='logs.json' mode='a' encoding='UTF-8'> and week3-roots.pem
Creating connection for 185.71.67.123 using <_io.TextIOWrapper name='logs.json' mode='a' encoding='UTF-8'> and week3-roots.pem
Creating connection for 12.192.249.146 using <_io.TextIOWrapper name='logs.json' mode='a' encoding='UTF-8'> and week3-roots.pem
Creating connection for 75.2.70.75 using <_io.TextIOWrapper name='logs.json' mode='a' encoding='UTF-8'> and week3-roots.pem
CONNECTION ERROR:  
CONNECTION ERROR:  
CONNECTION ERROR:  
CONNECTION ERROR:  
CONNECTION ERROR:  
Creating connection for 188.114.96.2 using <_io.TextIOWrapper name='logs.json' mode='a' encoding='UTF-8'> and week3-roots.pem
Creating connection for 104.21.11.48 using <_io.TextIOWrapper name='logs.json' mode='a' encoding='UTF-8'> and week3-roots.pem
Creating connection for 104.26.8.229 using <_io.TextIOWrapper name='logs.json' mode='a' encoding='UTF-8'> and week3-roots.pem
CONNECTION ERROR:  
CONNECTION ERROR:  
CONNECTION ERROR:  
CONNECTION ERROR:  
CONNECTION ERROR:  
CONNECTION ERROR:  
CONNECTION ERROR:  
CONNECTION ERROR:  
CONNECTION ERROR:  
CONNECTION ERROR:  
Creating connection for 54.84.118.68 using <_io.TextIOWrapper name='logs.json' mode='a' encoding='UTF-8'> and week3-roots.pem
CONNECTION ERROR:  
Creating connection for 185.131.52.9 using <_io.TextIOWrapper name='logs.json' mode='a' encoding='UTF-8'> and week3-roots.pem
Creating connection for 205.128.230.231 using <_io.TextIOWrapper name='logs.json' mode='a' encoding='UTF-8'> and week3-roots.pem
Creating connection for 64.71.131.83 using <_io.TextIOWrapper name='logs.json' mode='a' encoding='UTF-8'> and week3-roots.pem
CONNECTION ERROR:  timed out
CONNECTION ERROR:  
CONNECTION ERROR:  [Errno 111] Connection refused
Creating connection for 172.67.216.112 using <_io.TextIOWrapper name='logs.json' mode='a' encoding='UTF-8'> and week3-roots.pem
Creating connection for 170.107.184.48 using <_io.TextIOWrapper name='logs.json' mode='a' encoding='UTF-8'> and week3-roots.pem
CONNECTION ERROR:  (32, 'EPIPE')
CONNECTION ERROR:  
CONNECTION ERROR:  
Creating connection for 104.21.55.153 using <_io.TextIOWrapper name='logs.json' mode='a' encoding='UTF-8'> and week3-roots.pem
CONNECTION ERROR:  
CONNECTION ERROR:  
Creating connection for 46.17.175.113 using <_io.TextIOWrapper name='logs.json' mode='a' encoding='UTF-8'> and week3-roots.pem
CONNECTION ERROR:  
CONNECTION ERROR:  
Creating connection for 104.19.182.28 using <_io.TextIOWrapper name='logs.json' mode='a' encoding='UTF-8'> and week3-roots.pem
Creating connection for 172.67.72.11 using <_io.TextIOWrapper name='logs.json' mode='a' encoding='UTF-8'> and week3-roots.pem
Creating connection for 172.67.154.52 using <_io.TextIOWrapper name='logs.json' mode='a' encoding='UTF-8'> and week3-roots.pem
CONNECTION ERROR:  
Creating connection for 13.107.246.67 using <_io.TextIOWrapper name='logs.json' mode='a' encoding='UTF-8'> and week3-roots.pem
Creating connection for 118.221.123.131 using <_io.TextIOWrapper name='logs.json' mode='a' encoding='UTF-8'> and week3-roots.pem
CONNECTION ERROR:  
CONNECTION ERROR:  
CONNECTION ERROR:  
Creating connection for 192.124.249.7 using <_io.TextIOWrapper name='logs.json' mode='a' encoding='UTF-8'> and week3-roots.pem
Creating connection for 195.216.243.126 using <_io.TextIOWrapper name='logs.json' mode='a' encoding='UTF-8'> and week3-roots.pem
Creating connection for 192.124.249.157 using <_io.TextIOWrapper name='logs.json' mode='a' encoding='UTF-8'> and week3-roots.pem
CONNECTION ERROR:  
Creating connection for 65.9.86.97 using <_io.TextIOWrapper name='logs.json' mode='a' encoding='UTF-8'> and week3-roots.pem
CONNECTION ERROR:  
Creating connection for 192.64.118.122 using <_io.TextIOWrapper name='logs.json' mode='a' encoding='UTF-8'> and week3-roots.pem
Creating connection for 13.248.151.237 using <_io.TextIOWrapper name='logs.json' mode='a' encoding='UTF-8'> and week3-roots.pem
Creating connection for 172.67.219.245 using <_io.TextIOWrapper name='logs.json' mode='a' encoding='UTF-8'> and week3-roots.pem
CONNECTION ERROR:  
CONNECTION ERROR:  
Creating connection for 172.67.69.57 using <_io.TextIOWrapper name='logs.json' mode='a' encoding='UTF-8'> and week3-roots.pem
CONNECTION ERROR:  
CONNECTION ERROR:  
CONNECTION ERROR:  
Creating connection for 141.193.213.20 using <_io.TextIOWrapper name='logs.json' mode='a' encoding='UTF-8'> and week3-roots.pem
CONNECTION ERROR:  
CONNECTION ERROR:  
CONNECTION ERROR:  
Creating connection for 23.227.38.65 using <_io.TextIOWrapper name='logs.json' mode='a' encoding='UTF-8'> and week3-roots.pem
CONNECTION ERROR:  
Creating connection for 195.74.38.186 using <_io.TextIOWrapper name='logs.json' mode='a' encoding='UTF-8'> and week3-roots.pem
Creating connection for 65.9.86.103 using <_io.TextIOWrapper name='logs.json' mode='a' encoding='UTF-8'> and week3-roots.pem
CONNECTION ERROR:  
Creating connection for 104.21.73.100 using <_io.TextIOWrapper name='logs.json' mode='a' encoding='UTF-8'> and week3-roots.pem
Creating connection for 66.84.30.14 using <_io.TextIOWrapper name='logs.json' mode='a' encoding='UTF-8'> and week3-roots.pem
CONNECTION ERROR:  
Creating connection for 172.217.168.228 using <_io.TextIOWrapper name='logs.json' mode='a' encoding='UTF-8'> and week3-roots.pem
Creating connection for 52.192.205.149 using <_io.TextIOWrapper name='logs.json' mode='a' encoding='UTF-8'> and week3-roots.pem
Creating connection for 69.10.54.186 using <_io.TextIOWrapper name='logs.json' mode='a' encoding='UTF-8'> and week3-roots.pem
CONNECTION ERROR:  
Creating connection for 188.114.96.12 using <_io.TextIOWrapper name='logs.json' mode='a' encoding='UTF-8'> and week3-roots.pem
CONNECTION ERROR:  
CONNECTION ERROR:  
Creating connection for 185.143.234.111 using <_io.TextIOWrapper name='logs.json' mode='a' encoding='UTF-8'> and week3-roots.pem
Creating connection for 151.101.1.29 using <_io.TextIOWrapper name='logs.json' mode='a' encoding='UTF-8'> and week3-roots.pem
Creating connection for 13.107.213.67 using <_io.TextIOWrapper name='logs.json' mode='a' encoding='UTF-8'> and week3-roots.pem
CONNECTION ERROR:  
Creating connection for 213.238.183.214 using <_io.TextIOWrapper name='logs.json' mode='a' encoding='UTF-8'> and week3-roots.pem
CONNECTION ERROR:  
CONNECTION ERROR:  
CONNECTION ERROR:  [Errno 111] Connection refused
Creating connection for 91.195.240.12 using <_io.TextIOWrapper name='logs.json' mode='a' encoding='UTF-8'> and week3-roots.pemCONNECTION ERROR:  (32, 'EPIPE')

Creating connection for 91.195.241.232 using <_io.TextIOWrapper name='logs.json' mode='a' encoding='UTF-8'> and week3-roots.pem
Creating connection for 203.155.188.38 using <_io.TextIOWrapper name='logs.json' mode='a' encoding='UTF-8'> and week3-roots.pem
CONNECTION ERROR:  
Creating connection for 45.79.81.249 using <_io.TextIOWrapper name='logs.json' mode='a' encoding='UTF-8'> and week3-roots.pem
CONNECTION ERROR:  
Creating connection for 96.44.181.50 using <_io.TextIOWrapper name='logs.json' mode='a' encoding='UTF-8'> and week3-roots.pem
Creating connection for 151.101.2.159 using <_io.TextIOWrapper name='logs.json' mode='a' encoding='UTF-8'> and week3-roots.pem
Creating connection for 35.71.136.246 using <_io.TextIOWrapper name='logs.json' mode='a' encoding='UTF-8'> and week3-roots.pem
CONNECTION ERROR:  
CONNECTION ERROR:  timed out
CONNECTION ERROR:  
CONNECTION ERROR:  
Creating connection for 172.67.222.227 using <_io.TextIOWrapper name='logs.json' mode='a' encoding='UTF-8'> and week3-roots.pem
CONNECTION ERROR:  
CONNECTION ERROR:  
CONNECTION ERROR:  
Creating connection for 160.72.22.42 using <_io.TextIOWrapper name='logs.json' mode='a' encoding='UTF-8'> and week3-roots.pem
CONNECTION ERROR:  
Creating connection for 188.166.21.205 using <_io.TextIOWrapper name='logs.json' mode='a' encoding='UTF-8'> and week3-roots.pem
CONNECTION ERROR:  
Creating connection for 193.37.35.141 using <_io.TextIOWrapper name='logs.json' mode='a' encoding='UTF-8'> and week3-roots.pem
CONNECTION ERROR:  
CONNECTION ERROR:  
CONNECTION ERROR:  
CONNECTION ERROR:  
CONNECTION ERROR:  
CONNECTION ERROR:  timed out
Creating connection for 104.18.28.169 using <_io.TextIOWrapper name='logs.json' mode='a' encoding='UTF-8'> and week3-roots.pem
CONNECTION ERROR:  
CONNECTION ERROR:  
Creating connection for 194.88.138.75 using <_io.TextIOWrapper name='logs.json' mode='a' encoding='UTF-8'> and week3-roots.pem
CONNECTION ERROR:  
CONNECTION ERROR:  
CONNECTION ERROR:  
Creating connection for 74.208.27.209 using <_io.TextIOWrapper name='logs.json' mode='a' encoding='UTF-8'> and week3-roots.pem
CONNECTION ERROR:  
CONNECTION ERROR:  
CONNECTION ERROR:  
Creating connection for 104.43.221.149 using <_io.TextIOWrapper name='logs.json' mode='a' encoding='UTF-8'> and week3-roots.pem
CONNECTION ERROR:  
Creating connection for 188.114.96.2 using <_io.TextIOWrapper name='logs.json' mode='a' encoding='UTF-8'> and week3-roots.pem
CONNECTION ERROR:  
Creating connection for 52.228.79.177 using <_io.TextIOWrapper name='logs.json' mode='a' encoding='UTF-8'> and week3-roots.pem
Creating connection for 104.26.11.20 using <_io.TextIOWrapper name='logs.json' mode='a' encoding='UTF-8'> and week3-roots.pem
CONNECTION ERROR:  
Creating connection for 216.137.178.48 using <_io.TextIOWrapper name='logs.json' mode='a' encoding='UTF-8'> and week3-roots.pem
CONNECTION ERROR:  timed out
CONNECTION ERROR:  
CONNECTION ERROR:  timed out
CONNECTION ERROR:  
CONNECTION ERROR:  
CONNECTION ERROR:  
Creating connection for 35.74.212.170 using <_io.TextIOWrapper name='logs.json' mode='a' encoding='UTF-8'> and week3-roots.pem
Creating connection for 198.251.84.92 using <_io.TextIOWrapper name='logs.json' mode='a' encoding='UTF-8'> and week3-roots.pem
Creating connection for 188.114.96.3 using <_io.TextIOWrapper name='logs.json' mode='a' encoding='UTF-8'> and week3-roots.pem
CONNECTION ERROR:  [Errno 111] Connection refused
CONNECTION ERROR:  (32, 'EPIPE')
CONNECTION ERROR:  
Creating connection for 51.222.50.151 using <_io.TextIOWrapper name='logs.json' mode='a' encoding='UTF-8'> and week3-roots.pem
CONNECTION ERROR:  
Creating connection for 183.96.231.234 using <_io.TextIOWrapper name='logs.json' mode='a' encoding='UTF-8'> and week3-roots.pem
Creating connection for 23.185.0.4 using <_io.TextIOWrapper name='logs.json' mode='a' encoding='UTF-8'> and week3-roots.pem
Creating connection for 78.155.198.123 using <_io.TextIOWrapper name='logs.json' mode='a' encoding='UTF-8'> and week3-roots.pem
CONNECTION ERROR:  timed out
Creating connection for 168.119.24.10 using <_io.TextIOWrapper name='logs.json' mode='a' encoding='UTF-8'> and week3-roots.pem
CONNECTION ERROR:  
Creating connection for 108.167.141.194 using <_io.TextIOWrapper name='logs.json' mode='a' encoding='UTF-8'> and week3-roots.pem
CONNECTION ERROR:  
Creating connection for 136.243.68.224 using <_io.TextIOWrapper name='logs.json' mode='a' encoding='UTF-8'> and week3-roots.pem
CONNECTION ERROR:  
CONNECTION ERROR:  
Creating connection for 94.155.38.79 using <_io.TextIOWrapper name='logs.json' mode='a' encoding='UTF-8'> and week3-roots.pem
CONNECTION ERROR:  
CONNECTION ERROR:  
Creating connection for 3.33.152.147 using <_io.TextIOWrapper name='logs.json' mode='a' encoding='UTF-8'> and week3-roots.pem
Creating connection for 172.67.132.64 using <_io.TextIOWrapper name='logs.json' mode='a' encoding='UTF-8'> and week3-roots.pem
Creating connection for 172.67.73.232 using <_io.TextIOWrapper name='logs.json' mode='a' encoding='UTF-8'> and week3-roots.pem
CONNECTION ERROR:  
Creating connection for 104.21.48.136 using <_io.TextIOWrapper name='logs.json' mode='a' encoding='UTF-8'> and week3-roots.pem
CONNECTION ERROR:  
CONNECTION ERROR:  timed out
Creating connection for 185.156.219.10 using <_io.TextIOWrapper name='logs.json' mode='a' encoding='UTF-8'> and week3-roots.pem
CONNECTION ERROR:  
Creating connection for 65.108.125.9 using <_io.TextIOWrapper name='logs.json' mode='a' encoding='UTF-8'> and week3-roots.pem
Creating connection for 192.243.59.12 using <_io.TextIOWrapper name='logs.json' mode='a' encoding='UTF-8'> and week3-roots.pem
Creating connection for 104.18.36.136 using <_io.TextIOWrapper name='logs.json' mode='a' encoding='UTF-8'> and week3-roots.pem
CONNECTION ERROR:  
CONNECTION ERROR:  timed out
Creating connection for 67.231.242.50 using <_io.TextIOWrapper name='logs.json' mode='a' encoding='UTF-8'> and week3-roots.pem
CONNECTION ERROR:  
Creating connection for 50.57.211.14 using <_io.TextIOWrapper name='logs.json' mode='a' encoding='UTF-8'> and week3-roots.pem
CONNECTION ERROR:  [Errno 111] Connection refused
Creating connection for 162.241.24.56 using <_io.TextIOWrapper name='logs.json' mode='a' encoding='UTF-8'> and week3-roots.pem
CONNECTION ERROR:  
CONNECTION ERROR:  
CONNECTION ERROR:  timed out
CONNECTION ERROR:  
Creating connection for 104.21.50.45 using <_io.TextIOWrapper name='logs.json' mode='a' encoding='UTF-8'> and week3-roots.pem
Creating connection for 75.2.70.75 using <_io.TextIOWrapper name='logs.json' mode='a' encoding='UTF-8'> and week3-roots.pem
CONNECTION ERROR:  (32, 'EPIPE')
CONNECTION ERROR:  
CONNECTION ERROR:  
Creating connection for 51.210.99.98 using <_io.TextIOWrapper name='logs.json' mode='a' encoding='UTF-8'> and week3-roots.pem
CONNECTION ERROR:  
CONNECTION ERROR:  
Creating connection for 65.9.86.122 using <_io.TextIOWrapper name='logs.json' mode='a' encoding='UTF-8'> and week3-roots.pem
CONNECTION ERROR:  [Errno 111] Connection refused
CONNECTION ERROR:  (32, 'EPIPE')
CONNECTION ERROR:  
CONNECTION ERROR:  
Creating connection for 151.101.38.207 using <_io.TextIOWrapper name='logs.json' mode='a' encoding='UTF-8'> and week3-roots.pem
Creating connection for 213.186.33.5 using <_io.TextIOWrapper name='logs.json' mode='a' encoding='UTF-8'> and week3-roots.pem
CONNECTION ERROR:  
CONNECTION ERROR:  
CONNECTION ERROR:  
Creating connection for 54.200.72.10 using <_io.TextIOWrapper name='logs.json' mode='a' encoding='UTF-8'> and week3-roots.pem
Creating connection for 198.143.129.250 using <_io.TextIOWrapper name='logs.json' mode='a' encoding='UTF-8'> and week3-roots.pem
Creating connection for 18.159.80.129 using <_io.TextIOWrapper name='logs.json' mode='a' encoding='UTF-8'> and week3-roots.pem
CONNECTION ERROR:  
Creating connection for 172.67.222.46 using <_io.TextIOWrapper name='logs.json' mode='a' encoding='UTF-8'> and week3-roots.pem
Creating connection for 96.45.83.101 using <_io.TextIOWrapper name='logs.json' mode='a' encoding='UTF-8'> and week3-roots.pem
Creating connection for 162.242.146.30 using <_io.TextIOWrapper name='logs.json' mode='a' encoding='UTF-8'> and week3-roots.pem
Creating connection for 104.22.78.243 using <_io.TextIOWrapper name='logs.json' mode='a' encoding='UTF-8'> and week3-roots.pem
Creating connection for 188.114.97.2 using <_io.TextIOWrapper name='logs.json' mode='a' encoding='UTF-8'> and week3-roots.pem
Creating connection for 194.67.71.42 using <_io.TextIOWrapper name='logs.json' mode='a' encoding='UTF-8'> and week3-roots.pem
Creating connection for 172.67.74.25 using <_io.TextIOWrapper name='logs.json' mode='a' encoding='UTF-8'> and week3-roots.pem
Creating connection for 172.67.150.44 using <_io.TextIOWrapper name='logs.json' mode='a' encoding='UTF-8'> and week3-roots.pem
CONNECTION ERROR:  
CONNECTION ERROR:  
CONNECTION ERROR:  
Creating connection for 199.203.232.6 using <_io.TextIOWrapper name='logs.json' mode='a' encoding='UTF-8'> and week3-roots.pem
Creating connection for 54.193.66.25 using <_io.TextIOWrapper name='logs.json' mode='a' encoding='UTF-8'> and week3-roots.pem
Creating connection for 69.163.163.18 using <_io.TextIOWrapper name='logs.json' mode='a' encoding='UTF-8'> and week3-roots.pem
CONNECTION ERROR:  
Creating connection for 185.53.177.74 using <_io.TextIOWrapper name='logs.json' mode='a' encoding='UTF-8'> and week3-roots.pem
Creating connection for 23.227.38.74 using <_io.TextIOWrapper name='logs.json' mode='a' encoding='UTF-8'> and week3-roots.pem
Creating connection for 87.237.61.132 using <_io.TextIOWrapper name='logs.json' mode='a' encoding='UTF-8'> and week3-roots.pem
CONNECTION ERROR:  timed out
CONNECTION ERROR:  [Errno 111] Connection refused
CONNECTION ERROR:  [Errno 111] Connection refused
Creating connection for 35.208.64.174 using <_io.TextIOWrapper name='logs.json' mode='a' encoding='UTF-8'> and week3-roots.pem
CONNECTION ERROR:  
CONNECTION ERROR:  
CONNECTION ERROR:  
CONNECTION ERROR:  (32, 'EPIPE')
CONNECTION ERROR:  
CONNECTION ERROR:  (32, 'EPIPE')
CONNECTION ERROR:  
Creating connection for 217.160.0.205 using <_io.TextIOWrapper name='logs.json' mode='a' encoding='UTF-8'> and week3-roots.pem
CONNECTION ERROR:  
CONNECTION ERROR:  
Creating connection for 101.72.212.223 using <_io.TextIOWrapper name='logs.json' mode='a' encoding='UTF-8'> and week3-roots.pem
CONNECTION ERROR:  
Creating connection for 185.220.77.3 using <_io.TextIOWrapper name='logs.json' mode='a' encoding='UTF-8'> and week3-roots.pem
CONNECTION ERROR:  
CONNECTION ERROR:  
Creating connection for 52.237.26.208 using <_io.TextIOWrapper name='logs.json' mode='a' encoding='UTF-8'> and week3-roots.pem
CONNECTION ERROR:  
CONNECTION ERROR:  
CONNECTION ERROR:  
CONNECTION ERROR:  
Creating connection for 192.29.61.237 using <_io.TextIOWrapper name='logs.json' mode='a' encoding='UTF-8'> and week3-roots.pem
CONNECTION ERROR:  
Creating connection for 34.240.190.183 using <_io.TextIOWrapper name='logs.json' mode='a' encoding='UTF-8'> and week3-roots.pem
CONNECTION ERROR:  
CONNECTION ERROR:  
Creating connection for 151.101.38.132 using <_io.TextIOWrapper name='logs.json' mode='a' encoding='UTF-8'> and week3-roots.pem
Creating connection for 185.53.177.52 using <_io.TextIOWrapper name='logs.json' mode='a' encoding='UTF-8'> and week3-roots.pem
Creating connection for 104.17.70.80 using <_io.TextIOWrapper name='logs.json' mode='a' encoding='UTF-8'> and week3-roots.pem
Creating connection for 206.223.160.80 using <_io.TextIOWrapper name='logs.json' mode='a' encoding='UTF-8'> and week3-roots.pem
Creating connection for 188.114.96.3 using <_io.TextIOWrapper name='logs.json' mode='a' encoding='UTF-8'> and week3-roots.pem
Creating connection for 188.114.97.12 using <_io.TextIOWrapper name='logs.json' mode='a' encoding='UTF-8'> and week3-roots.pem
CONNECTION ERROR:  
Creating connection for 18.193.35.29 using <_io.TextIOWrapper name='logs.json' mode='a' encoding='UTF-8'> and week3-roots.pem
Creating connection for 183.136.237.212 using <_io.TextIOWrapper name='logs.json' mode='a' encoding='UTF-8'> and week3-roots.pem
Creating connection for 213.239.220.189 using <_io.TextIOWrapper name='logs.json' mode='a' encoding='UTF-8'> and week3-roots.pem
Creating connection for 96.114.14.171 using <_io.TextIOWrapper name='logs.json' mode='a' encoding='UTF-8'> and week3-roots.pem
Creating connection for 194.6.195.224 using <_io.TextIOWrapper name='logs.json' mode='a' encoding='UTF-8'> and week3-roots.pem
Creating connection for 176.34.219.86 using <_io.TextIOWrapper name='logs.json' mode='a' encoding='UTF-8'> and week3-roots.pem
CONNECTION ERROR:  
Creating connection for 173.255.194.134 using <_io.TextIOWrapper name='logs.json' mode='a' encoding='UTF-8'> and week3-roots.pem
Creating connection for 151.1.198.2 using <_io.TextIOWrapper name='logs.json' mode='a' encoding='UTF-8'> and week3-roots.pem
Creating connection for 3.66.136.156 using <_io.TextIOWrapper name='logs.json' mode='a' encoding='UTF-8'> and week3-roots.pem
Creating connection for 100.25.101.175 using <_io.TextIOWrapper name='logs.json' mode='a' encoding='UTF-8'> and week3-roots.pem
Creating connection for 34.247.223.36 using <_io.TextIOWrapper name='logs.json' mode='a' encoding='UTF-8'> and week3-roots.pem
CONNECTION ERROR:  
CONNECTION ERROR:  
Creating connection for 66.135.44.242 using <_io.TextIOWrapper name='logs.json' mode='a' encoding='UTF-8'> and week3-roots.pem
Creating connection for 96.16.53.200 using <_io.TextIOWrapper name='logs.json' mode='a' encoding='UTF-8'> and week3-roots.pem
CONNECTION ERROR:  
Creating connection for 91.120.58.44 using <_io.TextIOWrapper name='logs.json' mode='a' encoding='UTF-8'> and week3-roots.pem
Creating connection for 186.202.153.29 using <_io.TextIOWrapper name='logs.json' mode='a' encoding='UTF-8'> and week3-roots.pem
Creating connection for 65.9.86.85 using <_io.TextIOWrapper name='logs.json' mode='a' encoding='UTF-8'> and week3-roots.pem
Creating connection for 104.26.5.100 using <_io.TextIOWrapper name='logs.json' mode='a' encoding='UTF-8'> and week3-roots.pem
Creating connection for 208.91.197.26 using <_io.TextIOWrapper name='logs.json' mode='a' encoding='UTF-8'> and week3-roots.pem
CONNECTION ERROR:  
CONNECTION ERROR:  
CONNECTION ERROR:  
Creating connection for 151.101.38.114 using <_io.TextIOWrapper name='logs.json' mode='a' encoding='UTF-8'> and week3-roots.pem
Creating connection for 212.170.33.244 using <_io.TextIOWrapper name='logs.json' mode='a' encoding='UTF-8'> and week3-roots.pem
CONNECTION ERROR:  timed out
CONNECTION ERROR:  
Creating connection for 104.26.4.120 using <_io.TextIOWrapper name='logs.json' mode='a' encoding='UTF-8'> and week3-roots.pem
CONNECTION ERROR:  [Errno 111] Connection refused
CONNECTION ERROR:  (32, 'EPIPE')
Creating connection for 222.191.251.93 using <_io.TextIOWrapper name='logs.json' mode='a' encoding='UTF-8'> and week3-roots.pem
Creating connection for 216.239.38.21 using <_io.TextIOWrapper name='logs.json' mode='a' encoding='UTF-8'> and week3-roots.pem
Creating connection for 172.67.206.182 using <_io.TextIOWrapper name='logs.json' mode='a' encoding='UTF-8'> and week3-roots.pem
CONNECTION ERROR:  
Creating connection for 142.34.150.209 using <_io.TextIOWrapper name='logs.json' mode='a' encoding='UTF-8'> and week3-roots.pem
Creating connection for 172.67.36.215 using <_io.TextIOWrapper name='logs.json' mode='a' encoding='UTF-8'> and week3-roots.pem
CONNECTION ERROR:  
CONNECTION ERROR:  
Creating connection for 104.16.190.4 using <_io.TextIOWrapper name='logs.json' mode='a' encoding='UTF-8'> and week3-roots.pem
CONNECTION ERROR:  [Errno 111] Connection refused
CONNECTION ERROR:  
CONNECTION ERROR:  
Creating connection for 101.200.85.209 using <_io.TextIOWrapper name='logs.json' mode='a' encoding='UTF-8'> and week3-roots.pem
CONNECTION ERROR:  (32, 'EPIPE')
Creating connection for 92.38.192.253 using <_io.TextIOWrapper name='logs.json' mode='a' encoding='UTF-8'> and week3-roots.pem
CONNECTION ERROR:  
CONNECTION ERROR:  
CONNECTION ERROR:  
Creating connection for 45.60.122.29 using <_io.TextIOWrapper name='logs.json' mode='a' encoding='UTF-8'> and week3-roots.pem
Creating connection for 65.9.86.56 using <_io.TextIOWrapper name='logs.json' mode='a' encoding='UTF-8'> and week3-roots.pem
CONNECTION ERROR:  
Creating connection for 104.26.11.76 using <_io.TextIOWrapper name='logs.json' mode='a' encoding='UTF-8'> and week3-roots.pemCONNECTION ERROR:  
CONNECTION ERROR:  

CONNECTION ERROR:  
Creating connection for 211.151.228.12 using <_io.TextIOWrapper name='logs.json' mode='a' encoding='UTF-8'> and week3-roots.pem
CONNECTION ERROR:  
Creating connection for 199.15.163.148 using <_io.TextIOWrapper name='logs.json' mode='a' encoding='UTF-8'> and week3-roots.pem
Creating connection for 116.62.133.149 using <_io.TextIOWrapper name='logs.json' mode='a' encoding='UTF-8'> and week3-roots.pem
Creating connection for 45.60.34.37 using <_io.TextIOWrapper name='logs.json' mode='a' encoding='UTF-8'> and week3-roots.pem
Creating connection for 194.5.195.159 using <_io.TextIOWrapper name='logs.json' mode='a' encoding='UTF-8'> and week3-roots.pem
CONNECTION ERROR:  
CONNECTION ERROR:  timed out
Creating connection for 23.109.82.177 using <_io.TextIOWrapper name='logs.json' mode='a' encoding='UTF-8'> and week3-roots.pem
CONNECTION ERROR:  
CONNECTION ERROR:  
CONNECTION ERROR:  
CONNECTION ERROR:  
Creating connection for 104.21.38.115 using <_io.TextIOWrapper name='logs.json' mode='a' encoding='UTF-8'> and week3-roots.pem
CONNECTION ERROR:  
Creating connection for 74.205.76.31 using <_io.TextIOWrapper name='logs.json' mode='a' encoding='UTF-8'> and week3-roots.pem
CONNECTION ERROR:  
Creating connection for 18.214.111.198 using <_io.TextIOWrapper name='logs.json' mode='a' encoding='UTF-8'> and week3-roots.pem
CONNECTION ERROR:  
CONNECTION ERROR:  
Creating connection for 34.139.62.255 using <_io.TextIOWrapper name='logs.json' mode='a' encoding='UTF-8'> and week3-roots.pem
CONNECTION ERROR:  
Creating connection for 34.211.15.84 using <_io.TextIOWrapper name='logs.json' mode='a' encoding='UTF-8'> and week3-roots.pem
CONNECTION ERROR:  
CONNECTION ERROR:  
CONNECTION ERROR:  
CONNECTION ERROR:  
Creating connection for 140.207.178.172 using <_io.TextIOWrapper name='logs.json' mode='a' encoding='UTF-8'> and week3-roots.pem
Creating connection for 67.207.91.18 using <_io.TextIOWrapper name='logs.json' mode='a' encoding='UTF-8'> and week3-roots.pem
CONNECTION ERROR:  
CONNECTION ERROR:  
Creating connection for 92.204.33.113 using <_io.TextIOWrapper name='logs.json' mode='a' encoding='UTF-8'> and week3-roots.pem
CONNECTION ERROR:  
Creating connection for 62.149.128.74 using <_io.TextIOWrapper name='logs.json' mode='a' encoding='UTF-8'> and week3-roots.pem
Creating connection for 72.52.10.14 using <_io.TextIOWrapper name='logs.json' mode='a' encoding='UTF-8'> and week3-roots.pem
CONNECTION ERROR:  
Creating connection for 160.153.136.3 using <_io.TextIOWrapper name='logs.json' mode='a' encoding='UTF-8'> and week3-roots.pem
Creating connection for 3.8.109.130 using <_io.TextIOWrapper name='logs.json' mode='a' encoding='UTF-8'> and week3-roots.pem
Creating connection for 92.53.96.20 using <_io.TextIOWrapper name='logs.json' mode='a' encoding='UTF-8'> and week3-roots.pem
CONNECTION ERROR:  [Errno 111] Connection refused
Creating connection for 172.67.138.49 using <_io.TextIOWrapper name='logs.json' mode='a' encoding='UTF-8'> and week3-roots.pem
CONNECTION ERROR:  
CONNECTION ERROR:  (32, 'EPIPE')
Creating connection for 192.64.119.225 using <_io.TextIOWrapper name='logs.json' mode='a' encoding='UTF-8'> and week3-roots.pem
Creating connection for 212.88.144.108 using <_io.TextIOWrapper name='logs.json' mode='a' encoding='UTF-8'> and week3-roots.pem
CONNECTION ERROR:  
CONNECTION ERROR:  
Creating connection for 60.2.22.35 using <_io.TextIOWrapper name='logs.json' mode='a' encoding='UTF-8'> and week3-roots.pem
Creating connection for 173.247.219.48 using <_io.TextIOWrapper name='logs.json' mode='a' encoding='UTF-8'> and week3-roots.pem
Creating connection for 104.16.44.196 using <_io.TextIOWrapper name='logs.json' mode='a' encoding='UTF-8'> and week3-roots.pem
CONNECTION ERROR:  
Creating connection for 13.57.75.163 using <_io.TextIOWrapper name='logs.json' mode='a' encoding='UTF-8'> and week3-roots.pem
Creating connection for 51.255.67.10 using <_io.TextIOWrapper name='logs.json' mode='a' encoding='UTF-8'> and week3-roots.pem
Creating connection for 212.51.227.8 using <_io.TextIOWrapper name='logs.json' mode='a' encoding='UTF-8'> and week3-roots.pem
Creating connection for 172.67.74.235 using <_io.TextIOWrapper name='logs.json' mode='a' encoding='UTF-8'> and week3-roots.pem
CONNECTION ERROR:  
Creating connection for 104.21.60.232 using <_io.TextIOWrapper name='logs.json' mode='a' encoding='UTF-8'> and week3-roots.pem
CONNECTION ERROR:  
Creating connection for 211.154.153.32 using <_io.TextIOWrapper name='logs.json' mode='a' encoding='UTF-8'> and week3-roots.pem
CONNECTION ERROR:  
Creating connection for 72.14.185.43 using <_io.TextIOWrapper name='logs.json' mode='a' encoding='UTF-8'> and week3-roots.pem
CONNECTION ERROR:  
Creating connection for 198.101.168.62 using <_io.TextIOWrapper name='logs.json' mode='a' encoding='UTF-8'> and week3-roots.pem
Creating connection for 194.53.6.38 using <_io.TextIOWrapper name='logs.json' mode='a' encoding='UTF-8'> and week3-roots.pem
CONNECTION ERROR:  
Creating connection for 209.133.220.70 using <_io.TextIOWrapper name='logs.json' mode='a' encoding='UTF-8'> and week3-roots.pem
CONNECTION ERROR:  
CONNECTION ERROR:  
CONNECTION ERROR:  
Creating connection for 90.156.201.49 using <_io.TextIOWrapper name='logs.json' mode='a' encoding='UTF-8'> and week3-roots.pem
CONNECTION ERROR:  
CONNECTION ERROR:  
Creating connection for 151.101.1.124 using <_io.TextIOWrapper name='logs.json' mode='a' encoding='UTF-8'> and week3-roots.pem
CONNECTION ERROR:  [Errno 113] No route to host
CONNECTION ERROR:  
Creating connection for 80.85.137.20 using <_io.TextIOWrapper name='logs.json' mode='a' encoding='UTF-8'> and week3-roots.pem
CONNECTION ERROR:  (32, 'EPIPE')
Creating connection for 104.21.33.84 using <_io.TextIOWrapper name='logs.json' mode='a' encoding='UTF-8'> and week3-roots.pem
CONNECTION ERROR:  
Creating connection for 46.229.212.202 using <_io.TextIOWrapper name='logs.json' mode='a' encoding='UTF-8'> and week3-roots.pem
Creating connection for 123.30.143.225 using <_io.TextIOWrapper name='logs.json' mode='a' encoding='UTF-8'> and week3-roots.pem
CONNECTION ERROR:  
CONNECTION ERROR:  
CONNECTION ERROR:  timed out
CONNECTION ERROR:  
Creating connection for 207.180.221.54 using <_io.TextIOWrapper name='logs.json' mode='a' encoding='UTF-8'> and week3-roots.pem
CONNECTION ERROR:  
CONNECTION ERROR:  [Errno 111] Connection refused
CONNECTION ERROR:  
Creating connection for 188.114.96.2 using <_io.TextIOWrapper name='logs.json' mode='a' encoding='UTF-8'> and week3-roots.pem
CONNECTION ERROR:  (32, 'EPIPE')
CONNECTION ERROR:  timed out
Creating connection for 8.43.85.198 using <_io.TextIOWrapper name='logs.json' mode='a' encoding='UTF-8'> and week3-roots.pem
CONNECTION ERROR:  
CONNECTION ERROR:  
CONNECTION ERROR:  
Creating connection for 104.21.96.42 using <_io.TextIOWrapper name='logs.json' mode='a' encoding='UTF-8'> and week3-roots.pem
CONNECTION ERROR:  timed out
Creating connection for 198.54.117.218 using <_io.TextIOWrapper name='logs.json' mode='a' encoding='UTF-8'> and week3-roots.pem
CONNECTION ERROR:  
Creating connection for 20.53.203.50 using <_io.TextIOWrapper name='logs.json' mode='a' encoding='UTF-8'> and week3-roots.pem
Creating connection for 195.201.139.94 using <_io.TextIOWrapper name='logs.json' mode='a' encoding='UTF-8'> and week3-roots.pem
Creating connection for 216.239.32.21 using <_io.TextIOWrapper name='logs.json' mode='a' encoding='UTF-8'> and week3-roots.pem
CONNECTION ERROR:  
CONNECTION ERROR:  
Creating connection for 43.154.140.105 using <_io.TextIOWrapper name='logs.json' mode='a' encoding='UTF-8'> and week3-roots.pem
CONNECTION ERROR:  
Creating connection for 219.90.67.241 using <_io.TextIOWrapper name='logs.json' mode='a' encoding='UTF-8'> and week3-roots.pem
CONNECTION ERROR:  
CONNECTION ERROR:  
Creating connection for 104.18.120.63 using <_io.TextIOWrapper name='logs.json' mode='a' encoding='UTF-8'> and week3-roots.pem
CONNECTION ERROR:  timed out
Creating connection for 95.138.180.180 using <_io.TextIOWrapper name='logs.json' mode='a' encoding='UTF-8'> and week3-roots.pem
Creating connection for 184.168.126.236 using <_io.TextIOWrapper name='logs.json' mode='a' encoding='UTF-8'> and week3-roots.pemCONNECTION ERROR:  

Creating connection for 100.25.101.175 using <_io.TextIOWrapper name='logs.json' mode='a' encoding='UTF-8'> and week3-roots.pem
CONNECTION ERROR:  
CONNECTION ERROR:  
CONNECTION ERROR:  
CONNECTION ERROR:  
CONNECTION ERROR:  
CONNECTION ERROR:  
CONNECTION ERROR:  timed out
Creating connection for 192.121.242.15 using <_io.TextIOWrapper name='logs.json' mode='a' encoding='UTF-8'> and week3-roots.pem
Creating connection for 213.88.149.38 using <_io.TextIOWrapper name='logs.json' mode='a' encoding='UTF-8'> and week3-roots.pem
CONNECTION ERROR:  
CONNECTION ERROR:  
CONNECTION ERROR:  
Creating connection for 65.9.86.33 using <_io.TextIOWrapper name='logs.json' mode='a' encoding='UTF-8'> and week3-roots.pem
Creating connection for 104.26.12.97 using <_io.TextIOWrapper name='logs.json' mode='a' encoding='UTF-8'> and week3-roots.pem
CONNECTION ERROR:  [Errno 111] Connection refused
CONNECTION ERROR:  
CONNECTION ERROR:  timed out
Creating connection for 52.32.224.123 using <_io.TextIOWrapper name='logs.json' mode='a' encoding='UTF-8'> and week3-roots.pem
CONNECTION ERROR:  (32, 'EPIPE')
CONNECTION ERROR:  
Creating connection for 3.33.152.147 using <_io.TextIOWrapper name='logs.json' mode='a' encoding='UTF-8'> and week3-roots.pem
Creating connection for 172.67.69.7 using <_io.TextIOWrapper name='logs.json' mode='a' encoding='UTF-8'> and week3-roots.pem
Creating connection for 172.67.147.141 using <_io.TextIOWrapper name='logs.json' mode='a' encoding='UTF-8'> and week3-roots.pem
Creating connection for 104.21.61.101 using <_io.TextIOWrapper name='logs.json' mode='a' encoding='UTF-8'> and week3-roots.pem
CONNECTION ERROR:  timed out
CONNECTION ERROR:  
Creating connection for 58.216.14.242 using <_io.TextIOWrapper name='logs.json' mode='a' encoding='UTF-8'> and week3-roots.pem
CONNECTION ERROR:  
Creating connection for 104.16.70.198 using <_io.TextIOWrapper name='logs.json' mode='a' encoding='UTF-8'> and week3-roots.pem
Creating connection for 104.21.7.225 using <_io.TextIOWrapper name='logs.json' mode='a' encoding='UTF-8'> and week3-roots.pem
CONNECTION ERROR:  
Creating connection for 198.49.23.144 using <_io.TextIOWrapper name='logs.json' mode='a' encoding='UTF-8'> and week3-roots.pem
CONNECTION ERROR:  
CONNECTION ERROR:  
Creating connection for 192.124.249.15 using <_io.TextIOWrapper name='logs.json' mode='a' encoding='UTF-8'> and week3-roots.pem
Creating connection for 108.167.172.164 using <_io.TextIOWrapper name='logs.json' mode='a' encoding='UTF-8'> and week3-roots.pem
CONNECTION ERROR:  timed out
CONNECTION ERROR:  
CONNECTION ERROR:  
CONNECTION ERROR:  
CONNECTION ERROR:  
CONNECTION ERROR:  
CONNECTION ERROR:  
Creating connection for 123.30.134.33 using <_io.TextIOWrapper name='logs.json' mode='a' encoding='UTF-8'> and week3-roots.pem
CONNECTION ERROR:  
CONNECTION ERROR:  
CONNECTION ERROR:  timed out
CONNECTION ERROR:  
CONNECTION ERROR:  
Creating connection for 162.241.224.170 using <_io.TextIOWrapper name='logs.json' mode='a' encoding='UTF-8'> and week3-roots.pem
CONNECTION ERROR:  
Creating connection for 199.60.103.98 using <_io.TextIOWrapper name='logs.json' mode='a' encoding='UTF-8'> and week3-roots.pem
Creating connection for 3.18.34.22 using <_io.TextIOWrapper name='logs.json' mode='a' encoding='UTF-8'> and week3-roots.pem
CONNECTION ERROR:  
Creating connection for 141.193.213.20 using <_io.TextIOWrapper name='logs.json' mode='a' encoding='UTF-8'> and week3-roots.pem
Creating connection for 185.230.63.186 using <_io.TextIOWrapper name='logs.json' mode='a' encoding='UTF-8'> and week3-roots.pem
Creating connection for 185.170.165.10 using <_io.TextIOWrapper name='logs.json' mode='a' encoding='UTF-8'> and week3-roots.pem
CONNECTION ERROR:  
CONNECTION ERROR:  
CONNECTION ERROR:  
Creating connection for 35.214.66.152 using <_io.TextIOWrapper name='logs.json' mode='a' encoding='UTF-8'> and week3-roots.pem
Creating connection for 45.130.41.179 using <_io.TextIOWrapper name='logs.json' mode='a' encoding='UTF-8'> and week3-roots.pem
Creating connection for 192.243.59.12 using <_io.TextIOWrapper name='logs.json' mode='a' encoding='UTF-8'> and week3-roots.pem
CONNECTION ERROR:  
Creating connection for 52.8.174.243 using <_io.TextIOWrapper name='logs.json' mode='a' encoding='UTF-8'> and week3-roots.pem
Creating connection for 15.197.248.116 using <_io.TextIOWrapper name='logs.json' mode='a' encoding='UTF-8'> and week3-roots.pem
CONNECTION ERROR:  
CONNECTION ERROR:  
Creating connection for 198.185.159.144 using <_io.TextIOWrapper name='logs.json' mode='a' encoding='UTF-8'> and week3-roots.pem
CONNECTION ERROR:  
Creating connection for 213.175.217.174 using <_io.TextIOWrapper name='logs.json' mode='a' encoding='UTF-8'> and week3-roots.pem
Creating connection for 65.109.37.202 using <_io.TextIOWrapper name='logs.json' mode='a' encoding='UTF-8'> and week3-roots.pem
CONNECTION ERROR:  
CONNECTION ERROR:  
CONNECTION ERROR:  
Creating connection for 54.161.222.85 using <_io.TextIOWrapper name='logs.json' mode='a' encoding='UTF-8'> and week3-roots.pem
Creating connection for 148.251.12.41 using <_io.TextIOWrapper name='logs.json' mode='a' encoding='UTF-8'> and week3-roots.pem
Creating connection for 65.9.86.106 using <_io.TextIOWrapper name='logs.json' mode='a' encoding='UTF-8'> and week3-roots.pem
Creating connection for 104.26.12.122 using <_io.TextIOWrapper name='logs.json' mode='a' encoding='UTF-8'> and week3-roots.pem
CONNECTION ERROR:  
Creating connection for 35.82.5.75 using <_io.TextIOWrapper name='logs.json' mode='a' encoding='UTF-8'> and week3-roots.pem
CONNECTION ERROR:  
Creating connection for 104.26.10.21 using <_io.TextIOWrapper name='logs.json' mode='a' encoding='UTF-8'> and week3-roots.pem
CONNECTION ERROR:  timed out
Creating connection for 104.21.14.35 using <_io.TextIOWrapper name='logs.json' mode='a' encoding='UTF-8'> and week3-roots.pem
CONNECTION ERROR:  
CONNECTION ERROR:  
CONNECTION ERROR:  
CONNECTION ERROR:  
Creating connection for 67.195.197.24 using <_io.TextIOWrapper name='logs.json' mode='a' encoding='UTF-8'> and week3-roots.pem
Creating connection for 172.67.131.47 using <_io.TextIOWrapper name='logs.json' mode='a' encoding='UTF-8'> and week3-roots.pem
Creating connection for 172.67.70.215 using <_io.TextIOWrapper name='logs.json' mode='a' encoding='UTF-8'> and week3-roots.pem
Creating connection for 185.166.161.1 using <_io.TextIOWrapper name='logs.json' mode='a' encoding='UTF-8'> and week3-roots.pem
CONNECTION ERROR:  
CONNECTION ERROR:  
Creating connection for 185.34.32.173 using <_io.TextIOWrapper name='logs.json' mode='a' encoding='UTF-8'> and week3-roots.pem
CONNECTION ERROR:  
CONNECTION ERROR:  
CONNECTION ERROR:  
Creating connection for 172.67.198.105 using <_io.TextIOWrapper name='logs.json' mode='a' encoding='UTF-8'> and week3-roots.pem
Creating connection for 178.238.133.72 using <_io.TextIOWrapper name='logs.json' mode='a' encoding='UTF-8'> and week3-roots.pem
Creating connection for 194.146.216.52 using <_io.TextIOWrapper name='logs.json' mode='a' encoding='UTF-8'> and week3-roots.pem
CONNECTION ERROR:  
Creating connection for 172.67.179.67 using <_io.TextIOWrapper name='logs.json' mode='a' encoding='UTF-8'> and week3-roots.pem
CONNECTION ERROR:  timed out
Creating connection for 192.124.249.65 using <_io.TextIOWrapper name='logs.json' mode='a' encoding='UTF-8'> and week3-roots.pem
CONNECTION ERROR:  
CONNECTION ERROR:  
CONNECTION ERROR:  
Creating connection for 164.132.250.244 using <_io.TextIOWrapper name='logs.json' mode='a' encoding='UTF-8'> and week3-roots.pem
CONNECTION ERROR:  
CONNECTION ERROR:  
CONNECTION ERROR:  
CONNECTION ERROR:  
CONNECTION ERROR:  
CONNECTION ERROR:  
CONNECTION ERROR:  
CONNECTION ERROR:  
Creating connection for 52.56.244.77 using <_io.TextIOWrapper name='logs.json' mode='a' encoding='UTF-8'> and week3-roots.pem
Creating connection for 0.0.0.1 using <_io.TextIOWrapper name='logs.json' mode='a' encoding='UTF-8'> and week3-roots.pem
Creating connection for 84.23.107.121 using <_io.TextIOWrapper name='logs.json' mode='a' encoding='UTF-8'> and week3-roots.pem
CONNECTION ERROR:  
CONNECTION ERROR:  
CONNECTION ERROR:  
Creating connection for 104.21.79.233 using <_io.TextIOWrapper name='logs.json' mode='a' encoding='UTF-8'> and week3-roots.pem
Creating connection for 65.9.86.7 using <_io.TextIOWrapper name='logs.json' mode='a' encoding='UTF-8'> and week3-roots.pem
Creating connection for 45.82.179.166 using <_io.TextIOWrapper name='logs.json' mode='a' encoding='UTF-8'> and week3-roots.pem
Creating connection for 104.21.63.101 using <_io.TextIOWrapper name='logs.json' mode='a' encoding='UTF-8'> and week3-roots.pem
CONNECTION ERROR:  
Creating connection for 107.154.158.72 using <_io.TextIOWrapper name='logs.json' mode='a' encoding='UTF-8'> and week3-roots.pem
CONNECTION ERROR:  
CONNECTION ERROR:  
Creating connection for 104.26.3.37 using <_io.TextIOWrapper name='logs.json' mode='a' encoding='UTF-8'> and week3-roots.pem
CONNECTION ERROR:  
Creating connection for 96.45.82.251 using <_io.TextIOWrapper name='logs.json' mode='a' encoding='UTF-8'> and week3-roots.pem
Creating connection for 95.170.72.88 using <_io.TextIOWrapper name='logs.json' mode='a' encoding='UTF-8'> and week3-roots.pem
CONNECTION ERROR:  
Creating connection for 104.21.13.167 using <_io.TextIOWrapper name='logs.json' mode='a' encoding='UTF-8'> and week3-roots.pem
CONNECTION ERROR:  
CONNECTION ERROR:  
CONNECTION ERROR:  timed out
CONNECTION ERROR:  
CONNECTION ERROR:  
Creating connection for 104.21.3.159 using <_io.TextIOWrapper name='logs.json' mode='a' encoding='UTF-8'> and week3-roots.pem
CONNECTION ERROR:  
Creating connection for 65.9.86.64 using <_io.TextIOWrapper name='logs.json' mode='a' encoding='UTF-8'> and week3-roots.pem
CONNECTION ERROR:  
Creating connection for 45.60.46.117 using <_io.TextIOWrapper name='logs.json' mode='a' encoding='UTF-8'> and week3-roots.pem
CONNECTION ERROR:  
Creating connection for 104.21.19.226 using <_io.TextIOWrapper name='logs.json' mode='a' encoding='UTF-8'> and week3-roots.pem
CONNECTION ERROR:  
CONNECTION ERROR:  
Creating connection for 194.150.237.42 using <_io.TextIOWrapper name='logs.json' mode='a' encoding='UTF-8'> and week3-roots.pem
Creating connection for 44.195.179.82 using <_io.TextIOWrapper name='logs.json' mode='a' encoding='UTF-8'> and week3-roots.pem
CONNECTION ERROR:  
Creating connection for 66.254.99.240 using <_io.TextIOWrapper name='logs.json' mode='a' encoding='UTF-8'> and week3-roots.pem
Creating connection for 104.18.22.159 using <_io.TextIOWrapper name='logs.json' mode='a' encoding='UTF-8'> and week3-roots.pem
CONNECTION ERROR:  
Creating connection for 18.158.98.109 using <_io.TextIOWrapper name='logs.json' mode='a' encoding='UTF-8'> and week3-roots.pem
Creating connection for 92.42.208.82 using <_io.TextIOWrapper name='logs.json' mode='a' encoding='UTF-8'> and week3-roots.pem
CONNECTION ERROR:  
CONNECTION ERROR:  
Creating connection for 104.26.10.240 using <_io.TextIOWrapper name='logs.json' mode='a' encoding='UTF-8'> and week3-roots.pem
Creating connection for 211.251.239.178 using <_io.TextIOWrapper name='logs.json' mode='a' encoding='UTF-8'> and week3-roots.pem
CONNECTION ERROR:  
CONNECTION ERROR:  [Errno 111] Connection refused
CONNECTION ERROR:  (32, 'EPIPE')
Creating connection for 208.91.196.105 using <_io.TextIOWrapper name='logs.json' mode='a' encoding='UTF-8'> and week3-roots.pem
CONNECTION ERROR:  
CONNECTION ERROR:  
Creating connection for 192.243.59.20 using <_io.TextIOWrapper name='logs.json' mode='a' encoding='UTF-8'> and week3-roots.pem
CONNECTION ERROR:  
Creating connection for 65.9.86.24 using <_io.TextIOWrapper name='logs.json' mode='a' encoding='UTF-8'> and week3-roots.pem
Creating connection for 151.101.65.193 using <_io.TextIOWrapper name='logs.json' mode='a' encoding='UTF-8'> and week3-roots.pem
CONNECTION ERROR:  
CONNECTION ERROR:  
CONNECTION ERROR:  
Creating connection for 35.241.7.148 using <_io.TextIOWrapper name='logs.json' mode='a' encoding='UTF-8'> and week3-roots.pem
Creating connection for 94.199.180.78 using <_io.TextIOWrapper name='logs.json' mode='a' encoding='UTF-8'> and week3-roots.pem
CONNECTION ERROR:  
CONNECTION ERROR:  
Creating connection for 151.101.2.133 using <_io.TextIOWrapper name='logs.json' mode='a' encoding='UTF-8'> and week3-roots.pem
Creating connection for 54.157.58.70 using <_io.TextIOWrapper name='logs.json' mode='a' encoding='UTF-8'> and week3-roots.pem
Creating connection for 8.210.75.211 using <_io.TextIOWrapper name='logs.json' mode='a' encoding='UTF-8'> and week3-roots.pem
Creating connection for 172.67.196.204 using <_io.TextIOWrapper name='logs.json' mode='a' encoding='UTF-8'> and week3-roots.pem
Creating connection for 212.129.30.65 using <_io.TextIOWrapper name='logs.json' mode='a' encoding='UTF-8'> and week3-roots.pem
CONNECTION ERROR:  
Creating connection for 203.107.45.167 using <_io.TextIOWrapper name='logs.json' mode='a' encoding='UTF-8'> and week3-roots.pem
Creating connection for 23.39.113.149 using <_io.TextIOWrapper name='logs.json' mode='a' encoding='UTF-8'> and week3-roots.pem
CONNECTION ERROR:  
Creating connection for 104.26.1.38 using <_io.TextIOWrapper name='logs.json' mode='a' encoding='UTF-8'> and week3-roots.pem
CONNECTION ERROR:  
Creating connection for 91.226.178.252 using <_io.TextIOWrapper name='logs.json' mode='a' encoding='UTF-8'> and week3-roots.pem
CONNECTION ERROR:  
Creating connection for 104.17.228.18 using <_io.TextIOWrapper name='logs.json' mode='a' encoding='UTF-8'> and week3-roots.pem
Creating connection for 78.46.3.188 using <_io.TextIOWrapper name='logs.json' mode='a' encoding='UTF-8'> and week3-roots.pem
CONNECTION ERROR:  
CONNECTION ERROR:  
Creating connection for 2.57.140.189 using <_io.TextIOWrapper name='logs.json' mode='a' encoding='UTF-8'> and week3-roots.pem
CONNECTION ERROR:  
CONNECTION ERROR:  
Creating connection for 62.76.6.38 using <_io.TextIOWrapper name='logs.json' mode='a' encoding='UTF-8'> and week3-roots.pem
Creating connection for 172.64.147.214 using <_io.TextIOWrapper name='logs.json' mode='a' encoding='UTF-8'> and week3-roots.pem
Creating connection for 65.9.66.38 using <_io.TextIOWrapper name='logs.json' mode='a' encoding='UTF-8'> and week3-roots.pem
CONNECTION ERROR:  
Creating connection for 99.81.40.78 using <_io.TextIOWrapper name='logs.json' mode='a' encoding='UTF-8'> and week3-roots.pem
Creating connection for 153.127.139.176 using <_io.TextIOWrapper name='logs.json' mode='a' encoding='UTF-8'> and week3-roots.pem
Creating connection for 121.119.249.138 using <_io.TextIOWrapper name='logs.json' mode='a' encoding='UTF-8'> and week3-roots.pem
Creating connection for 52.10.34.148 using <_io.TextIOWrapper name='logs.json' mode='a' encoding='UTF-8'> and week3-roots.pem
CONNECTION ERROR:  
CONNECTION ERROR:  
Creating connection for 104.21.69.245 using <_io.TextIOWrapper name='logs.json' mode='a' encoding='UTF-8'> and week3-roots.pem
Creating connection for 104.21.35.238 using <_io.TextIOWrapper name='logs.json' mode='a' encoding='UTF-8'> and week3-roots.pem
CONNECTION ERROR:  
Creating connection for 54.152.182.21 using <_io.TextIOWrapper name='logs.json' mode='a' encoding='UTF-8'> and week3-roots.pem
CONNECTION ERROR:  
CONNECTION ERROR:  
CONNECTION ERROR:  [Errno 111] Connection refused
CONNECTION ERROR:  (32, 'EPIPE')
Creating connection for 65.9.86.38 using <_io.TextIOWrapper name='logs.json' mode='a' encoding='UTF-8'> and week3-roots.pem
Creating connection for 151.101.130.133 using <_io.TextIOWrapper name='logs.json' mode='a' encoding='UTF-8'> and week3-roots.pem
Creating connection for 212.175.52.249 using <_io.TextIOWrapper name='logs.json' mode='a' encoding='UTF-8'> and week3-roots.pem
CONNECTION ERROR:  
Creating connection for 185.41.160.13 using <_io.TextIOWrapper name='logs.json' mode='a' encoding='UTF-8'> and week3-roots.pem
CONNECTION ERROR:  
CONNECTION ERROR:  
CONNECTION ERROR:  
Creating connection for 64.37.197.71 using <_io.TextIOWrapper name='logs.json' mode='a' encoding='UTF-8'> and week3-roots.pem
Creating connection for 72.52.191.203 using <_io.TextIOWrapper name='logs.json' mode='a' encoding='UTF-8'> and week3-roots.pem
Creating connection for 104.18.8.146 using <_io.TextIOWrapper name='logs.json' mode='a' encoding='UTF-8'> and week3-roots.pem
CONNECTION ERROR:  
CONNECTION ERROR:  
CONNECTION ERROR:  
Creating connection for 104.19.215.132 using <_io.TextIOWrapper name='logs.json' mode='a' encoding='UTF-8'> and week3-roots.pemCONNECTION ERROR:  
CONNECTION ERROR:  
CONNECTION ERROR:  
CONNECTION ERROR:  

CONNECTION ERROR:  
Creating connection for 183.134.235.35 using <_io.TextIOWrapper name='logs.json' mode='a' encoding='UTF-8'> and week3-roots.pem
Creating connection for 107.154.251.29 using <_io.TextIOWrapper name='logs.json' mode='a' encoding='UTF-8'> and week3-roots.pem
CONNECTION ERROR:  
CONNECTION ERROR:  timed out
CONNECTION ERROR:  
Creating connection for 104.21.88.149 using <_io.TextIOWrapper name='logs.json' mode='a' encoding='UTF-8'> and week3-roots.pem
CONNECTION ERROR:  
CONNECTION ERROR:  
CONNECTION ERROR:  
CONNECTION ERROR:  
Creating connection for 195.24.68.5 using <_io.TextIOWrapper name='logs.json' mode='a' encoding='UTF-8'> and week3-roots.pem
Creating connection for 80.63.11.72 using <_io.TextIOWrapper name='logs.json' mode='a' encoding='UTF-8'> and week3-roots.pem
Creating connection for 3.140.13.188 using <_io.TextIOWrapper name='logs.json' mode='a' encoding='UTF-8'> and week3-roots.pem
Creating connection for 195.123.220.202 using <_io.TextIOWrapper name='logs.json' mode='a' encoding='UTF-8'> and week3-roots.pem
Creating connection for 172.67.69.54 using <_io.TextIOWrapper name='logs.json' mode='a' encoding='UTF-8'> and week3-roots.pem
Creating connection for 23.185.0.2 using <_io.TextIOWrapper name='logs.json' mode='a' encoding='UTF-8'> and week3-roots.pem
CONNECTION ERROR:  
CONNECTION ERROR:  
Creating connection for 46.8.8.100 using <_io.TextIOWrapper name='logs.json' mode='a' encoding='UTF-8'> and week3-roots.pem
Creating connection for 116.211.199.233 using <_io.TextIOWrapper name='logs.json' mode='a' encoding='UTF-8'> and week3-roots.pem
CONNECTION ERROR:  
CONNECTION ERROR:  
CONNECTION ERROR:  
Creating connection for 18.232.183.88 using <_io.TextIOWrapper name='logs.json' mode='a' encoding='UTF-8'> and week3-roots.pem
CONNECTION ERROR:  
Creating connection for 172.67.202.81 using <_io.TextIOWrapper name='logs.json' mode='a' encoding='UTF-8'> and week3-roots.pem
CONNECTION ERROR:  
CONNECTION ERROR:  
Creating connection for 65.9.86.71 using <_io.TextIOWrapper name='logs.json' mode='a' encoding='UTF-8'> and week3-roots.pem
CONNECTION ERROR:  
Creating connection for 104.21.69.163 using <_io.TextIOWrapper name='logs.json' mode='a' encoding='UTF-8'> and week3-roots.pem
Creating connection for 107.186.96.134 using <_io.TextIOWrapper name='logs.json' mode='a' encoding='UTF-8'> and week3-roots.pem
CONNECTION ERROR:  
Creating connection for 104.21.42.221 using <_io.TextIOWrapper name='logs.json' mode='a' encoding='UTF-8'> and week3-roots.pem
CONNECTION ERROR:  
Creating connection for 104.26.5.139 using <_io.TextIOWrapper name='logs.json' mode='a' encoding='UTF-8'> and week3-roots.pem
Creating connection for 148.163.122.17 using <_io.TextIOWrapper name='logs.json' mode='a' encoding='UTF-8'> and week3-roots.pem
Creating connection for 3.130.253.23 using <_io.TextIOWrapper name='logs.json' mode='a' encoding='UTF-8'> and week3-roots.pem
Creating connection for 172.67.212.6 using <_io.TextIOWrapper name='logs.json' mode='a' encoding='UTF-8'> and week3-roots.pem
CONNECTION ERROR:  [Errno 111] Connection refused
Creating connection for 172.67.73.70 using <_io.TextIOWrapper name='logs.json' mode='a' encoding='UTF-8'> and week3-roots.pem
CONNECTION ERROR:  (32, 'EPIPE')
Creating connection for 92.53.96.10 using <_io.TextIOWrapper name='logs.json' mode='a' encoding='UTF-8'> and week3-roots.pem
Creating connection for 167.71.194.8 using <_io.TextIOWrapper name='logs.json' mode='a' encoding='UTF-8'> and week3-roots.pem
Creating connection for 23.109.82.164 using <_io.TextIOWrapper name='logs.json' mode='a' encoding='UTF-8'> and week3-roots.pem
Creating connection for 104.26.12.182 using <_io.TextIOWrapper name='logs.json' mode='a' encoding='UTF-8'> and week3-roots.pem
CONNECTION ERROR:  
CONNECTION ERROR:  
CONNECTION ERROR:  
Creating connection for 188.114.97.12 using <_io.TextIOWrapper name='logs.json' mode='a' encoding='UTF-8'> and week3-roots.pem
CONNECTION ERROR:  
Creating connection for 208.91.197.24 using <_io.TextIOWrapper name='logs.json' mode='a' encoding='UTF-8'> and week3-roots.pem
CONNECTION ERROR:  
Creating connection for 172.67.203.213 using <_io.TextIOWrapper name='logs.json' mode='a' encoding='UTF-8'> and week3-roots.pem
CONNECTION ERROR:  
Creating connection for 193.233.15.202 using <_io.TextIOWrapper name='logs.json' mode='a' encoding='UTF-8'> and week3-roots.pem
CONNECTION ERROR:  
CONNECTION ERROR:  
Creating connection for 89.43.47.29 using <_io.TextIOWrapper name='logs.json' mode='a' encoding='UTF-8'> and week3-roots.pem
CONNECTION ERROR:  
CONNECTION ERROR:  timed out
CONNECTION ERROR:  
CONNECTION ERROR:  
Creating connection for 212.162.14.177 using <_io.TextIOWrapper name='logs.json' mode='a' encoding='UTF-8'> and week3-roots.pem
Creating connection for 65.9.86.104 using <_io.TextIOWrapper name='logs.json' mode='a' encoding='UTF-8'> and week3-roots.pem
CONNECTION ERROR:  
CONNECTION ERROR:  
Creating connection for 35.198.112.85 using <_io.TextIOWrapper name='logs.json' mode='a' encoding='UTF-8'> and week3-roots.pem
Creating connection for 104.17.208.73 using <_io.TextIOWrapper name='logs.json' mode='a' encoding='UTF-8'> and week3-roots.pem
CONNECTION ERROR:  timed out
Creating connection for 178.128.255.179 using <_io.TextIOWrapper name='logs.json' mode='a' encoding='UTF-8'> and week3-roots.pem
CONNECTION ERROR:  
CONNECTION ERROR:  
Creating connection for 52.39.105.74 using <_io.TextIOWrapper name='logs.json' mode='a' encoding='UTF-8'> and week3-roots.pem
CONNECTION ERROR:  [Errno 111] Connection refused
CONNECTION ERROR:  (32, 'EPIPE')
Creating connection for 45.60.20.103 using <_io.TextIOWrapper name='logs.json' mode='a' encoding='UTF-8'> and week3-roots.pem
Creating connection for 104.21.13.232 using <_io.TextIOWrapper name='logs.json' mode='a' encoding='UTF-8'> and week3-roots.pem
Creating connection for 67.20.76.199 using <_io.TextIOWrapper name='logs.json' mode='a' encoding='UTF-8'> and week3-roots.pem
Creating connection for 34.160.113.1 using <_io.TextIOWrapper name='logs.json' mode='a' encoding='UTF-8'> and week3-roots.pem
CONNECTION ERROR:  
Creating connection for 217.195.198.60 using <_io.TextIOWrapper name='logs.json' mode='a' encoding='UTF-8'> and week3-roots.pem
CONNECTION ERROR:  
Creating connection for 185.8.174.81 using <_io.TextIOWrapper name='logs.json' mode='a' encoding='UTF-8'> and week3-roots.pem
CONNECTION ERROR:  
Creating connection for 46.17.43.192 using <_io.TextIOWrapper name='logs.json' mode='a' encoding='UTF-8'> and week3-roots.pem
Creating connection for 193.232.108.13 using <_io.TextIOWrapper name='logs.json' mode='a' encoding='UTF-8'> and week3-roots.pem
Creating connection for 104.26.5.31 using <_io.TextIOWrapper name='logs.json' mode='a' encoding='UTF-8'> and week3-roots.pem
CONNECTION ERROR:  
Creating connection for 84.53.185.123 using <_io.TextIOWrapper name='logs.json' mode='a' encoding='UTF-8'> and week3-roots.pem
CONNECTION ERROR:  
CONNECTION ERROR:  
CONNECTION ERROR:  
CONNECTION ERROR:  
CONNECTION ERROR:  
CONNECTION ERROR:  
Creating connection for 209.177.108.58 using <_io.TextIOWrapper name='logs.json' mode='a' encoding='UTF-8'> and week3-roots.pem
CONNECTION ERROR:  
Creating connection for 172.67.203.127 using <_io.TextIOWrapper name='logs.json' mode='a' encoding='UTF-8'> and week3-roots.pem
CONNECTION ERROR:  
Creating connection for 63.33.172.123 using <_io.TextIOWrapper name='logs.json' mode='a' encoding='UTF-8'> and week3-roots.pem
CONNECTION ERROR:  
Creating connection for 167.150.16.12 using <_io.TextIOWrapper name='logs.json' mode='a' encoding='UTF-8'> and week3-roots.pem
CONNECTION ERROR:  
CONNECTION ERROR:  
CONNECTION ERROR:  
CONNECTION ERROR:  
Creating connection for 87.236.16.149 using <_io.TextIOWrapper name='logs.json' mode='a' encoding='UTF-8'> and week3-roots.pem
Creating connection for 151.101.2.216 using <_io.TextIOWrapper name='logs.json' mode='a' encoding='UTF-8'> and week3-roots.pem
CONNECTION ERROR:  
Creating connection for 65.9.86.102 using <_io.TextIOWrapper name='logs.json' mode='a' encoding='UTF-8'> and week3-roots.pem
Creating connection for 61.100.0.137 using <_io.TextIOWrapper name='logs.json' mode='a' encoding='UTF-8'> and week3-roots.pem
Creating connection for 104.21.87.230 using <_io.TextIOWrapper name='logs.json' mode='a' encoding='UTF-8'> and week3-roots.pem
CONNECTION ERROR:  
Creating connection for 31.11.33.26 using <_io.TextIOWrapper name='logs.json' mode='a' encoding='UTF-8'> and week3-roots.pem
Creating connection for 65.9.86.18 using <_io.TextIOWrapper name='logs.json' mode='a' encoding='UTF-8'> and week3-roots.pem
Creating connection for 104.26.10.249 using <_io.TextIOWrapper name='logs.json' mode='a' encoding='UTF-8'> and week3-roots.pem
CONNECTION ERROR:  
Creating connection for 127.0.0.1 using <_io.TextIOWrapper name='logs.json' mode='a' encoding='UTF-8'> and week3-roots.pem
CONNECTION ERROR:  
Creating connection for 103.209.26.19 using <_io.TextIOWrapper name='logs.json' mode='a' encoding='UTF-8'> and week3-roots.pem
CONNECTION ERROR:  [Errno 111] Connection refused
Creating connection for 134.209.137.3 using <_io.TextIOWrapper name='logs.json' mode='a' encoding='UTF-8'> and week3-roots.pem
CONNECTION ERROR:  (32, 'EPIPE')
CONNECTION ERROR:  
CONNECTION ERROR:  
CONNECTION ERROR:  
Creating connection for 188.114.96.3 using <_io.TextIOWrapper name='logs.json' mode='a' encoding='UTF-8'> and week3-roots.pem
CONNECTION ERROR:  
Creating connection for 219.99.174.102 using <_io.TextIOWrapper name='logs.json' mode='a' encoding='UTF-8'> and week3-roots.pem
Creating connection for 45.148.38.22 using <_io.TextIOWrapper name='logs.json' mode='a' encoding='UTF-8'> and week3-roots.pem
Creating connection for 35.79.31.24 using <_io.TextIOWrapper name='logs.json' mode='a' encoding='UTF-8'> and week3-roots.pem
CONNECTION ERROR:  
CONNECTION ERROR:  
CONNECTION ERROR:  
CONNECTION ERROR:  
CONNECTION ERROR:  
CONNECTION ERROR:  
Creating connection for 157.56.160.177 using <_io.TextIOWrapper name='logs.json' mode='a' encoding='UTF-8'> and week3-roots.pem
CONNECTION ERROR:  
Creating connection for 172.67.208.14 using <_io.TextIOWrapper name='logs.json' mode='a' encoding='UTF-8'> and week3-roots.pem
CONNECTION ERROR:  
Creating connection for 172.67.26.206 using <_io.TextIOWrapper name='logs.json' mode='a' encoding='UTF-8'> and week3-roots.pem
Creating connection for 65.9.86.49 using <_io.TextIOWrapper name='logs.json' mode='a' encoding='UTF-8'> and week3-roots.pem
Creating connection for 94.231.101.88 using <_io.TextIOWrapper name='logs.json' mode='a' encoding='UTF-8'> and week3-roots.pem
CONNECTION ERROR:  
Creating connection for 104.26.13.224 using <_io.TextIOWrapper name='logs.json' mode='a' encoding='UTF-8'> and week3-roots.pem
Creating connection for 192.124.249.157 using <_io.TextIOWrapper name='logs.json' mode='a' encoding='UTF-8'> and week3-roots.pem
Creating connection for 162.214.90.202 using <_io.TextIOWrapper name='logs.json' mode='a' encoding='UTF-8'> and week3-roots.pem
Creating connection for 104.21.23.92 using <_io.TextIOWrapper name='logs.json' mode='a' encoding='UTF-8'> and week3-roots.pem
Creating connection for 130.193.55.116 using <_io.TextIOWrapper name='logs.json' mode='a' encoding='UTF-8'> and week3-roots.pem
Creating connection for 195.72.134.72 using <_io.TextIOWrapper name='logs.json' mode='a' encoding='UTF-8'> and week3-roots.pem
Creating connection for 2.59.213.195 using <_io.TextIOWrapper name='logs.json' mode='a' encoding='UTF-8'> and week3-roots.pem
CONNECTION ERROR:  
CONNECTION ERROR:  
CONNECTION ERROR:  
Creating connection for 180.163.29.87 using <_io.TextIOWrapper name='logs.json' mode='a' encoding='UTF-8'> and week3-roots.pem
CONNECTION ERROR:  
CONNECTION ERROR:  timed out
CONNECTION ERROR:  
Creating connection for 23.227.38.32 using <_io.TextIOWrapper name='logs.json' mode='a' encoding='UTF-8'> and week3-roots.pem
CONNECTION ERROR:  
CONNECTION ERROR:  
Creating connection for 104.26.13.95 using <_io.TextIOWrapper name='logs.json' mode='a' encoding='UTF-8'> and week3-roots.pem
CONNECTION ERROR:  
Creating connection for 172.66.43.6 using <_io.TextIOWrapper name='logs.json' mode='a' encoding='UTF-8'> and week3-roots.pem
CONNECTION ERROR:  
CONNECTION ERROR:  
Creating connection for 20.118.56.6 using <_io.TextIOWrapper name='logs.json' mode='a' encoding='UTF-8'> and week3-roots.pem
CONNECTION ERROR:  
CONNECTION ERROR:  
CONNECTION ERROR:  
Creating connection for 5.149.248.2 using <_io.TextIOWrapper name='logs.json' mode='a' encoding='UTF-8'> and week3-roots.pem
CONNECTION ERROR:  
Creating connection for 104.21.59.195 using <_io.TextIOWrapper name='logs.json' mode='a' encoding='UTF-8'> and week3-roots.pem
CONNECTION ERROR:  
Creating connection for 210.216.95.84 using <_io.TextIOWrapper name='logs.json' mode='a' encoding='UTF-8'> and week3-roots.pem
Creating connection for 141.193.213.10 using <_io.TextIOWrapper name='logs.json' mode='a' encoding='UTF-8'> and week3-roots.pem
Creating connection for 34.206.39.153 using <_io.TextIOWrapper name='logs.json' mode='a' encoding='UTF-8'> and week3-roots.pem
Creating connection for 104.198.170.37 using <_io.TextIOWrapper name='logs.json' mode='a' encoding='UTF-8'> and week3-roots.pem
Creating connection for 136.144.222.41 using <_io.TextIOWrapper name='logs.json' mode='a' encoding='UTF-8'> and week3-roots.pem
CONNECTION ERROR:  timed out
CONNECTION ERROR:  
Creating connection for 95.78.161.212 using <_io.TextIOWrapper name='logs.json' mode='a' encoding='UTF-8'> and week3-roots.pem
Creating connection for 104.21.235.51 using <_io.TextIOWrapper name='logs.json' mode='a' encoding='UTF-8'> and week3-roots.pem
CONNECTION ERROR:  
Creating connection for 212.224.112.28 using <_io.TextIOWrapper name='logs.json' mode='a' encoding='UTF-8'> and week3-roots.pem
CONNECTION ERROR:  
Creating connection for 3.22.237.251 using <_io.TextIOWrapper name='logs.json' mode='a' encoding='UTF-8'> and week3-roots.pem
CONNECTION ERROR:  
CONNECTION ERROR:  
Creating connection for 198.49.23.144 using <_io.TextIOWrapper name='logs.json' mode='a' encoding='UTF-8'> and week3-roots.pem
CONNECTION ERROR:  
Creating connection for 172.64.146.71 using <_io.TextIOWrapper name='logs.json' mode='a' encoding='UTF-8'> and week3-roots.pem
CONNECTION ERROR:  
CONNECTION ERROR:  
Creating connection for 35.205.61.67 using <_io.TextIOWrapper name='logs.json' mode='a' encoding='UTF-8'> and week3-roots.pem
CONNECTION ERROR:  
CONNECTION ERROR:  
Creating connection for 80.172.222.140 using <_io.TextIOWrapper name='logs.json' mode='a' encoding='UTF-8'> and week3-roots.pem
CONNECTION ERROR:  
CONNECTION ERROR:  
Creating connection for 23.227.38.74 using <_io.TextIOWrapper name='logs.json' mode='a' encoding='UTF-8'> and week3-roots.pem
Creating connection for 217.182.22.25 using <_io.TextIOWrapper name='logs.json' mode='a' encoding='UTF-8'> and week3-roots.pem
Creating connection for 172.67.68.15 using <_io.TextIOWrapper name='logs.json' mode='a' encoding='UTF-8'> and week3-roots.pem
CONNECTION ERROR:  
CONNECTION ERROR:  
Creating connection for 104.26.11.246 using <_io.TextIOWrapper name='logs.json' mode='a' encoding='UTF-8'> and week3-roots.pem
Creating connection for 188.114.97.12 using <_io.TextIOWrapper name='logs.json' mode='a' encoding='UTF-8'> and week3-roots.pem
CONNECTION ERROR:  
Creating connection for 81.201.224.52 using <_io.TextIOWrapper name='logs.json' mode='a' encoding='UTF-8'> and week3-roots.pem
CONNECTION ERROR:  
CONNECTION ERROR:  
CONNECTION ERROR:  
CONNECTION ERROR:  
CONNECTION ERROR:  
Creating connection for 65.9.86.18 using <_io.TextIOWrapper name='logs.json' mode='a' encoding='UTF-8'> and week3-roots.pem
Creating connection for 172.67.185.206 using <_io.TextIOWrapper name='logs.json' mode='a' encoding='UTF-8'> and week3-roots.pem
CONNECTION ERROR:  
CONNECTION ERROR:  
CONNECTION ERROR:  
CONNECTION ERROR:  
Creating connection for 178.248.232.137 using <_io.TextIOWrapper name='logs.json' mode='a' encoding='UTF-8'> and week3-roots.pem
CONNECTION ERROR:  
Creating connection for 104.21.21.170 using <_io.TextIOWrapper name='logs.json' mode='a' encoding='UTF-8'> and week3-roots.pem
Creating connection for 172.64.151.103 using <_io.TextIOWrapper name='logs.json' mode='a' encoding='UTF-8'> and week3-roots.pem
Creating connection for 146.20.155.215 using <_io.TextIOWrapper name='logs.json' mode='a' encoding='UTF-8'> and week3-roots.pem
CONNECTION ERROR:  timed out
Creating connection for 104.21.1.237 using <_io.TextIOWrapper name='logs.json' mode='a' encoding='UTF-8'> and week3-roots.pem
Creating connection for 185.32.160.144 using <_io.TextIOWrapper name='logs.json' mode='a' encoding='UTF-8'> and week3-roots.pem
CONNECTION ERROR:  
Creating connection for 99.83.154.118 using <_io.TextIOWrapper name='logs.json' mode='a' encoding='UTF-8'> and week3-roots.pem
CONNECTION ERROR:  
Creating connection for 96.125.178.139 using <_io.TextIOWrapper name='logs.json' mode='a' encoding='UTF-8'> and week3-roots.pem
Creating connection for 23.227.38.74 using <_io.TextIOWrapper name='logs.json' mode='a' encoding='UTF-8'> and week3-roots.pem
CONNECTION ERROR:  
CONNECTION ERROR:  
Creating connection for 3.226.182.14 using <_io.TextIOWrapper name='logs.json' mode='a' encoding='UTF-8'> and week3-roots.pem
Creating connection for 87.242.0.21 using <_io.TextIOWrapper name='logs.json' mode='a' encoding='UTF-8'> and week3-roots.pem
Creating connection for 152.89.216.189 using <_io.TextIOWrapper name='logs.json' mode='a' encoding='UTF-8'> and week3-roots.pem
CONNECTION ERROR:  
Creating connection for 34.253.101.190 using <_io.TextIOWrapper name='logs.json' mode='a' encoding='UTF-8'> and week3-roots.pem
CONNECTION ERROR:  
Creating connection for 104.26.3.20 using <_io.TextIOWrapper name='logs.json' mode='a' encoding='UTF-8'> and week3-roots.pem
Creating connection for 54.38.226.132 using <_io.TextIOWrapper name='logs.json' mode='a' encoding='UTF-8'> and week3-roots.pem
CONNECTION ERROR:  
Creating connection for 185.30.157.107 using <_io.TextIOWrapper name='logs.json' mode='a' encoding='UTF-8'> and week3-roots.pem
Creating connection for 109.234.166.54 using <_io.TextIOWrapper name='logs.json' mode='a' encoding='UTF-8'> and week3-roots.pem
CONNECTION ERROR:  
CONNECTION ERROR:  
Creating connection for 47.100.161.18 using <_io.TextIOWrapper name='logs.json' mode='a' encoding='UTF-8'> and week3-roots.pem
CONNECTION ERROR:  
Creating connection for 172.67.69.112 using <_io.TextIOWrapper name='logs.json' mode='a' encoding='UTF-8'> and week3-roots.pem
CONNECTION ERROR:  
Creating connection for 162.216.6.180 using <_io.TextIOWrapper name='logs.json' mode='a' encoding='UTF-8'> and week3-roots.pem
Creating connection for 185.18.139.29 using <_io.TextIOWrapper name='logs.json' mode='a' encoding='UTF-8'> and week3-roots.pem
Creating connection for 162.250.76.167 using <_io.TextIOWrapper name='logs.json' mode='a' encoding='UTF-8'> and week3-roots.pem
CONNECTION ERROR:  timed out
Creating connection for 177.234.154.10 using <_io.TextIOWrapper name='logs.json' mode='a' encoding='UTF-8'> and week3-roots.pem
CONNECTION ERROR:  
Creating connection for 172.67.129.71 using <_io.TextIOWrapper name='logs.json' mode='a' encoding='UTF-8'> and week3-roots.pem
CONNECTION ERROR:  
CONNECTION ERROR:  
Creating connection for 20.239.114.58 using <_io.TextIOWrapper name='logs.json' mode='a' encoding='UTF-8'> and week3-roots.pem
CONNECTION ERROR:  
CONNECTION ERROR:  
CONNECTION ERROR:  
Creating connection for 104.26.10.193 using <_io.TextIOWrapper name='logs.json' mode='a' encoding='UTF-8'> and week3-roots.pem
Creating connection for 45.130.41.7 using <_io.TextIOWrapper name='logs.json' mode='a' encoding='UTF-8'> and week3-roots.pem
CONNECTION ERROR:  
Creating connection for 98.136.103.23 using <_io.TextIOWrapper name='logs.json' mode='a' encoding='UTF-8'> and week3-roots.pem
Creating connection for 172.67.173.164 using <_io.TextIOWrapper name='logs.json' mode='a' encoding='UTF-8'> and week3-roots.pem
Creating connection for 5.144.131.70 using <_io.TextIOWrapper name='logs.json' mode='a' encoding='UTF-8'> and week3-roots.pem
Creating connection for 195.78.67.19 using <_io.TextIOWrapper name='logs.json' mode='a' encoding='UTF-8'> and week3-roots.pem
Creating connection for 172.67.157.103 using <_io.TextIOWrapper name='logs.json' mode='a' encoding='UTF-8'> and week3-roots.pem
Creating connection for 162.255.118.68 using <_io.TextIOWrapper name='logs.json' mode='a' encoding='UTF-8'> and week3-roots.pem
Creating connection for 141.193.213.21 using <_io.TextIOWrapper name='logs.json' mode='a' encoding='UTF-8'> and week3-roots.pem
CONNECTION ERROR:  
Creating connection for 199.60.103.31 using <_io.TextIOWrapper name='logs.json' mode='a' encoding='UTF-8'> and week3-roots.pem
CONNECTION ERROR:  
Creating connection for 109.235.66.197 using <_io.TextIOWrapper name='logs.json' mode='a' encoding='UTF-8'> and week3-roots.pem
Creating connection for 85.192.34.124 using <_io.TextIOWrapper name='logs.json' mode='a' encoding='UTF-8'> and week3-roots.pem
CONNECTION ERROR:  
CONNECTION ERROR:  
Creating connection for 172.64.144.43 using <_io.TextIOWrapper name='logs.json' mode='a' encoding='UTF-8'> and week3-roots.pem
CONNECTION ERROR:  
CONNECTION ERROR:  
CONNECTION ERROR:  
CONNECTION ERROR:  
Creating connection for 172.67.75.147 using <_io.TextIOWrapper name='logs.json' mode='a' encoding='UTF-8'> and week3-roots.pem
Creating connection for 91.206.18.18 using <_io.TextIOWrapper name='logs.json' mode='a' encoding='UTF-8'> and week3-roots.pem
CONNECTION ERROR:  
CONNECTION ERROR:  
CONNECTION ERROR:  
CONNECTION ERROR:  
Creating connection for 34.74.54.105 using <_io.TextIOWrapper name='logs.json' mode='a' encoding='UTF-8'> and week3-roots.pem
Creating connection for 176.58.117.162 using <_io.TextIOWrapper name='logs.json' mode='a' encoding='UTF-8'> and week3-roots.pem
CONNECTION ERROR:  
CONNECTION ERROR:  
Creating connection for 23.222.67.31 using <_io.TextIOWrapper name='logs.json' mode='a' encoding='UTF-8'> and week3-roots.pem
Creating connection for 3.140.72.164 using <_io.TextIOWrapper name='logs.json' mode='a' encoding='UTF-8'> and week3-roots.pem
Creating connection for 104.21.23.52 using <_io.TextIOWrapper name='logs.json' mode='a' encoding='UTF-8'> and week3-roots.pem
CONNECTION ERROR:  
Creating connection for 84.53.185.202 using <_io.TextIOWrapper name='logs.json' mode='a' encoding='UTF-8'> and week3-roots.pem
Creating connection for 84.53.185.153 using <_io.TextIOWrapper name='logs.json' mode='a' encoding='UTF-8'> and week3-roots.pem
Creating connection for 151.112.124.102 using <_io.TextIOWrapper name='logs.json' mode='a' encoding='UTF-8'> and week3-roots.pem
Creating connection for 147.79.239.12 using <_io.TextIOWrapper name='logs.json' mode='a' encoding='UTF-8'> and week3-roots.pem
CONNECTION ERROR:  
Creating connection for 98.136.103.23 using <_io.TextIOWrapper name='logs.json' mode='a' encoding='UTF-8'> and week3-roots.pem
Creating connection for 104.21.13.228 using <_io.TextIOWrapper name='logs.json' mode='a' encoding='UTF-8'> and week3-roots.pem
CONNECTION ERROR:  
Creating connection for 50.87.196.244 using <_io.TextIOWrapper name='logs.json' mode='a' encoding='UTF-8'> and week3-roots.pem
Creating connection for 184.168.99.248 using <_io.TextIOWrapper name='logs.json' mode='a' encoding='UTF-8'> and week3-roots.pem
CONNECTION ERROR:  timed out
CONNECTION ERROR:  
CONNECTION ERROR:  
Creating connection for 185.107.56.195 using <_io.TextIOWrapper name='logs.json' mode='a' encoding='UTF-8'> and week3-roots.pem
CONNECTION ERROR:  
Creating connection for 195.110.38.160 using <_io.TextIOWrapper name='logs.json' mode='a' encoding='UTF-8'> and week3-roots.pem
CONNECTION ERROR:  [Errno 111] Connection refused
Creating connection for 74.206.161.133 using <_io.TextIOWrapper name='logs.json' mode='a' encoding='UTF-8'> and week3-roots.pem
CONNECTION ERROR:  [Errno 111] Connection refused
CONNECTION ERROR:  
CONNECTION ERROR:  
Creating connection for 172.67.218.81 using <_io.TextIOWrapper name='logs.json' mode='a' encoding='UTF-8'> and week3-roots.pem
CONNECTION ERROR:  (32, 'EPIPE')
CONNECTION ERROR:  (32, 'EPIPE')
Creating connection for 195.56.193.182 using <_io.TextIOWrapper name='logs.json' mode='a' encoding='UTF-8'> and week3-roots.pem
CONNECTION ERROR:  
Creating connection for 185.104.29.82 using <_io.TextIOWrapper name='logs.json' mode='a' encoding='UTF-8'> and week3-roots.pem
CONNECTION ERROR:  
CONNECTION ERROR:  
CONNECTION ERROR:  
CONNECTION ERROR:  
CONNECTION ERROR:  
Creating connection for 172.67.170.141 using <_io.TextIOWrapper name='logs.json' mode='a' encoding='UTF-8'> and week3-roots.pem
CONNECTION ERROR:  timed out
Creating connection for 172.96.184.194 using <_io.TextIOWrapper name='logs.json' mode='a' encoding='UTF-8'> and week3-roots.pem
Creating connection for 104.17.37.150 using <_io.TextIOWrapper name='logs.json' mode='a' encoding='UTF-8'> and week3-roots.pem
CONNECTION ERROR:  
Creating connection for 54.199.111.106 using <_io.TextIOWrapper name='logs.json' mode='a' encoding='UTF-8'> and week3-roots.pem
CONNECTION ERROR:  
Creating connection for 159.69.70.79 using <_io.TextIOWrapper name='logs.json' mode='a' encoding='UTF-8'> and week3-roots.pem
CONNECTION ERROR:  
Creating connection for 35.186.216.179 using <_io.TextIOWrapper name='logs.json' mode='a' encoding='UTF-8'> and week3-roots.pem
CONNECTION ERROR:  
CONNECTION ERROR:  
Creating connection for 85.222.233.97 using <_io.TextIOWrapper name='logs.json' mode='a' encoding='UTF-8'> and week3-roots.pem
Creating connection for 104.18.2.43 using <_io.TextIOWrapper name='logs.json' mode='a' encoding='UTF-8'> and week3-roots.pem
Creating connection for 3.125.58.169 using <_io.TextIOWrapper name='logs.json' mode='a' encoding='UTF-8'> and week3-roots.pem
Creating connection for 35.231.45.241 using <_io.TextIOWrapper name='logs.json' mode='a' encoding='UTF-8'> and week3-roots.pem
Creating connection for 104.16.77.120 using <_io.TextIOWrapper name='logs.json' mode='a' encoding='UTF-8'> and week3-roots.pem
CONNECTION ERROR:  
CONNECTION ERROR:  
Creating connection for 185.56.234.112 using <_io.TextIOWrapper name='logs.json' mode='a' encoding='UTF-8'> and week3-roots.pem
Creating connection for 151.101.194.133 using <_io.TextIOWrapper name='logs.json' mode='a' encoding='UTF-8'> and week3-roots.pem
CONNECTION ERROR:  
CONNECTION ERROR:  
Creating connection for 151.101.194.159 using <_io.TextIOWrapper name='logs.json' mode='a' encoding='UTF-8'> and week3-roots.pem
CONNECTION ERROR:  
Creating connection for 45.130.41.26 using <_io.TextIOWrapper name='logs.json' mode='a' encoding='UTF-8'> and week3-roots.pem
CONNECTION ERROR:  
Creating connection for 129.123.54.211 using <_io.TextIOWrapper name='logs.json' mode='a' encoding='UTF-8'> and week3-roots.pem
Creating connection for 90.156.201.34 using <_io.TextIOWrapper name='logs.json' mode='a' encoding='UTF-8'> and week3-roots.pem
CONNECTION ERROR:  
CONNECTION ERROR:  
Creating connection for 141.193.213.20 using <_io.TextIOWrapper name='logs.json' mode='a' encoding='UTF-8'> and week3-roots.pem
Creating connection for 104.248.49.93 using <_io.TextIOWrapper name='logs.json' mode='a' encoding='UTF-8'> and week3-roots.pem
CONNECTION ERROR:  
Creating connection for 185.56.187.62 using <_io.TextIOWrapper name='logs.json' mode='a' encoding='UTF-8'> and week3-roots.pem
CONNECTION ERROR:  
Creating connection for 3.212.248.54 using <_io.TextIOWrapper name='logs.json' mode='a' encoding='UTF-8'> and week3-roots.pem
CONNECTION ERROR:  
CONNECTION ERROR:  
CONNECTION ERROR:  
CONNECTION ERROR:  
Creating connection for 173.237.170.40 using <_io.TextIOWrapper name='logs.json' mode='a' encoding='UTF-8'> and week3-roots.pem
CONNECTION ERROR:  
Creating connection for 212.108.98.118 using <_io.TextIOWrapper name='logs.json' mode='a' encoding='UTF-8'> and week3-roots.pem
CONNECTION ERROR:  
Creating connection for 81.169.193.144 using <_io.TextIOWrapper name='logs.json' mode='a' encoding='UTF-8'> and week3-roots.pem
Creating connection for 104.18.16.117 using <_io.TextIOWrapper name='logs.json' mode='a' encoding='UTF-8'> and week3-roots.pem
Creating connection for 23.225.39.77 using <_io.TextIOWrapper name='logs.json' mode='a' encoding='UTF-8'> and week3-roots.pem
CONNECTION ERROR:  
CONNECTION ERROR:  
Creating connection for 65.9.86.125 using <_io.TextIOWrapper name='logs.json' mode='a' encoding='UTF-8'> and week3-roots.pem
Creating connection for 104.21.34.86 using <_io.TextIOWrapper name='logs.json' mode='a' encoding='UTF-8'> and week3-roots.pem
Creating connection for 65.9.86.124 using <_io.TextIOWrapper name='logs.json' mode='a' encoding='UTF-8'> and week3-roots.pem
CONNECTION ERROR:  
Creating connection for 188.114.97.12 using <_io.TextIOWrapper name='logs.json' mode='a' encoding='UTF-8'> and week3-roots.pem
CONNECTION ERROR:  
Creating connection for 104.21.58.167 using <_io.TextIOWrapper name='logs.json' mode='a' encoding='UTF-8'> and week3-roots.pem
Creating connection for 104.21.28.16 using <_io.TextIOWrapper name='logs.json' mode='a' encoding='UTF-8'> and week3-roots.pem
Creating connection for 91.219.112.20 using <_io.TextIOWrapper name='logs.json' mode='a' encoding='UTF-8'> and week3-roots.pem
Creating connection for 172.67.71.47 using <_io.TextIOWrapper name='logs.json' mode='a' encoding='UTF-8'> and week3-roots.pem
CONNECTION ERROR:  
CONNECTION ERROR:  
Creating connection for 51.140.47.243 using <_io.TextIOWrapper name='logs.json' mode='a' encoding='UTF-8'> and week3-roots.pem
Creating connection for 172.67.139.94 using <_io.TextIOWrapper name='logs.json' mode='a' encoding='UTF-8'> and week3-roots.pem
CONNECTION ERROR:  
CONNECTION ERROR:  
CONNECTION ERROR:  
Creating connection for 183.131.200.168 using <_io.TextIOWrapper name='logs.json' mode='a' encoding='UTF-8'> and week3-roots.pem
Creating connection for 104.21.60.151 using <_io.TextIOWrapper name='logs.json' mode='a' encoding='UTF-8'> and week3-roots.pem
Creating connection for 13.51.189.172 using <_io.TextIOWrapper name='logs.json' mode='a' encoding='UTF-8'> and week3-roots.pem
CONNECTION ERROR:  
Creating connection for 104.21.68.156 using <_io.TextIOWrapper name='logs.json' mode='a' encoding='UTF-8'> and week3-roots.pem
Creating connection for 172.67.182.180 using <_io.TextIOWrapper name='logs.json' mode='a' encoding='UTF-8'> and week3-roots.pem
CONNECTION ERROR:  
CONNECTION ERROR:  
CONNECTION ERROR:  
CONNECTION ERROR:  
CONNECTION ERROR:  
CONNECTION ERROR:  
CONNECTION ERROR:  
Creating connection for 52.72.3.131 using <_io.TextIOWrapper name='logs.json' mode='a' encoding='UTF-8'> and week3-roots.pem
CONNECTION ERROR:  
CONNECTION ERROR:  timed out
Creating connection for 104.20.205.70 using <_io.TextIOWrapper name='logs.json' mode='a' encoding='UTF-8'> and week3-roots.pem
Creating connection for 216.58.214.9 using <_io.TextIOWrapper name='logs.json' mode='a' encoding='UTF-8'> and week3-roots.pem
Creating connection for 163.44.198.51 using <_io.TextIOWrapper name='logs.json' mode='a' encoding='UTF-8'> and week3-roots.pem
CONNECTION ERROR:  
Creating connection for 219.99.174.101 using <_io.TextIOWrapper name='logs.json' mode='a' encoding='UTF-8'> and week3-roots.pem
Creating connection for 13.107.213.67 using <_io.TextIOWrapper name='logs.json' mode='a' encoding='UTF-8'> and week3-roots.pem
CONNECTION ERROR:  
Creating connection for 116.177.248.72 using <_io.TextIOWrapper name='logs.json' mode='a' encoding='UTF-8'> and week3-roots.pem
CONNECTION ERROR:  
CONNECTION ERROR:  
Creating connection for 31.31.198.99 using <_io.TextIOWrapper name='logs.json' mode='a' encoding='UTF-8'> and week3-roots.pem
CONNECTION ERROR:  
CONNECTION ERROR:  
CONNECTION ERROR:  
Creating connection for 193.105.210.21 using <_io.TextIOWrapper name='logs.json' mode='a' encoding='UTF-8'> and week3-roots.pem
Creating connection for 104.21.71.113 using <_io.TextIOWrapper name='logs.json' mode='a' encoding='UTF-8'> and week3-roots.pem
Creating connection for 18.134.192.55 using <_io.TextIOWrapper name='logs.json' mode='a' encoding='UTF-8'> and week3-roots.pem
Creating connection for 188.114.96.3 using <_io.TextIOWrapper name='logs.json' mode='a' encoding='UTF-8'> and week3-roots.pem
Creating connection for 141.193.213.11 using <_io.TextIOWrapper name='logs.json' mode='a' encoding='UTF-8'> and week3-roots.pem
Creating connection for 208.91.199.47 using <_io.TextIOWrapper name='logs.json' mode='a' encoding='UTF-8'> and week3-roots.pem
CONNECTION ERROR:  
CONNECTION ERROR:  
CONNECTION ERROR:  
CONNECTION ERROR:  
Creating connection for 157.56.160.177 using <_io.TextIOWrapper name='logs.json' mode='a' encoding='UTF-8'> and week3-roots.pem
CONNECTION ERROR:  
Creating connection for 172.65.246.193 using <_io.TextIOWrapper name='logs.json' mode='a' encoding='UTF-8'> and week3-roots.pem
CONNECTION ERROR:  
CONNECTION ERROR:  
CONNECTION ERROR:  
CONNECTION ERROR:  
CONNECTION ERROR:  
CONNECTION ERROR:  
Creating connection for 78.135.67.165 using <_io.TextIOWrapper name='logs.json' mode='a' encoding='UTF-8'> and week3-roots.pem
Creating connection for 123.57.212.49 using <_io.TextIOWrapper name='logs.json' mode='a' encoding='UTF-8'> and week3-roots.pem
Creating connection for 172.67.210.206 using <_io.TextIOWrapper name='logs.json' mode='a' encoding='UTF-8'> and week3-roots.pem
CONNECTION ERROR:  
Creating connection for 66.85.248.20 using <_io.TextIOWrapper name='logs.json' mode='a' encoding='UTF-8'> and week3-roots.pem
CONNECTION ERROR:  
Creating connection for 172.67.159.251 using <_io.TextIOWrapper name='logs.json' mode='a' encoding='UTF-8'> and week3-roots.pem
CONNECTION ERROR:  
Creating connection for 99.83.154.118 using <_io.TextIOWrapper name='logs.json' mode='a' encoding='UTF-8'> and week3-roots.pem
CONNECTION ERROR:  
Creating connection for 45.60.77.254 using <_io.TextIOWrapper name='logs.json' mode='a' encoding='UTF-8'> and week3-roots.pem
CONNECTION ERROR:  
Creating connection for 94.23.123.139 using <_io.TextIOWrapper name='logs.json' mode='a' encoding='UTF-8'> and week3-roots.pem
Creating connection for 104.21.88.171 using <_io.TextIOWrapper name='logs.json' mode='a' encoding='UTF-8'> and week3-roots.pem
Creating connection for 195.201.74.20 using <_io.TextIOWrapper name='logs.json' mode='a' encoding='UTF-8'> and week3-roots.pem
CONNECTION ERROR:  
CONNECTION ERROR:  
CONNECTION ERROR:  
CONNECTION ERROR:  
Creating connection for 130.61.65.140 using <_io.TextIOWrapper name='logs.json' mode='a' encoding='UTF-8'> and week3-roots.pem
CONNECTION ERROR:  
CONNECTION ERROR:  timed out
Creating connection for 59.37.162.133 using <_io.TextIOWrapper name='logs.json' mode='a' encoding='UTF-8'> and week3-roots.pem
Creating connection for 52.70.230.134 using <_io.TextIOWrapper name='logs.json' mode='a' encoding='UTF-8'> and week3-roots.pem
CONNECTION ERROR:  
Creating connection for 83.219.30.151 using <_io.TextIOWrapper name='logs.json' mode='a' encoding='UTF-8'> and week3-roots.pem
CONNECTION ERROR:  
CONNECTION ERROR:  
Creating connection for 104.26.0.145 using <_io.TextIOWrapper name='logs.json' mode='a' encoding='UTF-8'> and week3-roots.pem
CONNECTION ERROR:  
Creating connection for 76.76.21.9 using <_io.TextIOWrapper name='logs.json' mode='a' encoding='UTF-8'> and week3-roots.pem
Creating connection for 212.92.23.213 using <_io.TextIOWrapper name='logs.json' mode='a' encoding='UTF-8'> and week3-roots.pem
CONNECTION ERROR:  
CONNECTION ERROR:  
Creating connection for 104.21.64.33 using <_io.TextIOWrapper name='logs.json' mode='a' encoding='UTF-8'> and week3-roots.pem
Creating connection for 83.150.213.99 using <_io.TextIOWrapper name='logs.json' mode='a' encoding='UTF-8'> and week3-roots.pem
Creating connection for 104.20.109.77 using <_io.TextIOWrapper name='logs.json' mode='a' encoding='UTF-8'> and week3-roots.pem
CONNECTION ERROR:  
Creating connection for 45.33.85.212 using <_io.TextIOWrapper name='logs.json' mode='a' encoding='UTF-8'> and week3-roots.pem
Creating connection for 216.92.119.65 using <_io.TextIOWrapper name='logs.json' mode='a' encoding='UTF-8'> and week3-roots.pem
CONNECTION ERROR:  
CONNECTION ERROR:  
Creating connection for 89.108.125.60 using <_io.TextIOWrapper name='logs.json' mode='a' encoding='UTF-8'> and week3-roots.pem
CONNECTION ERROR:  
CONNECTION ERROR:  
CONNECTION ERROR:  
CONNECTION ERROR:  
CONNECTION ERROR:  
CONNECTION ERROR:  
Creating connection for 198.251.78.216 using <_io.TextIOWrapper name='logs.json' mode='a' encoding='UTF-8'> and week3-roots.pem
CONNECTION ERROR:  
Creating connection for 52.60.48.235 using <_io.TextIOWrapper name='logs.json' mode='a' encoding='UTF-8'> and week3-roots.pem
Creating connection for 46.148.234.205 using <_io.TextIOWrapper name='logs.json' mode='a' encoding='UTF-8'> and week3-roots.pem
Creating connection for 52.51.52.237 using <_io.TextIOWrapper name='logs.json' mode='a' encoding='UTF-8'> and week3-roots.pem
Creating connection for 185.191.214.154 using <_io.TextIOWrapper name='logs.json' mode='a' encoding='UTF-8'> and week3-roots.pem
CONNECTION ERROR:  
Creating connection for 208.91.197.26 using <_io.TextIOWrapper name='logs.json' mode='a' encoding='UTF-8'> and week3-roots.pem
Creating connection for 99.83.154.118 using <_io.TextIOWrapper name='logs.json' mode='a' encoding='UTF-8'> and week3-roots.pem
Creating connection for 198.185.159.145 using <_io.TextIOWrapper name='logs.json' mode='a' encoding='UTF-8'> and week3-roots.pem
CONNECTION ERROR:  
Creating connection for 193.73.122.21 using <_io.TextIOWrapper name='logs.json' mode='a' encoding='UTF-8'> and week3-roots.pem
Creating connection for 18.233.3.105 using <_io.TextIOWrapper name='logs.json' mode='a' encoding='UTF-8'> and week3-roots.pem
Creating connection for 193.203.118.34 using <_io.TextIOWrapper name='logs.json' mode='a' encoding='UTF-8'> and week3-roots.pem
CONNECTION ERROR:  
Creating connection for 193.29.201.57 using <_io.TextIOWrapper name='logs.json' mode='a' encoding='UTF-8'> and week3-roots.pem
Creating connection for 49.247.25.149 using <_io.TextIOWrapper name='logs.json' mode='a' encoding='UTF-8'> and week3-roots.pem
Creating connection for 151.106.123.77 using <_io.TextIOWrapper name='logs.json' mode='a' encoding='UTF-8'> and week3-roots.pem
CONNECTION ERROR:  
CONNECTION ERROR:  
CONNECTION ERROR:  [Errno 111] Connection refused
Creating connection for 208.91.197.26 using <_io.TextIOWrapper name='logs.json' mode='a' encoding='UTF-8'> and week3-roots.pem
CONNECTION ERROR:  (32, 'EPIPE')
Creating connection for 172.64.149.129 using <_io.TextIOWrapper name='logs.json' mode='a' encoding='UTF-8'> and week3-roots.pem
Creating connection for 98.136.103.23 using <_io.TextIOWrapper name='logs.json' mode='a' encoding='UTF-8'> and week3-roots.pem
CONNECTION ERROR:  
Creating connection for 44.208.190.220 using <_io.TextIOWrapper name='logs.json' mode='a' encoding='UTF-8'> and week3-roots.pem
Creating connection for 5.9.157.157 using <_io.TextIOWrapper name='logs.json' mode='a' encoding='UTF-8'> and week3-roots.pem
Creating connection for 188.114.96.12 using <_io.TextIOWrapper name='logs.json' mode='a' encoding='UTF-8'> and week3-roots.pem
Creating connection for 65.9.86.52 using <_io.TextIOWrapper name='logs.json' mode='a' encoding='UTF-8'> and week3-roots.pem
Creating connection for 96.16.53.201 using <_io.TextIOWrapper name='logs.json' mode='a' encoding='UTF-8'> and week3-roots.pem
Creating connection for 112.90.43.132 using <_io.TextIOWrapper name='logs.json' mode='a' encoding='UTF-8'> and week3-roots.pem
Creating connection for 104.21.2.130 using <_io.TextIOWrapper name='logs.json' mode='a' encoding='UTF-8'> and week3-roots.pem
Creating connection for 35.208.61.53 using <_io.TextIOWrapper name='logs.json' mode='a' encoding='UTF-8'> and week3-roots.pem
Creating connection for 3.209.193.243 using <_io.TextIOWrapper name='logs.json' mode='a' encoding='UTF-8'> and week3-roots.pem
Creating connection for 65.9.86.67 using <_io.TextIOWrapper name='logs.json' mode='a' encoding='UTF-8'> and week3-roots.pem
CONNECTION ERROR:  
CONNECTION ERROR:  
Creating connection for 208.91.197.127 using <_io.TextIOWrapper name='logs.json' mode='a' encoding='UTF-8'> and week3-roots.pem
Creating connection for 172.67.153.125 using <_io.TextIOWrapper name='logs.json' mode='a' encoding='UTF-8'> and week3-roots.pem
Creating connection for 109.195.241.180 using <_io.TextIOWrapper name='logs.json' mode='a' encoding='UTF-8'> and week3-roots.pem
Creating connection for 172.67.220.77 using <_io.TextIOWrapper name='logs.json' mode='a' encoding='UTF-8'> and week3-roots.pem
Creating connection for 104.37.188.117 using <_io.TextIOWrapper name='logs.json' mode='a' encoding='UTF-8'> and week3-roots.pem
CONNECTION ERROR:  
CONNECTION ERROR:  
Creating connection for 213.192.249.251 using <_io.TextIOWrapper name='logs.json' mode='a' encoding='UTF-8'> and week3-roots.pem
Creating connection for 104.21.66.191 using <_io.TextIOWrapper name='logs.json' mode='a' encoding='UTF-8'> and week3-roots.pem
CONNECTION ERROR:  
CONNECTION ERROR:  
CONNECTION ERROR:  
CONNECTION ERROR:  
Creating connection for 65.9.86.121 using <_io.TextIOWrapper name='logs.json' mode='a' encoding='UTF-8'> and week3-roots.pem
CONNECTION ERROR:  
Creating connection for 38.242.132.209 using <_io.TextIOWrapper name='logs.json' mode='a' encoding='UTF-8'> and week3-roots.pem
CONNECTION ERROR:  
CONNECTION ERROR:  
CONNECTION ERROR:  
Creating connection for 139.131.171.7 using <_io.TextIOWrapper name='logs.json' mode='a' encoding='UTF-8'> and week3-roots.pem
CONNECTION ERROR:  
CONNECTION ERROR:  
CONNECTION ERROR:  
Creating connection for 104.18.23.244 using <_io.TextIOWrapper name='logs.json' mode='a' encoding='UTF-8'> and week3-roots.pem
CONNECTION ERROR:  [Errno 111] Connection refused
CONNECTION ERROR:  
CONNECTION ERROR:  
Creating connection for 24.248.93.91 using <_io.TextIOWrapper name='logs.json' mode='a' encoding='UTF-8'> and week3-roots.pem
CONNECTION ERROR:  
Creating connection for 54.244.252.127 using <_io.TextIOWrapper name='logs.json' mode='a' encoding='UTF-8'> and week3-roots.pem
CONNECTION ERROR:  
CONNECTION ERROR:  
Creating connection for 185.139.148.180 using <_io.TextIOWrapper name='logs.json' mode='a' encoding='UTF-8'> and week3-roots.pem
CONNECTION ERROR:  
Creating connection for 65.9.86.72 using <_io.TextIOWrapper name='logs.json' mode='a' encoding='UTF-8'> and week3-roots.pem
CONNECTION ERROR:  (32, 'EPIPE')
CONNECTION ERROR:  
Creating connection for 45.33.2.79 using <_io.TextIOWrapper name='logs.json' mode='a' encoding='UTF-8'> and week3-roots.pem
Creating connection for 104.21.54.250 using <_io.TextIOWrapper name='logs.json' mode='a' encoding='UTF-8'> and week3-roots.pem
Creating connection for 135.181.131.152 using <_io.TextIOWrapper name='logs.json' mode='a' encoding='UTF-8'> and week3-roots.pem
Creating connection for 188.114.97.3 using <_io.TextIOWrapper name='logs.json' mode='a' encoding='UTF-8'> and week3-roots.pem
Creating connection for 173.195.49.182 using <_io.TextIOWrapper name='logs.json' mode='a' encoding='UTF-8'> and week3-roots.pem
Creating connection for 35.209.208.208 using <_io.TextIOWrapper name='logs.json' mode='a' encoding='UTF-8'> and week3-roots.pem
CONNECTION ERROR:  
Creating connection for 72.32.131.23 using <_io.TextIOWrapper name='logs.json' mode='a' encoding='UTF-8'> and week3-roots.pem
CONNECTION ERROR:  
CONNECTION ERROR:  
CONNECTION ERROR:  
CONNECTION ERROR:  
CONNECTION ERROR:  
CONNECTION ERROR:  
CONNECTION ERROR:  
Creating connection for 104.21.69.187 using <_io.TextIOWrapper name='logs.json' mode='a' encoding='UTF-8'> and week3-roots.pem
Creating connection for 192.136.67.206 using <_io.TextIOWrapper name='logs.json' mode='a' encoding='UTF-8'> and week3-roots.pem
Creating connection for 66.192.17.81 using <_io.TextIOWrapper name='logs.json' mode='a' encoding='UTF-8'> and week3-roots.pem
CONNECTION ERROR:  
Creating connection for 178.32.237.17 using <_io.TextIOWrapper name='logs.json' mode='a' encoding='UTF-8'> and week3-roots.pem
CONNECTION ERROR:  
CONNECTION ERROR:  
CONNECTION ERROR:  timed out
CONNECTION ERROR:  
CONNECTION ERROR:  
CONNECTION ERROR:  
Creating connection for 107.162.228.20 using <_io.TextIOWrapper name='logs.json' mode='a' encoding='UTF-8'> and week3-roots.pem
Creating connection for 151.236.35.231 using <_io.TextIOWrapper name='logs.json' mode='a' encoding='UTF-8'> and week3-roots.pem
CONNECTION ERROR:  
Creating connection for 75.2.18.233 using <_io.TextIOWrapper name='logs.json' mode='a' encoding='UTF-8'> and week3-roots.pem
Creating connection for 104.26.14.4 using <_io.TextIOWrapper name='logs.json' mode='a' encoding='UTF-8'> and week3-roots.pem
Creating connection for 65.9.86.58 using <_io.TextIOWrapper name='logs.json' mode='a' encoding='UTF-8'> and week3-roots.pem
Creating connection for 194.1.147.18 using <_io.TextIOWrapper name='logs.json' mode='a' encoding='UTF-8'> and week3-roots.pem
Creating connection for 84.53.185.185 using <_io.TextIOWrapper name='logs.json' mode='a' encoding='UTF-8'> and week3-roots.pem
Creating connection for 52.86.6.113 using <_io.TextIOWrapper name='logs.json' mode='a' encoding='UTF-8'> and week3-roots.pem
Creating connection for 69.16.238.138 using <_io.TextIOWrapper name='logs.json' mode='a' encoding='UTF-8'> and week3-roots.pem
Creating connection for 104.21.11.71 using <_io.TextIOWrapper name='logs.json' mode='a' encoding='UTF-8'> and week3-roots.pem
CONNECTION ERROR:  
Creating connection for 65.9.86.46 using <_io.TextIOWrapper name='logs.json' mode='a' encoding='UTF-8'> and week3-roots.pem
CONNECTION ERROR:  
Creating connection for 172.67.75.21 using <_io.TextIOWrapper name='logs.json' mode='a' encoding='UTF-8'> and week3-roots.pem
CONNECTION ERROR:  
Creating connection for 107.180.41.94 using <_io.TextIOWrapper name='logs.json' mode='a' encoding='UTF-8'> and week3-roots.pem
CONNECTION ERROR:  
CONNECTION ERROR:  
CONNECTION ERROR:  
Creating connection for 65.9.86.62 using <_io.TextIOWrapper name='logs.json' mode='a' encoding='UTF-8'> and week3-roots.pem
Creating connection for 65.9.86.74 using <_io.TextIOWrapper name='logs.json' mode='a' encoding='UTF-8'> and week3-roots.pem
Creating connection for 104.21.35.4 using <_io.TextIOWrapper name='logs.json' mode='a' encoding='UTF-8'> and week3-roots.pem
CONNECTION ERROR:  
CONNECTION ERROR:  
Creating connection for 119.59.124.166 using <_io.TextIOWrapper name='logs.json' mode='a' encoding='UTF-8'> and week3-roots.pem
Creating connection for 154.91.18.179 using <_io.TextIOWrapper name='logs.json' mode='a' encoding='UTF-8'> and week3-roots.pem
CONNECTION ERROR:  
CONNECTION ERROR:  
Creating connection for 47.95.227.34 using <_io.TextIOWrapper name='logs.json' mode='a' encoding='UTF-8'> and week3-roots.pem
Creating connection for 172.17.23.15 using <_io.TextIOWrapper name='logs.json' mode='a' encoding='UTF-8'> and week3-roots.pem
CONNECTION ERROR:  
Creating connection for 141.193.213.20 using <_io.TextIOWrapper name='logs.json' mode='a' encoding='UTF-8'> and week3-roots.pem
CONNECTION ERROR:  
Creating connection for 68.66.213.127 using <_io.TextIOWrapper name='logs.json' mode='a' encoding='UTF-8'> and week3-roots.pem
Creating connection for 146.59.198.155 using <_io.TextIOWrapper name='logs.json' mode='a' encoding='UTF-8'> and week3-roots.pem
Creating connection for 52.206.238.9 using <_io.TextIOWrapper name='logs.json' mode='a' encoding='UTF-8'> and week3-roots.pem
CONNECTION ERROR:  
CONNECTION ERROR:  
Creating connection for 37.97.134.236 using <_io.TextIOWrapper name='logs.json' mode='a' encoding='UTF-8'> and week3-roots.pem
CONNECTION ERROR:  
CONNECTION ERROR:  
CONNECTION ERROR:  
CONNECTION ERROR:  
CONNECTION ERROR:  
CONNECTION ERROR:  
Creating connection for 203.107.44.133 using <_io.TextIOWrapper name='logs.json' mode='a' encoding='UTF-8'> and week3-roots.pem
CONNECTION ERROR:  
CONNECTION ERROR:  
Creating connection for 151.101.130.211 using <_io.TextIOWrapper name='logs.json' mode='a' encoding='UTF-8'> and week3-roots.pem
CONNECTION ERROR:  
CONNECTION ERROR:  
CONNECTION ERROR:  timed out
CONNECTION ERROR:  
CONNECTION ERROR:  
Creating connection for 192.104.182.109 using <_io.TextIOWrapper name='logs.json' mode='a' encoding='UTF-8'> and week3-roots.pem
Creating connection for 78.41.145.34 using <_io.TextIOWrapper name='logs.json' mode='a' encoding='UTF-8'> and week3-roots.pem
CONNECTION ERROR:  
Creating connection for 45.60.109.115 using <_io.TextIOWrapper name='logs.json' mode='a' encoding='UTF-8'> and week3-roots.pem
CONNECTION ERROR:  
Creating connection for 104.20.203.27 using <_io.TextIOWrapper name='logs.json' mode='a' encoding='UTF-8'> and week3-roots.pem
Creating connection for 5.101.152.2 using <_io.TextIOWrapper name='logs.json' mode='a' encoding='UTF-8'> and week3-roots.pem
Creating connection for 65.9.86.46 using <_io.TextIOWrapper name='logs.json' mode='a' encoding='UTF-8'> and week3-roots.pem
Creating connection for 130.0.0.211 using <_io.TextIOWrapper name='logs.json' mode='a' encoding='UTF-8'> and week3-roots.pem
Creating connection for 104.26.2.97 using <_io.TextIOWrapper name='logs.json' mode='a' encoding='UTF-8'> and week3-roots.pem
CONNECTION ERROR:  
Creating connection for 45.33.2.79 using <_io.TextIOWrapper name='logs.json' mode='a' encoding='UTF-8'> and week3-roots.pem
Creating connection for 23.227.38.32 using <_io.TextIOWrapper name='logs.json' mode='a' encoding='UTF-8'> and week3-roots.pem
Creating connection for 66.203.125.22 using <_io.TextIOWrapper name='logs.json' mode='a' encoding='UTF-8'> and week3-roots.pem
Creating connection for 104.18.18.242 using <_io.TextIOWrapper name='logs.json' mode='a' encoding='UTF-8'> and week3-roots.pem
Creating connection for 104.21.70.123 using <_io.TextIOWrapper name='logs.json' mode='a' encoding='UTF-8'> and week3-roots.pem
CONNECTION ERROR:  
Creating connection for 198.22.176.49 using <_io.TextIOWrapper name='logs.json' mode='a' encoding='UTF-8'> and week3-roots.pem
Creating connection for 67.227.152.83 using <_io.TextIOWrapper name='logs.json' mode='a' encoding='UTF-8'> and week3-roots.pem
CONNECTION ERROR:  
Creating connection for 52.57.49.36 using <_io.TextIOWrapper name='logs.json' mode='a' encoding='UTF-8'> and week3-roots.pem
Creating connection for 157.230.6.220 using <_io.TextIOWrapper name='logs.json' mode='a' encoding='UTF-8'> and week3-roots.pem
Creating connection for 142.250.179.179 using <_io.TextIOWrapper name='logs.json' mode='a' encoding='UTF-8'> and week3-roots.pem
CONNECTION ERROR:  
Creating connection for 129.121.16.226 using <_io.TextIOWrapper name='logs.json' mode='a' encoding='UTF-8'> and week3-roots.pem
Creating connection for 39.96.251.72 using <_io.TextIOWrapper name='logs.json' mode='a' encoding='UTF-8'> and week3-roots.pem
CONNECTION ERROR:  
Creating connection for 50.115.168.9 using <_io.TextIOWrapper name='logs.json' mode='a' encoding='UTF-8'> and week3-roots.pem
Creating connection for 193.0.170.24 using <_io.TextIOWrapper name='logs.json' mode='a' encoding='UTF-8'> and week3-roots.pem
Creating connection for 69.16.192.217 using <_io.TextIOWrapper name='logs.json' mode='a' encoding='UTF-8'> and week3-roots.pem
CONNECTION ERROR:  
Creating connection for 185.230.63.171 using <_io.TextIOWrapper name='logs.json' mode='a' encoding='UTF-8'> and week3-roots.pem
CONNECTION ERROR:  
CONNECTION ERROR:  timed out
CONNECTION ERROR:  
CONNECTION ERROR:  
Creating connection for 217.160.0.28 using <_io.TextIOWrapper name='logs.json' mode='a' encoding='UTF-8'> and week3-roots.pem
Creating connection for 23.227.38.32 using <_io.TextIOWrapper name='logs.json' mode='a' encoding='UTF-8'> and week3-roots.pem
Creating connection for 3.33.152.147 using <_io.TextIOWrapper name='logs.json' mode='a' encoding='UTF-8'> and week3-roots.pem
Creating connection for 150.138.92.30 using <_io.TextIOWrapper name='logs.json' mode='a' encoding='UTF-8'> and week3-roots.pem
CONNECTION ERROR:  
Creating connection for 18.184.197.212 using <_io.TextIOWrapper name='logs.json' mode='a' encoding='UTF-8'> and week3-roots.pem
CONNECTION ERROR:  
Creating connection for 66.150.205.180 using <_io.TextIOWrapper name='logs.json' mode='a' encoding='UTF-8'> and week3-roots.pem
CONNECTION ERROR:  
CONNECTION ERROR:  
CONNECTION ERROR:  
CONNECTION ERROR:  
CONNECTION ERROR:  
Creating connection for 43.129.211.222 using <_io.TextIOWrapper name='logs.json' mode='a' encoding='UTF-8'> and week3-roots.pem
CONNECTION ERROR:  
CONNECTION ERROR:  
Creating connection for 188.114.97.3 using <_io.TextIOWrapper name='logs.json' mode='a' encoding='UTF-8'> and week3-roots.pem
CONNECTION ERROR:  
Creating connection for 209.94.177.4 using <_io.TextIOWrapper name='logs.json' mode='a' encoding='UTF-8'> and week3-roots.pem
Creating connection for 160.111.244.22 using <_io.TextIOWrapper name='logs.json' mode='a' encoding='UTF-8'> and week3-roots.pem
Creating connection for 76.76.21.61 using <_io.TextIOWrapper name='logs.json' mode='a' encoding='UTF-8'> and week3-roots.pem
CONNECTION ERROR:  
Creating connection for 104.26.11.249 using <_io.TextIOWrapper name='logs.json' mode='a' encoding='UTF-8'> and week3-roots.pem
Creating connection for 23.236.62.147 using <_io.TextIOWrapper name='logs.json' mode='a' encoding='UTF-8'> and week3-roots.pem
Creating connection for 13.209.238.4 using <_io.TextIOWrapper name='logs.json' mode='a' encoding='UTF-8'> and week3-roots.pem
CONNECTION ERROR:  
Creating connection for 31.170.236.166 using <_io.TextIOWrapper name='logs.json' mode='a' encoding='UTF-8'> and week3-roots.pem
Creating connection for 120.232.206.78 using <_io.TextIOWrapper name='logs.json' mode='a' encoding='UTF-8'> and week3-roots.pem
Creating connection for 134.122.20.144 using <_io.TextIOWrapper name='logs.json' mode='a' encoding='UTF-8'> and week3-roots.pem
Creating connection for 104.26.7.57 using <_io.TextIOWrapper name='logs.json' mode='a' encoding='UTF-8'> and week3-roots.pem
Creating connection for 65.9.86.38 using <_io.TextIOWrapper name='logs.json' mode='a' encoding='UTF-8'> and week3-roots.pem
Creating connection for 58.218.208.13 using <_io.TextIOWrapper name='logs.json' mode='a' encoding='UTF-8'> and week3-roots.pem
Creating connection for 104.21.79.211 using <_io.TextIOWrapper name='logs.json' mode='a' encoding='UTF-8'> and week3-roots.pem
Creating connection for 213.148.65.207 using <_io.TextIOWrapper name='logs.json' mode='a' encoding='UTF-8'> and week3-roots.pem
Creating connection for 31.31.196.212 using <_io.TextIOWrapper name='logs.json' mode='a' encoding='UTF-8'> and week3-roots.pem
Creating connection for 34.236.123.179 using <_io.TextIOWrapper name='logs.json' mode='a' encoding='UTF-8'> and week3-roots.pem
CONNECTION ERROR:  
Creating connection for 43.129.222.241 using <_io.TextIOWrapper name='logs.json' mode='a' encoding='UTF-8'> and week3-roots.pem
CONNECTION ERROR:  
CONNECTION ERROR:  
CONNECTION ERROR:  
CONNECTION ERROR:  
CONNECTION ERROR:  
CONNECTION ERROR:  
CONNECTION ERROR:  
Creating connection for 52.26.253.174 using <_io.TextIOWrapper name='logs.json' mode='a' encoding='UTF-8'> and week3-roots.pem
CONNECTION ERROR:  
Creating connection for 34.193.10.174 using <_io.TextIOWrapper name='logs.json' mode='a' encoding='UTF-8'> and week3-roots.pem
Creating connection for 192.104.183.209 using <_io.TextIOWrapper name='logs.json' mode='a' encoding='UTF-8'> and week3-roots.pem
CONNECTION ERROR:  
CONNECTION ERROR:  
CONNECTION ERROR:  
CONNECTION ERROR:  
CONNECTION ERROR:  
CONNECTION ERROR:  
CONNECTION ERROR:  
Creating connection for 208.91.197.26 using <_io.TextIOWrapper name='logs.json' mode='a' encoding='UTF-8'> and week3-roots.pem
Creating connection for 198.20.70.34 using <_io.TextIOWrapper name='logs.json' mode='a' encoding='UTF-8'> and week3-roots.pem
Creating connection for 65.9.86.9 using <_io.TextIOWrapper name='logs.json' mode='a' encoding='UTF-8'> and week3-roots.pem
Creating connection for 5.253.86.15 using <_io.TextIOWrapper name='logs.json' mode='a' encoding='UTF-8'> and week3-roots.pem
Creating connection for 172.67.131.236 using <_io.TextIOWrapper name='logs.json' mode='a' encoding='UTF-8'> and week3-roots.pem
Creating connection for 3.215.138.81 using <_io.TextIOWrapper name='logs.json' mode='a' encoding='UTF-8'> and week3-roots.pem
Creating connection for 23.73.0.177 using <_io.TextIOWrapper name='logs.json' mode='a' encoding='UTF-8'> and week3-roots.pem
Creating connection for 104.26.2.247 using <_io.TextIOWrapper name='logs.json' mode='a' encoding='UTF-8'> and week3-roots.pem
Creating connection for 108.167.136.39 using <_io.TextIOWrapper name='logs.json' mode='a' encoding='UTF-8'> and week3-roots.pem
CONNECTION ERROR:  
Creating connection for 172.67.74.81 using <_io.TextIOWrapper name='logs.json' mode='a' encoding='UTF-8'> and week3-roots.pem
Creating connection for 51.158.153.91 using <_io.TextIOWrapper name='logs.json' mode='a' encoding='UTF-8'> and week3-roots.pem
Creating connection for 104.26.3.42 using <_io.TextIOWrapper name='logs.json' mode='a' encoding='UTF-8'> and week3-roots.pem
CONNECTION ERROR:  
CONNECTION ERROR:  
CONNECTION ERROR:  
Creating connection for 89.184.76.45 using <_io.TextIOWrapper name='logs.json' mode='a' encoding='UTF-8'> and week3-roots.pem
Creating connection for 104.26.4.162 using <_io.TextIOWrapper name='logs.json' mode='a' encoding='UTF-8'> and week3-roots.pem
Creating connection for 199.34.229.100 using <_io.TextIOWrapper name='logs.json' mode='a' encoding='UTF-8'> and week3-roots.pem
CONNECTION ERROR:  
CONNECTION ERROR:  
Creating connection for 118.190.33.43 using <_io.TextIOWrapper name='logs.json' mode='a' encoding='UTF-8'> and week3-roots.pem
CONNECTION ERROR:  
Creating connection for 172.67.74.211 using <_io.TextIOWrapper name='logs.json' mode='a' encoding='UTF-8'> and week3-roots.pem
CONNECTION ERROR:  
Creating connection for 54.148.177.9 using <_io.TextIOWrapper name='logs.json' mode='a' encoding='UTF-8'> and week3-roots.pem
CONNECTION ERROR:  
Creating connection for 23.212.251.24 using <_io.TextIOWrapper name='logs.json' mode='a' encoding='UTF-8'> and week3-roots.pem
CONNECTION ERROR:  
Creating connection for 172.67.70.232 using <_io.TextIOWrapper name='logs.json' mode='a' encoding='UTF-8'> and week3-roots.pem
Creating connection for 65.9.86.32 using <_io.TextIOWrapper name='logs.json' mode='a' encoding='UTF-8'> and week3-roots.pem
CONNECTION ERROR:  
CONNECTION ERROR:  
CONNECTION ERROR:  
Creating connection for 192.0.66.210 using <_io.TextIOWrapper name='logs.json' mode='a' encoding='UTF-8'> and week3-roots.pem
CONNECTION ERROR:  
Creating connection for 65.9.86.71 using <_io.TextIOWrapper name='logs.json' mode='a' encoding='UTF-8'> and week3-roots.pem
Creating connection for 58.216.118.223 using <_io.TextIOWrapper name='logs.json' mode='a' encoding='UTF-8'> and week3-roots.pem
Creating connection for 5.61.52.240 using <_io.TextIOWrapper name='logs.json' mode='a' encoding='UTF-8'> and week3-roots.pem
Creating connection for 172.67.23.52 using <_io.TextIOWrapper name='logs.json' mode='a' encoding='UTF-8'> and week3-roots.pem
CONNECTION ERROR:  
CONNECTION ERROR:  
Creating connection for 172.67.75.94 using <_io.TextIOWrapper name='logs.json' mode='a' encoding='UTF-8'> and week3-roots.pem
Creating connection for 141.193.213.20 using <_io.TextIOWrapper name='logs.json' mode='a' encoding='UTF-8'> and week3-roots.pem
CONNECTION ERROR:  
CONNECTION ERROR:  
CONNECTION ERROR:  
CONNECTION ERROR:  
Creating connection for 176.53.34.43 using <_io.TextIOWrapper name='logs.json' mode='a' encoding='UTF-8'> and week3-roots.pem
CONNECTION ERROR:  
Creating connection for 65.9.86.36 using <_io.TextIOWrapper name='logs.json' mode='a' encoding='UTF-8'> and week3-roots.pem
Creating connection for 104.21.42.35 using <_io.TextIOWrapper name='logs.json' mode='a' encoding='UTF-8'> and week3-roots.pem
CONNECTION ERROR:  
Creating connection for 91.201.63.65 using <_io.TextIOWrapper name='logs.json' mode='a' encoding='UTF-8'> and week3-roots.pem
CONNECTION ERROR:  
CONNECTION ERROR:  
Creating connection for 151.101.2.125 using <_io.TextIOWrapper name='logs.json' mode='a' encoding='UTF-8'> and week3-roots.pem
CONNECTION ERROR:  
CONNECTION ERROR:  
CONNECTION ERROR:  
Creating connection for 198.244.151.204 using <_io.TextIOWrapper name='logs.json' mode='a' encoding='UTF-8'> and week3-roots.pem
Creating connection for 217.19.239.146 using <_io.TextIOWrapper name='logs.json' mode='a' encoding='UTF-8'> and week3-roots.pem
CONNECTION ERROR:  [Errno 111] Connection refused
CONNECTION ERROR:  
CONNECTION ERROR:  
CONNECTION ERROR:  
CONNECTION ERROR:  
CONNECTION ERROR:  (32, 'EPIPE')
Creating connection for 54.68.182.72 using <_io.TextIOWrapper name='logs.json' mode='a' encoding='UTF-8'> and week3-roots.pem
CONNECTION ERROR:  
CONNECTION ERROR:  
CONNECTION ERROR:  
Creating connection for 199.182.109.202 using <_io.TextIOWrapper name='logs.json' mode='a' encoding='UTF-8'> and week3-roots.pem
CONNECTION ERROR:  
CONNECTION ERROR:  
Creating connection for 172.67.137.142 using <_io.TextIOWrapper name='logs.json' mode='a' encoding='UTF-8'> and week3-roots.pem
Creating connection for 138.201.225.196 using <_io.TextIOWrapper name='logs.json' mode='a' encoding='UTF-8'> and week3-roots.pem
CONNECTION ERROR:  
CONNECTION ERROR:  
CONNECTION ERROR:  
CONNECTION ERROR:  
Creating connection for 104.21.33.8 using <_io.TextIOWrapper name='logs.json' mode='a' encoding='UTF-8'> and week3-roots.pem
Creating connection for 216.158.230.154 using <_io.TextIOWrapper name='logs.json' mode='a' encoding='UTF-8'> and week3-roots.pem
CONNECTION ERROR:  
Creating connection for 104.26.13.207 using <_io.TextIOWrapper name='logs.json' mode='a' encoding='UTF-8'> and week3-roots.pem
Creating connection for 59.83.204.153 using <_io.TextIOWrapper name='logs.json' mode='a' encoding='UTF-8'> and week3-roots.pem
Creating connection for 52.35.104.127 using <_io.TextIOWrapper name='logs.json' mode='a' encoding='UTF-8'> and week3-roots.pem
Creating connection for 90.156.201.39 using <_io.TextIOWrapper name='logs.json' mode='a' encoding='UTF-8'> and week3-roots.pem
CONNECTION ERROR:  
Creating connection for 192.0.78.31 using <_io.TextIOWrapper name='logs.json' mode='a' encoding='UTF-8'> and week3-roots.pem
Creating connection for 45.76.163.133 using <_io.TextIOWrapper name='logs.json' mode='a' encoding='UTF-8'> and week3-roots.pem
CONNECTION ERROR:  
Creating connection for 172.67.217.45 using <_io.TextIOWrapper name='logs.json' mode='a' encoding='UTF-8'> and week3-roots.pem
Creating connection for 195.20.49.106 using <_io.TextIOWrapper name='logs.json' mode='a' encoding='UTF-8'> and week3-roots.pem
Creating connection for 13.107.246.40 using <_io.TextIOWrapper name='logs.json' mode='a' encoding='UTF-8'> and week3-roots.pem
CONNECTION ERROR:  timed out
CONNECTION ERROR:  
CONNECTION ERROR:  
CONNECTION ERROR:  
CONNECTION ERROR:  
Creating connection for 47.91.170.222 using <_io.TextIOWrapper name='logs.json' mode='a' encoding='UTF-8'> and week3-roots.pem
Creating connection for 217.21.91.232 using <_io.TextIOWrapper name='logs.json' mode='a' encoding='UTF-8'> and week3-roots.pem
Creating connection for 34.211.101.195 using <_io.TextIOWrapper name='logs.json' mode='a' encoding='UTF-8'> and week3-roots.pem
CONNECTION ERROR:  
Creating connection for 104.22.35.101 using <_io.TextIOWrapper name='logs.json' mode='a' encoding='UTF-8'> and week3-roots.pem
CONNECTION ERROR:  
CONNECTION ERROR:  
Creating connection for 104.21.7.254 using <_io.TextIOWrapper name='logs.json' mode='a' encoding='UTF-8'> and week3-roots.pem
CONNECTION ERROR:  
CONNECTION ERROR:  
CONNECTION ERROR:  
Creating connection for 104.21.39.207 using <_io.TextIOWrapper name='logs.json' mode='a' encoding='UTF-8'> and week3-roots.pem
Creating connection for 104.21.4.126 using <_io.TextIOWrapper name='logs.json' mode='a' encoding='UTF-8'> and week3-roots.pem
CONNECTION ERROR:  
CONNECTION ERROR:  
Creating connection for 3.227.35.121 using <_io.TextIOWrapper name='logs.json' mode='a' encoding='UTF-8'> and week3-roots.pem
CONNECTION ERROR:  timed out
Creating connection for 51.68.82.147 using <_io.TextIOWrapper name='logs.json' mode='a' encoding='UTF-8'> and week3-roots.pem
Creating connection for 104.21.16.9 using <_io.TextIOWrapper name='logs.json' mode='a' encoding='UTF-8'> and week3-roots.pem
CONNECTION ERROR:  
Creating connection for 20.59.52.107 using <_io.TextIOWrapper name='logs.json' mode='a' encoding='UTF-8'> and week3-roots.pem
Creating connection for 15.165.220.26 using <_io.TextIOWrapper name='logs.json' mode='a' encoding='UTF-8'> and week3-roots.pem
Creating connection for 104.17.252.11 using <_io.TextIOWrapper name='logs.json' mode='a' encoding='UTF-8'> and week3-roots.pem
CONNECTION ERROR:  
Creating connection for 88.99.134.242 using <_io.TextIOWrapper name='logs.json' mode='a' encoding='UTF-8'> and week3-roots.pem
Creating connection for 34.218.170.118 using <_io.TextIOWrapper name='logs.json' mode='a' encoding='UTF-8'> and week3-roots.pem
CONNECTION ERROR:  
Creating connection for 130.230.252.63 using <_io.TextIOWrapper name='logs.json' mode='a' encoding='UTF-8'> and week3-roots.pem
Creating connection for 36.103.232.150 using <_io.TextIOWrapper name='logs.json' mode='a' encoding='UTF-8'> and week3-roots.pem
CONNECTION ERROR:  
CONNECTION ERROR:  
CONNECTION ERROR:  timed out
CONNECTION ERROR:  
CONNECTION ERROR:  
CONNECTION ERROR: CONNECTION ERROR:  
 
CONNECTION ERROR:  
Creating connection for 104.26.4.250 using <_io.TextIOWrapper name='logs.json' mode='a' encoding='UTF-8'> and week3-roots.pem
CONNECTION ERROR:  
Creating connection for 83.169.40.234 using <_io.TextIOWrapper name='logs.json' mode='a' encoding='UTF-8'> and week3-roots.pem
CONNECTION ERROR:  
Creating connection for 104.21.54.220 using <_io.TextIOWrapper name='logs.json' mode='a' encoding='UTF-8'> and week3-roots.pem
Creating connection for 74.208.236.86 using <_io.TextIOWrapper name='logs.json' mode='a' encoding='UTF-8'> and week3-roots.pem
Creating connection for 52.21.156.189 using <_io.TextIOWrapper name='logs.json' mode='a' encoding='UTF-8'> and week3-roots.pem
Creating connection for 207.246.147.190 using <_io.TextIOWrapper name='logs.json' mode='a' encoding='UTF-8'> and week3-roots.pem
CONNECTION ERROR:  
CONNECTION ERROR:  
Creating connection for 64.90.49.98 using <_io.TextIOWrapper name='logs.json' mode='a' encoding='UTF-8'> and week3-roots.pem
CONNECTION ERROR:  
CONNECTION ERROR:  
CONNECTION ERROR:  
Creating connection for 202.43.240.2 using <_io.TextIOWrapper name='logs.json' mode='a' encoding='UTF-8'> and week3-roots.pem
CONNECTION ERROR:  
CONNECTION ERROR:  
CONNECTION ERROR:  
Creating connection for 151.101.66.132 using <_io.TextIOWrapper name='logs.json' mode='a' encoding='UTF-8'> and week3-roots.pem
Creating connection for 208.95.106.240 using <_io.TextIOWrapper name='logs.json' mode='a' encoding='UTF-8'> and week3-roots.pem
CONNECTION ERROR:  
Creating connection for 141.193.213.11 using <_io.TextIOWrapper name='logs.json' mode='a' encoding='UTF-8'> and week3-roots.pem
Creating connection for 172.67.198.230 using <_io.TextIOWrapper name='logs.json' mode='a' encoding='UTF-8'> and week3-roots.pem
CONNECTION ERROR:  
CONNECTION ERROR:  
CONNECTION ERROR:  
Creating connection for 219.109.139.31 using <_io.TextIOWrapper name='logs.json' mode='a' encoding='UTF-8'> and week3-roots.pem
Creating connection for 104.22.14.86 using <_io.TextIOWrapper name='logs.json' mode='a' encoding='UTF-8'> and week3-roots.pem
Creating connection for 5.23.50.26 using <_io.TextIOWrapper name='logs.json' mode='a' encoding='UTF-8'> and week3-roots.pem
Creating connection for 185.141.169.230 using <_io.TextIOWrapper name='logs.json' mode='a' encoding='UTF-8'> and week3-roots.pem
CONNECTION ERROR:  timed out
CONNECTION ERROR:  
CONNECTION ERROR:  
Creating connection for 213.40.190.74 using <_io.TextIOWrapper name='logs.json' mode='a' encoding='UTF-8'> and week3-roots.pem
CONNECTION ERROR:  
CONNECTION ERROR:  
CONNECTION ERROR:  
CONNECTION ERROR:  
CONNECTION ERROR:  
CONNECTION ERROR:  
CONNECTION ERROR:  
CONNECTION ERROR:  
Creating connection for 34.223.164.202 using <_io.TextIOWrapper name='logs.json' mode='a' encoding='UTF-8'> and week3-roots.pem
Creating connection for 104.26.11.85 using <_io.TextIOWrapper name='logs.json' mode='a' encoding='UTF-8'> and week3-roots.pem
Creating connection for 37.97.245.130 using <_io.TextIOWrapper name='logs.json' mode='a' encoding='UTF-8'> and week3-roots.pem
CONNECTION ERROR:  
Creating connection for 52.168.3.41 using <_io.TextIOWrapper name='logs.json' mode='a' encoding='UTF-8'> and week3-roots.pem
Creating connection for 103.141.96.105 using <_io.TextIOWrapper name='logs.json' mode='a' encoding='UTF-8'> and week3-roots.pem
CONNECTION ERROR:  [Errno 111] Connection refused
CONNECTION ERROR:  
CONNECTION ERROR:  (32, 'EPIPE')
CONNECTION ERROR:  
Creating connection for 104.26.10.56 using <_io.TextIOWrapper name='logs.json' mode='a' encoding='UTF-8'> and week3-roots.pem
Creating connection for 104.248.6.225 using <_io.TextIOWrapper name='logs.json' mode='a' encoding='UTF-8'> and week3-roots.pem
Creating connection for 20.92.129.83 using <_io.TextIOWrapper name='logs.json' mode='a' encoding='UTF-8'> and week3-roots.pem
Creating connection for 65.9.86.49 using <_io.TextIOWrapper name='logs.json' mode='a' encoding='UTF-8'> and week3-roots.pem
Creating connection for 118.69.174.70 using <_io.TextIOWrapper name='logs.json' mode='a' encoding='UTF-8'> and week3-roots.pem
Creating connection for 13.124.255.158 using <_io.TextIOWrapper name='logs.json' mode='a' encoding='UTF-8'> and week3-roots.pem
Creating connection for 117.20.101.58 using <_io.TextIOWrapper name='logs.json' mode='a' encoding='UTF-8'> and week3-roots.pem
Creating connection for 213.232.192.194 using <_io.TextIOWrapper name='logs.json' mode='a' encoding='UTF-8'> and week3-roots.pem
Creating connection for 104.21.68.191 using <_io.TextIOWrapper name='logs.json' mode='a' encoding='UTF-8'> and week3-roots.pem
Creating connection for 104.198.50.206 using <_io.TextIOWrapper name='logs.json' mode='a' encoding='UTF-8'> and week3-roots.pem
CONNECTION ERROR:  
CONNECTION ERROR:  
CONNECTION ERROR:  
CONNECTION ERROR:  
CONNECTION ERROR:  
Creating connection for 104.21.10.142 using <_io.TextIOWrapper name='logs.json' mode='a' encoding='UTF-8'> and week3-roots.pem
CONNECTION ERROR:  
Creating connection for 104.22.44.92 using <_io.TextIOWrapper name='logs.json' mode='a' encoding='UTF-8'> and week3-roots.pem
CONNECTION ERROR:  
Creating connection for 65.9.86.57 using <_io.TextIOWrapper name='logs.json' mode='a' encoding='UTF-8'> and week3-roots.pem
Creating connection for 185.197.163.27 using <_io.TextIOWrapper name='logs.json' mode='a' encoding='UTF-8'> and week3-roots.pem
Creating connection for 104.26.6.36 using <_io.TextIOWrapper name='logs.json' mode='a' encoding='UTF-8'> and week3-roots.pem
Creating connection for 213.174.159.142 using <_io.TextIOWrapper name='logs.json' mode='a' encoding='UTF-8'> and week3-roots.pem
Creating connection for 213.32.10.111 using <_io.TextIOWrapper name='logs.json' mode='a' encoding='UTF-8'> and week3-roots.pem
Creating connection for 104.26.2.151 using <_io.TextIOWrapper name='logs.json' mode='a' encoding='UTF-8'> and week3-roots.pem
Creating connection for 114.112.221.210 using <_io.TextIOWrapper name='logs.json' mode='a' encoding='UTF-8'> and week3-roots.pem
CONNECTION ERROR:  
CONNECTION ERROR:  
Creating connection for 104.17.69.73 using <_io.TextIOWrapper name='logs.json' mode='a' encoding='UTF-8'> and week3-roots.pem
Creating connection for 65.9.86.120 using <_io.TextIOWrapper name='logs.json' mode='a' encoding='UTF-8'> and week3-roots.pem
Creating connection for 204.74.99.100 using <_io.TextIOWrapper name='logs.json' mode='a' encoding='UTF-8'> and week3-roots.pem
CONNECTION ERROR:  
CONNECTION ERROR:  
CONNECTION ERROR:  
Creating connection for 202.93.26.170 using <_io.TextIOWrapper name='logs.json' mode='a' encoding='UTF-8'> and week3-roots.pem
Creating connection for 37.46.140.25 using <_io.TextIOWrapper name='logs.json' mode='a' encoding='UTF-8'> and week3-roots.pem
Creating connection for 35.190.67.83 using <_io.TextIOWrapper name='logs.json' mode='a' encoding='UTF-8'> and week3-roots.pem
Creating connection for 20.49.104.11 using <_io.TextIOWrapper name='logs.json' mode='a' encoding='UTF-8'> and week3-roots.pem
CONNECTION ERROR:  
CONNECTION ERROR:  
CONNECTION ERROR:  
CONNECTION ERROR:  
Creating connection for 104.21.32.9 using <_io.TextIOWrapper name='logs.json' mode='a' encoding='UTF-8'> and week3-roots.pem
CONNECTION ERROR:  timed out
CONNECTION ERROR:  
CONNECTION ERROR:  
Creating connection for 45.60.19.232 using <_io.TextIOWrapper name='logs.json' mode='a' encoding='UTF-8'> and week3-roots.pem
Creating connection for 172.67.189.116 using <_io.TextIOWrapper name='logs.json' mode='a' encoding='UTF-8'> and week3-roots.pem
CONNECTION ERROR:  
CONNECTION ERROR:  
Creating connection for 104.16.172.80 using <_io.TextIOWrapper name='logs.json' mode='a' encoding='UTF-8'> and week3-roots.pem
CONNECTION ERROR:  
CONNECTION ERROR:  
Creating connection for 200.58.111.50 using <_io.TextIOWrapper name='logs.json' mode='a' encoding='UTF-8'> and week3-roots.pem
Creating connection for 104.21.13.194 using <_io.TextIOWrapper name='logs.json' mode='a' encoding='UTF-8'> and week3-roots.pem
CONNECTION ERROR:  
CONNECTION ERROR:  
Creating connection for 147.75.40.150 using <_io.TextIOWrapper name='logs.json' mode='a' encoding='UTF-8'> and week3-roots.pem
Creating connection for 52.199.77.78 using <_io.TextIOWrapper name='logs.json' mode='a' encoding='UTF-8'> and week3-roots.pem
Creating connection for 185.93.108.32 using <_io.TextIOWrapper name='logs.json' mode='a' encoding='UTF-8'> and week3-roots.pem
CONNECTION ERROR:  
Creating connection for 1.255.101.67 using <_io.TextIOWrapper name='logs.json' mode='a' encoding='UTF-8'> and week3-roots.pem
Creating connection for 23.109.150.199 using <_io.TextIOWrapper name='logs.json' mode='a' encoding='UTF-8'> and week3-roots.pem
Creating connection for 52.178.214.89 using <_io.TextIOWrapper name='logs.json' mode='a' encoding='UTF-8'> and week3-roots.pem
CONNECTION ERROR:  
CONNECTION ERROR:  
Creating connection for 85.119.148.64 using <_io.TextIOWrapper name='logs.json' mode='a' encoding='UTF-8'> and week3-roots.pem
Creating connection for 216.58.201.120 using <_io.TextIOWrapper name='logs.json' mode='a' encoding='UTF-8'> and week3-roots.pem
Creating connection for 172.67.148.159 using <_io.TextIOWrapper name='logs.json' mode='a' encoding='UTF-8'> and week3-roots.pem
CONNECTION ERROR:  
CONNECTION ERROR:  
Creating connection for 193.9.49.91 using <_io.TextIOWrapper name='logs.json' mode='a' encoding='UTF-8'> and week3-roots.pem
Creating connection for 104.21.74.234 using <_io.TextIOWrapper name='logs.json' mode='a' encoding='UTF-8'> and week3-roots.pem
CONNECTION ERROR:  
Creating connection for 95.168.170.165 using <_io.TextIOWrapper name='logs.json' mode='a' encoding='UTF-8'> and week3-roots.pem
Creating connection for 192.243.59.12 using <_io.TextIOWrapper name='logs.json' mode='a' encoding='UTF-8'> and week3-roots.pem
Creating connection for 70.32.75.251 using <_io.TextIOWrapper name='logs.json' mode='a' encoding='UTF-8'> and week3-roots.pem
Creating connection for 205.186.152.92 using <_io.TextIOWrapper name='logs.json' mode='a' encoding='UTF-8'> and week3-roots.pem
CONNECTION ERROR:  
Creating connection for 3.108.27.195 using <_io.TextIOWrapper name='logs.json' mode='a' encoding='UTF-8'> and week3-roots.pem
CONNECTION ERROR:  
Creating connection for 93.89.226.17 using <_io.TextIOWrapper name='logs.json' mode='a' encoding='UTF-8'> and week3-roots.pem
Creating connection for 133.18.68.61 using <_io.TextIOWrapper name='logs.json' mode='a' encoding='UTF-8'> and week3-roots.pem
Creating connection for 3.33.152.147 using <_io.TextIOWrapper name='logs.json' mode='a' encoding='UTF-8'> and week3-roots.pem
CONNECTION ERROR:  
Creating connection for 74.208.236.133 using <_io.TextIOWrapper name='logs.json' mode='a' encoding='UTF-8'> and week3-roots.pem
CONNECTION ERROR:  
Creating connection for 172.67.179.237 using <_io.TextIOWrapper name='logs.json' mode='a' encoding='UTF-8'> and week3-roots.pem
Creating connection for 18.188.128.145 using <_io.TextIOWrapper name='logs.json' mode='a' encoding='UTF-8'> and week3-roots.pem
CONNECTION ERROR:  
Creating connection for 194.1.147.36 using <_io.TextIOWrapper name='logs.json' mode='a' encoding='UTF-8'> and week3-roots.pem
CONNECTION ERROR:  
CONNECTION ERROR:  
CONNECTION ERROR:  
Creating connection for 103.141.60.54 using <_io.TextIOWrapper name='logs.json' mode='a' encoding='UTF-8'> and week3-roots.pem
Creating connection for 151.101.2.132 using <_io.TextIOWrapper name='logs.json' mode='a' encoding='UTF-8'> and week3-roots.pem
Creating connection for 182.18.185.20 using <_io.TextIOWrapper name='logs.json' mode='a' encoding='UTF-8'> and week3-roots.pem
Creating connection for 104.21.49.236 using <_io.TextIOWrapper name='logs.json' mode='a' encoding='UTF-8'> and week3-roots.pem
CONNECTION ERROR:  
CONNECTION ERROR:  
CONNECTION ERROR:  
Creating connection for 31.11.34.101 using <_io.TextIOWrapper name='logs.json' mode='a' encoding='UTF-8'> and week3-roots.pem
Creating connection for 3.130.253.23 using <_io.TextIOWrapper name='logs.json' mode='a' encoding='UTF-8'> and week3-roots.pem
Creating connection for 87.229.26.47 using <_io.TextIOWrapper name='logs.json' mode='a' encoding='UTF-8'> and week3-roots.pem
Creating connection for 185.22.150.244 using <_io.TextIOWrapper name='logs.json' mode='a' encoding='UTF-8'> and week3-roots.pem
Creating connection for 54.81.116.232 using <_io.TextIOWrapper name='logs.json' mode='a' encoding='UTF-8'> and week3-roots.pem
CONNECTION ERROR:  
Creating connection for 37.59.48.43 using <_io.TextIOWrapper name='logs.json' mode='a' encoding='UTF-8'> and week3-roots.pem
Creating connection for 172.66.41.18 using <_io.TextIOWrapper name='logs.json' mode='a' encoding='UTF-8'> and week3-roots.pem
Creating connection for 34.194.47.94 using <_io.TextIOWrapper name='logs.json' mode='a' encoding='UTF-8'> and week3-roots.pem
CONNECTION ERROR:  
CONNECTION ERROR:  
CONNECTION ERROR:  
CONNECTION ERROR:  
CONNECTION ERROR:  
CONNECTION ERROR:  
CONNECTION ERROR:  
Creating connection for 151.101.2.133 using <_io.TextIOWrapper name='logs.json' mode='a' encoding='UTF-8'> and week3-roots.pem
Creating connection for 185.114.245.124 using <_io.TextIOWrapper name='logs.json' mode='a' encoding='UTF-8'> and week3-roots.pem
Creating connection for 192.124.249.102 using <_io.TextIOWrapper name='logs.json' mode='a' encoding='UTF-8'> and week3-roots.pem
Creating connection for 104.26.9.16 using <_io.TextIOWrapper name='logs.json' mode='a' encoding='UTF-8'> and week3-roots.pem
Creating connection for 172.67.75.222 using <_io.TextIOWrapper name='logs.json' mode='a' encoding='UTF-8'> and week3-roots.pem
Creating connection for 69.64.91.31 using <_io.TextIOWrapper name='logs.json' mode='a' encoding='UTF-8'> and week3-roots.pem
Creating connection for 94.199.200.168 using <_io.TextIOWrapper name='logs.json' mode='a' encoding='UTF-8'> and week3-roots.pem
Creating connection for 216.172.179.230 using <_io.TextIOWrapper name='logs.json' mode='a' encoding='UTF-8'> and week3-roots.pem
Creating connection for 104.26.0.4 using <_io.TextIOWrapper name='logs.json' mode='a' encoding='UTF-8'> and week3-roots.pem
Creating connection for 104.18.15.15 using <_io.TextIOWrapper name='logs.json' mode='a' encoding='UTF-8'> and week3-roots.pem
Creating connection for 104.22.58.76 using <_io.TextIOWrapper name='logs.json' mode='a' encoding='UTF-8'> and week3-roots.pem
CONNECTION ERROR:  
CONNECTION ERROR:  
CONNECTION ERROR:  
CONNECTION ERROR:  
Creating connection for 221.231.81.248 using <_io.TextIOWrapper name='logs.json' mode='a' encoding='UTF-8'> and week3-roots.pem
CONNECTION ERROR:  [Errno 111] Connection refused
CONNECTION ERROR:  (32, 'EPIPE')
Creating connection for 172.67.133.58 using <_io.TextIOWrapper name='logs.json' mode='a' encoding='UTF-8'> and week3-roots.pem
CONNECTION ERROR:  timed out
CONNECTION ERROR:  
Creating connection for 166.62.6.78 using <_io.TextIOWrapper name='logs.json' mode='a' encoding='UTF-8'> and week3-roots.pem
CONNECTION ERROR:  
CONNECTION ERROR:  
Creating connection for 192.104.182.109 using <_io.TextIOWrapper name='logs.json' mode='a' encoding='UTF-8'> and week3-roots.pem
CONNECTION ERROR:  
CONNECTION ERROR:  
Creating connection for 172.67.217.15 using <_io.TextIOWrapper name='logs.json' mode='a' encoding='UTF-8'> and week3-roots.pem
CONNECTION ERROR:  
Creating connection for 199.16.173.195 using <_io.TextIOWrapper name='logs.json' mode='a' encoding='UTF-8'> and week3-roots.pem
Creating connection for 50.225.94.241 using <_io.TextIOWrapper name='logs.json' mode='a' encoding='UTF-8'> and week3-roots.pem
CONNECTION ERROR:  
Creating connection for 172.67.159.73 using <_io.TextIOWrapper name='logs.json' mode='a' encoding='UTF-8'> and week3-roots.pem
CONNECTION ERROR:  
CONNECTION ERROR:  
Creating connection for 23.254.201.203 using <_io.TextIOWrapper name='logs.json' mode='a' encoding='UTF-8'> and week3-roots.pem
CONNECTION ERROR:  timed out
CONNECTION ERROR:  
CONNECTION ERROR:  
CONNECTION ERROR:  
CONNECTION ERROR:  
CONNECTION ERROR:  
Creating connection for 172.67.223.24 using <_io.TextIOWrapper name='logs.json' mode='a' encoding='UTF-8'> and week3-roots.pem
CONNECTION ERROR:  
CONNECTION ERROR:  
CONNECTION ERROR:  
Creating connection for 31.186.23.240 using <_io.TextIOWrapper name='logs.json' mode='a' encoding='UTF-8'> and week3-roots.pem
Creating connection for 13.88.8.34 using <_io.TextIOWrapper name='logs.json' mode='a' encoding='UTF-8'> and week3-roots.pem
Creating connection for 172.67.145.3 using <_io.TextIOWrapper name='logs.json' mode='a' encoding='UTF-8'> and week3-roots.pem
Creating connection for 104.26.14.102 using <_io.TextIOWrapper name='logs.json' mode='a' encoding='UTF-8'> and week3-roots.pem
Creating connection for 69.64.81.217 using <_io.TextIOWrapper name='logs.json' mode='a' encoding='UTF-8'> and week3-roots.pem
CONNECTION ERROR:  
Creating connection for 199.16.173.168 using <_io.TextIOWrapper name='logs.json' mode='a' encoding='UTF-8'> and week3-roots.pem
CONNECTION ERROR:  
CONNECTION ERROR:  
Creating connection for 72.5.54.20 using <_io.TextIOWrapper name='logs.json' mode='a' encoding='UTF-8'> and week3-roots.pem
CONNECTION ERROR:  
CONNECTION ERROR:  
Creating connection for 172.67.74.177 using <_io.TextIOWrapper name='logs.json' mode='a' encoding='UTF-8'> and week3-roots.pem
Creating connection for 172.67.167.163 using <_io.TextIOWrapper name='logs.json' mode='a' encoding='UTF-8'> and week3-roots.pem
CONNECTION ERROR:  timed out
CONNECTION ERROR:  
Creating connection for 93.188.42.152 using <_io.TextIOWrapper name='logs.json' mode='a' encoding='UTF-8'> and week3-roots.pem
CONNECTION ERROR:  
Creating connection for 77.92.152.50 using <_io.TextIOWrapper name='logs.json' mode='a' encoding='UTF-8'> and week3-roots.pem
Creating connection for 185.252.158.85 using <_io.TextIOWrapper name='logs.json' mode='a' encoding='UTF-8'> and week3-roots.pem
Creating connection for 65.9.86.90 using <_io.TextIOWrapper name='logs.json' mode='a' encoding='UTF-8'> and week3-roots.pem
CONNECTION ERROR:  [Errno 111] Connection refused
CONNECTION ERROR:  
CONNECTION ERROR:  (32, 'EPIPE')
CONNECTION ERROR:  
CONNECTION ERROR:  
Creating connection for 194.67.71.149 using <_io.TextIOWrapper name='logs.json' mode='a' encoding='UTF-8'> and week3-roots.pem
CONNECTION ERROR:  
CONNECTION ERROR:  
CONNECTION ERROR:  
Creating connection for 203.247.141.39 using <_io.TextIOWrapper name='logs.json' mode='a' encoding='UTF-8'> and week3-roots.pem
CONNECTION ERROR:  
CONNECTION ERROR:  
Creating connection for 194.187.162.174 using <_io.TextIOWrapper name='logs.json' mode='a' encoding='UTF-8'> and week3-roots.pem
Creating connection for 194.199.235.233 using <_io.TextIOWrapper name='logs.json' mode='a' encoding='UTF-8'> and week3-roots.pem
Creating connection for 160.153.96.67 using <_io.TextIOWrapper name='logs.json' mode='a' encoding='UTF-8'> and week3-roots.pem
CONNECTION ERROR:  
Creating connection for 85.187.142.55 using <_io.TextIOWrapper name='logs.json' mode='a' encoding='UTF-8'> and week3-roots.pem
Creating connection for 172.67.70.98 using <_io.TextIOWrapper name='logs.json' mode='a' encoding='UTF-8'> and week3-roots.pem
Creating connection for 45.77.232.172 using <_io.TextIOWrapper name='logs.json' mode='a' encoding='UTF-8'> and week3-roots.pem
Creating connection for 89.252.241.5 using <_io.TextIOWrapper name='logs.json' mode='a' encoding='UTF-8'> and week3-roots.pem
Creating connection for 35.76.150.77 using <_io.TextIOWrapper name='logs.json' mode='a' encoding='UTF-8'> and week3-roots.pem
Creating connection for 88.198.236.115 using <_io.TextIOWrapper name='logs.json' mode='a' encoding='UTF-8'> and week3-roots.pem
Creating connection for 208.67.183.203 using <_io.TextIOWrapper name='logs.json' mode='a' encoding='UTF-8'> and week3-roots.pem
Creating connection for 52.68.112.240 using <_io.TextIOWrapper name='logs.json' mode='a' encoding='UTF-8'> and week3-roots.pem
Creating connection for 185.95.0.245 using <_io.TextIOWrapper name='logs.json' mode='a' encoding='UTF-8'> and week3-roots.pem
CONNECTION ERROR:  
CONNECTION ERROR:  
Creating connection for 81.169.198.230 using <_io.TextIOWrapper name='logs.json' mode='a' encoding='UTF-8'> and week3-roots.pem
Creating connection for 88.208.237.123 using <_io.TextIOWrapper name='logs.json' mode='a' encoding='UTF-8'> and week3-roots.pem
Creating connection for 13.32.151.60 using <_io.TextIOWrapper name='logs.json' mode='a' encoding='UTF-8'> and week3-roots.pem
CONNECTION ERROR:  
CONNECTION ERROR:  
Creating connection for 86.61.68.251 using <_io.TextIOWrapper name='logs.json' mode='a' encoding='UTF-8'> and week3-roots.pem
CONNECTION ERROR:  
CONNECTION ERROR:  
CONNECTION ERROR:  
CONNECTION ERROR:  
Creating connection for 154.23.240.239 using <_io.TextIOWrapper name='logs.json' mode='a' encoding='UTF-8'> and week3-roots.pem
CONNECTION ERROR:  
Creating connection for 104.21.35.244 using <_io.TextIOWrapper name='logs.json' mode='a' encoding='UTF-8'> and week3-roots.pem
Creating connection for 35.209.98.213 using <_io.TextIOWrapper name='logs.json' mode='a' encoding='UTF-8'> and week3-roots.pem
Creating connection for 5.9.141.167 using <_io.TextIOWrapper name='logs.json' mode='a' encoding='UTF-8'> and week3-roots.pem
Creating connection for 77.78.104.200 using <_io.TextIOWrapper name='logs.json' mode='a' encoding='UTF-8'> and week3-roots.pem
CONNECTION ERROR:  
CONNECTION ERROR:  
Creating connection for 65.9.86.108 using <_io.TextIOWrapper name='logs.json' mode='a' encoding='UTF-8'> and week3-roots.pem
CONNECTION ERROR:  
CONNECTION ERROR:  
Creating connection for 39.98.194.117 using <_io.TextIOWrapper name='logs.json' mode='a' encoding='UTF-8'> and week3-roots.pem
Creating connection for 91.215.42.120 using <_io.TextIOWrapper name='logs.json' mode='a' encoding='UTF-8'> and week3-roots.pem
CONNECTION ERROR:  
CONNECTION ERROR:  
CONNECTION ERROR:  
Creating connection for 172.104.15.90 using <_io.TextIOWrapper name='logs.json' mode='a' encoding='UTF-8'> and week3-roots.pem
Creating connection for 23.227.38.74 using <_io.TextIOWrapper name='logs.json' mode='a' encoding='UTF-8'> and week3-roots.pem
CONNECTION ERROR:  
Creating connection for 185.107.73.215 using <_io.TextIOWrapper name='logs.json' mode='a' encoding='UTF-8'> and week3-roots.pem
CONNECTION ERROR:  
Creating connection for 172.67.73.216 using <_io.TextIOWrapper name='logs.json' mode='a' encoding='UTF-8'> and week3-roots.pem
Creating connection for 5.134.10.154 using <_io.TextIOWrapper name='logs.json' mode='a' encoding='UTF-8'> and week3-roots.pem
CONNECTION ERROR:  
CONNECTION ERROR:  
CONNECTION ERROR:  
Creating connection for 200.155.75.23 using <_io.TextIOWrapper name='logs.json' mode='a' encoding='UTF-8'> and week3-roots.pem
Creating connection for 23.185.0.2 using <_io.TextIOWrapper name='logs.json' mode='a' encoding='UTF-8'> and week3-roots.pem
CONNECTION ERROR:  
CONNECTION ERROR:  
CONNECTION ERROR:  
CONNECTION ERROR:  timed out
Creating connection for 65.9.86.74 using <_io.TextIOWrapper name='logs.json' mode='a' encoding='UTF-8'> and week3-roots.pem
CONNECTION ERROR:  
Creating connection for 65.9.86.125 using <_io.TextIOWrapper name='logs.json' mode='a' encoding='UTF-8'> and week3-roots.pem
Creating connection for 104.26.4.138 using <_io.TextIOWrapper name='logs.json' mode='a' encoding='UTF-8'> and week3-roots.pem
CONNECTION ERROR:  
CONNECTION ERROR:  
CONNECTION ERROR:  
CONNECTION ERROR:  timed out
CONNECTION ERROR:  
Creating connection for 47.246.48.207 using <_io.TextIOWrapper name='logs.json' mode='a' encoding='UTF-8'> and week3-roots.pem
CONNECTION ERROR:  
CONNECTION ERROR:  
Creating connection for 94.23.36.197 using <_io.TextIOWrapper name='logs.json' mode='a' encoding='UTF-8'> and week3-roots.pem
CONNECTION ERROR:  
Creating connection for 138.197.58.37 using <_io.TextIOWrapper name='logs.json' mode='a' encoding='UTF-8'> and week3-roots.pem
CONNECTION ERROR:  
Creating connection for 44.239.242.251 using <_io.TextIOWrapper name='logs.json' mode='a' encoding='UTF-8'> and week3-roots.pem
CONNECTION ERROR:  
Creating connection for 94.231.103.100 using <_io.TextIOWrapper name='logs.json' mode='a' encoding='UTF-8'> and week3-roots.pem
Creating connection for 104.21.5.10 using <_io.TextIOWrapper name='logs.json' mode='a' encoding='UTF-8'> and week3-roots.pem
CONNECTION ERROR:  
Creating connection for 216.239.34.21 using <_io.TextIOWrapper name='logs.json' mode='a' encoding='UTF-8'> and week3-roots.pem
CONNECTION ERROR:  
CONNECTION ERROR:  
CONNECTION ERROR:  
CONNECTION ERROR:  
CONNECTION ERROR:  timed out
CONNECTION ERROR:  
CONNECTION ERROR:  [Errno 111] Connection refused
Creating connection for 104.21.72.139 using <_io.TextIOWrapper name='logs.json' mode='a' encoding='UTF-8'> and week3-roots.pem
CONNECTION ERROR:  
Creating connection for 172.67.196.250 using <_io.TextIOWrapper name='logs.json' mode='a' encoding='UTF-8'> and week3-roots.pem
CONNECTION ERROR:  
CONNECTION ERROR:  
CONNECTION ERROR:  
CONNECTION ERROR:  (32, 'EPIPE')
CONNECTION ERROR:  
CONNECTION ERROR:  
CONNECTION ERROR:  
Creating connection for 172.255.6.155 using <_io.TextIOWrapper name='logs.json' mode='a' encoding='UTF-8'> and week3-roots.pem
Creating connection for 104.21.33.93 using <_io.TextIOWrapper name='logs.json' mode='a' encoding='UTF-8'> and week3-roots.pem
CONNECTION ERROR:  
CONNECTION ERROR:  
CONNECTION ERROR:  
Creating connection for 208.91.197.26 using <_io.TextIOWrapper name='logs.json' mode='a' encoding='UTF-8'> and week3-roots.pem
Creating connection for 172.67.201.62 using <_io.TextIOWrapper name='logs.json' mode='a' encoding='UTF-8'> and week3-roots.pem
CONNECTION ERROR:  
CONNECTION ERROR:  
CONNECTION ERROR:  
CONNECTION ERROR:  
CONNECTION ERROR:  
Creating connection for 172.67.70.139 using <_io.TextIOWrapper name='logs.json' mode='a' encoding='UTF-8'> and week3-roots.pem
CONNECTION ERROR:  
Creating connection for 104.22.52.142 using <_io.TextIOWrapper name='logs.json' mode='a' encoding='UTF-8'> and week3-roots.pem
Creating connection for 45.203.115.75 using <_io.TextIOWrapper name='logs.json' mode='a' encoding='UTF-8'> and week3-roots.pem
Creating connection for 194.5.195.180 using <_io.TextIOWrapper name='logs.json' mode='a' encoding='UTF-8'> and week3-roots.pem
Creating connection for 162.159.136.54 using <_io.TextIOWrapper name='logs.json' mode='a' encoding='UTF-8'> and week3-roots.pem
CONNECTION ERROR:  
Creating connection for 66.206.18.218 using <_io.TextIOWrapper name='logs.json' mode='a' encoding='UTF-8'> and week3-roots.pem
CONNECTION ERROR:  
Creating connection for 104.26.6.142 using <_io.TextIOWrapper name='logs.json' mode='a' encoding='UTF-8'> and week3-roots.pem
CONNECTION ERROR:  
CONNECTION ERROR:  
Creating connection for 104.21.64.115 using <_io.TextIOWrapper name='logs.json' mode='a' encoding='UTF-8'> and week3-roots.pem
CONNECTION ERROR:  
CONNECTION ERROR:  
CONNECTION ERROR:  
Creating connection for 65.9.86.9 using <_io.TextIOWrapper name='logs.json' mode='a' encoding='UTF-8'> and week3-roots.pem
Creating connection for 133.167.123.209 using <_io.TextIOWrapper name='logs.json' mode='a' encoding='UTF-8'> and week3-roots.pem
Creating connection for 66.94.125.147 using <_io.TextIOWrapper name='logs.json' mode='a' encoding='UTF-8'> and week3-roots.pem
Creating connection for 104.199.215.112 using <_io.TextIOWrapper name='logs.json' mode='a' encoding='UTF-8'> and week3-roots.pem
CONNECTION ERROR:  
Creating connection for 151.101.67.10 using <_io.TextIOWrapper name='logs.json' mode='a' encoding='UTF-8'> and week3-roots.pem
Creating connection for 76.223.34.124 using <_io.TextIOWrapper name='logs.json' mode='a' encoding='UTF-8'> and week3-roots.pem
CONNECTION ERROR:  
Creating connection for 104.27.205.87 using <_io.TextIOWrapper name='logs.json' mode='a' encoding='UTF-8'> and week3-roots.pem
Creating connection for 104.26.2.58 using <_io.TextIOWrapper name='logs.json' mode='a' encoding='UTF-8'> and week3-roots.pem
Creating connection for 203.69.102.145 using <_io.TextIOWrapper name='logs.json' mode='a' encoding='UTF-8'> and week3-roots.pem
CONNECTION ERROR:  
CONNECTION ERROR:  
Creating connection for 193.233.14.4 using <_io.TextIOWrapper name='logs.json' mode='a' encoding='UTF-8'> and week3-roots.pem
CONNECTION ERROR:  
Creating connection for 65.9.86.43 using <_io.TextIOWrapper name='logs.json' mode='a' encoding='UTF-8'> and week3-roots.pem
CONNECTION ERROR:  
Creating connection for 67.227.166.128 using <_io.TextIOWrapper name='logs.json' mode='a' encoding='UTF-8'> and week3-roots.pem
Creating connection for 172.66.41.14 using <_io.TextIOWrapper name='logs.json' mode='a' encoding='UTF-8'> and week3-roots.pem
CONNECTION ERROR:  
Creating connection for 104.21.5.195 using <_io.TextIOWrapper name='logs.json' mode='a' encoding='UTF-8'> and week3-roots.pem
CONNECTION ERROR:  
CONNECTION ERROR:  
CONNECTION ERROR:  
CONNECTION ERROR:  
Creating connection for 123.31.41.60 using <_io.TextIOWrapper name='logs.json' mode='a' encoding='UTF-8'> and week3-roots.pem
CONNECTION ERROR:  
Creating connection for 35.185.201.27 using <_io.TextIOWrapper name='logs.json' mode='a' encoding='UTF-8'> and week3-roots.pem
Creating connection for 65.9.86.86 using <_io.TextIOWrapper name='logs.json' mode='a' encoding='UTF-8'> and week3-roots.pem
CONNECTION ERROR:  
Creating connection for 104.21.55.209 using <_io.TextIOWrapper name='logs.json' mode='a' encoding='UTF-8'> and week3-roots.pem
CONNECTION ERROR:  
CONNECTION ERROR:  
Creating connection for 61.78.63.91 using <_io.TextIOWrapper name='logs.json' mode='a' encoding='UTF-8'> and week3-roots.pem
Creating connection for 104.26.10.116 using <_io.TextIOWrapper name='logs.json' mode='a' encoding='UTF-8'> and week3-roots.pem
CONNECTION ERROR:  
Creating connection for 104.26.7.199 using <_io.TextIOWrapper name='logs.json' mode='a' encoding='UTF-8'> and week3-roots.pem
CONNECTION ERROR:  
CONNECTION ERROR:  
Creating connection for 185.118.55.241 using <_io.TextIOWrapper name='logs.json' mode='a' encoding='UTF-8'> and week3-roots.pem
Creating connection for 46.252.150.55 using <_io.TextIOWrapper name='logs.json' mode='a' encoding='UTF-8'> and week3-roots.pem
CONNECTION ERROR:  
Creating connection for 43.243.226.8 using <_io.TextIOWrapper name='logs.json' mode='a' encoding='UTF-8'> and week3-roots.pem
Creating connection for 172.67.152.189 using <_io.TextIOWrapper name='logs.json' mode='a' encoding='UTF-8'> and week3-roots.pem
Creating connection for 74.217.38.217 using <_io.TextIOWrapper name='logs.json' mode='a' encoding='UTF-8'> and week3-roots.pem
Creating connection for 65.9.86.8 using <_io.TextIOWrapper name='logs.json' mode='a' encoding='UTF-8'> and week3-roots.pem
CONNECTION ERROR:  
CONNECTION ERROR:  
Creating connection for 185.224.138.223 using <_io.TextIOWrapper name='logs.json' mode='a' encoding='UTF-8'> and week3-roots.pem
CONNECTION ERROR:  
Creating connection for 54.209.199.136 using <_io.TextIOWrapper name='logs.json' mode='a' encoding='UTF-8'> and week3-roots.pem
CONNECTION ERROR:  timed out
CONNECTION ERROR:  
Creating connection for 162.241.118.13 using <_io.TextIOWrapper name='logs.json' mode='a' encoding='UTF-8'> and week3-roots.pem
Creating connection for 150.158.225.206 using <_io.TextIOWrapper name='logs.json' mode='a' encoding='UTF-8'> and week3-roots.pem
Creating connection for 104.21.21.118 using <_io.TextIOWrapper name='logs.json' mode='a' encoding='UTF-8'> and week3-roots.pem
Creating connection for 23.185.0.4 using <_io.TextIOWrapper name='logs.json' mode='a' encoding='UTF-8'> and week3-roots.pem
CONNECTION ERROR:  
Creating connection for 13.236.220.78 using <_io.TextIOWrapper name='logs.json' mode='a' encoding='UTF-8'> and week3-roots.pem
Creating connection for 152.44.36.206 using <_io.TextIOWrapper name='logs.json' mode='a' encoding='UTF-8'> and week3-roots.pem
CONNECTION ERROR:  
CONNECTION ERROR:  
Creating connection for 151.101.192.68 using <_io.TextIOWrapper name='logs.json' mode='a' encoding='UTF-8'> and week3-roots.pem
Creating connection for 23.22.144.165 using <_io.TextIOWrapper name='logs.json' mode='a' encoding='UTF-8'> and week3-roots.pem
Creating connection for 52.165.98.159 using <_io.TextIOWrapper name='logs.json' mode='a' encoding='UTF-8'> and week3-roots.pem
Creating connection for 172.67.204.218 using <_io.TextIOWrapper name='logs.json' mode='a' encoding='UTF-8'> and week3-roots.pem
CONNECTION ERROR:  
Creating connection for 66.171.240.169 using <_io.TextIOWrapper name='logs.json' mode='a' encoding='UTF-8'> and week3-roots.pem
Creating connection for 54.72.60.200 using <_io.TextIOWrapper name='logs.json' mode='a' encoding='UTF-8'> and week3-roots.pem
CONNECTION ERROR:  
CONNECTION ERROR:  
Creating connection for 65.9.86.72 using <_io.TextIOWrapper name='logs.json' mode='a' encoding='UTF-8'> and week3-roots.pem
CONNECTION ERROR:  
Creating connection for 52.202.228.29 using <_io.TextIOWrapper name='logs.json' mode='a' encoding='UTF-8'> and week3-roots.pem
CONNECTION ERROR:  
Creating connection for 50.87.236.5 using <_io.TextIOWrapper name='logs.json' mode='a' encoding='UTF-8'> and week3-roots.pem
Creating connection for 62.76.25.27 using <_io.TextIOWrapper name='logs.json' mode='a' encoding='UTF-8'> and week3-roots.pem
Creating connection for 193.105.159.204 using <_io.TextIOWrapper name='logs.json' mode='a' encoding='UTF-8'> and week3-roots.pem
CONNECTION ERROR:  timed out
CONNECTION ERROR:  
Creating connection for 192.0.78.129 using <_io.TextIOWrapper name='logs.json' mode='a' encoding='UTF-8'> and week3-roots.pem
Creating connection for 92.51.201.171 using <_io.TextIOWrapper name='logs.json' mode='a' encoding='UTF-8'> and week3-roots.pem
CONNECTION ERROR:  
Creating connection for 3.33.152.147 using <_io.TextIOWrapper name='logs.json' mode='a' encoding='UTF-8'> and week3-roots.pem
CONNECTION ERROR:  
Creating connection for 18.182.109.190 using <_io.TextIOWrapper name='logs.json' mode='a' encoding='UTF-8'> and week3-roots.pem
CONNECTION ERROR:  
Creating connection for 104.255.169.137 using <_io.TextIOWrapper name='logs.json' mode='a' encoding='UTF-8'> and week3-roots.pem
CONNECTION ERROR:  
CONNECTION ERROR:  [Errno 111] Connection refused
CONNECTION ERROR:  
CONNECTION ERROR:  (32, 'EPIPE')
Creating connection for 99.83.190.102 using <_io.TextIOWrapper name='logs.json' mode='a' encoding='UTF-8'> and week3-roots.pem
Creating connection for 104.18.163.91 using <_io.TextIOWrapper name='logs.json' mode='a' encoding='UTF-8'> and week3-roots.pem
CONNECTION ERROR:  
Creating connection for 93.93.51.223 using <_io.TextIOWrapper name='logs.json' mode='a' encoding='UTF-8'> and week3-roots.pem
Creating connection for 198.185.159.144 using <_io.TextIOWrapper name='logs.json' mode='a' encoding='UTF-8'> and week3-roots.pem
CONNECTION ERROR:  
CONNECTION ERROR:  
Creating connection for 65.9.86.34 using <_io.TextIOWrapper name='logs.json' mode='a' encoding='UTF-8'> and week3-roots.pem
Creating connection for 104.26.14.19 using <_io.TextIOWrapper name='logs.json' mode='a' encoding='UTF-8'> and week3-roots.pem
Creating connection for 65.9.86.76 using <_io.TextIOWrapper name='logs.json' mode='a' encoding='UTF-8'> and week3-roots.pem
Creating connection for 104.26.10.146 using <_io.TextIOWrapper name='logs.json' mode='a' encoding='UTF-8'> and week3-roots.pem
Creating connection for 118.112.250.148 using <_io.TextIOWrapper name='logs.json' mode='a' encoding='UTF-8'> and week3-roots.pem
Creating connection for 104.22.60.136 using <_io.TextIOWrapper name='logs.json' mode='a' encoding='UTF-8'> and week3-roots.pem
CONNECTION ERROR:  
Creating connection for 104.22.71.134 using <_io.TextIOWrapper name='logs.json' mode='a' encoding='UTF-8'> and week3-roots.pem
Creating connection for 192.0.78.25 using <_io.TextIOWrapper name='logs.json' mode='a' encoding='UTF-8'> and week3-roots.pem
Creating connection for 45.136.50.130 using <_io.TextIOWrapper name='logs.json' mode='a' encoding='UTF-8'> and week3-roots.pem
Creating connection for 192.124.249.102 using <_io.TextIOWrapper name='logs.json' mode='a' encoding='UTF-8'> and week3-roots.pem
CONNECTION ERROR:  
CONNECTION ERROR:  [Errno 111] Connection refused
CONNECTION ERROR:  
Creating connection for 141.105.67.141 using <_io.TextIOWrapper name='logs.json' mode='a' encoding='UTF-8'> and week3-roots.pem
Creating connection for 172.67.204.67 using <_io.TextIOWrapper name='logs.json' mode='a' encoding='UTF-8'> and week3-roots.pem
CONNECTION ERROR:  
CONNECTION ERROR:  
Creating connection for 37.1.201.27 using <_io.TextIOWrapper name='logs.json' mode='a' encoding='UTF-8'> and week3-roots.pem
CONNECTION ERROR:  
CONNECTION ERROR:  
CONNECTION ERROR:  
CONNECTION ERROR:  (32, 'EPIPE')
CONNECTION ERROR:  
Creating connection for 75.2.37.224 using <_io.TextIOWrapper name='logs.json' mode='a' encoding='UTF-8'> and week3-roots.pem
CONNECTION ERROR:  
CONNECTION ERROR:  
CONNECTION ERROR:  
CONNECTION ERROR:  
CONNECTION ERROR:  
Creating connection for 217.160.0.72 using <_io.TextIOWrapper name='logs.json' mode='a' encoding='UTF-8'> and week3-roots.pem
Creating connection for 109.68.33.64 using <_io.TextIOWrapper name='logs.json' mode='a' encoding='UTF-8'> and week3-roots.pem
CONNECTION ERROR:  
CONNECTION ERROR:  
CONNECTION ERROR:  
Creating connection for 172.67.176.192 using <_io.TextIOWrapper name='logs.json' mode='a' encoding='UTF-8'> and week3-roots.pem
CONNECTION ERROR:  
Creating connection for 37.1.207.42 using <_io.TextIOWrapper name='logs.json' mode='a' encoding='UTF-8'> and week3-roots.pem
Creating connection for 72.9.251.108 using <_io.TextIOWrapper name='logs.json' mode='a' encoding='UTF-8'> and week3-roots.pem
Creating connection for 216.239.32.21 using <_io.TextIOWrapper name='logs.json' mode='a' encoding='UTF-8'> and week3-roots.pem
CONNECTION ERROR:  
Creating connection for 54.88.84.165 using <_io.TextIOWrapper name='logs.json' mode='a' encoding='UTF-8'> and week3-roots.pem
Creating connection for 185.53.178.53 using <_io.TextIOWrapper name='logs.json' mode='a' encoding='UTF-8'> and week3-roots.pem
CONNECTION ERROR:  
CONNECTION ERROR:  
CONNECTION ERROR:  
Creating connection for 104.207.145.134 using <_io.TextIOWrapper name='logs.json' mode='a' encoding='UTF-8'> and week3-roots.pem
Creating connection for 63.35.40.5 using <_io.TextIOWrapper name='logs.json' mode='a' encoding='UTF-8'> and week3-roots.pem
Creating connection for 5.61.36.80 using <_io.TextIOWrapper name='logs.json' mode='a' encoding='UTF-8'> and week3-roots.pem
CONNECTION ERROR:  
Creating connection for 172.67.155.111 using <_io.TextIOWrapper name='logs.json' mode='a' encoding='UTF-8'> and week3-roots.pem
CONNECTION ERROR:  
CONNECTION ERROR:  
Creating connection for 216.246.112.22 using <_io.TextIOWrapper name='logs.json' mode='a' encoding='UTF-8'> and week3-roots.pem
Creating connection for 145.239.67.120 using <_io.TextIOWrapper name='logs.json' mode='a' encoding='UTF-8'> and week3-roots.pem
Creating connection for 176.221.90.97 using <_io.TextIOWrapper name='logs.json' mode='a' encoding='UTF-8'> and week3-roots.pem
CONNECTION ERROR:  
Creating connection for 35.205.61.67 using <_io.TextIOWrapper name='logs.json' mode='a' encoding='UTF-8'> and week3-roots.pem
Creating connection for 146.20.41.5 using <_io.TextIOWrapper name='logs.json' mode='a' encoding='UTF-8'> and week3-roots.pem
CONNECTION ERROR:  
Creating connection for 195.201.188.46 using <_io.TextIOWrapper name='logs.json' mode='a' encoding='UTF-8'> and week3-roots.pem
CONNECTION ERROR:  
Creating connection for 172.67.141.68 using <_io.TextIOWrapper name='logs.json' mode='a' encoding='UTF-8'> and week3-roots.pem
CONNECTION ERROR:  
Creating connection for 192.99.68.146 using <_io.TextIOWrapper name='logs.json' mode='a' encoding='UTF-8'> and week3-roots.pem
CONNECTION ERROR:  
Creating connection for 91.205.195.50 using <_io.TextIOWrapper name='logs.json' mode='a' encoding='UTF-8'> and week3-roots.pem
Creating connection for 20.45.0.240 using <_io.TextIOWrapper name='logs.json' mode='a' encoding='UTF-8'> and week3-roots.pem
CONNECTION ERROR:  
CONNECTION ERROR:  
CONNECTION ERROR:  [Errno 113] No route to host
CONNECTION ERROR:  
CONNECTION ERROR:  (32, 'EPIPE')
CONNECTION ERROR:  
Creating connection for 39.107.117.235 using <_io.TextIOWrapper name='logs.json' mode='a' encoding='UTF-8'> and week3-roots.pem
Creating connection for 93.188.2.52 using <_io.TextIOWrapper name='logs.json' mode='a' encoding='UTF-8'> and week3-roots.pem
Creating connection for 62.217.79.75 using <_io.TextIOWrapper name='logs.json' mode='a' encoding='UTF-8'> and week3-roots.pem
Creating connection for 133.125.53.196 using <_io.TextIOWrapper name='logs.json' mode='a' encoding='UTF-8'> and week3-roots.pem
CONNECTION ERROR:  
Creating connection for 135.84.124.41 using <_io.TextIOWrapper name='logs.json' mode='a' encoding='UTF-8'> and week3-roots.pem
Creating connection for 62.240.232.130 using <_io.TextIOWrapper name='logs.json' mode='a' encoding='UTF-8'> and week3-roots.pem
Creating connection for 60.253.103.51 using <_io.TextIOWrapper name='logs.json' mode='a' encoding='UTF-8'> and week3-roots.pem
Creating connection for 151.101.37.124 using <_io.TextIOWrapper name='logs.json' mode='a' encoding='UTF-8'> and week3-roots.pemCONNECTION ERROR:  
CONNECTION ERROR:  
CONNECTION ERROR:  
CONNECTION ERROR:  

CONNECTION ERROR:  
CONNECTION ERROR:  
CONNECTION ERROR:  [Errno 111] Connection refused
CONNECTION ERROR:  
CONNECTION ERROR:  
CONNECTION ERROR:  
CONNECTION ERROR:  
Creating connection for 65.9.86.26 using <_io.TextIOWrapper name='logs.json' mode='a' encoding='UTF-8'> and week3-roots.pem
CONNECTION ERROR:  (32, 'EPIPE')
CONNECTION ERROR:  
Creating connection for 185.128.220.44 using <_io.TextIOWrapper name='logs.json' mode='a' encoding='UTF-8'> and week3-roots.pem
Creating connection for 217.160.184.128 using <_io.TextIOWrapper name='logs.json' mode='a' encoding='UTF-8'> and week3-roots.pem
Creating connection for 117.41.181.119 using <_io.TextIOWrapper name='logs.json' mode='a' encoding='UTF-8'> and week3-roots.pem
Creating connection for 52.174.193.210 using <_io.TextIOWrapper name='logs.json' mode='a' encoding='UTF-8'> and week3-roots.pem
CONNECTION ERROR:  timed out
CONNECTION ERROR:  
Creating connection for 172.64.147.166 using <_io.TextIOWrapper name='logs.json' mode='a' encoding='UTF-8'> and week3-roots.pem
Creating connection for 103.6.196.36 using <_io.TextIOWrapper name='logs.json' mode='a' encoding='UTF-8'> and week3-roots.pem
Creating connection for 18.182.222.222 using <_io.TextIOWrapper name='logs.json' mode='a' encoding='UTF-8'> and week3-roots.pem
Creating connection for 34.251.201.224 using <_io.TextIOWrapper name='logs.json' mode='a' encoding='UTF-8'> and week3-roots.pem
Creating connection for 216.158.229.242 using <_io.TextIOWrapper name='logs.json' mode='a' encoding='UTF-8'> and week3-roots.pem
Creating connection for 185.199.110.153 using <_io.TextIOWrapper name='logs.json' mode='a' encoding='UTF-8'> and week3-roots.pem
CONNECTION ERROR:  
CONNECTION ERROR:  
CONNECTION ERROR:  
Creating connection for 3.66.136.156 using <_io.TextIOWrapper name='logs.json' mode='a' encoding='UTF-8'> and week3-roots.pem
Creating connection for 104.21.74.62 using <_io.TextIOWrapper name='logs.json' mode='a' encoding='UTF-8'> and week3-roots.pem
Creating connection for 104.18.19.178 using <_io.TextIOWrapper name='logs.json' mode='a' encoding='UTF-8'> and week3-roots.pem
CONNECTION ERROR:  
CONNECTION ERROR:  
Creating connection for 65.9.84.79 using <_io.TextIOWrapper name='logs.json' mode='a' encoding='UTF-8'> and week3-roots.pem
CONNECTION ERROR:  
CONNECTION ERROR:  
CONNECTION ERROR:  timed out
CONNECTION ERROR:  
Creating connection for 35.154.189.137 using <_io.TextIOWrapper name='logs.json' mode='a' encoding='UTF-8'> and week3-roots.pem
Creating connection for 104.21.63.193 using <_io.TextIOWrapper name='logs.json' mode='a' encoding='UTF-8'> and week3-roots.pem
CONNECTION ERROR:  
Creating connection for 185.15.208.212 using <_io.TextIOWrapper name='logs.json' mode='a' encoding='UTF-8'> and week3-roots.pem
CONNECTION ERROR:  
Creating connection for 141.193.213.10 using <_io.TextIOWrapper name='logs.json' mode='a' encoding='UTF-8'> and week3-roots.pem
CONNECTION ERROR:  
CONNECTION ERROR:  
CONNECTION ERROR:  
CONNECTION ERROR:  
CONNECTION ERROR:  
Creating connection for 188.114.97.2 using <_io.TextIOWrapper name='logs.json' mode='a' encoding='UTF-8'> and week3-roots.pem
Creating connection for 65.9.86.34 using <_io.TextIOWrapper name='logs.json' mode='a' encoding='UTF-8'> and week3-roots.pem
CONNECTION ERROR:  
Creating connection for 67.202.4.81 using <_io.TextIOWrapper name='logs.json' mode='a' encoding='UTF-8'> and week3-roots.pem
Creating connection for 104.26.14.243 using <_io.TextIOWrapper name='logs.json' mode='a' encoding='UTF-8'> and week3-roots.pem
Creating connection for 65.9.86.91 using <_io.TextIOWrapper name='logs.json' mode='a' encoding='UTF-8'> and week3-roots.pem
Creating connection for 172.67.182.180 using <_io.TextIOWrapper name='logs.json' mode='a' encoding='UTF-8'> and week3-roots.pem
CONNECTION ERROR:  
CONNECTION ERROR:  
Creating connection for 75.2.115.196 using <_io.TextIOWrapper name='logs.json' mode='a' encoding='UTF-8'> and week3-roots.pem
Creating connection for 45.10.148.44 using <_io.TextIOWrapper name='logs.json' mode='a' encoding='UTF-8'> and week3-roots.pem
Creating connection for 13.57.79.46 using <_io.TextIOWrapper name='logs.json' mode='a' encoding='UTF-8'> and week3-roots.pem
CONNECTION ERROR:  
CONNECTION ERROR:  
CONNECTION ERROR:  
Creating connection for 194.87.236.104 using <_io.TextIOWrapper name='logs.json' mode='a' encoding='UTF-8'> and week3-roots.pem
CONNECTION ERROR:  
Creating connection for 46.166.184.102 using <_io.TextIOWrapper name='logs.json' mode='a' encoding='UTF-8'> and week3-roots.pem
CONNECTION ERROR:  
CONNECTION ERROR:  
Creating connection for 172.67.153.37 using <_io.TextIOWrapper name='logs.json' mode='a' encoding='UTF-8'> and week3-roots.pem
CONNECTION ERROR:  
CONNECTION ERROR:  
CONNECTION ERROR:  
CONNECTION ERROR:  
CONNECTION ERROR:  
CONNECTION ERROR:  
Creating connection for 165.227.207.231 using <_io.TextIOWrapper name='logs.json' mode='a' encoding='UTF-8'> and week3-roots.pem
CONNECTION ERROR:  
CONNECTION ERROR:  
CONNECTION ERROR:  
Creating connection for 35.187.101.34 using <_io.TextIOWrapper name='logs.json' mode='a' encoding='UTF-8'> and week3-roots.pem
CONNECTION ERROR:  
CONNECTION ERROR:  
CONNECTION ERROR:  
CONNECTION ERROR:  
CONNECTION ERROR:  
Creating connection for 172.67.180.118 using <_io.TextIOWrapper name='logs.json' mode='a' encoding='UTF-8'> and week3-roots.pem
CONNECTION ERROR:  
Creating connection for 104.26.10.79 using <_io.TextIOWrapper name='logs.json' mode='a' encoding='UTF-8'> and week3-roots.pem
Creating connection for 3.33.152.147 using <_io.TextIOWrapper name='logs.json' mode='a' encoding='UTF-8'> and week3-roots.pem
CONNECTION ERROR:  
Creating connection for 65.9.86.104 using <_io.TextIOWrapper name='logs.json' mode='a' encoding='UTF-8'> and week3-roots.pem
CONNECTION ERROR:  timed out
CONNECTION ERROR:  timed out
CONNECTION ERROR:  
CONNECTION ERROR:  
Creating connection for 176.96.230.40 using <_io.TextIOWrapper name='logs.json' mode='a' encoding='UTF-8'> and week3-roots.pem
Creating connection for 3.33.152.147 using <_io.TextIOWrapper name='logs.json' mode='a' encoding='UTF-8'> and week3-roots.pem
Creating connection for 172.67.223.57 using <_io.TextIOWrapper name='logs.json' mode='a' encoding='UTF-8'> and week3-roots.pem
CONNECTION ERROR:  [Errno 111] Connection refused
CONNECTION ERROR:  (32, 'EPIPE')
Creating connection for 78.153.214.22 using <_io.TextIOWrapper name='logs.json' mode='a' encoding='UTF-8'> and week3-roots.pem
Creating connection for 37.140.192.228 using <_io.TextIOWrapper name='logs.json' mode='a' encoding='UTF-8'> and week3-roots.pem
Creating connection for 104.26.4.101 using <_io.TextIOWrapper name='logs.json' mode='a' encoding='UTF-8'> and week3-roots.pem
CONNECTION ERROR:  
CONNECTION ERROR:  
CONNECTION ERROR:  
Creating connection for 172.67.174.139 using <_io.TextIOWrapper name='logs.json' mode='a' encoding='UTF-8'> and week3-roots.pem
CONNECTION ERROR:  
Creating connection for 178.33.43.150 using <_io.TextIOWrapper name='logs.json' mode='a' encoding='UTF-8'> and week3-roots.pem
CONNECTION ERROR:  
Creating connection for 192.0.78.169 using <_io.TextIOWrapper name='logs.json' mode='a' encoding='UTF-8'> and week3-roots.pem
CONNECTION ERROR:  
Creating connection for 172.67.151.72 using <_io.TextIOWrapper name='logs.json' mode='a' encoding='UTF-8'> and week3-roots.pem
CONNECTION ERROR:  
Creating connection for 34.196.151.45 using <_io.TextIOWrapper name='logs.json' mode='a' encoding='UTF-8'> and week3-roots.pem
Creating connection for 104.26.5.94 using <_io.TextIOWrapper name='logs.json' mode='a' encoding='UTF-8'> and week3-roots.pem
Creating connection for 104.21.65.49 using <_io.TextIOWrapper name='logs.json' mode='a' encoding='UTF-8'> and week3-roots.pem
Creating connection for 194.79.57.145 using <_io.TextIOWrapper name='logs.json' mode='a' encoding='UTF-8'> and week3-roots.pem
Creating connection for 104.21.4.101 using <_io.TextIOWrapper name='logs.json' mode='a' encoding='UTF-8'> and week3-roots.pem
CONNECTION ERROR:  
Creating connection for 65.21.33.151 using <_io.TextIOWrapper name='logs.json' mode='a' encoding='UTF-8'> and week3-roots.pemCONNECTION ERROR:  

CONNECTION ERROR:  
CONNECTION ERROR:  
CONNECTION ERROR:  
Creating connection for 65.9.86.55 using <_io.TextIOWrapper name='logs.json' mode='a' encoding='UTF-8'> and week3-roots.pem
CONNECTION ERROR:  
CONNECTION ERROR:  
Creating connection for 172.67.136.198 using <_io.TextIOWrapper name='logs.json' mode='a' encoding='UTF-8'> and week3-roots.pem
CONNECTION ERROR:  
Creating connection for 18.228.61.227 using <_io.TextIOWrapper name='logs.json' mode='a' encoding='UTF-8'> and week3-roots.pem
CONNECTION ERROR:  
CONNECTION ERROR:  
Creating connection for 104.21.47.186 using <_io.TextIOWrapper name='logs.json' mode='a' encoding='UTF-8'> and week3-roots.pem
CONNECTION ERROR:  
Creating connection for 42.4.53.189 using <_io.TextIOWrapper name='logs.json' mode='a' encoding='UTF-8'> and week3-roots.pem
CONNECTION ERROR:  
Creating connection for 45.33.2.79 using <_io.TextIOWrapper name='logs.json' mode='a' encoding='UTF-8'> and week3-roots.pem
Creating connection for 31.7.73.179 using <_io.TextIOWrapper name='logs.json' mode='a' encoding='UTF-8'> and week3-roots.pem
CONNECTION ERROR:  
CONNECTION ERROR:  
Creating connection for 37.187.142.92 using <_io.TextIOWrapper name='logs.json' mode='a' encoding='UTF-8'> and week3-roots.pem
Creating connection for 154.12.231.19 using <_io.TextIOWrapper name='logs.json' mode='a' encoding='UTF-8'> and week3-roots.pem
Creating connection for 172.66.40.54 using <_io.TextIOWrapper name='logs.json' mode='a' encoding='UTF-8'> and week3-roots.pem
CONNECTION ERROR:  
CONNECTION ERROR:  
Creating connection for 112.90.43.190 using <_io.TextIOWrapper name='logs.json' mode='a' encoding='UTF-8'> and week3-roots.pem
Creating connection for 203.174.58.42 using <_io.TextIOWrapper name='logs.json' mode='a' encoding='UTF-8'> and week3-roots.pem
CONNECTION ERROR:  
CONNECTION ERROR:  
Creating connection for 65.9.86.53 using <_io.TextIOWrapper name='logs.json' mode='a' encoding='UTF-8'> and week3-roots.pem
Creating connection for 70.40.210.226 using <_io.TextIOWrapper name='logs.json' mode='a' encoding='UTF-8'> and week3-roots.pem
CONNECTION ERROR:  
CONNECTION ERROR:  
CONNECTION ERROR:  
CONNECTION ERROR:  
CONNECTION ERROR:  
Creating connection for 52.199.218.94 using <_io.TextIOWrapper name='logs.json' mode='a' encoding='UTF-8'> and week3-roots.pem
CONNECTION ERROR:  
CONNECTION ERROR:  
CONNECTION ERROR:  
CONNECTION ERROR:  timed out
CONNECTION ERROR:  
CONNECTION ERROR:  
CONNECTION ERROR:  
Creating connection for 185.53.178.52 using <_io.TextIOWrapper name='logs.json' mode='a' encoding='UTF-8'> and week3-roots.pem
CONNECTION ERROR:  
Creating connection for 193.200.72.212 using <_io.TextIOWrapper name='logs.json' mode='a' encoding='UTF-8'> and week3-roots.pem
Creating connection for 23.227.38.32 using <_io.TextIOWrapper name='logs.json' mode='a' encoding='UTF-8'> and week3-roots.pem
Creating connection for 8.192.172.77 using <_io.TextIOWrapper name='logs.json' mode='a' encoding='UTF-8'> and week3-roots.pem
CONNECTION ERROR:  
CONNECTION ERROR:  
Creating connection for 172.67.21.110 using <_io.TextIOWrapper name='logs.json' mode='a' encoding='UTF-8'> and week3-roots.pem
Creating connection for 188.114.97.12 using <_io.TextIOWrapper name='logs.json' mode='a' encoding='UTF-8'> and week3-roots.pem
Creating connection for 23.227.38.74 using <_io.TextIOWrapper name='logs.json' mode='a' encoding='UTF-8'> and week3-roots.pem
Creating connection for 172.67.39.74 using <_io.TextIOWrapper name='logs.json' mode='a' encoding='UTF-8'> and week3-roots.pem
CONNECTION ERROR:  
Creating connection for 151.11.49.13 using <_io.TextIOWrapper name='logs.json' mode='a' encoding='UTF-8'> and week3-roots.pem
Creating connection for 165.160.13.20 using <_io.TextIOWrapper name='logs.json' mode='a' encoding='UTF-8'> and week3-roots.pem
CONNECTION ERROR:  timed out
Creating connection for 198.54.115.178 using <_io.TextIOWrapper name='logs.json' mode='a' encoding='UTF-8'> and week3-roots.pem
Creating connection for 192.124.249.40 using <_io.TextIOWrapper name='logs.json' mode='a' encoding='UTF-8'> and week3-roots.pem
CONNECTION ERROR:  
Creating connection for 104.18.30.210 using <_io.TextIOWrapper name='logs.json' mode='a' encoding='UTF-8'> and week3-roots.pem
Creating connection for 195.19.220.16 using <_io.TextIOWrapper name='logs.json' mode='a' encoding='UTF-8'> and week3-roots.pem
Creating connection for 172.67.136.103 using <_io.TextIOWrapper name='logs.json' mode='a' encoding='UTF-8'> and week3-roots.pem
Creating connection for 135.181.1.73 using <_io.TextIOWrapper name='logs.json' mode='a' encoding='UTF-8'> and week3-roots.pem
Creating connection for 104.21.94.107 using <_io.TextIOWrapper name='logs.json' mode='a' encoding='UTF-8'> and week3-roots.pem
CONNECTION ERROR:  
CONNECTION ERROR:  
CONNECTION ERROR:  
CONNECTION ERROR:  
Creating connection for 52.212.23.60 using <_io.TextIOWrapper name='logs.json' mode='a' encoding='UTF-8'> and week3-roots.pem
CONNECTION ERROR:  
CONNECTION ERROR:  
CONNECTION ERROR:  
Creating connection for 107.150.167.166 using <_io.TextIOWrapper name='logs.json' mode='a' encoding='UTF-8'> and week3-roots.pem
Creating connection for 52.31.142.134 using <_io.TextIOWrapper name='logs.json' mode='a' encoding='UTF-8'> and week3-roots.pem
CONNECTION ERROR:  
Creating connection for 23.227.38.74 using <_io.TextIOWrapper name='logs.json' mode='a' encoding='UTF-8'> and week3-roots.pem
CONNECTION ERROR:  
Creating connection for 139.162.245.179 using <_io.TextIOWrapper name='logs.json' mode='a' encoding='UTF-8'> and week3-roots.pem
Creating connection for 195.20.49.61 using <_io.TextIOWrapper name='logs.json' mode='a' encoding='UTF-8'> and week3-roots.pem
Creating connection for 104.21.58.59 using <_io.TextIOWrapper name='logs.json' mode='a' encoding='UTF-8'> and week3-roots.pem
CONNECTION ERROR:  
CONNECTION ERROR:  
CONNECTION ERROR:  
Creating connection for 45.148.36.173 using <_io.TextIOWrapper name='logs.json' mode='a' encoding='UTF-8'> and week3-roots.pem
CONNECTION ERROR:  
Creating connection for 65.9.86.104 using <_io.TextIOWrapper name='logs.json' mode='a' encoding='UTF-8'> and week3-roots.pem
Creating connection for 104.21.82.187 using <_io.TextIOWrapper name='logs.json' mode='a' encoding='UTF-8'> and week3-roots.pem
Creating connection for 91.242.34.50 using <_io.TextIOWrapper name='logs.json' mode='a' encoding='UTF-8'> and week3-roots.pem
Creating connection for 188.114.96.3 using <_io.TextIOWrapper name='logs.json' mode='a' encoding='UTF-8'> and week3-roots.pem
CONNECTION ERROR:  
CONNECTION ERROR:  
CONNECTION ERROR:  
CONNECTION ERROR:  
Creating connection for 172.67.70.217 using <_io.TextIOWrapper name='logs.json' mode='a' encoding='UTF-8'> and week3-roots.pem
CONNECTION ERROR:  
Creating connection for 104.21.92.95 using <_io.TextIOWrapper name='logs.json' mode='a' encoding='UTF-8'> and week3-roots.pem
Creating connection for 192.0.78.245 using <_io.TextIOWrapper name='logs.json' mode='a' encoding='UTF-8'> and week3-roots.pem
CONNECTION ERROR:  
CONNECTION ERROR:  timed out
CONNECTION ERROR:  
CONNECTION ERROR:  
Creating connection for 54.215.247.193 using <_io.TextIOWrapper name='logs.json' mode='a' encoding='UTF-8'> and week3-roots.pem
CONNECTION ERROR:  
Creating connection for 5.101.153.12 using <_io.TextIOWrapper name='logs.json' mode='a' encoding='UTF-8'> and week3-roots.pem
CONNECTION ERROR:  
Creating connection for 18.208.124.7 using <_io.TextIOWrapper name='logs.json' mode='a' encoding='UTF-8'> and week3-roots.pem
Creating connection for 78.46.234.15 using <_io.TextIOWrapper name='logs.json' mode='a' encoding='UTF-8'> and week3-roots.pem
CONNECTION ERROR:  
Creating connection for 88.150.174.2 using <_io.TextIOWrapper name='logs.json' mode='a' encoding='UTF-8'> and week3-roots.pem
CONNECTION ERROR:  
CONNECTION ERROR:  
Creating connection for 104.21.4.123 using <_io.TextIOWrapper name='logs.json' mode='a' encoding='UTF-8'> and week3-roots.pem
CONNECTION ERROR:  
Creating connection for 91.151.128.82 using <_io.TextIOWrapper name='logs.json' mode='a' encoding='UTF-8'> and week3-roots.pem
Creating connection for 5.45.74.218 using <_io.TextIOWrapper name='logs.json' mode='a' encoding='UTF-8'> and week3-roots.pem
CONNECTION ERROR:  
CONNECTION ERROR:  
CONNECTION ERROR:  
CONNECTION ERROR:  
Creating connection for 104.22.38.119 using <_io.TextIOWrapper name='logs.json' mode='a' encoding='UTF-8'> and week3-roots.pem
Creating connection for 185.230.63.186 using <_io.TextIOWrapper name='logs.json' mode='a' encoding='UTF-8'> and week3-roots.pem
Creating connection for 151.101.129.124 using <_io.TextIOWrapper name='logs.json' mode='a' encoding='UTF-8'> and week3-roots.pem
CONNECTION ERROR:  timed out
CONNECTION ERROR:  
Creating connection for 65.9.86.27 using <_io.TextIOWrapper name='logs.json' mode='a' encoding='UTF-8'> and week3-roots.pem
Creating connection for 172.67.150.223 using <_io.TextIOWrapper name='logs.json' mode='a' encoding='UTF-8'> and week3-roots.pem
Creating connection for 5.161.74.74 using <_io.TextIOWrapper name='logs.json' mode='a' encoding='UTF-8'> and week3-roots.pem
Creating connection for 65.9.86.100 using <_io.TextIOWrapper name='logs.json' mode='a' encoding='UTF-8'> and week3-roots.pem
Creating connection for 104.26.6.162 using <_io.TextIOWrapper name='logs.json' mode='a' encoding='UTF-8'> and week3-roots.pem
CONNECTION ERROR:  
Creating connection for 192.0.78.137 using <_io.TextIOWrapper name='logs.json' mode='a' encoding='UTF-8'> and week3-roots.pem
Creating connection for 52.197.173.84 using <_io.TextIOWrapper name='logs.json' mode='a' encoding='UTF-8'> and week3-roots.pem
Creating connection for 95.169.184.234 using <_io.TextIOWrapper name='logs.json' mode='a' encoding='UTF-8'> and week3-roots.pem
Creating connection for 172.67.139.110 using <_io.TextIOWrapper name='logs.json' mode='a' encoding='UTF-8'> and week3-roots.pem
CONNECTION ERROR:  
CONNECTION ERROR:  
CONNECTION ERROR:  
CONNECTION ERROR:  
Creating connection for 47.104.137.1 using <_io.TextIOWrapper name='logs.json' mode='a' encoding='UTF-8'> and week3-roots.pem
CONNECTION ERROR:  
CONNECTION ERROR:  
CONNECTION ERROR:  
CONNECTION ERROR:  
Creating connection for 185.230.63.107 using <_io.TextIOWrapper name='logs.json' mode='a' encoding='UTF-8'> and week3-roots.pem
CONNECTION ERROR:  timed out
CONNECTION ERROR:  
CONNECTION ERROR:  
CONNECTION ERROR:  
CONNECTION ERROR:  
CONNECTION ERROR:  
Creating connection for 188.114.96.12 using <_io.TextIOWrapper name='logs.json' mode='a' encoding='UTF-8'> and week3-roots.pem
CONNECTION ERROR:  
Creating connection for 104.21.41.211 using <_io.TextIOWrapper name='logs.json' mode='a' encoding='UTF-8'> and week3-roots.pem
Creating connection for 178.33.169.130 using <_io.TextIOWrapper name='logs.json' mode='a' encoding='UTF-8'> and week3-roots.pem
CONNECTION ERROR:  
Creating connection for 104.22.2.75 using <_io.TextIOWrapper name='logs.json' mode='a' encoding='UTF-8'> and week3-roots.pem
CONNECTION ERROR:  
CONNECTION ERROR:  
CONNECTION ERROR:  
CONNECTION ERROR:  
Creating connection for 104.22.78.200 using <_io.TextIOWrapper name='logs.json' mode='a' encoding='UTF-8'> and week3-roots.pem
CONNECTION ERROR:  
CONNECTION ERROR:  
Creating connection for 98.137.244.30 using <_io.TextIOWrapper name='logs.json' mode='a' encoding='UTF-8'> and week3-roots.pem
Creating connection for 117.34.13.12 using <_io.TextIOWrapper name='logs.json' mode='a' encoding='UTF-8'> and week3-roots.pem
Creating connection for 206.188.193.117 using <_io.TextIOWrapper name='logs.json' mode='a' encoding='UTF-8'> and week3-roots.pem
Creating connection for 54.253.115.210 using <_io.TextIOWrapper name='logs.json' mode='a' encoding='UTF-8'> and week3-roots.pem
Creating connection for 66.29.132.87 using <_io.TextIOWrapper name='logs.json' mode='a' encoding='UTF-8'> and week3-roots.pem
CONNECTION ERROR:  
Creating connection for 110.173.196.1 using <_io.TextIOWrapper name='logs.json' mode='a' encoding='UTF-8'> and week3-roots.pem
Creating connection for 104.26.14.55 using <_io.TextIOWrapper name='logs.json' mode='a' encoding='UTF-8'> and week3-roots.pem
Creating connection for 51.255.138.128 using <_io.TextIOWrapper name='logs.json' mode='a' encoding='UTF-8'> and week3-roots.pem
CONNECTION ERROR:  
CONNECTION ERROR:  
Creating connection for 198.20.76.3 using <_io.TextIOWrapper name='logs.json' mode='a' encoding='UTF-8'> and week3-roots.pem
Creating connection for 172.67.159.108 using <_io.TextIOWrapper name='logs.json' mode='a' encoding='UTF-8'> and week3-roots.pem
CONNECTION ERROR:  [Errno 111] Connection refused
Creating connection for 23.227.38.74 using <_io.TextIOWrapper name='logs.json' mode='a' encoding='UTF-8'> and week3-roots.pem
CONNECTION ERROR:  
CONNECTION ERROR:  
CONNECTION ERROR:  
CONNECTION ERROR:  (32, 'EPIPE')
CONNECTION ERROR:  
CONNECTION ERROR:  
CONNECTION ERROR:  
CONNECTION ERROR:  
CONNECTION ERROR:  
Creating connection for 52.38.104.56 using <_io.TextIOWrapper name='logs.json' mode='a' encoding='UTF-8'> and week3-roots.pem
CONNECTION ERROR:  
CONNECTION ERROR:  
CONNECTION ERROR:  
Creating connection for 3.138.66.38 using <_io.TextIOWrapper name='logs.json' mode='a' encoding='UTF-8'> and week3-roots.pem
Creating connection for 104.21.45.71 using <_io.TextIOWrapper name='logs.json' mode='a' encoding='UTF-8'> and week3-roots.pem
CONNECTION ERROR:  timed out
CONNECTION ERROR:  timed out
CONNECTION ERROR:  
CONNECTION ERROR:  
CONNECTION ERROR:  
Creating connection for 177.129.73.70 using <_io.TextIOWrapper name='logs.json' mode='a' encoding='UTF-8'> and week3-roots.pem
Creating connection for 198.49.23.145 using <_io.TextIOWrapper name='logs.json' mode='a' encoding='UTF-8'> and week3-roots.pem
CONNECTION ERROR:  
CONNECTION ERROR:  
Creating connection for 104.248.128.180 using <_io.TextIOWrapper name='logs.json' mode='a' encoding='UTF-8'> and week3-roots.pem
Creating connection for 192.124.249.13 using <_io.TextIOWrapper name='logs.json' mode='a' encoding='UTF-8'> and week3-roots.pem
CONNECTION ERROR:  
Creating connection for 162.144.180.20 using <_io.TextIOWrapper name='logs.json' mode='a' encoding='UTF-8'> and week3-roots.pem
Creating connection for 99.83.130.161 using <_io.TextIOWrapper name='logs.json' mode='a' encoding='UTF-8'> and week3-roots.pem
CONNECTION ERROR:  [Errno 111] Connection refused
Creating connection for 185.162.231.251 using <_io.TextIOWrapper name='logs.json' mode='a' encoding='UTF-8'> and week3-roots.pem
CONNECTION ERROR:  (32, 'EPIPE')
Creating connection for 65.9.86.46 using <_io.TextIOWrapper name='logs.json' mode='a' encoding='UTF-8'> and week3-roots.pem
CONNECTION ERROR:  
Creating connection for 211.149.182.231 using <_io.TextIOWrapper name='logs.json' mode='a' encoding='UTF-8'> and week3-roots.pem
CONNECTION ERROR:  
CONNECTION ERROR:  
Creating connection for 172.67.158.27 using <_io.TextIOWrapper name='logs.json' mode='a' encoding='UTF-8'> and week3-roots.pem
CONNECTION ERROR:  timed out
CONNECTION ERROR:  
CONNECTION ERROR:  
Creating connection for 104.17.67.73 using <_io.TextIOWrapper name='logs.json' mode='a' encoding='UTF-8'> and week3-roots.pem
Creating connection for 68.66.228.52 using <_io.TextIOWrapper name='logs.json' mode='a' encoding='UTF-8'> and week3-roots.pem
Creating connection for 84.53.185.216 using <_io.TextIOWrapper name='logs.json' mode='a' encoding='UTF-8'> and week3-roots.pem
Creating connection for 162.241.216.197 using <_io.TextIOWrapper name='logs.json' mode='a' encoding='UTF-8'> and week3-roots.pem
CONNECTION ERROR:  
Creating connection for 104.18.35.95 using <_io.TextIOWrapper name='logs.json' mode='a' encoding='UTF-8'> and week3-roots.pem
Creating connection for 142.250.179.142 using <_io.TextIOWrapper name='logs.json' mode='a' encoding='UTF-8'> and week3-roots.pem
Creating connection for 5.188.6.47 using <_io.TextIOWrapper name='logs.json' mode='a' encoding='UTF-8'> and week3-roots.pem
CONNECTION ERROR:  
Creating connection for 158.106.137.3 using <_io.TextIOWrapper name='logs.json' mode='a' encoding='UTF-8'> and week3-roots.pem
Creating connection for 23.227.38.74 using <_io.TextIOWrapper name='logs.json' mode='a' encoding='UTF-8'> and week3-roots.pem
Creating connection for 104.21.17.207 using <_io.TextIOWrapper name='logs.json' mode='a' encoding='UTF-8'> and week3-roots.pem
CONNECTION ERROR:  
CONNECTION ERROR:  
CONNECTION ERROR:  
Creating connection for 172.67.185.50 using <_io.TextIOWrapper name='logs.json' mode='a' encoding='UTF-8'> and week3-roots.pem
CONNECTION ERROR:  
Creating connection for 151.101.2.132 using <_io.TextIOWrapper name='logs.json' mode='a' encoding='UTF-8'> and week3-roots.pem
Creating connection for 185.253.34.81 using <_io.TextIOWrapper name='logs.json' mode='a' encoding='UTF-8'> and week3-roots.pem
CONNECTION ERROR:  
Creating connection for 104.21.43.183 using <_io.TextIOWrapper name='logs.json' mode='a' encoding='UTF-8'> and week3-roots.pem
CONNECTION ERROR:  
CONNECTION ERROR:  
CONNECTION ERROR:  
CONNECTION ERROR:  
Creating connection for 198.49.23.145 using <_io.TextIOWrapper name='logs.json' mode='a' encoding='UTF-8'> and week3-roots.pem
CONNECTION ERROR:  [Errno 111] Connection refused
Creating connection for 172.67.181.132 using <_io.TextIOWrapper name='logs.json' mode='a' encoding='UTF-8'> and week3-roots.pem
Creating connection for 208.91.197.23 using <_io.TextIOWrapper name='logs.json' mode='a' encoding='UTF-8'> and week3-roots.pem
CONNECTION ERROR:  (32, 'EPIPE')
CONNECTION ERROR:  
Creating connection for 91.235.116.85 using <_io.TextIOWrapper name='logs.json' mode='a' encoding='UTF-8'> and week3-roots.pem
CONNECTION ERROR:  
CONNECTION ERROR:  
CONNECTION ERROR:  
Creating connection for 65.9.86.4 using <_io.TextIOWrapper name='logs.json' mode='a' encoding='UTF-8'> and week3-roots.pem
CONNECTION ERROR:  
CONNECTION ERROR:  
Creating connection for 54.36.45.184 using <_io.TextIOWrapper name='logs.json' mode='a' encoding='UTF-8'> and week3-roots.pem
Creating connection for 188.114.97.3 using <_io.TextIOWrapper name='logs.json' mode='a' encoding='UTF-8'> and week3-roots.pem
CONNECTION ERROR:  
CONNECTION ERROR:  
Creating connection for 104.20.15.19 using <_io.TextIOWrapper name='logs.json' mode='a' encoding='UTF-8'> and week3-roots.pem
Creating connection for 198.49.23.144 using <_io.TextIOWrapper name='logs.json' mode='a' encoding='UTF-8'> and week3-roots.pem
CONNECTION ERROR:  timed out
CONNECTION ERROR:  
Creating connection for 65.9.86.118 using <_io.TextIOWrapper name='logs.json' mode='a' encoding='UTF-8'> and week3-roots.pem
CONNECTION ERROR:  
CONNECTION ERROR:  
CONNECTION ERROR:  [Errno 111] Connection refused
Creating connection for 188.114.97.3 using <_io.TextIOWrapper name='logs.json' mode='a' encoding='UTF-8'> and week3-roots.pem
Creating connection for 5.61.46.89 using <_io.TextIOWrapper name='logs.json' mode='a' encoding='UTF-8'> and week3-roots.pem
CONNECTION ERROR:  (32, 'EPIPE')
CONNECTION ERROR:  
Creating connection for 51.144.106.179 using <_io.TextIOWrapper name='logs.json' mode='a' encoding='UTF-8'> and week3-roots.pem
CONNECTION ERROR:  
CONNECTION ERROR:  timed out
Creating connection for 172.67.210.39 using <_io.TextIOWrapper name='logs.json' mode='a' encoding='UTF-8'> and week3-roots.pem
CONNECTION ERROR:  timed out
CONNECTION ERROR:  
CONNECTION ERROR:  
CONNECTION ERROR:  
CONNECTION ERROR:  
Creating connection for 194.247.46.40 using <_io.TextIOWrapper name='logs.json' mode='a' encoding='UTF-8'> and week3-roots.pem
Creating connection for 210.219.197.8 using <_io.TextIOWrapper name='logs.json' mode='a' encoding='UTF-8'> and week3-roots.pem
CONNECTION ERROR:  
Creating connection for 104.26.1.192 using <_io.TextIOWrapper name='logs.json' mode='a' encoding='UTF-8'> and week3-roots.pem
Creating connection for 173.214.250.207 using <_io.TextIOWrapper name='logs.json' mode='a' encoding='UTF-8'> and week3-roots.pem
CONNECTION ERROR:  
Creating connection for 104.21.21.132 using <_io.TextIOWrapper name='logs.json' mode='a' encoding='UTF-8'> and week3-roots.pem
CONNECTION ERROR:  
Creating connection for 202.69.166.88 using <_io.TextIOWrapper name='logs.json' mode='a' encoding='UTF-8'> and week3-roots.pem
CONNECTION ERROR:  
Creating connection for 213.175.201.70 using <_io.TextIOWrapper name='logs.json' mode='a' encoding='UTF-8'> and week3-roots.pem
Creating connection for 104.21.91.66 using <_io.TextIOWrapper name='logs.json' mode='a' encoding='UTF-8'> and week3-roots.pem
CONNECTION ERROR:  timed out
CONNECTION ERROR:  
Creating connection for 35.213.148.209 using <_io.TextIOWrapper name='logs.json' mode='a' encoding='UTF-8'> and week3-roots.pem
CONNECTION ERROR:  
Creating connection for 65.9.86.93 using <_io.TextIOWrapper name='logs.json' mode='a' encoding='UTF-8'> and week3-roots.pem
CONNECTION ERROR:  
Creating connection for 91.195.241.232 using <_io.TextIOWrapper name='logs.json' mode='a' encoding='UTF-8'> and week3-roots.pem
Creating connection for 37.97.242.73 using <_io.TextIOWrapper name='logs.json' mode='a' encoding='UTF-8'> and week3-roots.pem
CONNECTION ERROR:  
CONNECTION ERROR:  
CONNECTION ERROR:  
CONNECTION ERROR:  
Creating connection for 65.9.86.8 using <_io.TextIOWrapper name='logs.json' mode='a' encoding='UTF-8'> and week3-roots.pem
Creating connection for 37.1.220.198 using <_io.TextIOWrapper name='logs.json' mode='a' encoding='UTF-8'> and week3-roots.pem
CONNECTION ERROR:  
Creating connection for 104.26.3.54 using <_io.TextIOWrapper name='logs.json' mode='a' encoding='UTF-8'> and week3-roots.pem
Creating connection for 104.21.68.238 using <_io.TextIOWrapper name='logs.json' mode='a' encoding='UTF-8'> and week3-roots.pem
Creating connection for 195.154.200.147 using <_io.TextIOWrapper name='logs.json' mode='a' encoding='UTF-8'> and week3-roots.pem
Creating connection for 104.21.73.171 using <_io.TextIOWrapper name='logs.json' mode='a' encoding='UTF-8'> and week3-roots.pem
Creating connection for 217.114.85.70 using <_io.TextIOWrapper name='logs.json' mode='a' encoding='UTF-8'> and week3-roots.pem
CONNECTION ERROR:  
Creating connection for 185.132.176.20 using <_io.TextIOWrapper name='logs.json' mode='a' encoding='UTF-8'> and week3-roots.pem
CONNECTION ERROR:  
Creating connection for 172.67.189.235 using <_io.TextIOWrapper name='logs.json' mode='a' encoding='UTF-8'> and week3-roots.pem
Creating connection for 3.251.38.183 using <_io.TextIOWrapper name='logs.json' mode='a' encoding='UTF-8'> and week3-roots.pem
Creating connection for 96.45.83.126 using <_io.TextIOWrapper name='logs.json' mode='a' encoding='UTF-8'> and week3-roots.pem
CONNECTION ERROR:  
Creating connection for 104.196.39.115 using <_io.TextIOWrapper name='logs.json' mode='a' encoding='UTF-8'> and week3-roots.pem
CONNECTION ERROR:  
CONNECTION ERROR:  
Creating connection for 46.28.105.105 using <_io.TextIOWrapper name='logs.json' mode='a' encoding='UTF-8'> and week3-roots.pem
Creating connection for 104.21.13.53 using <_io.TextIOWrapper name='logs.json' mode='a' encoding='UTF-8'> and week3-roots.pem
CONNECTION ERROR:  
CONNECTION ERROR:  
CONNECTION ERROR:  
CONNECTION ERROR:  timed out
CONNECTION ERROR:  
CONNECTION ERROR:  
Creating connection for 104.21.79.75 using <_io.TextIOWrapper name='logs.json' mode='a' encoding='UTF-8'> and week3-roots.pem
CONNECTION ERROR:  [Errno 111] Connection refused
Creating connection for 209.126.25.61 using <_io.TextIOWrapper name='logs.json' mode='a' encoding='UTF-8'> and week3-roots.pem
CONNECTION ERROR:  
CONNECTION ERROR:  
Creating connection for 151.101.2.64 using <_io.TextIOWrapper name='logs.json' mode='a' encoding='UTF-8'> and week3-roots.pem
CONNECTION ERROR:  (32, 'EPIPE')
CONNECTION ERROR:  
Creating connection for 65.9.86.90 using <_io.TextIOWrapper name='logs.json' mode='a' encoding='UTF-8'> and week3-roots.pem
CONNECTION ERROR:  
Creating connection for 69.172.200.204 using <_io.TextIOWrapper name='logs.json' mode='a' encoding='UTF-8'> and week3-roots.pem
CONNECTION ERROR:  
Creating connection for 52.7.142.177 using <_io.TextIOWrapper name='logs.json' mode='a' encoding='UTF-8'> and week3-roots.pem
Creating connection for 45.248.68.40 using <_io.TextIOWrapper name='logs.json' mode='a' encoding='UTF-8'> and week3-roots.pem
Creating connection for 45.12.48.220 using <_io.TextIOWrapper name='logs.json' mode='a' encoding='UTF-8'> and week3-roots.pem
CONNECTION ERROR:  
Creating connection for 134.209.252.82 using <_io.TextIOWrapper name='logs.json' mode='a' encoding='UTF-8'> and week3-roots.pem
Creating connection for 5.45.123.109 using <_io.TextIOWrapper name='logs.json' mode='a' encoding='UTF-8'> and week3-roots.pem
Creating connection for 103.82.240.57 using <_io.TextIOWrapper name='logs.json' mode='a' encoding='UTF-8'> and week3-roots.pemCONNECTION ERROR:  
CONNECTION ERROR:  

CONNECTION ERROR:  
CONNECTION ERROR:  
Creating connection for 212.73.150.160 using <_io.TextIOWrapper name='logs.json' mode='a' encoding='UTF-8'> and week3-roots.pem
CONNECTION ERROR:  
Creating connection for 89.43.78.232 using <_io.TextIOWrapper name='logs.json' mode='a' encoding='UTF-8'> and week3-roots.pem
CONNECTION ERROR:  
Creating connection for 172.67.75.140 using <_io.TextIOWrapper name='logs.json' mode='a' encoding='UTF-8'> and week3-roots.pem
Creating connection for 52.2.38.247 using <_io.TextIOWrapper name='logs.json' mode='a' encoding='UTF-8'> and week3-roots.pem
CONNECTION ERROR:  
CONNECTION ERROR:  
Creating connection for 172.67.182.125 using <_io.TextIOWrapper name='logs.json' mode='a' encoding='UTF-8'> and week3-roots.pem
Creating connection for 192.0.78.208 using <_io.TextIOWrapper name='logs.json' mode='a' encoding='UTF-8'> and week3-roots.pem
Creating connection for 104.21.94.202 using <_io.TextIOWrapper name='logs.json' mode='a' encoding='UTF-8'> and week3-roots.pem
Creating connection for 104.21.70.139 using <_io.TextIOWrapper name='logs.json' mode='a' encoding='UTF-8'> and week3-roots.pem
CONNECTION ERROR:  
Creating connection for 213.174.132.227 using <_io.TextIOWrapper name='logs.json' mode='a' encoding='UTF-8'> and week3-roots.pem
Creating connection for 104.26.2.45 using <_io.TextIOWrapper name='logs.json' mode='a' encoding='UTF-8'> and week3-roots.pem
CONNECTION ERROR:  
CONNECTION ERROR:  
Creating connection for 211.149.166.76 using <_io.TextIOWrapper name='logs.json' mode='a' encoding='UTF-8'> and week3-roots.pem
Creating connection for 151.101.2.109 using <_io.TextIOWrapper name='logs.json' mode='a' encoding='UTF-8'> and week3-roots.pem
CONNECTION ERROR:  
Creating connection for 35.246.229.114 using <_io.TextIOWrapper name='logs.json' mode='a' encoding='UTF-8'> and week3-roots.pem
Creating connection for 185.94.237.23 using <_io.TextIOWrapper name='logs.json' mode='a' encoding='UTF-8'> and week3-roots.pem
CONNECTION ERROR:  
CONNECTION ERROR:  
CONNECTION ERROR:  
Creating connection for 65.9.86.117 using <_io.TextIOWrapper name='logs.json' mode='a' encoding='UTF-8'> and week3-roots.pem
CONNECTION ERROR:  
CONNECTION ERROR:  
CONNECTION ERROR:  
Creating connection for 212.7.204.50 using <_io.TextIOWrapper name='logs.json' mode='a' encoding='UTF-8'> and week3-roots.pem
CONNECTION ERROR:  
CONNECTION ERROR:  
Creating connection for 172.67.135.207 using <_io.TextIOWrapper name='logs.json' mode='a' encoding='UTF-8'> and week3-roots.pem
Creating connection for 213.184.28.40 using <_io.TextIOWrapper name='logs.json' mode='a' encoding='UTF-8'> and week3-roots.pem
CONNECTION ERROR:  
Creating connection for 104.21.3.243 using <_io.TextIOWrapper name='logs.json' mode='a' encoding='UTF-8'> and week3-roots.pem
CONNECTION ERROR:  
CONNECTION ERROR:  
Creating connection for 65.9.86.127 using <_io.TextIOWrapper name='logs.json' mode='a' encoding='UTF-8'> and week3-roots.pem
CONNECTION ERROR:  
CONNECTION ERROR:  
CONNECTION ERROR:  
Creating connection for 65.9.86.62 using <_io.TextIOWrapper name='logs.json' mode='a' encoding='UTF-8'> and week3-roots.pem
Creating connection for 172.67.183.170 using <_io.TextIOWrapper name='logs.json' mode='a' encoding='UTF-8'> and week3-roots.pem
CONNECTION ERROR:  
CONNECTION ERROR:  
Creating connection for 151.101.37.124 using <_io.TextIOWrapper name='logs.json' mode='a' encoding='UTF-8'> and week3-roots.pem
CONNECTION ERROR:  
CONNECTION ERROR:  
CONNECTION ERROR:  
CONNECTION ERROR:  
Creating connection for 172.67.71.63 using <_io.TextIOWrapper name='logs.json' mode='a' encoding='UTF-8'> and week3-roots.pem
Creating connection for 168.215.194.140 using <_io.TextIOWrapper name='logs.json' mode='a' encoding='UTF-8'> and week3-roots.pem
CONNECTION ERROR:  
CONNECTION ERROR:  
CONNECTION ERROR:  
Creating connection for 212.218.193.246 using <_io.TextIOWrapper name='logs.json' mode='a' encoding='UTF-8'> and week3-roots.pem
Creating connection for 104.18.20.238 using <_io.TextIOWrapper name='logs.json' mode='a' encoding='UTF-8'> and week3-roots.pem
Creating connection for 104.21.235.102 using <_io.TextIOWrapper name='logs.json' mode='a' encoding='UTF-8'> and week3-roots.pem
CONNECTION ERROR:  
CONNECTION ERROR:  
Creating connection for 172.67.200.33 using <_io.TextIOWrapper name='logs.json' mode='a' encoding='UTF-8'> and week3-roots.pem
Creating connection for 151.101.2.133 using <_io.TextIOWrapper name='logs.json' mode='a' encoding='UTF-8'> and week3-roots.pem
Creating connection for 65.9.86.85 using <_io.TextIOWrapper name='logs.json' mode='a' encoding='UTF-8'> and week3-roots.pem
CONNECTION ERROR:  
CONNECTION ERROR:  
CONNECTION ERROR:  
CONNECTION ERROR:  
Creating connection for 34.74.254.27 using <_io.TextIOWrapper name='logs.json' mode='a' encoding='UTF-8'> and week3-roots.pem
Creating connection for 220.170.193.44 using <_io.TextIOWrapper name='logs.json' mode='a' encoding='UTF-8'> and week3-roots.pem
CONNECTION ERROR:  
Creating connection for 104.41.9.139 using <_io.TextIOWrapper name='logs.json' mode='a' encoding='UTF-8'> and week3-roots.pem
Creating connection for 172.67.198.132 using <_io.TextIOWrapper name='logs.json' mode='a' encoding='UTF-8'> and week3-roots.pem
CONNECTION ERROR:  
CONNECTION ERROR:  
Creating connection for 169.55.98.198 using <_io.TextIOWrapper name='logs.json' mode='a' encoding='UTF-8'> and week3-roots.pem
CONNECTION ERROR:  
CONNECTION ERROR:  
Creating connection for 3.127.50.153 using <_io.TextIOWrapper name='logs.json' mode='a' encoding='UTF-8'> and week3-roots.pem
CONNECTION ERROR:  
Creating connection for 172.66.40.216 using <_io.TextIOWrapper name='logs.json' mode='a' encoding='UTF-8'> and week3-roots.pem
CONNECTION ERROR:  
Creating connection for 95.168.204.20 using <_io.TextIOWrapper name='logs.json' mode='a' encoding='UTF-8'> and week3-roots.pem
Creating connection for 3.33.131.9 using <_io.TextIOWrapper name='logs.json' mode='a' encoding='UTF-8'> and week3-roots.pem
Creating connection for 52.49.73.190 using <_io.TextIOWrapper name='logs.json' mode='a' encoding='UTF-8'> and week3-roots.pem
Creating connection for 185.135.88.214 using <_io.TextIOWrapper name='logs.json' mode='a' encoding='UTF-8'> and week3-roots.pem
CONNECTION ERROR:  
CONNECTION ERROR:  
CONNECTION ERROR:  timed out
Creating connection for 103.19.37.200 using <_io.TextIOWrapper name='logs.json' mode='a' encoding='UTF-8'> and week3-roots.pem
CONNECTION ERROR:  
Creating connection for 78.128.43.242 using <_io.TextIOWrapper name='logs.json' mode='a' encoding='UTF-8'> and week3-roots.pem
Creating connection for 185.61.133.84 using <_io.TextIOWrapper name='logs.json' mode='a' encoding='UTF-8'> and week3-roots.pem
CONNECTION ERROR:  
Creating connection for 35.185.62.160 using <_io.TextIOWrapper name='logs.json' mode='a' encoding='UTF-8'> and week3-roots.pem
Creating connection for 173.214.250.248 using <_io.TextIOWrapper name='logs.json' mode='a' encoding='UTF-8'> and week3-roots.pem
CONNECTION ERROR:  
Creating connection for 172.67.148.176 using <_io.TextIOWrapper name='logs.json' mode='a' encoding='UTF-8'> and week3-roots.pem
Creating connection for 59.110.247.138 using <_io.TextIOWrapper name='logs.json' mode='a' encoding='UTF-8'> and week3-roots.pem
CONNECTION ERROR:  timed out
CONNECTION ERROR:  
CONNECTION ERROR:  
CONNECTION ERROR:  
CONNECTION ERROR:  
Creating connection for 185.19.206.119 using <_io.TextIOWrapper name='logs.json' mode='a' encoding='UTF-8'> and week3-roots.pem
Creating connection for 185.66.36.130 using <_io.TextIOWrapper name='logs.json' mode='a' encoding='UTF-8'> and week3-roots.pem
Creating connection for 185.169.253.175 using <_io.TextIOWrapper name='logs.json' mode='a' encoding='UTF-8'> and week3-roots.pem
Creating connection for 156.67.209.24 using <_io.TextIOWrapper name='logs.json' mode='a' encoding='UTF-8'> and week3-roots.pem
Creating connection for 66.165.242.50 using <_io.TextIOWrapper name='logs.json' mode='a' encoding='UTF-8'> and week3-roots.pem
CONNECTION ERROR:  
Creating connection for 5.61.54.155 using <_io.TextIOWrapper name='logs.json' mode='a' encoding='UTF-8'> and week3-roots.pem
CONNECTION ERROR:  
CONNECTION ERROR:  
Creating connection for 104.26.12.83 using <_io.TextIOWrapper name='logs.json' mode='a' encoding='UTF-8'> and week3-roots.pem
CONNECTION ERROR:  
Creating connection for 198.185.159.145 using <_io.TextIOWrapper name='logs.json' mode='a' encoding='UTF-8'> and week3-roots.pem
Creating connection for 34.230.121.250 using <_io.TextIOWrapper name='logs.json' mode='a' encoding='UTF-8'> and week3-roots.pem
Creating connection for 78.46.40.105 using <_io.TextIOWrapper name='logs.json' mode='a' encoding='UTF-8'> and week3-roots.pem
CONNECTION ERROR:  [Errno 111] Connection refused
Creating connection for 104.22.39.127 using <_io.TextIOWrapper name='logs.json' mode='a' encoding='UTF-8'> and week3-roots.pem
Creating connection for 95.138.190.6 using <_io.TextIOWrapper name='logs.json' mode='a' encoding='UTF-8'> and week3-roots.pem
Creating connection for 151.139.128.10 using <_io.TextIOWrapper name='logs.json' mode='a' encoding='UTF-8'> and week3-roots.pem
CONNECTION ERROR:  (32, 'EPIPE')
Creating connection for 153.92.194.195 using <_io.TextIOWrapper name='logs.json' mode='a' encoding='UTF-8'> and week3-roots.pem
Creating connection for 65.9.86.44 using <_io.TextIOWrapper name='logs.json' mode='a' encoding='UTF-8'> and week3-roots.pem
Creating connection for 60.171.185.81 using <_io.TextIOWrapper name='logs.json' mode='a' encoding='UTF-8'> and week3-roots.pem
Creating connection for 101.200.216.79 using <_io.TextIOWrapper name='logs.json' mode='a' encoding='UTF-8'> and week3-roots.pem
CONNECTION ERROR:  
Creating connection for 51.140.245.89 using <_io.TextIOWrapper name='logs.json' mode='a' encoding='UTF-8'> and week3-roots.pem
Creating connection for 104.22.42.197 using <_io.TextIOWrapper name='logs.json' mode='a' encoding='UTF-8'> and week3-roots.pem
CONNECTION ERROR:  
Creating connection for 208.91.197.27 using <_io.TextIOWrapper name='logs.json' mode='a' encoding='UTF-8'> and week3-roots.pem
Creating connection for 198.49.23.144 using <_io.TextIOWrapper name='logs.json' mode='a' encoding='UTF-8'> and week3-roots.pem
Creating connection for 65.9.86.54 using <_io.TextIOWrapper name='logs.json' mode='a' encoding='UTF-8'> and week3-roots.pem
CONNECTION ERROR:  
Creating connection for 135.181.115.39 using <_io.TextIOWrapper name='logs.json' mode='a' encoding='UTF-8'> and week3-roots.pem
Creating connection for 113.35.107.50 using <_io.TextIOWrapper name='logs.json' mode='a' encoding='UTF-8'> and week3-roots.pem
Creating connection for 104.21.85.213 using <_io.TextIOWrapper name='logs.json' mode='a' encoding='UTF-8'> and week3-roots.pem
CONNECTION ERROR:  
Creating connection for 172.67.160.171 using <_io.TextIOWrapper name='logs.json' mode='a' encoding='UTF-8'> and week3-roots.pem
CONNECTION ERROR:  
CONNECTION ERROR:  
Creating connection for 104.18.31.6 using <_io.TextIOWrapper name='logs.json' mode='a' encoding='UTF-8'> and week3-roots.pem
Creating connection for 198.54.116.114 using <_io.TextIOWrapper name='logs.json' mode='a' encoding='UTF-8'> and week3-roots.pem
Creating connection for 13.107.213.67 using <_io.TextIOWrapper name='logs.json' mode='a' encoding='UTF-8'> and week3-roots.pem
CONNECTION ERROR:  timed out
CONNECTION ERROR:  
Creating connection for 35.205.61.67 using <_io.TextIOWrapper name='logs.json' mode='a' encoding='UTF-8'> and week3-roots.pem
Creating connection for 35.226.191.32 using <_io.TextIOWrapper name='logs.json' mode='a' encoding='UTF-8'> and week3-roots.pem
Creating connection for 94.186.133.20 using <_io.TextIOWrapper name='logs.json' mode='a' encoding='UTF-8'> and week3-roots.pem
CONNECTION ERROR:  
CONNECTION ERROR:  
CONNECTION ERROR:  
CONNECTION ERROR:  
Creating connection for 65.9.86.99 using <_io.TextIOWrapper name='logs.json' mode='a' encoding='UTF-8'> and week3-roots.pem
Creating connection for 208.91.197.25 using <_io.TextIOWrapper name='logs.json' mode='a' encoding='UTF-8'> and week3-roots.pem
CONNECTION ERROR:  
Creating connection for 147.29.80.84 using <_io.TextIOWrapper name='logs.json' mode='a' encoding='UTF-8'> and week3-roots.pem
Creating connection for 85.120.58.8 using <_io.TextIOWrapper name='logs.json' mode='a' encoding='UTF-8'> and week3-roots.pem
Creating connection for 104.21.33.94 using <_io.TextIOWrapper name='logs.json' mode='a' encoding='UTF-8'> and week3-roots.pem
CONNECTION ERROR:  
CONNECTION ERROR:  
CONNECTION ERROR:  
CONNECTION ERROR:  
CONNECTION ERROR:  
Creating connection for 172.217.168.195 using <_io.TextIOWrapper name='logs.json' mode='a' encoding='UTF-8'> and week3-roots.pem
Creating connection for 23.111.132.114 using <_io.TextIOWrapper name='logs.json' mode='a' encoding='UTF-8'> and week3-roots.pem
Creating connection for 3.68.56.117 using <_io.TextIOWrapper name='logs.json' mode='a' encoding='UTF-8'> and week3-roots.pem
CONNECTION ERROR:  
CONNECTION ERROR:  
CONNECTION ERROR:  
Creating connection for 178.33.22.53 using <_io.TextIOWrapper name='logs.json' mode='a' encoding='UTF-8'> and week3-roots.pem
CONNECTION ERROR:  
CONNECTION ERROR:  
Creating connection for 220.171.42.130 using <_io.TextIOWrapper name='logs.json' mode='a' encoding='UTF-8'> and week3-roots.pem
Creating connection for 65.9.86.103 using <_io.TextIOWrapper name='logs.json' mode='a' encoding='UTF-8'> and week3-roots.pem
CONNECTION ERROR:  
CONNECTION ERROR:  
CONNECTION ERROR:  
CONNECTION ERROR:  
CONNECTION ERROR:  
Creating connection for 104.21.235.125 using <_io.TextIOWrapper name='logs.json' mode='a' encoding='UTF-8'> and week3-roots.pem
CONNECTION ERROR:  
CONNECTION ERROR:  
CONNECTION ERROR:  
CONNECTION ERROR:  
CONNECTION ERROR:  
Creating connection for 104.196.44.242 using <_io.TextIOWrapper name='logs.json' mode='a' encoding='UTF-8'> and week3-roots.pem
Creating connection for 90.154.127.60 using <_io.TextIOWrapper name='logs.json' mode='a' encoding='UTF-8'> and week3-roots.pem
Creating connection for 47.92.253.153 using <_io.TextIOWrapper name='logs.json' mode='a' encoding='UTF-8'> and week3-roots.pem
Creating connection for 54.235.69.189 using <_io.TextIOWrapper name='logs.json' mode='a' encoding='UTF-8'> and week3-roots.pem
Creating connection for 108.179.193.73 using <_io.TextIOWrapper name='logs.json' mode='a' encoding='UTF-8'> and week3-roots.pem
CONNECTION ERROR:  
CONNECTION ERROR:  timed out
CONNECTION ERROR:  
CONNECTION ERROR:  
Creating connection for 91.239.26.107 using <_io.TextIOWrapper name='logs.json' mode='a' encoding='UTF-8'> and week3-roots.pem
CONNECTION ERROR:  timed out
CONNECTION ERROR:  
Creating connection for 23.222.36.211 using <_io.TextIOWrapper name='logs.json' mode='a' encoding='UTF-8'> and week3-roots.pem
Creating connection for 164.132.126.18 using <_io.TextIOWrapper name='logs.json' mode='a' encoding='UTF-8'> and week3-roots.pem
CONNECTION ERROR:  
Creating connection for 103.86.176.253 using <_io.TextIOWrapper name='logs.json' mode='a' encoding='UTF-8'> and week3-roots.pem
Creating connection for 149.156.169.67 using <_io.TextIOWrapper name='logs.json' mode='a' encoding='UTF-8'> and week3-roots.pem
Creating connection for 91.106.207.34 using <_io.TextIOWrapper name='logs.json' mode='a' encoding='UTF-8'> and week3-roots.pem
CONNECTION ERROR:  
CONNECTION ERROR:  
CONNECTION ERROR:  
CONNECTION ERROR:  [Errno 111] Connection refused
CONNECTION ERROR:  (32, 'EPIPE')
CONNECTION ERROR:  
Creating connection for 172.67.20.159 using <_io.TextIOWrapper name='logs.json' mode='a' encoding='UTF-8'> and week3-roots.pem
CONNECTION ERROR:  [Errno 111] Connection refused
CONNECTION ERROR:  (32, 'EPIPE')
CONNECTION ERROR:  
CONNECTION ERROR:  
Creating connection for 34.252.17.45 using <_io.TextIOWrapper name='logs.json' mode='a' encoding='UTF-8'> and week3-roots.pem
Creating connection for 104.26.4.135 using <_io.TextIOWrapper name='logs.json' mode='a' encoding='UTF-8'> and week3-roots.pem
CONNECTION ERROR:  
Creating connection for 178.63.206.182 using <_io.TextIOWrapper name='logs.json' mode='a' encoding='UTF-8'> and week3-roots.pem
Creating connection for 172.67.74.160 using <_io.TextIOWrapper name='logs.json' mode='a' encoding='UTF-8'> and week3-roots.pem
Creating connection for 51.141.51.182 using <_io.TextIOWrapper name='logs.json' mode='a' encoding='UTF-8'> and week3-roots.pem
Creating connection for 104.21.72.41 using <_io.TextIOWrapper name='logs.json' mode='a' encoding='UTF-8'> and week3-roots.pem
Creating connection for 172.67.168.121 using <_io.TextIOWrapper name='logs.json' mode='a' encoding='UTF-8'> and week3-roots.pem
Creating connection for 65.9.86.110 using <_io.TextIOWrapper name='logs.json' mode='a' encoding='UTF-8'> and week3-roots.pem
Creating connection for 104.26.4.92 using <_io.TextIOWrapper name='logs.json' mode='a' encoding='UTF-8'> and week3-roots.pem
CONNECTION ERROR:  
Creating connection for 172.67.204.69 using <_io.TextIOWrapper name='logs.json' mode='a' encoding='UTF-8'> and week3-roots.pem
CONNECTION ERROR:  
CONNECTION ERROR:  
Creating connection for 165.232.138.204 using <_io.TextIOWrapper name='logs.json' mode='a' encoding='UTF-8'> and week3-roots.pem
CONNECTION ERROR:  
CONNECTION ERROR:  
Creating connection for 12.7.192.60 using <_io.TextIOWrapper name='logs.json' mode='a' encoding='UTF-8'> and week3-roots.pem
Creating connection for 172.67.72.48 using <_io.TextIOWrapper name='logs.json' mode='a' encoding='UTF-8'> and week3-roots.pem
CONNECTION ERROR:  
CONNECTION ERROR:  
CONNECTION ERROR:  
Creating connection for 192.243.59.12 using <_io.TextIOWrapper name='logs.json' mode='a' encoding='UTF-8'> and week3-roots.pem
CONNECTION ERROR:  
CONNECTION ERROR:  
CONNECTION ERROR:  
Creating connection for 78.46.220.222 using <_io.TextIOWrapper name='logs.json' mode='a' encoding='UTF-8'> and week3-roots.pem
CONNECTION ERROR:  
CONNECTION ERROR:  
Creating connection for 104.21.56.148 using <_io.TextIOWrapper name='logs.json' mode='a' encoding='UTF-8'> and week3-roots.pem
Creating connection for 51.81.245.73 using <_io.TextIOWrapper name='logs.json' mode='a' encoding='UTF-8'> and week3-roots.pem
CONNECTION ERROR:  
Creating connection for 35.190.71.99 using <_io.TextIOWrapper name='logs.json' mode='a' encoding='UTF-8'> and week3-roots.pem
Creating connection for 172.67.68.159 using <_io.TextIOWrapper name='logs.json' mode='a' encoding='UTF-8'> and week3-roots.pem
Creating connection for 97.65.241.15 using <_io.TextIOWrapper name='logs.json' mode='a' encoding='UTF-8'> and week3-roots.pem
CONNECTION ERROR:  
CONNECTION ERROR:  
Creating connection for 104.21.68.216 using <_io.TextIOWrapper name='logs.json' mode='a' encoding='UTF-8'> and week3-roots.pem
Creating connection for 172.67.183.53 using <_io.TextIOWrapper name='logs.json' mode='a' encoding='UTF-8'> and week3-roots.pem
Creating connection for 104.17.46.19 using <_io.TextIOWrapper name='logs.json' mode='a' encoding='UTF-8'> and week3-roots.pem
Creating connection for 65.9.86.81 using <_io.TextIOWrapper name='logs.json' mode='a' encoding='UTF-8'> and week3-roots.pem
CONNECTION ERROR:  
Creating connection for 37.9.13.16 using <_io.TextIOWrapper name='logs.json' mode='a' encoding='UTF-8'> and week3-roots.pem
Creating connection for 115.29.238.238 using <_io.TextIOWrapper name='logs.json' mode='a' encoding='UTF-8'> and week3-roots.pem
Creating connection for 52.19.77.211 using <_io.TextIOWrapper name='logs.json' mode='a' encoding='UTF-8'> and week3-roots.pem
Creating connection for 133.130.77.242 using <_io.TextIOWrapper name='logs.json' mode='a' encoding='UTF-8'> and week3-roots.pem
CONNECTION ERROR:  
Creating connection for 61.40.236.56 using <_io.TextIOWrapper name='logs.json' mode='a' encoding='UTF-8'> and week3-roots.pem
CONNECTION ERROR:  
CONNECTION ERROR:  
CONNECTION ERROR:  
CONNECTION ERROR:  
Creating connection for 120.26.69.75 using <_io.TextIOWrapper name='logs.json' mode='a' encoding='UTF-8'> and week3-roots.pem
CONNECTION ERROR:  
CONNECTION ERROR:  timed out
CONNECTION ERROR:  
CONNECTION ERROR:  
CONNECTION ERROR:  
CONNECTION ERROR:  
Creating connection for 85.202.168.57 using <_io.TextIOWrapper name='logs.json' mode='a' encoding='UTF-8'> and week3-roots.pem
CONNECTION ERROR:  
CONNECTION ERROR:  
Creating connection for 20.81.111.85 using <_io.TextIOWrapper name='logs.json' mode='a' encoding='UTF-8'> and week3-roots.pem
Creating connection for 65.9.86.45 using <_io.TextIOWrapper name='logs.json' mode='a' encoding='UTF-8'> and week3-roots.pem
Creating connection for 188.114.96.2 using <_io.TextIOWrapper name='logs.json' mode='a' encoding='UTF-8'> and week3-roots.pem
Creating connection for 213.174.42.101 using <_io.TextIOWrapper name='logs.json' mode='a' encoding='UTF-8'> and week3-roots.pem
CONNECTION ERROR:  
CONNECTION ERROR:  
Creating connection for 104.26.10.185 using <_io.TextIOWrapper name='logs.json' mode='a' encoding='UTF-8'> and week3-roots.pem
CONNECTION ERROR:  
Creating connection for 69.10.60.87 using <_io.TextIOWrapper name='logs.json' mode='a' encoding='UTF-8'> and week3-roots.pem
Creating connection for 192.243.59.20 using <_io.TextIOWrapper name='logs.json' mode='a' encoding='UTF-8'> and week3-roots.pem
CONNECTION ERROR:  
Creating connection for 188.114.97.12 using <_io.TextIOWrapper name='logs.json' mode='a' encoding='UTF-8'> and week3-roots.pem
CONNECTION ERROR:  timed out
CONNECTION ERROR:  
Creating connection for 166.230.5.14 using <_io.TextIOWrapper name='logs.json' mode='a' encoding='UTF-8'> and week3-roots.pem
CONNECTION ERROR:  
CONNECTION ERROR:  [Errno 111] Connection refused
CONNECTION ERROR:  (32, 'EPIPE')
Creating connection for 119.28.147.75 using <_io.TextIOWrapper name='logs.json' mode='a' encoding='UTF-8'> and week3-roots.pem
Creating connection for 109.234.156.234 using <_io.TextIOWrapper name='logs.json' mode='a' encoding='UTF-8'> and week3-roots.pem
Creating connection for 18.158.98.109 using <_io.TextIOWrapper name='logs.json' mode='a' encoding='UTF-8'> and week3-roots.pem
Creating connection for 195.88.200.2 using <_io.TextIOWrapper name='logs.json' mode='a' encoding='UTF-8'> and week3-roots.pem
Creating connection for 81.91.13.62 using <_io.TextIOWrapper name='logs.json' mode='a' encoding='UTF-8'> and week3-roots.pem
Creating connection for 188.114.96.3 using <_io.TextIOWrapper name='logs.json' mode='a' encoding='UTF-8'> and week3-roots.pem
Creating connection for 52.83.57.228 using <_io.TextIOWrapper name='logs.json' mode='a' encoding='UTF-8'> and week3-roots.pem
Creating connection for 52.16.228.43 using <_io.TextIOWrapper name='logs.json' mode='a' encoding='UTF-8'> and week3-roots.pem
Creating connection for 50.62.180.127 using <_io.TextIOWrapper name='logs.json' mode='a' encoding='UTF-8'> and week3-roots.pem
Creating connection for 217.18.166.112 using <_io.TextIOWrapper name='logs.json' mode='a' encoding='UTF-8'> and week3-roots.pem
CONNECTION ERROR:  timed out
CONNECTION ERROR:  
CONNECTION ERROR:  
CONNECTION ERROR:  
Creating connection for 52.57.48.189 using <_io.TextIOWrapper name='logs.json' mode='a' encoding='UTF-8'> and week3-roots.pem
Creating connection for 185.208.164.111 using <_io.TextIOWrapper name='logs.json' mode='a' encoding='UTF-8'> and week3-roots.pem
Creating connection for 185.162.85.3 using <_io.TextIOWrapper name='logs.json' mode='a' encoding='UTF-8'> and week3-roots.pem
CONNECTION ERROR:  
CONNECTION ERROR:  
Creating connection for 104.22.73.118 using <_io.TextIOWrapper name='logs.json' mode='a' encoding='UTF-8'> and week3-roots.pem
CONNECTION ERROR:  
CONNECTION ERROR:  [Errno 111] Connection refused
Creating connection for 3.228.174.69 using <_io.TextIOWrapper name='logs.json' mode='a' encoding='UTF-8'> and week3-roots.pem
Creating connection for 172.67.151.46 using <_io.TextIOWrapper name='logs.json' mode='a' encoding='UTF-8'> and week3-roots.pem
Creating connection for 172.67.190.168 using <_io.TextIOWrapper name='logs.json' mode='a' encoding='UTF-8'> and week3-roots.pem
Creating connection for 135.125.216.131 using <_io.TextIOWrapper name='logs.json' mode='a' encoding='UTF-8'> and week3-roots.pem
Creating connection for 185.230.63.171 using <_io.TextIOWrapper name='logs.json' mode='a' encoding='UTF-8'> and week3-roots.pem
CONNECTION ERROR:  
Creating connection for 66.232.124.250 using <_io.TextIOWrapper name='logs.json' mode='a' encoding='UTF-8'> and week3-roots.pem
CONNECTION ERROR:  
CONNECTION ERROR:  
Creating connection for 34.73.74.95 using <_io.TextIOWrapper name='logs.json' mode='a' encoding='UTF-8'> and week3-roots.pem
Creating connection for 104.21.33.115 using <_io.TextIOWrapper name='logs.json' mode='a' encoding='UTF-8'> and week3-roots.pemCONNECTION ERROR:  (32, 'EPIPE')
CONNECTION ERROR:  timed out

Creating connection for 50.31.174.54 using <_io.TextIOWrapper name='logs.json' mode='a' encoding='UTF-8'> and week3-roots.pem
CONNECTION ERROR:  
CONNECTION ERROR:  [Errno 113] No route to host
CONNECTION ERROR:  (32, 'EPIPE')
Creating connection for 35.208.35.151 using <_io.TextIOWrapper name='logs.json' mode='a' encoding='UTF-8'> and week3-roots.pem
CONNECTION ERROR:  
Creating connection for 172.67.73.228 using <_io.TextIOWrapper name='logs.json' mode='a' encoding='UTF-8'> and week3-roots.pem
Creating connection for 36.37.242.33 using <_io.TextIOWrapper name='logs.json' mode='a' encoding='UTF-8'> and week3-roots.pem
CONNECTION ERROR:  
CONNECTION ERROR:  
CONNECTION ERROR:  
Creating connection for 104.21.2.192 using <_io.TextIOWrapper name='logs.json' mode='a' encoding='UTF-8'> and week3-roots.pem
Creating connection for 52.57.207.221 using <_io.TextIOWrapper name='logs.json' mode='a' encoding='UTF-8'> and week3-roots.pem
Creating connection for 96.45.82.173 using <_io.TextIOWrapper name='logs.json' mode='a' encoding='UTF-8'> and week3-roots.pem
CONNECTION ERROR:  
Creating connection for 134.173.112.3 using <_io.TextIOWrapper name='logs.json' mode='a' encoding='UTF-8'> and week3-roots.pem
Creating connection for 193.33.144.11 using <_io.TextIOWrapper name='logs.json' mode='a' encoding='UTF-8'> and week3-roots.pem
CONNECTION ERROR:  
Creating connection for 47.99.181.1 using <_io.TextIOWrapper name='logs.json' mode='a' encoding='UTF-8'> and week3-roots.pem
CONNECTION ERROR:  
CONNECTION ERROR:  
CONNECTION ERROR:  
Creating connection for 131.104.93.93 using <_io.TextIOWrapper name='logs.json' mode='a' encoding='UTF-8'> and week3-roots.pem
CONNECTION ERROR:  [Errno 111] Connection refused
Creating connection for 45.148.38.99 using <_io.TextIOWrapper name='logs.json' mode='a' encoding='UTF-8'> and week3-roots.pem
CONNECTION ERROR:  
Creating connection for 198.49.23.144 using <_io.TextIOWrapper name='logs.json' mode='a' encoding='UTF-8'> and week3-roots.pem
Creating connection for 217.147.127.160 using <_io.TextIOWrapper name='logs.json' mode='a' encoding='UTF-8'> and week3-roots.pem
Creating connection for 178.22.85.194 using <_io.TextIOWrapper name='logs.json' mode='a' encoding='UTF-8'> and week3-roots.pem
CONNECTION ERROR:  
Creating connection for 125.64.9.45 using <_io.TextIOWrapper name='logs.json' mode='a' encoding='UTF-8'> and week3-roots.pem
Creating connection for 185.199.111.153 using <_io.TextIOWrapper name='logs.json' mode='a' encoding='UTF-8'> and week3-roots.pem
Creating connection for 172.67.75.206 using <_io.TextIOWrapper name='logs.json' mode='a' encoding='UTF-8'> and week3-roots.pem
CONNECTION ERROR:  
Creating connection for 172.64.147.169 using <_io.TextIOWrapper name='logs.json' mode='a' encoding='UTF-8'> and week3-roots.pem
CONNECTION ERROR:  
CONNECTION ERROR:  
CONNECTION ERROR:  
CONNECTION ERROR:  (32, 'EPIPE')
CONNECTION ERROR:  
CONNECTION ERROR:  
CONNECTION ERROR:  
Creating connection for 104.22.3.137 using <_io.TextIOWrapper name='logs.json' mode='a' encoding='UTF-8'> and week3-roots.pem
CONNECTION ERROR:  timed out
CONNECTION ERROR:  
Creating connection for 172.67.30.240 using <_io.TextIOWrapper name='logs.json' mode='a' encoding='UTF-8'> and week3-roots.pem
CONNECTION ERROR:  
CONNECTION ERROR:  
Creating connection for 65.9.86.70 using <_io.TextIOWrapper name='logs.json' mode='a' encoding='UTF-8'> and week3-roots.pem
Creating connection for 199.201.90.4 using <_io.TextIOWrapper name='logs.json' mode='a' encoding='UTF-8'> and week3-roots.pem
Creating connection for 35.197.227.153 using <_io.TextIOWrapper name='logs.json' mode='a' encoding='UTF-8'> and week3-roots.pem
CONNECTION ERROR:  
CONNECTION ERROR:  
CONNECTION ERROR:  
CONNECTION ERROR:  
CONNECTION ERROR:  
CONNECTION ERROR:  
CONNECTION ERROR:  
CONNECTION ERROR:  
CONNECTION ERROR:  timed out
CONNECTION ERROR:  
CONNECTION ERROR:  
Creating connection for 5.61.253.221 using <_io.TextIOWrapper name='logs.json' mode='a' encoding='UTF-8'> and week3-roots.pem
CONNECTION ERROR:  
CONNECTION ERROR:  
CONNECTION ERROR:  
Creating connection for 60.205.24.218 using <_io.TextIOWrapper name='logs.json' mode='a' encoding='UTF-8'> and week3-roots.pem
CONNECTION ERROR:  
CONNECTION ERROR:  
CONNECTION ERROR:  
Creating connection for 141.138.138.108 using <_io.TextIOWrapper name='logs.json' mode='a' encoding='UTF-8'> and week3-roots.pem
CONNECTION ERROR:  
Creating connection for 208.91.197.127 using <_io.TextIOWrapper name='logs.json' mode='a' encoding='UTF-8'> and week3-roots.pem
Creating connection for 221.204.165.247 using <_io.TextIOWrapper name='logs.json' mode='a' encoding='UTF-8'> and week3-roots.pem
CONNECTION ERROR:  
Creating connection for 80.245.17.17 using <_io.TextIOWrapper name='logs.json' mode='a' encoding='UTF-8'> and week3-roots.pem
Creating connection for 146.59.151.25 using <_io.TextIOWrapper name='logs.json' mode='a' encoding='UTF-8'> and week3-roots.pem
CONNECTION ERROR:  
CONNECTION ERROR:  
Creating connection for 81.6.39.247 using <_io.TextIOWrapper name='logs.json' mode='a' encoding='UTF-8'> and week3-roots.pem
CONNECTION ERROR:  
Creating connection for 104.197.29.235 using <_io.TextIOWrapper name='logs.json' mode='a' encoding='UTF-8'> and week3-roots.pem
CONNECTION ERROR:  
Creating connection for 176.99.4.35 using <_io.TextIOWrapper name='logs.json' mode='a' encoding='UTF-8'> and week3-roots.pem
CONNECTION ERROR:  
CONNECTION ERROR:  timed out
CONNECTION ERROR:  
CONNECTION ERROR:  
Creating connection for 65.9.86.84 using <_io.TextIOWrapper name='logs.json' mode='a' encoding='UTF-8'> and week3-roots.pem
Creating connection for 54.154.249.50 using <_io.TextIOWrapper name='logs.json' mode='a' encoding='UTF-8'> and week3-roots.pem
Creating connection for 34.224.129.226 using <_io.TextIOWrapper name='logs.json' mode='a' encoding='UTF-8'> and week3-roots.pem
Creating connection for 188.42.198.252 using <_io.TextIOWrapper name='logs.json' mode='a' encoding='UTF-8'> and week3-roots.pem
CONNECTION ERROR:  
CONNECTION ERROR:  
CONNECTION ERROR:  
CONNECTION ERROR:  
CONNECTION ERROR:  
CONNECTION ERROR:  
Creating connection for 172.67.175.220 using <_io.TextIOWrapper name='logs.json' mode='a' encoding='UTF-8'> and week3-roots.pem
Creating connection for 185.151.30.137 using <_io.TextIOWrapper name='logs.json' mode='a' encoding='UTF-8'> and week3-roots.pem
Creating connection for 188.114.97.3 using <_io.TextIOWrapper name='logs.json' mode='a' encoding='UTF-8'> and week3-roots.pem
CONNECTION ERROR:  
Creating connection for 104.19.251.9 using <_io.TextIOWrapper name='logs.json' mode='a' encoding='UTF-8'> and week3-roots.pem
Creating connection for 165.254.198.225 using <_io.TextIOWrapper name='logs.json' mode='a' encoding='UTF-8'> and week3-roots.pem
Creating connection for 188.225.19.40 using <_io.TextIOWrapper name='logs.json' mode='a' encoding='UTF-8'> and week3-roots.pem
CONNECTION ERROR:  
Creating connection for 12.189.247.104 using <_io.TextIOWrapper name='logs.json' mode='a' encoding='UTF-8'> and week3-roots.pem
Creating connection for 162.209.200.141 using <_io.TextIOWrapper name='logs.json' mode='a' encoding='UTF-8'> and week3-roots.pem
Creating connection for 151.101.2.133 using <_io.TextIOWrapper name='logs.json' mode='a' encoding='UTF-8'> and week3-roots.pem
Creating connection for 23.227.38.74 using <_io.TextIOWrapper name='logs.json' mode='a' encoding='UTF-8'> and week3-roots.pem
Creating connection for 104.21.55.11 using <_io.TextIOWrapper name='logs.json' mode='a' encoding='UTF-8'> and week3-roots.pem
CONNECTION ERROR:  
Creating connection for 23.227.38.74 using <_io.TextIOWrapper name='logs.json' mode='a' encoding='UTF-8'> and week3-roots.pem
Creating connection for 173.213.214.87 using <_io.TextIOWrapper name='logs.json' mode='a' encoding='UTF-8'> and week3-roots.pem
CONNECTION ERROR:  
Creating connection for 194.146.41.104 using <_io.TextIOWrapper name='logs.json' mode='a' encoding='UTF-8'> and week3-roots.pem
Creating connection for 52.69.28.10 using <_io.TextIOWrapper name='logs.json' mode='a' encoding='UTF-8'> and week3-roots.pem
CONNECTION ERROR: CONNECTION ERROR:  
Creating connection for 18.205.222.128 using <_io.TextIOWrapper name='logs.json' mode='a' encoding='UTF-8'> and week3-roots.pem
Creating connection for 198.211.105.146 using <_io.TextIOWrapper name='logs.json' mode='a' encoding='UTF-8'> and week3-roots.pem
Creating connection for 138.197.42.179 using <_io.TextIOWrapper name='logs.json' mode='a' encoding='UTF-8'> and week3-roots.pem
Creating connection for 104.18.25.214 using <_io.TextIOWrapper name='logs.json' mode='a' encoding='UTF-8'> and week3-roots.pem
Creating connection for 81.4.96.67 using <_io.TextIOWrapper name='logs.json' mode='a' encoding='UTF-8'> and week3-roots.pem
Creating connection for 78.46.126.99 using <_io.TextIOWrapper name='logs.json' mode='a' encoding='UTF-8'> and week3-roots.pem
 
CONNECTION ERROR:  
CONNECTION ERROR:  
Creating connection for 23.21.189.113 using <_io.TextIOWrapper name='logs.json' mode='a' encoding='UTF-8'> and week3-roots.pem
Creating connection for 3.126.32.215 using <_io.TextIOWrapper name='logs.json' mode='a' encoding='UTF-8'> and week3-roots.pem
Creating connection for 65.9.86.97 using <_io.TextIOWrapper name='logs.json' mode='a' encoding='UTF-8'> and week3-roots.pem
Creating connection for 144.126.214.83 using <_io.TextIOWrapper name='logs.json' mode='a' encoding='UTF-8'> and week3-roots.pem
CONNECTION ERROR:  
CONNECTION ERROR:  
CONNECTION ERROR:  
CONNECTION ERROR:  
CONNECTION ERROR:  
Creating connection for 92.108.134.110 using <_io.TextIOWrapper name='logs.json' mode='a' encoding='UTF-8'> and week3-roots.pem
CONNECTION ERROR:  
CONNECTION ERROR:  
Creating connection for 149.28.65.18 using <_io.TextIOWrapper name='logs.json' mode='a' encoding='UTF-8'> and week3-roots.pem
CONNECTION ERROR:  
CONNECTION ERROR:  
CONNECTION ERROR:  
CONNECTION ERROR:  
Creating connection for 149.56.244.246 using <_io.TextIOWrapper name='logs.json' mode='a' encoding='UTF-8'> and week3-roots.pem
CONNECTION ERROR:  [Errno 113] No route to host
CONNECTION ERROR:  (32, 'EPIPE')
Creating connection for 104.21.73.251 using <_io.TextIOWrapper name='logs.json' mode='a' encoding='UTF-8'> and week3-roots.pem
Creating connection for 104.26.13.226 using <_io.TextIOWrapper name='logs.json' mode='a' encoding='UTF-8'> and week3-roots.pem
Creating connection for 172.67.137.95 using <_io.TextIOWrapper name='logs.json' mode='a' encoding='UTF-8'> and week3-roots.pem
Creating connection for 173.199.130.244 using <_io.TextIOWrapper name='logs.json' mode='a' encoding='UTF-8'> and week3-roots.pem
Creating connection for 65.9.86.37 using <_io.TextIOWrapper name='logs.json' mode='a' encoding='UTF-8'> and week3-roots.pem
CONNECTION ERROR:  
CONNECTION ERROR:  
CONNECTION ERROR:  
CONNECTION ERROR:  
CONNECTION ERROR:  
CONNECTION ERROR:  timed out
Creating connection for 104.26.3.136 using <_io.TextIOWrapper name='logs.json' mode='a' encoding='UTF-8'> and week3-roots.pem
CONNECTION ERROR:  
Creating connection for 200.19.32.46 using <_io.TextIOWrapper name='logs.json' mode='a' encoding='UTF-8'> and week3-roots.pem
Creating connection for 104.26.9.3 using <_io.TextIOWrapper name='logs.json' mode='a' encoding='UTF-8'> and week3-roots.pem
Creating connection for 104.18.8.135 using <_io.TextIOWrapper name='logs.json' mode='a' encoding='UTF-8'> and week3-roots.pem
Creating connection for 150.60.144.150 using <_io.TextIOWrapper name='logs.json' mode='a' encoding='UTF-8'> and week3-roots.pem
CONNECTION ERROR:  
Creating connection for 212.193.153.164 using <_io.TextIOWrapper name='logs.json' mode='a' encoding='UTF-8'> and week3-roots.pem
Creating connection for 165.160.13.20 using <_io.TextIOWrapper name='logs.json' mode='a' encoding='UTF-8'> and week3-roots.pem
CONNECTION ERROR:  
CONNECTION ERROR:  
Creating connection for 18.200.203.167 using <_io.TextIOWrapper name='logs.json' mode='a' encoding='UTF-8'> and week3-roots.pem
Creating connection for 157.230.83.95 using <_io.TextIOWrapper name='logs.json' mode='a' encoding='UTF-8'> and week3-roots.pem
Creating connection for 5.45.78.61 using <_io.TextIOWrapper name='logs.json' mode='a' encoding='UTF-8'> and week3-roots.pem
Creating connection for 23.227.38.65 using <_io.TextIOWrapper name='logs.json' mode='a' encoding='UTF-8'> and week3-roots.pem
CONNECTION ERROR:  
CONNECTION ERROR:  
CONNECTION ERROR:  
Creating connection for 198.185.159.144 using <_io.TextIOWrapper name='logs.json' mode='a' encoding='UTF-8'> and week3-roots.pem
CONNECTION ERROR:  
CONNECTION ERROR:  
Creating connection for 172.67.74.88 using <_io.TextIOWrapper name='logs.json' mode='a' encoding='UTF-8'> and week3-roots.pem
Creating connection for 104.21.54.54 using <_io.TextIOWrapper name='logs.json' mode='a' encoding='UTF-8'> and week3-roots.pem
CONNECTION ERROR:  
CONNECTION ERROR:  
CONNECTION ERROR:  
Creating connection for 63.206.44.251 using <_io.TextIOWrapper name='logs.json' mode='a' encoding='UTF-8'> and week3-roots.pem
CONNECTION ERROR:  timed out
Creating connection for 54.188.3.63 using <_io.TextIOWrapper name='logs.json' mode='a' encoding='UTF-8'> and week3-roots.pem
Creating connection for 194.126.114.228 using <_io.TextIOWrapper name='logs.json' mode='a' encoding='UTF-8'> and week3-roots.pem
Creating connection for 198.185.159.144 using <_io.TextIOWrapper name='logs.json' mode='a' encoding='UTF-8'> and week3-roots.pem
CONNECTION ERROR:  
Creating connection for 139.99.121.237 using <_io.TextIOWrapper name='logs.json' mode='a' encoding='UTF-8'> and week3-roots.pem
Creating connection for 34.98.99.30 using <_io.TextIOWrapper name='logs.json' mode='a' encoding='UTF-8'> and week3-roots.pem
CONNECTION ERROR:  
CONNECTION ERROR:  
Creating connection for 120.52.30.155 using <_io.TextIOWrapper name='logs.json' mode='a' encoding='UTF-8'> and week3-roots.pem
CONNECTION ERROR:  
Creating connection for 87.236.16.167 using <_io.TextIOWrapper name='logs.json' mode='a' encoding='UTF-8'> and week3-roots.pem
Creating connection for 52.206.191.232 using <_io.TextIOWrapper name='logs.json' mode='a' encoding='UTF-8'> and week3-roots.pem
Creating connection for 52.243.82.11 using <_io.TextIOWrapper name='logs.json' mode='a' encoding='UTF-8'> and week3-roots.pem
Creating connection for 172.67.73.180 using <_io.TextIOWrapper name='logs.json' mode='a' encoding='UTF-8'> and week3-roots.pem
Creating connection for 193.93.36.72 using <_io.TextIOWrapper name='logs.json' mode='a' encoding='UTF-8'> and week3-roots.pem
CONNECTION ERROR:  
Creating connection for 85.214.43.78 using <_io.TextIOWrapper name='logs.json' mode='a' encoding='UTF-8'> and week3-roots.pem
CONNECTION ERROR:  
CONNECTION ERROR:  
CONNECTION ERROR:  
CONNECTION ERROR:  
Creating connection for 104.18.6.221 using <_io.TextIOWrapper name='logs.json' mode='a' encoding='UTF-8'> and week3-roots.pem
CONNECTION ERROR:  
Creating connection for 35.194.54.223 using <_io.TextIOWrapper name='logs.json' mode='a' encoding='UTF-8'> and week3-roots.pem
CONNECTION ERROR:  
CONNECTION ERROR:  
CONNECTION ERROR:  timed out
CONNECTION ERROR:  
Creating connection for 111.108.184.62 using <_io.TextIOWrapper name='logs.json' mode='a' encoding='UTF-8'> and week3-roots.pem
CONNECTION ERROR:  
CONNECTION ERROR:  
CONNECTION ERROR:  
Creating connection for 31.220.16.100 using <_io.TextIOWrapper name='logs.json' mode='a' encoding='UTF-8'> and week3-roots.pem
Creating connection for 114.80.208.190 using <_io.TextIOWrapper name='logs.json' mode='a' encoding='UTF-8'> and week3-roots.pem
Creating connection for 34.216.86.220 using <_io.TextIOWrapper name='logs.json' mode='a' encoding='UTF-8'> and week3-roots.pem
Creating connection for 89.21.28.80 using <_io.TextIOWrapper name='logs.json' mode='a' encoding='UTF-8'> and week3-roots.pem
Creating connection for 64.32.22.102 using <_io.TextIOWrapper name='logs.json' mode='a' encoding='UTF-8'> and week3-roots.pem
Creating connection for 172.67.73.212 using <_io.TextIOWrapper name='logs.json' mode='a' encoding='UTF-8'> and week3-roots.pem
Creating connection for 65.9.86.126 using <_io.TextIOWrapper name='logs.json' mode='a' encoding='UTF-8'> and week3-roots.pem
CONNECTION ERROR:  
Creating connection for 172.67.134.35 using <_io.TextIOWrapper name='logs.json' mode='a' encoding='UTF-8'> and week3-roots.pem
CONNECTION ERROR:  
Creating connection for 192.240.186.168 using <_io.TextIOWrapper name='logs.json' mode='a' encoding='UTF-8'> and week3-roots.pem
Creating connection for 210.171.0.83 using <_io.TextIOWrapper name='logs.json' mode='a' encoding='UTF-8'> and week3-roots.pem
Creating connection for 217.199.187.193 using <_io.TextIOWrapper name='logs.json' mode='a' encoding='UTF-8'> and week3-roots.pem
Creating connection for 165.72.192.33 using <_io.TextIOWrapper name='logs.json' mode='a' encoding='UTF-8'> and week3-roots.pem
Creating connection for 112.78.125.83 using <_io.TextIOWrapper name='logs.json' mode='a' encoding='UTF-8'> and week3-roots.pem
Creating connection for 213.189.208.139 using <_io.TextIOWrapper name='logs.json' mode='a' encoding='UTF-8'> and week3-roots.pem
Creating connection for 218.236.90.133 using <_io.TextIOWrapper name='logs.json' mode='a' encoding='UTF-8'> and week3-roots.pem
Creating connection for 217.72.241.239 using <_io.TextIOWrapper name='logs.json' mode='a' encoding='UTF-8'> and week3-roots.pem
CONNECTION ERROR:  
CONNECTION ERROR:  timed out
Creating connection for 104.21.30.78 using <_io.TextIOWrapper name='logs.json' mode='a' encoding='UTF-8'> and week3-roots.pem
CONNECTION ERROR:  [Errno 111] Connection refused
CONNECTION ERROR:  
Creating connection for 3.212.248.54 using <_io.TextIOWrapper name='logs.json' mode='a' encoding='UTF-8'> and week3-roots.pem
Creating connection for 65.9.86.79 using <_io.TextIOWrapper name='logs.json' mode='a' encoding='UTF-8'> and week3-roots.pem
CONNECTION ERROR:  
CONNECTION ERROR:  
CONNECTION ERROR:  
CONNECTION ERROR:  (32, 'EPIPE')
CONNECTION ERROR:  
Creating connection for 45.77.164.14 using <_io.TextIOWrapper name='logs.json' mode='a' encoding='UTF-8'> and week3-roots.pem
Creating connection for 104.21.60.240 using <_io.TextIOWrapper name='logs.json' mode='a' encoding='UTF-8'> and week3-roots.pem
CONNECTION ERROR:  
CONNECTION ERROR:  
CONNECTION ERROR:  timed out
Creating connection for 52.27.48.224 using <_io.TextIOWrapper name='logs.json' mode='a' encoding='UTF-8'> and week3-roots.pem
Creating connection for 188.114.96.3 using <_io.TextIOWrapper name='logs.json' mode='a' encoding='UTF-8'> and week3-roots.pem
CONNECTION ERROR:  
Creating connection for 92.51.148.16 using <_io.TextIOWrapper name='logs.json' mode='a' encoding='UTF-8'> and week3-roots.pem
Creating connection for 104.21.94.7 using <_io.TextIOWrapper name='logs.json' mode='a' encoding='UTF-8'> and week3-roots.pem
Creating connection for 38.113.1.143 using <_io.TextIOWrapper name='logs.json' mode='a' encoding='UTF-8'> and week3-roots.pem
Creating connection for 151.101.38.62 using <_io.TextIOWrapper name='logs.json' mode='a' encoding='UTF-8'> and week3-roots.pem
Creating connection for 192.0.66.2 using <_io.TextIOWrapper name='logs.json' mode='a' encoding='UTF-8'> and week3-roots.pem
CONNECTION ERROR:  
CONNECTION ERROR:  
CONNECTION ERROR:  
Creating connection for 202.146.216.169 using <_io.TextIOWrapper name='logs.json' mode='a' encoding='UTF-8'> and week3-roots.pem
CONNECTION ERROR:  
CONNECTION ERROR:  
Creating connection for 62.138.2.86 using <_io.TextIOWrapper name='logs.json' mode='a' encoding='UTF-8'> and week3-roots.pem
Creating connection for 3.94.151.0 using <_io.TextIOWrapper name='logs.json' mode='a' encoding='UTF-8'> and week3-roots.pem
CONNECTION ERROR:  
CONNECTION ERROR:  [Errno 111] Connection refused
CONNECTION ERROR:  
CONNECTION ERROR:  
Creating connection for 52.67.143.51 using <_io.TextIOWrapper name='logs.json' mode='a' encoding='UTF-8'> and week3-roots.pem
CONNECTION ERROR:  (32, 'EPIPE')
CONNECTION ERROR:  
CONNECTION ERROR:  
CONNECTION ERROR:  
Creating connection for 184.168.101.216 using <_io.TextIOWrapper name='logs.json' mode='a' encoding='UTF-8'> and week3-roots.pem
CONNECTION ERROR:  [Errno 111] Connection refused
CONNECTION ERROR:  
CONNECTION ERROR:  
CONNECTION ERROR:  (32, 'EPIPE')
Creating connection for 151.101.2.125 using <_io.TextIOWrapper name='logs.json' mode='a' encoding='UTF-8'> and week3-roots.pem
Creating connection for 5.61.28.93 using <_io.TextIOWrapper name='logs.json' mode='a' encoding='UTF-8'> and week3-roots.pem
Creating connection for 65.9.86.79 using <_io.TextIOWrapper name='logs.json' mode='a' encoding='UTF-8'> and week3-roots.pem
CONNECTION ERROR:  
Creating connection for 45.223.20.127 using <_io.TextIOWrapper name='logs.json' mode='a' encoding='UTF-8'> and week3-roots.pem
Creating connection for 91.201.52.217 using <_io.TextIOWrapper name='logs.json' mode='a' encoding='UTF-8'> and week3-roots.pem
CONNECTION ERROR:  
CONNECTION ERROR:  timed out
CONNECTION ERROR:  
Creating connection for 101.0.89.70 using <_io.TextIOWrapper name='logs.json' mode='a' encoding='UTF-8'> and week3-roots.pem
Creating connection for 185.253.212.22 using <_io.TextIOWrapper name='logs.json' mode='a' encoding='UTF-8'> and week3-roots.pem
CONNECTION ERROR:  
Creating connection for 172.67.171.7 using <_io.TextIOWrapper name='logs.json' mode='a' encoding='UTF-8'> and week3-roots.pem
Creating connection for 3.64.200.242 using <_io.TextIOWrapper name='logs.json' mode='a' encoding='UTF-8'> and week3-roots.pem
Creating connection for 199.250.194.83 using <_io.TextIOWrapper name='logs.json' mode='a' encoding='UTF-8'> and week3-roots.pem
CONNECTION ERROR:  timed out
CONNECTION ERROR:  
Creating connection for 18.140.165.214 using <_io.TextIOWrapper name='logs.json' mode='a' encoding='UTF-8'> and week3-roots.pem
CONNECTION ERROR:  
Creating connection for 172.67.144.207 using <_io.TextIOWrapper name='logs.json' mode='a' encoding='UTF-8'> and week3-roots.pem
CONNECTION ERROR:  
CONNECTION ERROR:  
CONNECTION ERROR:  
Creating connection for 185.177.114.36 using <_io.TextIOWrapper name='logs.json' mode='a' encoding='UTF-8'> and week3-roots.pem
Creating connection for 138.201.132.147 using <_io.TextIOWrapper name='logs.json' mode='a' encoding='UTF-8'> and week3-roots.pem
CONNECTION ERROR:  
CONNECTION ERROR:  
Creating connection for 66.226.10.44 using <_io.TextIOWrapper name='logs.json' mode='a' encoding='UTF-8'> and week3-roots.pem
CONNECTION ERROR:  
Creating connection for 172.67.36.190 using <_io.TextIOWrapper name='logs.json' mode='a' encoding='UTF-8'> and week3-roots.pem
CONNECTION ERROR:  timed out
CONNECTION ERROR:  
CONNECTION ERROR:  
CONNECTION ERROR:  
Creating connection for 101.100.210.10 using <_io.TextIOWrapper name='logs.json' mode='a' encoding='UTF-8'> and week3-roots.pem
CONNECTION ERROR:  
Creating connection for 3.125.179.154 using <_io.TextIOWrapper name='logs.json' mode='a' encoding='UTF-8'> and week3-roots.pem
CONNECTION ERROR:  
CONNECTION ERROR:  timed out
Creating connection for 156.238.15.14 using <_io.TextIOWrapper name='logs.json' mode='a' encoding='UTF-8'> and week3-roots.pem
CONNECTION ERROR:  
CONNECTION ERROR:  
CONNECTION ERROR:  
CONNECTION ERROR:  
Creating connection for 96.16.53.215 using <_io.TextIOWrapper name='logs.json' mode='a' encoding='UTF-8'> and week3-roots.pem
CONNECTION ERROR:  
Creating connection for 52.21.227.162 using <_io.TextIOWrapper name='logs.json' mode='a' encoding='UTF-8'> and week3-roots.pem
CONNECTION ERROR:  
Creating connection for 185.199.110.153 using <_io.TextIOWrapper name='logs.json' mode='a' encoding='UTF-8'> and week3-roots.pem
Creating connection for 66.7.221.80 using <_io.TextIOWrapper name='logs.json' mode='a' encoding='UTF-8'> and week3-roots.pem
Creating connection for 104.21.61.199 using <_io.TextIOWrapper name='logs.json' mode='a' encoding='UTF-8'> and week3-roots.pem
Creating connection for 99.83.190.102 using <_io.TextIOWrapper name='logs.json' mode='a' encoding='UTF-8'> and week3-roots.pem
Creating connection for 208.91.197.26 using <_io.TextIOWrapper name='logs.json' mode='a' encoding='UTF-8'> and week3-roots.pem
Creating connection for 206.41.93.118 using <_io.TextIOWrapper name='logs.json' mode='a' encoding='UTF-8'> and week3-roots.pem
Creating connection for 185.88.214.127 using <_io.TextIOWrapper name='logs.json' mode='a' encoding='UTF-8'> and week3-roots.pem
Creating connection for 172.67.185.8 using <_io.TextIOWrapper name='logs.json' mode='a' encoding='UTF-8'> and week3-roots.pem
Creating connection for 172.67.207.42 using <_io.TextIOWrapper name='logs.json' mode='a' encoding='UTF-8'> and week3-roots.pem
CONNECTION ERROR:  
Creating connection for 13.70.147.206 using <_io.TextIOWrapper name='logs.json' mode='a' encoding='UTF-8'> and week3-roots.pem
CONNECTION ERROR:  
Creating connection for 206.54.174.74 using <_io.TextIOWrapper name='logs.json' mode='a' encoding='UTF-8'> and week3-roots.pem
CONNECTION ERROR:  
CONNECTION ERROR:  
CONNECTION ERROR:  
CONNECTION ERROR:  
Creating connection for 172.67.68.127 using <_io.TextIOWrapper name='logs.json' mode='a' encoding='UTF-8'> and week3-roots.pem
Creating connection for 80.93.93.55 using <_io.TextIOWrapper name='logs.json' mode='a' encoding='UTF-8'> and week3-roots.pem
Creating connection for 65.9.86.64 using <_io.TextIOWrapper name='logs.json' mode='a' encoding='UTF-8'> and week3-roots.pem
CONNECTION ERROR:  
CONNECTION ERROR:  
CONNECTION ERROR:  
CONNECTION ERROR:  
CONNECTION ERROR:  
CONNECTION ERROR:  
CONNECTION ERROR:  
Creating connection for 162.55.77.74 using <_io.TextIOWrapper name='logs.json' mode='a' encoding='UTF-8'> and week3-roots.pem
Creating connection for 222.186.57.68 using <_io.TextIOWrapper name='logs.json' mode='a' encoding='UTF-8'> and week3-roots.pem
Creating connection for 23.185.0.4 using <_io.TextIOWrapper name='logs.json' mode='a' encoding='UTF-8'> and week3-roots.pem
Creating connection for 27.221.108.54 using <_io.TextIOWrapper name='logs.json' mode='a' encoding='UTF-8'> and week3-roots.pem
Creating connection for 210.56.52.223 using <_io.TextIOWrapper name='logs.json' mode='a' encoding='UTF-8'> and week3-roots.pem
Creating connection for 104.21.234.103 using <_io.TextIOWrapper name='logs.json' mode='a' encoding='UTF-8'> and week3-roots.pem
CONNECTION ERROR:  
Creating connection for 172.67.73.186 using <_io.TextIOWrapper name='logs.json' mode='a' encoding='UTF-8'> and week3-roots.pem
CONNECTION ERROR:  
CONNECTION ERROR:  
CONNECTION ERROR:  
Creating connection for 104.18.8.77 using <_io.TextIOWrapper name='logs.json' mode='a' encoding='UTF-8'> and week3-roots.pem
Creating connection for 23.185.0.253 using <_io.TextIOWrapper name='logs.json' mode='a' encoding='UTF-8'> and week3-roots.pem
Creating connection for 23.227.38.74 using <_io.TextIOWrapper name='logs.json' mode='a' encoding='UTF-8'> and week3-roots.pem
Creating connection for 34.160.71.219 using <_io.TextIOWrapper name='logs.json' mode='a' encoding='UTF-8'> and week3-roots.pem
Creating connection for 192.0.78.166 using <_io.TextIOWrapper name='logs.json' mode='a' encoding='UTF-8'> and week3-roots.pem
Creating connection for 35.214.246.204 using <_io.TextIOWrapper name='logs.json' mode='a' encoding='UTF-8'> and week3-roots.pem
CONNECTION ERROR:  
Creating connection for 104.21.87.46 using <_io.TextIOWrapper name='logs.json' mode='a' encoding='UTF-8'> and week3-roots.pem
CONNECTION ERROR:  
CONNECTION ERROR:  
CONNECTION ERROR:  timed out
CONNECTION ERROR:  
CONNECTION ERROR:  timed out
CONNECTION ERROR:  
CONNECTION ERROR:  
CONNECTION ERROR:  
CONNECTION ERROR:  timed out
Creating connection for 61.100.15.138 using <_io.TextIOWrapper name='logs.json' mode='a' encoding='UTF-8'> and week3-roots.pem
CONNECTION ERROR:  
CONNECTION ERROR:  
CONNECTION ERROR:  
CONNECTION ERROR:  
CONNECTION ERROR:  
CONNECTION ERROR:  
CONNECTION ERROR:  
Creating connection for 88.99.141.231 using <_io.TextIOWrapper name='logs.json' mode='a' encoding='UTF-8'> and week3-roots.pem
CONNECTION ERROR:  
Creating connection for 104.26.9.82 using <_io.TextIOWrapper name='logs.json' mode='a' encoding='UTF-8'> and week3-roots.pem
CONNECTION ERROR:  
CONNECTION ERROR:  
Creating connection for 108.178.43.214 using <_io.TextIOWrapper name='logs.json' mode='a' encoding='UTF-8'> and week3-roots.pem
Creating connection for 35.206.71.5 using <_io.TextIOWrapper name='logs.json' mode='a' encoding='UTF-8'> and week3-roots.pem
Creating connection for 198.54.117.215 using <_io.TextIOWrapper name='logs.json' mode='a' encoding='UTF-8'> and week3-roots.pem
Creating connection for 54.216.252.255 using <_io.TextIOWrapper name='logs.json' mode='a' encoding='UTF-8'> and week3-roots.pem
CONNECTION ERROR:  
CONNECTION ERROR:  
Creating connection for 107.162.140.253 using <_io.TextIOWrapper name='logs.json' mode='a' encoding='UTF-8'> and week3-roots.pem
Creating connection for 104.21.44.149 using <_io.TextIOWrapper name='logs.json' mode='a' encoding='UTF-8'> and week3-roots.pem
CONNECTION ERROR:  
CONNECTION ERROR:  
CONNECTION ERROR:  
CONNECTION ERROR:  
CONNECTION ERROR:  
CONNECTION ERROR:  
CONNECTION ERROR:  timed out
CONNECTION ERROR:  
CONNECTION ERROR:  
CONNECTION ERROR:  
CONNECTION ERROR:  
Creating connection for 120.24.65.203 using <_io.TextIOWrapper name='logs.json' mode='a' encoding='UTF-8'> and week3-roots.pem
Creating connection for 121.42.115.100 using <_io.TextIOWrapper name='logs.json' mode='a' encoding='UTF-8'> and week3-roots.pem
CONNECTION ERROR:  
Creating connection for 104.21.32.190 using <_io.TextIOWrapper name='logs.json' mode='a' encoding='UTF-8'> and week3-roots.pem
CONNECTION ERROR:  [Errno 111] Connection refused
Creating connection for 45.61.156.148 using <_io.TextIOWrapper name='logs.json' mode='a' encoding='UTF-8'> and week3-roots.pem
CONNECTION ERROR:  (32, 'EPIPE')
Creating connection for 172.67.211.225 using <_io.TextIOWrapper name='logs.json' mode='a' encoding='UTF-8'> and week3-roots.pem
Creating connection for 80.251.83.180 using <_io.TextIOWrapper name='logs.json' mode='a' encoding='UTF-8'> and week3-roots.pem
Creating connection for 109.94.209.136 using <_io.TextIOWrapper name='logs.json' mode='a' encoding='UTF-8'> and week3-roots.pem
Creating connection for 31.192.105.106 using <_io.TextIOWrapper name='logs.json' mode='a' encoding='UTF-8'> and week3-roots.pem
CONNECTION ERROR:  
CONNECTION ERROR:  
CONNECTION ERROR:  
Creating connection for 76.76.21.22 using <_io.TextIOWrapper name='logs.json' mode='a' encoding='UTF-8'> and week3-roots.pem
Creating connection for 188.114.97.3 using <_io.TextIOWrapper name='logs.json' mode='a' encoding='UTF-8'> and week3-roots.pem
Creating connection for 104.26.14.186 using <_io.TextIOWrapper name='logs.json' mode='a' encoding='UTF-8'> and week3-roots.pem
Creating connection for 66.206.17.218 using <_io.TextIOWrapper name='logs.json' mode='a' encoding='UTF-8'> and week3-roots.pem
CONNECTION ERROR:  
Creating connection for 43.255.154.58 using <_io.TextIOWrapper name='logs.json' mode='a' encoding='UTF-8'> and week3-roots.pem
Creating connection for 172.67.215.112 using <_io.TextIOWrapper name='logs.json' mode='a' encoding='UTF-8'> and week3-roots.pem
CONNECTION ERROR:  timed out
CONNECTION ERROR:  
Creating connection for 164.100.225.106 using <_io.TextIOWrapper name='logs.json' mode='a' encoding='UTF-8'> and week3-roots.pem
Creating connection for 65.9.86.15 using <_io.TextIOWrapper name='logs.json' mode='a' encoding='UTF-8'> and week3-roots.pem
CONNECTION ERROR:  
Creating connection for 141.193.213.21 using <_io.TextIOWrapper name='logs.json' mode='a' encoding='UTF-8'> and week3-roots.pem
CONNECTION ERROR:  
Creating connection for 74.115.211.132 using <_io.TextIOWrapper name='logs.json' mode='a' encoding='UTF-8'> and week3-roots.pem
CONNECTION ERROR:  
CONNECTION ERROR:  
Creating connection for 52.30.64.73 using <_io.TextIOWrapper name='logs.json' mode='a' encoding='UTF-8'> and week3-roots.pem
Creating connection for 172.67.70.184 using <_io.TextIOWrapper name='logs.json' mode='a' encoding='UTF-8'> and week3-roots.pem
CONNECTION ERROR:  
CONNECTION ERROR:  
CONNECTION ERROR:  
Creating connection for 65.9.86.45 using <_io.TextIOWrapper name='logs.json' mode='a' encoding='UTF-8'> and week3-roots.pem
Creating connection for 139.59.139.45 using <_io.TextIOWrapper name='logs.json' mode='a' encoding='UTF-8'> and week3-roots.pem
Creating connection for 176.221.47.14 using <_io.TextIOWrapper name='logs.json' mode='a' encoding='UTF-8'> and week3-roots.pem
Creating connection for 141.193.213.11 using <_io.TextIOWrapper name='logs.json' mode='a' encoding='UTF-8'> and week3-roots.pem
Creating connection for 152.195.34.54 using <_io.TextIOWrapper name='logs.json' mode='a' encoding='UTF-8'> and week3-roots.pem
CONNECTION ERROR:  
CONNECTION ERROR:  
CONNECTION ERROR:  
Creating connection for 45.139.122.130 using <_io.TextIOWrapper name='logs.json' mode='a' encoding='UTF-8'> and week3-roots.pemCONNECTION ERROR:  

CONNECTION ERROR:  
CONNECTION ERROR:  
CONNECTION ERROR:  
Creating connection for 194.233.67.236 using <_io.TextIOWrapper name='logs.json' mode='a' encoding='UTF-8'> and week3-roots.pem
CONNECTION ERROR:  timed out
Creating connection for 76.76.21.98 using <_io.TextIOWrapper name='logs.json' mode='a' encoding='UTF-8'> and week3-roots.pem
CONNECTION ERROR:  timed out
CONNECTION ERROR:  
CONNECTION ERROR:  
CONNECTION ERROR:  
CONNECTION ERROR:  
Creating connection for 104.21.8.98 using <_io.TextIOWrapper name='logs.json' mode='a' encoding='UTF-8'> and week3-roots.pem
Creating connection for 104.22.19.145 using <_io.TextIOWrapper name='logs.json' mode='a' encoding='UTF-8'> and week3-roots.pem
Creating connection for 212.82.100.150 using <_io.TextIOWrapper name='logs.json' mode='a' encoding='UTF-8'> and week3-roots.pem
CONNECTION ERROR:  
Creating connection for 172.67.195.19 using <_io.TextIOWrapper name='logs.json' mode='a' encoding='UTF-8'> and week3-roots.pem
Creating connection for 13.113.4.3 using <_io.TextIOWrapper name='logs.json' mode='a' encoding='UTF-8'> and week3-roots.pem
CONNECTION ERROR:  timed out
Creating connection for 172.67.193.198 using <_io.TextIOWrapper name='logs.json' mode='a' encoding='UTF-8'> and week3-roots.pem
Creating connection for 54.72.158.233 using <_io.TextIOWrapper name='logs.json' mode='a' encoding='UTF-8'> and week3-roots.pem
CONNECTION ERROR:  
CONNECTION ERROR:  
Creating connection for 172.67.172.229 using <_io.TextIOWrapper name='logs.json' mode='a' encoding='UTF-8'> and week3-roots.pem
Creating connection for 46.4.163.240 using <_io.TextIOWrapper name='logs.json' mode='a' encoding='UTF-8'> and week3-roots.pem
CONNECTION ERROR:  
Creating connection for 185.215.4.10 using <_io.TextIOWrapper name='logs.json' mode='a' encoding='UTF-8'> and week3-roots.pem
Creating connection for 54.70.158.132 using <_io.TextIOWrapper name='logs.json' mode='a' encoding='UTF-8'> and week3-roots.pem
CONNECTION ERROR:  timed out
CONNECTION ERROR:  
CONNECTION ERROR:  timed out
CONNECTION ERROR:  
Creating connection for 109.74.243.20 using <_io.TextIOWrapper name='logs.json' mode='a' encoding='UTF-8'> and week3-roots.pem
CONNECTION ERROR:  
CONNECTION ERROR:  
CONNECTION ERROR:  
Creating connection for 209.87.149.21 using <_io.TextIOWrapper name='logs.json' mode='a' encoding='UTF-8'> and week3-roots.pem
CONNECTION ERROR:  
Creating connection for 182.61.21.188 using <_io.TextIOWrapper name='logs.json' mode='a' encoding='UTF-8'> and week3-roots.pem
Creating connection for 172.67.137.71 using <_io.TextIOWrapper name='logs.json' mode='a' encoding='UTF-8'> and week3-roots.pem
Creating connection for 31.220.27.135 using <_io.TextIOWrapper name='logs.json' mode='a' encoding='UTF-8'> and week3-roots.pem
Creating connection for 173.230.149.207 using <_io.TextIOWrapper name='logs.json' mode='a' encoding='UTF-8'> and week3-roots.pem
Creating connection for 129.211.129.109 using <_io.TextIOWrapper name='logs.json' mode='a' encoding='UTF-8'> and week3-roots.pem
CONNECTION ERROR:  
CONNECTION ERROR:  
CONNECTION ERROR:  timed out
CONNECTION ERROR:  
Creating connection for 172.67.157.5 using <_io.TextIOWrapper name='logs.json' mode='a' encoding='UTF-8'> and week3-roots.pem
CONNECTION ERROR:  
CONNECTION ERROR:  
CONNECTION ERROR:  
Creating connection for 54.237.159.171 using <_io.TextIOWrapper name='logs.json' mode='a' encoding='UTF-8'> and week3-roots.pem
CONNECTION ERROR:  
Creating connection for 170.249.203.194 using <_io.TextIOWrapper name='logs.json' mode='a' encoding='UTF-8'> and week3-roots.pem
Creating connection for 207.210.203.30 using <_io.TextIOWrapper name='logs.json' mode='a' encoding='UTF-8'> and week3-roots.pem
CONNECTION ERROR:  
Creating connection for 188.114.96.3 using <_io.TextIOWrapper name='logs.json' mode='a' encoding='UTF-8'> and week3-roots.pem
Creating connection for 172.67.182.248 using <_io.TextIOWrapper name='logs.json' mode='a' encoding='UTF-8'> and week3-roots.pem
Creating connection for 50.116.21.110 using <_io.TextIOWrapper name='logs.json' mode='a' encoding='UTF-8'> and week3-roots.pem
CONNECTION ERROR:  
Creating connection for 172.67.70.108 using <_io.TextIOWrapper name='logs.json' mode='a' encoding='UTF-8'> and week3-roots.pem
Creating connection for 65.9.86.55 using <_io.TextIOWrapper name='logs.json' mode='a' encoding='UTF-8'> and week3-roots.pem
CONNECTION ERROR:  
CONNECTION ERROR:  
Creating connection for 192.124.249.164 using <_io.TextIOWrapper name='logs.json' mode='a' encoding='UTF-8'> and week3-roots.pem
CONNECTION ERROR:  
Creating connection for 197.221.10.121 using <_io.TextIOWrapper name='logs.json' mode='a' encoding='UTF-8'> and week3-roots.pem
CONNECTION ERROR:  
CONNECTION ERROR:  
Creating connection for 65.9.86.20 using <_io.TextIOWrapper name='logs.json' mode='a' encoding='UTF-8'> and week3-roots.pem
CONNECTION ERROR:  
Creating connection for 188.114.96.2 using <_io.TextIOWrapper name='logs.json' mode='a' encoding='UTF-8'> and week3-roots.pem
CONNECTION ERROR:  
Creating connection for 222.184.83.41 using <_io.TextIOWrapper name='logs.json' mode='a' encoding='UTF-8'> and week3-roots.pem
CONNECTION ERROR:  
Creating connection for 107.180.48.210 using <_io.TextIOWrapper name='logs.json' mode='a' encoding='UTF-8'> and week3-roots.pem
CONNECTION ERROR:  
CONNECTION ERROR:  
Creating connection for 104.26.4.55 using <_io.TextIOWrapper name='logs.json' mode='a' encoding='UTF-8'> and week3-roots.pem
CONNECTION ERROR:  
CONNECTION ERROR:  
Creating connection for 172.67.68.214 using <_io.TextIOWrapper name='logs.json' mode='a' encoding='UTF-8'> and week3-roots.pem
CONNECTION ERROR:  timed out
CONNECTION ERROR:  
Creating connection for 103.65.21.54 using <_io.TextIOWrapper name='logs.json' mode='a' encoding='UTF-8'> and week3-roots.pem
Creating connection for 199.192.145.15 using <_io.TextIOWrapper name='logs.json' mode='a' encoding='UTF-8'> and week3-roots.pem
CONNECTION ERROR:  
Creating connection for 109.234.162.132 using <_io.TextIOWrapper name='logs.json' mode='a' encoding='UTF-8'> and week3-roots.pem
CONNECTION ERROR:  
Creating connection for 115.69.203.205 using <_io.TextIOWrapper name='logs.json' mode='a' encoding='UTF-8'> and week3-roots.pem
Creating connection for 104.239.236.231 using <_io.TextIOWrapper name='logs.json' mode='a' encoding='UTF-8'> and week3-roots.pem
CONNECTION ERROR:  
Creating connection for 46.243.171.232 using <_io.TextIOWrapper name='logs.json' mode='a' encoding='UTF-8'> and week3-roots.pem
Creating connection for 210.222.18.68 using <_io.TextIOWrapper name='logs.json' mode='a' encoding='UTF-8'> and week3-roots.pem
Creating connection for 104.21.9.91 using <_io.TextIOWrapper name='logs.json' mode='a' encoding='UTF-8'> and week3-roots.pem
Creating connection for 94.152.148.211 using <_io.TextIOWrapper name='logs.json' mode='a' encoding='UTF-8'> and week3-roots.pem
Creating connection for 65.9.86.124 using <_io.TextIOWrapper name='logs.json' mode='a' encoding='UTF-8'> and week3-roots.pem
Creating connection for 185.230.63.186 using <_io.TextIOWrapper name='logs.json' mode='a' encoding='UTF-8'> and week3-roots.pem
CONNECTION ERROR:  
CONNECTION ERROR:  
CONNECTION ERROR:  
CONNECTION ERROR:  
Creating connection for 141.95.45.149 using <_io.TextIOWrapper name='logs.json' mode='a' encoding='UTF-8'> and week3-roots.pem
CONNECTION ERROR:  
Creating connection for 45.158.148.55 using <_io.TextIOWrapper name='logs.json' mode='a' encoding='UTF-8'> and week3-roots.pem
Creating connection for 172.67.169.197 using <_io.TextIOWrapper name='logs.json' mode='a' encoding='UTF-8'> and week3-roots.pem
Creating connection for 178.210.78.22 using <_io.TextIOWrapper name='logs.json' mode='a' encoding='UTF-8'> and week3-roots.pem
CONNECTION ERROR:  [Errno 111] Connection refused
Creating connection for 116.202.125.133 using <_io.TextIOWrapper name='logs.json' mode='a' encoding='UTF-8'> and week3-roots.pem
CONNECTION ERROR:  (32, 'EPIPE')
Creating connection for 65.9.86.54 using <_io.TextIOWrapper name='logs.json' mode='a' encoding='UTF-8'> and week3-roots.pem
Creating connection for 212.1.77.173 using <_io.TextIOWrapper name='logs.json' mode='a' encoding='UTF-8'> and week3-roots.pem
CONNECTION ERROR:  
CONNECTION ERROR:  
Creating connection for 168.119.150.125 using <_io.TextIOWrapper name='logs.json' mode='a' encoding='UTF-8'> and week3-roots.pem
Creating connection for 162.214.148.54 using <_io.TextIOWrapper name='logs.json' mode='a' encoding='UTF-8'> and week3-roots.pem
CONNECTION ERROR:  
Creating connection for 172.67.22.205 using <_io.TextIOWrapper name='logs.json' mode='a' encoding='UTF-8'> and week3-roots.pem
Creating connection for 192.248.157.233 using <_io.TextIOWrapper name='logs.json' mode='a' encoding='UTF-8'> and week3-roots.pem
Creating connection for 104.26.14.192 using <_io.TextIOWrapper name='logs.json' mode='a' encoding='UTF-8'> and week3-roots.pem
CONNECTION ERROR:  
Creating connection for 192.185.143.214 using <_io.TextIOWrapper name='logs.json' mode='a' encoding='UTF-8'> and week3-roots.pem
CONNECTION ERROR:  
Creating connection for 172.67.142.221 using <_io.TextIOWrapper name='logs.json' mode='a' encoding='UTF-8'> and week3-roots.pem
Creating connection for 151.101.192.155 using <_io.TextIOWrapper name='logs.json' mode='a' encoding='UTF-8'> and week3-roots.pem
Creating connection for 104.21.26.94 using <_io.TextIOWrapper name='logs.json' mode='a' encoding='UTF-8'> and week3-roots.pem
CONNECTION ERROR:  
CONNECTION ERROR:  [Errno 111] Connection refused
CONNECTION ERROR:  
CONNECTION ERROR:  (32, 'EPIPE')
Creating connection for 203.32.120.136 using <_io.TextIOWrapper name='logs.json' mode='a' encoding='UTF-8'> and week3-roots.pem
Creating connection for 12.203.162.13 using <_io.TextIOWrapper name='logs.json' mode='a' encoding='UTF-8'> and week3-roots.pem
CONNECTION ERROR:  
Creating connection for 104.26.11.8 using <_io.TextIOWrapper name='logs.json' mode='a' encoding='UTF-8'> and week3-roots.pem
Creating connection for 134.119.205.13 using <_io.TextIOWrapper name='logs.json' mode='a' encoding='UTF-8'> and week3-roots.pem
Creating connection for 65.9.86.108 using <_io.TextIOWrapper name='logs.json' mode='a' encoding='UTF-8'> and week3-roots.pem
Creating connection for 68.183.250.154 using <_io.TextIOWrapper name='logs.json' mode='a' encoding='UTF-8'> and week3-roots.pem
Creating connection for 203.252.27.101 using <_io.TextIOWrapper name='logs.json' mode='a' encoding='UTF-8'> and week3-roots.pem
Creating connection for 75.2.95.61 using <_io.TextIOWrapper name='logs.json' mode='a' encoding='UTF-8'> and week3-roots.pem
Creating connection for 172.67.182.56 using <_io.TextIOWrapper name='logs.json' mode='a' encoding='UTF-8'> and week3-roots.pem
CONNECTION ERROR:  
Creating connection for 50.7.24.138 using <_io.TextIOWrapper name='logs.json' mode='a' encoding='UTF-8'> and week3-roots.pem
Creating connection for 64.227.107.28 using <_io.TextIOWrapper name='logs.json' mode='a' encoding='UTF-8'> and week3-roots.pem
CONNECTION ERROR:  
CONNECTION ERROR:  
Creating connection for 82.200.39.250 using <_io.TextIOWrapper name='logs.json' mode='a' encoding='UTF-8'> and week3-roots.pem
Creating connection for 54.203.233.63 using <_io.TextIOWrapper name='logs.json' mode='a' encoding='UTF-8'> and week3-roots.pem
CONNECTION ERROR:  
CONNECTION ERROR:  
CONNECTION ERROR:  
CONNECTION ERROR:  
CONNECTION ERROR:  
Creating connection for 65.9.86.115 using <_io.TextIOWrapper name='logs.json' mode='a' encoding='UTF-8'> and week3-roots.pem
CONNECTION ERROR:  
CONNECTION ERROR:  
CONNECTION ERROR:  
CONNECTION ERROR:  
CONNECTION ERROR:  
CONNECTION ERROR:  [Errno 111] Connection refused
CONNECTION ERROR:  
CONNECTION ERROR:  
CONNECTION ERROR:  
CONNECTION ERROR:  (32, 'EPIPE')
CONNECTION ERROR:  
CONNECTION ERROR:  
Creating connection for 103.17.9.100 using <_io.TextIOWrapper name='logs.json' mode='a' encoding='UTF-8'> and week3-roots.pem
Creating connection for 203.142.206.12 using <_io.TextIOWrapper name='logs.json' mode='a' encoding='UTF-8'> and week3-roots.pem
Creating connection for 172.67.144.219 using <_io.TextIOWrapper name='logs.json' mode='a' encoding='UTF-8'> and week3-roots.pem
Creating connection for 172.67.30.105 using <_io.TextIOWrapper name='logs.json' mode='a' encoding='UTF-8'> and week3-roots.pem
CONNECTION ERROR:  
CONNECTION ERROR:  
CONNECTION ERROR:  
CONNECTION ERROR:  
CONNECTION ERROR:  
CONNECTION ERROR:  
Creating connection for 198.71.233.172 using <_io.TextIOWrapper name='logs.json' mode='a' encoding='UTF-8'> and week3-roots.pem
Creating connection for 172.67.13.98 using <_io.TextIOWrapper name='logs.json' mode='a' encoding='UTF-8'> and week3-roots.pem
Creating connection for 65.9.86.107 using <_io.TextIOWrapper name='logs.json' mode='a' encoding='UTF-8'> and week3-roots.pem
CONNECTION ERROR:  
CONNECTION ERROR:  
CONNECTION ERROR:  
CONNECTION ERROR:  
Creating connection for 209.29.45.108 using <_io.TextIOWrapper name='logs.json' mode='a' encoding='UTF-8'> and week3-roots.pem
Creating connection for 198.54.117.215 using <_io.TextIOWrapper name='logs.json' mode='a' encoding='UTF-8'> and week3-roots.pem
Creating connection for 210.129.56.200 using <_io.TextIOWrapper name='logs.json' mode='a' encoding='UTF-8'> and week3-roots.pem
CONNECTION ERROR:  
Creating connection for 91.194.60.248 using <_io.TextIOWrapper name='logs.json' mode='a' encoding='UTF-8'> and week3-roots.pem
Creating connection for 172.96.181.43 using <_io.TextIOWrapper name='logs.json' mode='a' encoding='UTF-8'> and week3-roots.pem
CONNECTION ERROR:  timed out
CONNECTION ERROR:  timed out
Creating connection for 211.234.92.235 using <_io.TextIOWrapper name='logs.json' mode='a' encoding='UTF-8'> and week3-roots.pem
Creating connection for 116.202.239.49 using <_io.TextIOWrapper name='logs.json' mode='a' encoding='UTF-8'> and week3-roots.pem
Creating connection for 192.230.66.76 using <_io.TextIOWrapper name='logs.json' mode='a' encoding='UTF-8'> and week3-roots.pem
Creating connection for 203.28.8.31 using <_io.TextIOWrapper name='logs.json' mode='a' encoding='UTF-8'> and week3-roots.pem
CONNECTION ERROR:  
CONNECTION ERROR:  
Creating connection for 5.61.58.204 using <_io.TextIOWrapper name='logs.json' mode='a' encoding='UTF-8'> and week3-roots.pem
CONNECTION ERROR:  
CONNECTION ERROR:  timed out
CONNECTION ERROR:  
Creating connection for 188.72.227.67 using <_io.TextIOWrapper name='logs.json' mode='a' encoding='UTF-8'> and week3-roots.pem
Creating connection for 172.67.137.3 using <_io.TextIOWrapper name='logs.json' mode='a' encoding='UTF-8'> and week3-roots.pem
Creating connection for 3.226.182.14 using <_io.TextIOWrapper name='logs.json' mode='a' encoding='UTF-8'> and week3-roots.pem
Creating connection for 178.248.238.14 using <_io.TextIOWrapper name='logs.json' mode='a' encoding='UTF-8'> and week3-roots.pem
CONNECTION ERROR:  
CONNECTION ERROR:  
CONNECTION ERROR:  
Creating connection for 45.33.23.183 using <_io.TextIOWrapper name='logs.json' mode='a' encoding='UTF-8'> and week3-roots.pem
CONNECTION ERROR:  
CONNECTION ERROR:  
Creating connection for 172.67.131.201 using <_io.TextIOWrapper name='logs.json' mode='a' encoding='UTF-8'> and week3-roots.pem
CONNECTION ERROR:  
Creating connection for 115.56.90.72 using <_io.TextIOWrapper name='logs.json' mode='a' encoding='UTF-8'> and week3-roots.pem
Creating connection for 92.223.20.10 using <_io.TextIOWrapper name='logs.json' mode='a' encoding='UTF-8'> and week3-roots.pem
Creating connection for 3.7.200.187 using <_io.TextIOWrapper name='logs.json' mode='a' encoding='UTF-8'> and week3-roots.pem
CONNECTION ERROR:  
Creating connection for 141.193.213.10 using <_io.TextIOWrapper name='logs.json' mode='a' encoding='UTF-8'> and week3-roots.pem
Creating connection for 54.82.111.243 using <_io.TextIOWrapper name='logs.json' mode='a' encoding='UTF-8'> and week3-roots.pem
Creating connection for 185.151.30.178 using <_io.TextIOWrapper name='logs.json' mode='a' encoding='UTF-8'> and week3-roots.pem
Creating connection for 88.208.248.204 using <_io.TextIOWrapper name='logs.json' mode='a' encoding='UTF-8'> and week3-roots.pem
Creating connection for 213.178.85.114 using <_io.TextIOWrapper name='logs.json' mode='a' encoding='UTF-8'> and week3-roots.pem
Creating connection for 85.10.197.155 using <_io.TextIOWrapper name='logs.json' mode='a' encoding='UTF-8'> and week3-roots.pemCONNECTION ERROR:  
CONNECTION ERROR:  

CONNECTION ERROR:  
Creating connection for 207.154.198.181 using <_io.TextIOWrapper name='logs.json' mode='a' encoding='UTF-8'> and week3-roots.pem
Creating connection for 104.21.77.43 using <_io.TextIOWrapper name='logs.json' mode='a' encoding='UTF-8'> and week3-roots.pem
Creating connection for 20.53.203.50 using <_io.TextIOWrapper name='logs.json' mode='a' encoding='UTF-8'> and week3-roots.pem
Creating connection for 185.59.210.171 using <_io.TextIOWrapper name='logs.json' mode='a' encoding='UTF-8'> and week3-roots.pem
CONNECTION ERROR:  
CONNECTION ERROR:  
CONNECTION ERROR:  
Creating connection for 198.12.144.78 using <_io.TextIOWrapper name='logs.json' mode='a' encoding='UTF-8'> and week3-roots.pem
CONNECTION ERROR:  
Creating connection for 172.67.182.148 using <_io.TextIOWrapper name='logs.json' mode='a' encoding='UTF-8'> and week3-roots.pem
CONNECTION ERROR:  
Creating connection for 104.21.74.65 using <_io.TextIOWrapper name='logs.json' mode='a' encoding='UTF-8'> and week3-roots.pem
CONNECTION ERROR:  [Errno 111] Connection refused
CONNECTION ERROR:  
CONNECTION ERROR:  
Creating connection for 198.244.148.14 using <_io.TextIOWrapper name='logs.json' mode='a' encoding='UTF-8'> and week3-roots.pem
CONNECTION ERROR:  (32, 'EPIPE')
CONNECTION ERROR:  
CONNECTION ERROR:  
CONNECTION ERROR:  
Creating connection for 39.108.166.112 using <_io.TextIOWrapper name='logs.json' mode='a' encoding='UTF-8'> and week3-roots.pem
Creating connection for 65.9.86.42 using <_io.TextIOWrapper name='logs.json' mode='a' encoding='UTF-8'> and week3-roots.pem
CONNECTION ERROR:  
Creating connection for 104.21.21.110 using <_io.TextIOWrapper name='logs.json' mode='a' encoding='UTF-8'> and week3-roots.pem
CONNECTION ERROR:  [Errno 111] Connection refused
CONNECTION ERROR:  
CONNECTION ERROR:  
Creating connection for 172.67.72.113 using <_io.TextIOWrapper name='logs.json' mode='a' encoding='UTF-8'> and week3-roots.pem
Creating connection for 158.170.64.150 using <_io.TextIOWrapper name='logs.json' mode='a' encoding='UTF-8'> and week3-roots.pem
CONNECTION ERROR:  (32, 'EPIPE')
CONNECTION ERROR:  
CONNECTION ERROR:  
Creating connection for 185.162.9.7 using <_io.TextIOWrapper name='logs.json' mode='a' encoding='UTF-8'> and week3-roots.pem
Creating connection for 188.114.97.12 using <_io.TextIOWrapper name='logs.json' mode='a' encoding='UTF-8'> and week3-roots.pem
Creating connection for 192.155.95.130 using <_io.TextIOWrapper name='logs.json' mode='a' encoding='UTF-8'> and week3-roots.pem
CONNECTION ERROR:  
CONNECTION ERROR:  [Errno 111] Connection refused
CONNECTION ERROR:  [Errno 113] No route to host
CONNECTION ERROR:  
CONNECTION ERROR:  
CONNECTION ERROR:  (32, 'EPIPE')
CONNECTION ERROR:  (32, 'EPIPE')
CONNECTION ERROR:  [Errno 111] Connection refused
Creating connection for 104.21.83.244 using <_io.TextIOWrapper name='logs.json' mode='a' encoding='UTF-8'> and week3-roots.pem
CONNECTION ERROR:  
CONNECTION ERROR:  
CONNECTION ERROR:  
CONNECTION ERROR:  (32, 'EPIPE')
CONNECTION ERROR:  
Creating connection for 91.212.89.77 using <_io.TextIOWrapper name='logs.json' mode='a' encoding='UTF-8'> and week3-roots.pem
CONNECTION ERROR:  timed out
CONNECTION ERROR:  
CONNECTION ERROR:  
Creating connection for 65.9.86.14 using <_io.TextIOWrapper name='logs.json' mode='a' encoding='UTF-8'> and week3-roots.pem
Creating connection for 23.225.106.61 using <_io.TextIOWrapper name='logs.json' mode='a' encoding='UTF-8'> and week3-roots.pem
CONNECTION ERROR:  
Creating connection for 192.234.106.140 using <_io.TextIOWrapper name='logs.json' mode='a' encoding='UTF-8'> and week3-roots.pem
Creating connection for 134.119.2.33 using <_io.TextIOWrapper name='logs.json' mode='a' encoding='UTF-8'> and week3-roots.pem
CONNECTION ERROR:  
CONNECTION ERROR:  
CONNECTION ERROR:  
CONNECTION ERROR:  
CONNECTION ERROR:  
CONNECTION ERROR:  timed out
Creating connection for 172.67.218.75 using <_io.TextIOWrapper name='logs.json' mode='a' encoding='UTF-8'> and week3-roots.pem
CONNECTION ERROR:  
Creating connection for 198.49.23.145 using <_io.TextIOWrapper name='logs.json' mode='a' encoding='UTF-8'> and week3-roots.pem
Creating connection for 77.222.56.111 using <_io.TextIOWrapper name='logs.json' mode='a' encoding='UTF-8'> and week3-roots.pem
CONNECTION ERROR:  
Creating connection for 104.18.27.214 using <_io.TextIOWrapper name='logs.json' mode='a' encoding='UTF-8'> and week3-roots.pem
Creating connection for 65.156.1.100 using <_io.TextIOWrapper name='logs.json' mode='a' encoding='UTF-8'> and week3-roots.pem
Creating connection for 185.199.221.202 using <_io.TextIOWrapper name='logs.json' mode='a' encoding='UTF-8'> and week3-roots.pem
CONNECTION ERROR:  [Errno 111] Connection refused
Creating connection for 104.73.132.107 using <_io.TextIOWrapper name='logs.json' mode='a' encoding='UTF-8'> and week3-roots.pem
CONNECTION ERROR:  
CONNECTION ERROR:  
CONNECTION ERROR:  (32, 'EPIPE')
CONNECTION ERROR:  
Creating connection for 199.188.201.75 using <_io.TextIOWrapper name='logs.json' mode='a' encoding='UTF-8'> and week3-roots.pem
Creating connection for 185.132.83.99 using <_io.TextIOWrapper name='logs.json' mode='a' encoding='UTF-8'> and week3-roots.pem
Creating connection for 54.38.207.237 using <_io.TextIOWrapper name='logs.json' mode='a' encoding='UTF-8'> and week3-roots.pem
CONNECTION ERROR:  
Creating connection for 172.67.70.25 using <_io.TextIOWrapper name='logs.json' mode='a' encoding='UTF-8'> and week3-roots.pem
Creating connection for 104.21.93.152 using <_io.TextIOWrapper name='logs.json' mode='a' encoding='UTF-8'> and week3-roots.pem
Creating connection for 3.6.85.231 using <_io.TextIOWrapper name='logs.json' mode='a' encoding='UTF-8'> and week3-roots.pem
CONNECTION ERROR:  
CONNECTION ERROR:  
CONNECTION ERROR:  
CONNECTION ERROR:  
CONNECTION ERROR:  
Creating connection for 95.211.127.209 using <_io.TextIOWrapper name='logs.json' mode='a' encoding='UTF-8'> and week3-roots.pem
Creating connection for 151.101.1.195 using <_io.TextIOWrapper name='logs.json' mode='a' encoding='UTF-8'> and week3-roots.pem
CONNECTION ERROR:  [Errno 111] Connection refused
CONNECTION ERROR:  (32, 'EPIPE')
Creating connection for 62.44.0.164 using <_io.TextIOWrapper name='logs.json' mode='a' encoding='UTF-8'> and week3-roots.pem
Creating connection for 104.18.40.148 using <_io.TextIOWrapper name='logs.json' mode='a' encoding='UTF-8'> and week3-roots.pem
Creating connection for 198.54.117.242 using <_io.TextIOWrapper name='logs.json' mode='a' encoding='UTF-8'> and week3-roots.pem
Creating connection for 65.9.86.15 using <_io.TextIOWrapper name='logs.json' mode='a' encoding='UTF-8'> and week3-roots.pem
Creating connection for 208.97.151.195 using <_io.TextIOWrapper name='logs.json' mode='a' encoding='UTF-8'> and week3-roots.pem
CONNECTION ERROR:  
Creating connection for 67.223.102.30 using <_io.TextIOWrapper name='logs.json' mode='a' encoding='UTF-8'> and week3-roots.pem
CONNECTION ERROR:  
CONNECTION ERROR:  
Creating connection for 104.26.2.237 using <_io.TextIOWrapper name='logs.json' mode='a' encoding='UTF-8'> and week3-roots.pem
Creating connection for 216.245.197.42 using <_io.TextIOWrapper name='logs.json' mode='a' encoding='UTF-8'> and week3-roots.pem
Creating connection for 180.163.30.126 using <_io.TextIOWrapper name='logs.json' mode='a' encoding='UTF-8'> and week3-roots.pem
CONNECTION ERROR:  [Errno 111] Connection refused
CONNECTION ERROR:  
Creating connection for 188.114.97.12 using <_io.TextIOWrapper name='logs.json' mode='a' encoding='UTF-8'> and week3-roots.pem
Creating connection for 84.53.185.162 using <_io.TextIOWrapper name='logs.json' mode='a' encoding='UTF-8'> and week3-roots.pem
Creating connection for 194.116.174.253 using <_io.TextIOWrapper name='logs.json' mode='a' encoding='UTF-8'> and week3-roots.pem
CONNECTION ERROR:  
CONNECTION ERROR:  (32, 'EPIPE')
CONNECTION ERROR:  
CONNECTION ERROR:  
Creating connection for 18.185.35.250 using <_io.TextIOWrapper name='logs.json' mode='a' encoding='UTF-8'> and week3-roots.pem
CONNECTION ERROR:  
CONNECTION ERROR:  
CONNECTION ERROR:  
Creating connection for 123.12.213.81 using <_io.TextIOWrapper name='logs.json' mode='a' encoding='UTF-8'> and week3-roots.pemCONNECTION ERROR:  

CONNECTION ERROR:  
CONNECTION ERROR:  
Creating connection for 145.239.232.126 using <_io.TextIOWrapper name='logs.json' mode='a' encoding='UTF-8'> and week3-roots.pem
Creating connection for 188.114.96.3 using <_io.TextIOWrapper name='logs.json' mode='a' encoding='UTF-8'> and week3-roots.pem
Creating connection for 153.126.156.243 using <_io.TextIOWrapper name='logs.json' mode='a' encoding='UTF-8'> and week3-roots.pem
Creating connection for 65.9.86.51 using <_io.TextIOWrapper name='logs.json' mode='a' encoding='UTF-8'> and week3-roots.pem
CONNECTION ERROR:  
CONNECTION ERROR:  
CONNECTION ERROR:  
CONNECTION ERROR:  
CONNECTION ERROR:  
CONNECTION ERROR:  
Creating connection for 202.227.49.152 using <_io.TextIOWrapper name='logs.json' mode='a' encoding='UTF-8'> and week3-roots.pem
Creating connection for 172.67.42.113 using <_io.TextIOWrapper name='logs.json' mode='a' encoding='UTF-8'> and week3-roots.pem
Creating connection for 45.148.36.76 using <_io.TextIOWrapper name='logs.json' mode='a' encoding='UTF-8'> and week3-roots.pem
Creating connection for 149.86.225.189 using <_io.TextIOWrapper name='logs.json' mode='a' encoding='UTF-8'> and week3-roots.pem
Creating connection for 3.217.35.180 using <_io.TextIOWrapper name='logs.json' mode='a' encoding='UTF-8'> and week3-roots.pem
Creating connection for 3.0.117.0 using <_io.TextIOWrapper name='logs.json' mode='a' encoding='UTF-8'> and week3-roots.pem
Creating connection for 172.67.202.12 using <_io.TextIOWrapper name='logs.json' mode='a' encoding='UTF-8'> and week3-roots.pem
CONNECTION ERROR:  
Creating connection for 65.9.86.52 using <_io.TextIOWrapper name='logs.json' mode='a' encoding='UTF-8'> and week3-roots.pem
Creating connection for 101.226.28.222 using <_io.TextIOWrapper name='logs.json' mode='a' encoding='UTF-8'> and week3-roots.pem
CONNECTION ERROR:  
CONNECTION ERROR:  
CONNECTION ERROR:  
Creating connection for 188.114.97.3 using <_io.TextIOWrapper name='logs.json' mode='a' encoding='UTF-8'> and week3-roots.pem
CONNECTION ERROR:  
CONNECTION ERROR:  
CONNECTION ERROR:  
Creating connection for 99.80.116.238 using <_io.TextIOWrapper name='logs.json' mode='a' encoding='UTF-8'> and week3-roots.pem
Creating connection for 65.9.86.37 using <_io.TextIOWrapper name='logs.json' mode='a' encoding='UTF-8'> and week3-roots.pem
CONNECTION ERROR:  timed out
CONNECTION ERROR:  
CONNECTION ERROR:  
Creating connection for 3.33.152.147 using <_io.TextIOWrapper name='logs.json' mode='a' encoding='UTF-8'> and week3-roots.pem
CONNECTION ERROR:  
CONNECTION ERROR:  
Creating connection for 153.92.220.138 using <_io.TextIOWrapper name='logs.json' mode='a' encoding='UTF-8'> and week3-roots.pem
CONNECTION ERROR:  
CONNECTION ERROR:  
Creating connection for 52.17.253.77 using <_io.TextIOWrapper name='logs.json' mode='a' encoding='UTF-8'> and week3-roots.pem
CONNECTION ERROR:  
CONNECTION ERROR:  
Creating connection for 173.209.59.82 using <_io.TextIOWrapper name='logs.json' mode='a' encoding='UTF-8'> and week3-roots.pem
Creating connection for 65.9.86.77 using <_io.TextIOWrapper name='logs.json' mode='a' encoding='UTF-8'> and week3-roots.pem
Creating connection for 173.248.191.24 using <_io.TextIOWrapper name='logs.json' mode='a' encoding='UTF-8'> and week3-roots.pem
Creating connection for 72.9.147.138 using <_io.TextIOWrapper name='logs.json' mode='a' encoding='UTF-8'> and week3-roots.pem
Creating connection for 199.250.215.28 using <_io.TextIOWrapper name='logs.json' mode='a' encoding='UTF-8'> and week3-roots.pem
Creating connection for 194.67.71.39 using <_io.TextIOWrapper name='logs.json' mode='a' encoding='UTF-8'> and week3-roots.pem
CONNECTION ERROR:  
CONNECTION ERROR:  
Creating connection for 172.67.14.248 using <_io.TextIOWrapper name='logs.json' mode='a' encoding='UTF-8'> and week3-roots.pem
Creating connection for 18.177.117.23 using <_io.TextIOWrapper name='logs.json' mode='a' encoding='UTF-8'> and week3-roots.pem
CONNECTION ERROR:  
Creating connection for 104.21.51.183 using <_io.TextIOWrapper name='logs.json' mode='a' encoding='UTF-8'> and week3-roots.pem
CONNECTION ERROR:  
CONNECTION ERROR:  
CONNECTION ERROR:  
Creating connection for 104.22.18.113 using <_io.TextIOWrapper name='logs.json' mode='a' encoding='UTF-8'> and week3-roots.pem
Creating connection for 45.60.129.113 using <_io.TextIOWrapper name='logs.json' mode='a' encoding='UTF-8'> and week3-roots.pem
CONNECTION ERROR:  
CONNECTION ERROR:  
Creating connection for 18.197.120.201 using <_io.TextIOWrapper name='logs.json' mode='a' encoding='UTF-8'> and week3-roots.pem
CONNECTION ERROR:  timed out
CONNECTION ERROR:  
Creating connection for 96.45.82.179 using <_io.TextIOWrapper name='logs.json' mode='a' encoding='UTF-8'> and week3-roots.pem
CONNECTION ERROR:  
CONNECTION ERROR:  
Creating connection for 3.220.74.185 using <_io.TextIOWrapper name='logs.json' mode='a' encoding='UTF-8'> and week3-roots.pem
CONNECTION ERROR:  
Creating connection for 104.21.234.41 using <_io.TextIOWrapper name='logs.json' mode='a' encoding='UTF-8'> and week3-roots.pem
CONNECTION ERROR:  
Creating connection for 192.99.16.137 using <_io.TextIOWrapper name='logs.json' mode='a' encoding='UTF-8'> and week3-roots.pem
CONNECTION ERROR:  
CONNECTION ERROR:  timed out
CONNECTION ERROR:  
Creating connection for 14.238.83.19 using <_io.TextIOWrapper name='logs.json' mode='a' encoding='UTF-8'> and week3-roots.pem
CONNECTION ERROR:  
Creating connection for 50.62.172.157 using <_io.TextIOWrapper name='logs.json' mode='a' encoding='UTF-8'> and week3-roots.pem
Creating connection for 15.197.157.79 using <_io.TextIOWrapper name='logs.json' mode='a' encoding='UTF-8'> and week3-roots.pem
Creating connection for 221.204.209.212 using <_io.TextIOWrapper name='logs.json' mode='a' encoding='UTF-8'> and week3-roots.pem
CONNECTION ERROR:  
CONNECTION ERROR:  
CONNECTION ERROR:  
CONNECTION ERROR:  
Creating connection for 65.9.86.102 using <_io.TextIOWrapper name='logs.json' mode='a' encoding='UTF-8'> and week3-roots.pem
CONNECTION ERROR:  
Creating connection for 13.248.136.15 using <_io.TextIOWrapper name='logs.json' mode='a' encoding='UTF-8'> and week3-roots.pem
Creating connection for 65.9.86.97 using <_io.TextIOWrapper name='logs.json' mode='a' encoding='UTF-8'> and week3-roots.pem
Creating connection for 76.223.88.27 using <_io.TextIOWrapper name='logs.json' mode='a' encoding='UTF-8'> and week3-roots.pem
Creating connection for 136.144.233.144 using <_io.TextIOWrapper name='logs.json' mode='a' encoding='UTF-8'> and week3-roots.pem
CONNECTION ERROR:  
CONNECTION ERROR:  
CONNECTION ERROR:  
Creating connection for 172.67.139.115 using <_io.TextIOWrapper name='logs.json' mode='a' encoding='UTF-8'> and week3-roots.pem
CONNECTION ERROR:  
CONNECTION ERROR:  
CONNECTION ERROR:  
Creating connection for 70.32.88.226 using <_io.TextIOWrapper name='logs.json' mode='a' encoding='UTF-8'> and week3-roots.pem
CONNECTION ERROR:  
CONNECTION ERROR:  
Creating connection for 147.92.241.211 using <_io.TextIOWrapper name='logs.json' mode='a' encoding='UTF-8'> and week3-roots.pem
CONNECTION ERROR:  
CONNECTION ERROR:  
CONNECTION ERROR:  
CONNECTION ERROR:  
CONNECTION ERROR:  
Creating connection for 99.83.190.102 using <_io.TextIOWrapper name='logs.json' mode='a' encoding='UTF-8'> and week3-roots.pem
Creating connection for 45.33.30.197 using <_io.TextIOWrapper name='logs.json' mode='a' encoding='UTF-8'> and week3-roots.pem
Creating connection for 65.9.86.2 using <_io.TextIOWrapper name='logs.json' mode='a' encoding='UTF-8'> and week3-roots.pem
CONNECTION ERROR:  
Creating connection for 34.203.23.125 using <_io.TextIOWrapper name='logs.json' mode='a' encoding='UTF-8'> and week3-roots.pem
Creating connection for 188.114.96.2 using <_io.TextIOWrapper name='logs.json' mode='a' encoding='UTF-8'> and week3-roots.pem
CONNECTION ERROR:  timed out
Creating connection for 104.21.81.17 using <_io.TextIOWrapper name='logs.json' mode='a' encoding='UTF-8'> and week3-roots.pem
Creating connection for 204.188.203.154 using <_io.TextIOWrapper name='logs.json' mode='a' encoding='UTF-8'> and week3-roots.pem
CONNECTION ERROR:  
Creating connection for 172.67.213.221 using <_io.TextIOWrapper name='logs.json' mode='a' encoding='UTF-8'> and week3-roots.pem
CONNECTION ERROR:  
Creating connection for 213.154.242.18 using <_io.TextIOWrapper name='logs.json' mode='a' encoding='UTF-8'> and week3-roots.pem
CONNECTION ERROR:  
CONNECTION ERROR:  
CONNECTION ERROR:  
Creating connection for 35.153.216.233 using <_io.TextIOWrapper name='logs.json' mode='a' encoding='UTF-8'> and week3-roots.pem
CONNECTION ERROR:  
CONNECTION ERROR:  
Creating connection for 193.70.70.254 using <_io.TextIOWrapper name='logs.json' mode='a' encoding='UTF-8'> and week3-roots.pem
Creating connection for 164.92.199.80 using <_io.TextIOWrapper name='logs.json' mode='a' encoding='UTF-8'> and week3-roots.pem
Creating connection for 34.89.30.59 using <_io.TextIOWrapper name='logs.json' mode='a' encoding='UTF-8'> and week3-roots.pem
CONNECTION ERROR:  
Creating connection for 172.67.179.89 using <_io.TextIOWrapper name='logs.json' mode='a' encoding='UTF-8'> and week3-roots.pem
Creating connection for 77.68.125.91 using <_io.TextIOWrapper name='logs.json' mode='a' encoding='UTF-8'> and week3-roots.pem
CONNECTION ERROR:  
CONNECTION ERROR:  
CONNECTION ERROR:  
Creating connection for 52.20.78.240 using <_io.TextIOWrapper name='logs.json' mode='a' encoding='UTF-8'> and week3-roots.pem
CONNECTION ERROR:  
Creating connection for 78.46.177.218 using <_io.TextIOWrapper name='logs.json' mode='a' encoding='UTF-8'> and week3-roots.pem
Creating connection for 185.65.88.51 using <_io.TextIOWrapper name='logs.json' mode='a' encoding='UTF-8'> and week3-roots.pem
CONNECTION ERROR:  
Creating connection for 172.67.185.32 using <_io.TextIOWrapper name='logs.json' mode='a' encoding='UTF-8'> and week3-roots.pem
CONNECTION ERROR:  timed out
CONNECTION ERROR:  
Creating connection for 65.9.86.42 using <_io.TextIOWrapper name='logs.json' mode='a' encoding='UTF-8'> and week3-roots.pem
CONNECTION ERROR:  
Creating connection for 52.71.159.29 using <_io.TextIOWrapper name='logs.json' mode='a' encoding='UTF-8'> and week3-roots.pem
CONNECTION ERROR:  [Errno 111] Connection refused
CONNECTION ERROR:  
Creating connection for 37.48.77.229 using <_io.TextIOWrapper name='logs.json' mode='a' encoding='UTF-8'> and week3-roots.pem
Creating connection for 129.79.123.148 using <_io.TextIOWrapper name='logs.json' mode='a' encoding='UTF-8'> and week3-roots.pem
Creating connection for 104.21.43.2 using <_io.TextIOWrapper name='logs.json' mode='a' encoding='UTF-8'> and week3-roots.pem
CONNECTION ERROR:  (32, 'EPIPE')
CONNECTION ERROR:  
CONNECTION ERROR:  
Creating connection for 172.67.36.212 using <_io.TextIOWrapper name='logs.json' mode='a' encoding='UTF-8'> and week3-roots.pem
CONNECTION ERROR:  
Creating connection for 172.67.147.166 using <_io.TextIOWrapper name='logs.json' mode='a' encoding='UTF-8'> and week3-roots.pem
Creating connection for 74.123.154.158 using <_io.TextIOWrapper name='logs.json' mode='a' encoding='UTF-8'> and week3-roots.pem
CONNECTION ERROR:  [Errno 111] Connection refused
CONNECTION ERROR:  [Errno 111] Connection refused
Creating connection for 172.67.136.216 using <_io.TextIOWrapper name='logs.json' mode='a' encoding='UTF-8'> and week3-roots.pem
CONNECTION ERROR:  
CONNECTION ERROR:  
Creating connection for 192.69.4.16 using <_io.TextIOWrapper name='logs.json' mode='a' encoding='UTF-8'> and week3-roots.pem
Creating connection for 65.9.86.110 using <_io.TextIOWrapper name='logs.json' mode='a' encoding='UTF-8'> and week3-roots.pem
CONNECTION ERROR:  (32, 'EPIPE')
CONNECTION ERROR:  
Creating connection for 65.9.86.121 using <_io.TextIOWrapper name='logs.json' mode='a' encoding='UTF-8'> and week3-roots.pem
CONNECTION ERROR:  
Creating connection for 212.91.252.16 using <_io.TextIOWrapper name='logs.json' mode='a' encoding='UTF-8'> and week3-roots.pem
CONNECTION ERROR:  
Creating connection for 31.184.213.174 using <_io.TextIOWrapper name='logs.json' mode='a' encoding='UTF-8'> and week3-roots.pem
Creating connection for 172.67.215.40 using <_io.TextIOWrapper name='logs.json' mode='a' encoding='UTF-8'> and week3-roots.pem
CONNECTION ERROR:  (32, 'EPIPE')
CONNECTION ERROR:  
CONNECTION ERROR:  
CONNECTION ERROR:  
Creating connection for 74.220.199.6 using <_io.TextIOWrapper name='logs.json' mode='a' encoding='UTF-8'> and week3-roots.pem
Creating connection for 65.9.86.26 using <_io.TextIOWrapper name='logs.json' mode='a' encoding='UTF-8'> and week3-roots.pem
Creating connection for 172.67.210.94 using <_io.TextIOWrapper name='logs.json' mode='a' encoding='UTF-8'> and week3-roots.pem
Creating connection for 78.46.175.16 using <_io.TextIOWrapper name='logs.json' mode='a' encoding='UTF-8'> and week3-roots.pem
Creating connection for 65.9.86.27 using <_io.TextIOWrapper name='logs.json' mode='a' encoding='UTF-8'> and week3-roots.pem
CONNECTION ERROR:  timed out
CONNECTION ERROR:  
CONNECTION ERROR:  
Creating connection for 45.138.107.18 using <_io.TextIOWrapper name='logs.json' mode='a' encoding='UTF-8'> and week3-roots.pem
CONNECTION ERROR:  
CONNECTION ERROR:  
CONNECTION ERROR:  
CONNECTION ERROR:  
CONNECTION ERROR:  
CONNECTION ERROR:  
Creating connection for 75.2.70.75 using <_io.TextIOWrapper name='logs.json' mode='a' encoding='UTF-8'> and week3-roots.pem
Creating connection for 67.225.138.81 using <_io.TextIOWrapper name='logs.json' mode='a' encoding='UTF-8'> and week3-roots.pem
CONNECTION ERROR:  
CONNECTION ERROR:  
CONNECTION ERROR:  
CONNECTION ERROR:  
CONNECTION ERROR:  
Creating connection for 35.227.12.84 using <_io.TextIOWrapper name='logs.json' mode='a' encoding='UTF-8'> and week3-roots.pem
CONNECTION ERROR:  
Creating connection for 104.21.43.164 using <_io.TextIOWrapper name='logs.json' mode='a' encoding='UTF-8'> and week3-roots.pem
Creating connection for 87.236.16.127 using <_io.TextIOWrapper name='logs.json' mode='a' encoding='UTF-8'> and week3-roots.pem
Creating connection for 217.149.244.10 using <_io.TextIOWrapper name='logs.json' mode='a' encoding='UTF-8'> and week3-roots.pem
CONNECTION ERROR:  
CONNECTION ERROR:  
Creating connection for 198.185.159.145 using <_io.TextIOWrapper name='logs.json' mode='a' encoding='UTF-8'> and week3-roots.pem
CONNECTION ERROR:  
Creating connection for 104.22.29.160 using <_io.TextIOWrapper name='logs.json' mode='a' encoding='UTF-8'> and week3-roots.pem
Creating connection for 2.57.138.61 using <_io.TextIOWrapper name='logs.json' mode='a' encoding='UTF-8'> and week3-roots.pem
Creating connection for 96.16.53.153 using <_io.TextIOWrapper name='logs.json' mode='a' encoding='UTF-8'> and week3-roots.pem
Creating connection for 138.201.154.86 using <_io.TextIOWrapper name='logs.json' mode='a' encoding='UTF-8'> and week3-roots.pem
CONNECTION ERROR:  
Creating connection for 192.185.7.59 using <_io.TextIOWrapper name='logs.json' mode='a' encoding='UTF-8'> and week3-roots.pem
CONNECTION ERROR:  timed out
CONNECTION ERROR:  
Creating connection for 46.30.213.56 using <_io.TextIOWrapper name='logs.json' mode='a' encoding='UTF-8'> and week3-roots.pem
CONNECTION ERROR:  
CONNECTION ERROR:  
Creating connection for 65.9.86.46 using <_io.TextIOWrapper name='logs.json' mode='a' encoding='UTF-8'> and week3-roots.pem
CONNECTION ERROR:  
Creating connection for 104.21.5.226 using <_io.TextIOWrapper name='logs.json' mode='a' encoding='UTF-8'> and week3-roots.pem
CONNECTION ERROR:  
Creating connection for 151.101.1.124 using <_io.TextIOWrapper name='logs.json' mode='a' encoding='UTF-8'> and week3-roots.pem
CONNECTION ERROR:  
CONNECTION ERROR:  
CONNECTION ERROR:  
CONNECTION ERROR:  timed out
CONNECTION ERROR:  
Creating connection for 104.19.172.88 using <_io.TextIOWrapper name='logs.json' mode='a' encoding='UTF-8'> and week3-roots.pem
Creating connection for 199.191.50.166 using <_io.TextIOWrapper name='logs.json' mode='a' encoding='UTF-8'> and week3-roots.pem
CONNECTION ERROR:  
Creating connection for 103.245.250.172 using <_io.TextIOWrapper name='logs.json' mode='a' encoding='UTF-8'> and week3-roots.pem
CONNECTION ERROR:  
CONNECTION ERROR:  
Creating connection for 37.202.2.177 using <_io.TextIOWrapper name='logs.json' mode='a' encoding='UTF-8'> and week3-roots.pem
CONNECTION ERROR:  
Creating connection for 172.67.69.152 using <_io.TextIOWrapper name='logs.json' mode='a' encoding='UTF-8'> and week3-roots.pem
Creating connection for 172.67.201.148 using <_io.TextIOWrapper name='logs.json' mode='a' encoding='UTF-8'> and week3-roots.pem
Creating connection for 210.139.252.142 using <_io.TextIOWrapper name='logs.json' mode='a' encoding='UTF-8'> and week3-roots.pem
CONNECTION ERROR:  
CONNECTION ERROR:  
Creating connection for 186.64.114.50 using <_io.TextIOWrapper name='logs.json' mode='a' encoding='UTF-8'> and week3-roots.pem
Creating connection for 188.114.97.2 using <_io.TextIOWrapper name='logs.json' mode='a' encoding='UTF-8'> and week3-roots.pem
CONNECTION ERROR:  
CONNECTION ERROR:  
CONNECTION ERROR:  
Creating connection for 85.195.73.202 using <_io.TextIOWrapper name='logs.json' mode='a' encoding='UTF-8'> and week3-roots.pem
Creating connection for 203.245.24.30 using <_io.TextIOWrapper name='logs.json' mode='a' encoding='UTF-8'> and week3-roots.pem
Creating connection for 151.139.128.11 using <_io.TextIOWrapper name='logs.json' mode='a' encoding='UTF-8'> and week3-roots.pem
Creating connection for 144.217.251.184 using <_io.TextIOWrapper name='logs.json' mode='a' encoding='UTF-8'> and week3-roots.pem
Creating connection for 208.91.197.26 using <_io.TextIOWrapper name='logs.json' mode='a' encoding='UTF-8'> and week3-roots.pem
Creating connection for 54.165.151.73 using <_io.TextIOWrapper name='logs.json' mode='a' encoding='UTF-8'> and week3-roots.pem
CONNECTION ERROR:  
Creating connection for 104.18.2.150 using <_io.TextIOWrapper name='logs.json' mode='a' encoding='UTF-8'> and week3-roots.pem
CONNECTION ERROR:  
Creating connection for 104.26.11.238 using <_io.TextIOWrapper name='logs.json' mode='a' encoding='UTF-8'> and week3-roots.pem
Creating connection for 134.213.234.125 using <_io.TextIOWrapper name='logs.json' mode='a' encoding='UTF-8'> and week3-roots.pem
CONNECTION ERROR:  
Creating connection for 65.9.86.86 using <_io.TextIOWrapper name='logs.json' mode='a' encoding='UTF-8'> and week3-roots.pem
CONNECTION ERROR:  
CONNECTION ERROR:  timed out
Creating connection for 142.150.181.5 using <_io.TextIOWrapper name='logs.json' mode='a' encoding='UTF-8'> and week3-roots.pem
CONNECTION ERROR:  
CONNECTION ERROR:  
CONNECTION ERROR:  
CONNECTION ERROR:  
CONNECTION ERROR:  
Creating connection for 216.239.32.21 using <_io.TextIOWrapper name='logs.json' mode='a' encoding='UTF-8'> and week3-roots.pem
Creating connection for 65.9.86.107 using <_io.TextIOWrapper name='logs.json' mode='a' encoding='UTF-8'> and week3-roots.pem
CONNECTION ERROR:  
CONNECTION ERROR:  
CONNECTION ERROR:  
CONNECTION ERROR:  timed out
CONNECTION ERROR:  
Creating connection for 45.80.68.241 using <_io.TextIOWrapper name='logs.json' mode='a' encoding='UTF-8'> and week3-roots.pem
CONNECTION ERROR:  
CONNECTION ERROR:  
CONNECTION ERROR:  
CONNECTION ERROR:  
Creating connection for 112.90.43.190 using <_io.TextIOWrapper name='logs.json' mode='a' encoding='UTF-8'> and week3-roots.pem
CONNECTION ERROR:  
CONNECTION ERROR:  
Creating connection for 104.26.0.248 using <_io.TextIOWrapper name='logs.json' mode='a' encoding='UTF-8'> and week3-roots.pem
CONNECTION ERROR:  [Errno 111] Connection refused
Creating connection for 103.211.217.102 using <_io.TextIOWrapper name='logs.json' mode='a' encoding='UTF-8'> and week3-roots.pem
CONNECTION ERROR:  
Creating connection for 160.153.137.40 using <_io.TextIOWrapper name='logs.json' mode='a' encoding='UTF-8'> and week3-roots.pem
CONNECTION ERROR:  (32, 'EPIPE')
Creating connection for 23.185.0.1 using <_io.TextIOWrapper name='logs.json' mode='a' encoding='UTF-8'> and week3-roots.pem
CONNECTION ERROR:  
Creating connection for 103.157.135.60 using <_io.TextIOWrapper name='logs.json' mode='a' encoding='UTF-8'> and week3-roots.pem
CONNECTION ERROR:  
CONNECTION ERROR:  
CONNECTION ERROR:  
Creating connection for 212.34.195.67 using <_io.TextIOWrapper name='logs.json' mode='a' encoding='UTF-8'> and week3-roots.pem
CONNECTION ERROR:  
Creating connection for 192.0.78.244 using <_io.TextIOWrapper name='logs.json' mode='a' encoding='UTF-8'> and week3-roots.pem
CONNECTION ERROR:  
Creating connection for 123.126.45.205 using <_io.TextIOWrapper name='logs.json' mode='a' encoding='UTF-8'> and week3-roots.pem
Creating connection for 104.21.71.130 using <_io.TextIOWrapper name='logs.json' mode='a' encoding='UTF-8'> and week3-roots.pem
Creating connection for 188.114.96.3 using <_io.TextIOWrapper name='logs.json' mode='a' encoding='UTF-8'> and week3-roots.pem
Creating connection for 129.7.97.196 using <_io.TextIOWrapper name='logs.json' mode='a' encoding='UTF-8'> and week3-roots.pem
Creating connection for 135.181.131.215 using <_io.TextIOWrapper name='logs.json' mode='a' encoding='UTF-8'> and week3-roots.pem
Creating connection for 65.9.86.59 using <_io.TextIOWrapper name='logs.json' mode='a' encoding='UTF-8'> and week3-roots.pem
CONNECTION ERROR:  timed out
CONNECTION ERROR:  
CONNECTION ERROR:  
CONNECTION ERROR:  
CONNECTION ERROR:  
Creating connection for 69.16.254.110 using <_io.TextIOWrapper name='logs.json' mode='a' encoding='UTF-8'> and week3-roots.pem
Creating connection for 3.64.163.50 using <_io.TextIOWrapper name='logs.json' mode='a' encoding='UTF-8'> and week3-roots.pem
Creating connection for 114.111.29.24 using <_io.TextIOWrapper name='logs.json' mode='a' encoding='UTF-8'> and week3-roots.pem
Creating connection for 3.224.64.69 using <_io.TextIOWrapper name='logs.json' mode='a' encoding='UTF-8'> and week3-roots.pem
Creating connection for 34.250.68.55 using <_io.TextIOWrapper name='logs.json' mode='a' encoding='UTF-8'> and week3-roots.pem
Creating connection for 172.67.132.134 using <_io.TextIOWrapper name='logs.json' mode='a' encoding='UTF-8'> and week3-roots.pem
Creating connection for 136.243.25.80 using <_io.TextIOWrapper name='logs.json' mode='a' encoding='UTF-8'> and week3-roots.pem
Creating connection for 172.67.150.61 using <_io.TextIOWrapper name='logs.json' mode='a' encoding='UTF-8'> and week3-roots.pem
Creating connection for 35.166.225.133 using <_io.TextIOWrapper name='logs.json' mode='a' encoding='UTF-8'> and week3-roots.pem
Creating connection for 217.160.0.164 using <_io.TextIOWrapper name='logs.json' mode='a' encoding='UTF-8'> and week3-roots.pem
CONNECTION ERROR:  timed out
CONNECTION ERROR:  
CONNECTION ERROR:  
CONNECTION ERROR:  
Creating connection for 50.77.242.168 using <_io.TextIOWrapper name='logs.json' mode='a' encoding='UTF-8'> and week3-roots.pem
Creating connection for 104.109.143.21 using <_io.TextIOWrapper name='logs.json' mode='a' encoding='UTF-8'> and week3-roots.pem
CONNECTION ERROR:  
CONNECTION ERROR:  
CONNECTION ERROR:  
CONNECTION ERROR:  
CONNECTION ERROR:  timed out
CONNECTION ERROR:  
CONNECTION ERROR:  
CONNECTION ERROR:  
CONNECTION ERROR:  
Creating connection for 203.245.41.69 using <_io.TextIOWrapper name='logs.json' mode='a' encoding='UTF-8'> and week3-roots.pem
CONNECTION ERROR:  
Creating connection for 172.67.214.123 using <_io.TextIOWrapper name='logs.json' mode='a' encoding='UTF-8'> and week3-roots.pem
CONNECTION ERROR:  
Creating connection for 23.88.5.125 using <_io.TextIOWrapper name='logs.json' mode='a' encoding='UTF-8'> and week3-roots.pem
CONNECTION ERROR:  
CONNECTION ERROR:  
CONNECTION ERROR:  
Creating connection for 52.87.65.167 using <_io.TextIOWrapper name='logs.json' mode='a' encoding='UTF-8'> and week3-roots.pem
CONNECTION ERROR:  
CONNECTION ERROR:  
Creating connection for 58.216.14.243 using <_io.TextIOWrapper name='logs.json' mode='a' encoding='UTF-8'> and week3-roots.pem
Creating connection for 65.9.86.18 using <_io.TextIOWrapper name='logs.json' mode='a' encoding='UTF-8'> and week3-roots.pem
CONNECTION ERROR:  
CONNECTION ERROR:  
Creating connection for 185.53.12.14 using <_io.TextIOWrapper name='logs.json' mode='a' encoding='UTF-8'> and week3-roots.pem
CONNECTION ERROR:  
Creating connection for 151.139.128.11 using <_io.TextIOWrapper name='logs.json' mode='a' encoding='UTF-8'> and week3-roots.pem
Creating connection for 123.60.127.69 using <_io.TextIOWrapper name='logs.json' mode='a' encoding='UTF-8'> and week3-roots.pem
CONNECTION ERROR:  timed out
Creating connection for 54.160.165.110 using <_io.TextIOWrapper name='logs.json' mode='a' encoding='UTF-8'> and week3-roots.pem
CONNECTION ERROR:  
CONNECTION ERROR:  
CONNECTION ERROR:  
CONNECTION ERROR:  
Creating connection for 47.246.48.229 using <_io.TextIOWrapper name='logs.json' mode='a' encoding='UTF-8'> and week3-roots.pem
Creating connection for 3.33.152.147 using <_io.TextIOWrapper name='logs.json' mode='a' encoding='UTF-8'> and week3-roots.pem
CONNECTION ERROR:  
CONNECTION ERROR:  
CONNECTION ERROR:  
Creating connection for 35.237.0.126 using <_io.TextIOWrapper name='logs.json' mode='a' encoding='UTF-8'> and week3-roots.pem
CONNECTION ERROR:  
Creating connection for 65.9.86.79 using <_io.TextIOWrapper name='logs.json' mode='a' encoding='UTF-8'> and week3-roots.pem
Creating connection for 104.26.11.197 using <_io.TextIOWrapper name='logs.json' mode='a' encoding='UTF-8'> and week3-roots.pem
Creating connection for 172.67.21.124 using <_io.TextIOWrapper name='logs.json' mode='a' encoding='UTF-8'> and week3-roots.pem
Creating connection for 69.46.100.205 using <_io.TextIOWrapper name='logs.json' mode='a' encoding='UTF-8'> and week3-roots.pem
CONNECTION ERROR:  
CONNECTION ERROR:  
Creating connection for 35.209.244.189 using <_io.TextIOWrapper name='logs.json' mode='a' encoding='UTF-8'> and week3-roots.pem
CONNECTION ERROR:  
Creating connection for 75.2.37.224 using <_io.TextIOWrapper name='logs.json' mode='a' encoding='UTF-8'> and week3-roots.pem
CONNECTION ERROR:  
Creating connection for 192.185.98.48 using <_io.TextIOWrapper name='logs.json' mode='a' encoding='UTF-8'> and week3-roots.pem
CONNECTION ERROR:  
CONNECTION ERROR:  
Creating connection for 192.243.59.13 using <_io.TextIOWrapper name='logs.json' mode='a' encoding='UTF-8'> and week3-roots.pem
Creating connection for 104.26.13.174 using <_io.TextIOWrapper name='logs.json' mode='a' encoding='UTF-8'> and week3-roots.pem
CONNECTION ERROR:  
Creating connection for 172.67.187.78 using <_io.TextIOWrapper name='logs.json' mode='a' encoding='UTF-8'> and week3-roots.pem
CONNECTION ERROR:  
Creating connection for 104.26.8.146 using <_io.TextIOWrapper name='logs.json' mode='a' encoding='UTF-8'> and week3-roots.pem
Creating connection for 52.198.80.206 using <_io.TextIOWrapper name='logs.json' mode='a' encoding='UTF-8'> and week3-roots.pem
CONNECTION ERROR:  
CONNECTION ERROR:  
Creating connection for 157.97.45.55 using <_io.TextIOWrapper name='logs.json' mode='a' encoding='UTF-8'> and week3-roots.pem
Creating connection for 174.129.25.170 using <_io.TextIOWrapper name='logs.json' mode='a' encoding='UTF-8'> and week3-roots.pem
CONNECTION ERROR:  
Creating connection for 185.103.16.134 using <_io.TextIOWrapper name='logs.json' mode='a' encoding='UTF-8'> and week3-roots.pem
CONNECTION ERROR:  
Creating connection for 193.232.76.53 using <_io.TextIOWrapper name='logs.json' mode='a' encoding='UTF-8'> and week3-roots.pem
CONNECTION ERROR:  
CONNECTION ERROR:  
Creating connection for 135.84.124.41 using <_io.TextIOWrapper name='logs.json' mode='a' encoding='UTF-8'> and week3-roots.pem
CONNECTION ERROR:  
CONNECTION ERROR:  timed out
CONNECTION ERROR:  
CONNECTION ERROR:  
CONNECTION ERROR:  
Creating connection for 194.1.147.69 using <_io.TextIOWrapper name='logs.json' mode='a' encoding='UTF-8'> and week3-roots.pem
Creating connection for 195.20.47.219 using <_io.TextIOWrapper name='logs.json' mode='a' encoding='UTF-8'> and week3-roots.pem
CONNECTION ERROR:  
CONNECTION ERROR:  
CONNECTION ERROR:  
Creating connection for 104.21.26.136 using <_io.TextIOWrapper name='logs.json' mode='a' encoding='UTF-8'> and week3-roots.pem
Creating connection for 104.21.89.133 using <_io.TextIOWrapper name='logs.json' mode='a' encoding='UTF-8'> and week3-roots.pem
Creating connection for 207.174.213.131 using <_io.TextIOWrapper name='logs.json' mode='a' encoding='UTF-8'> and week3-roots.pem
CONNECTION ERROR:  
CONNECTION ERROR:  [Errno 111] Connection refused
Creating connection for 65.9.86.32 using <_io.TextIOWrapper name='logs.json' mode='a' encoding='UTF-8'> and week3-roots.pem
CONNECTION ERROR:  (32, 'EPIPE')
Creating connection for 52.86.47.47 using <_io.TextIOWrapper name='logs.json' mode='a' encoding='UTF-8'> and week3-roots.pem
Creating connection for 162.251.153.120 using <_io.TextIOWrapper name='logs.json' mode='a' encoding='UTF-8'> and week3-roots.pem
CONNECTION ERROR:  [Errno 111] Connection refused
CONNECTION ERROR:  
Creating connection for 172.67.75.239 using <_io.TextIOWrapper name='logs.json' mode='a' encoding='UTF-8'> and week3-roots.pem
Creating connection for 3.131.232.81 using <_io.TextIOWrapper name='logs.json' mode='a' encoding='UTF-8'> and week3-roots.pem
Creating connection for 45.60.13.116 using <_io.TextIOWrapper name='logs.json' mode='a' encoding='UTF-8'> and week3-roots.pem
CONNECTION ERROR:  
CONNECTION ERROR:  (32, 'EPIPE')
Creating connection for 183.111.242.15 using <_io.TextIOWrapper name='logs.json' mode='a' encoding='UTF-8'> and week3-roots.pem
CONNECTION ERROR:  timed out
Creating connection for 216.92.3.110 using <_io.TextIOWrapper name='logs.json' mode='a' encoding='UTF-8'> and week3-roots.pem
CONNECTION ERROR:  
Creating connection for 172.67.74.74 using <_io.TextIOWrapper name='logs.json' mode='a' encoding='UTF-8'> and week3-roots.pem
CONNECTION ERROR:  
CONNECTION ERROR:  
Creating connection for 104.21.52.128 using <_io.TextIOWrapper name='logs.json' mode='a' encoding='UTF-8'> and week3-roots.pem
CONNECTION ERROR:  timed out
CONNECTION ERROR:  
CONNECTION ERROR:  
Creating connection for 184.72.113.228 using <_io.TextIOWrapper name='logs.json' mode='a' encoding='UTF-8'> and week3-roots.pem
CONNECTION ERROR:  
Creating connection for 37.208.111.94 using <_io.TextIOWrapper name='logs.json' mode='a' encoding='UTF-8'> and week3-roots.pem
CONNECTION ERROR:  
CONNECTION ERROR:  
CONNECTION ERROR:  
CONNECTION ERROR:  
Creating connection for 75.2.37.224 using <_io.TextIOWrapper name='logs.json' mode='a' encoding='UTF-8'> and week3-roots.pem
Creating connection for 65.9.86.26 using <_io.TextIOWrapper name='logs.json' mode='a' encoding='UTF-8'> and week3-roots.pem
Creating connection for 92.204.58.142 using <_io.TextIOWrapper name='logs.json' mode='a' encoding='UTF-8'> and week3-roots.pem
CONNECTION ERROR:  
CONNECTION ERROR:  timed out
Creating connection for 208.86.156.11 using <_io.TextIOWrapper name='logs.json' mode='a' encoding='UTF-8'> and week3-roots.pem
CONNECTION ERROR:  
CONNECTION ERROR:  
Creating connection for 199.60.103.2 using <_io.TextIOWrapper name='logs.json' mode='a' encoding='UTF-8'> and week3-roots.pem
Creating connection for 118.88.24.130 using <_io.TextIOWrapper name='logs.json' mode='a' encoding='UTF-8'> and week3-roots.pem
Creating connection for 65.9.86.47 using <_io.TextIOWrapper name='logs.json' mode='a' encoding='UTF-8'> and week3-roots.pem
CONNECTION ERROR:  
Creating connection for 23.227.38.74 using <_io.TextIOWrapper name='logs.json' mode='a' encoding='UTF-8'> and week3-roots.pem
Creating connection for 104.26.11.75 using <_io.TextIOWrapper name='logs.json' mode='a' encoding='UTF-8'> and week3-roots.pem
Creating connection for 141.193.213.20 using <_io.TextIOWrapper name='logs.json' mode='a' encoding='UTF-8'> and week3-roots.pem
Creating connection for 58.64.186.117 using <_io.TextIOWrapper name='logs.json' mode='a' encoding='UTF-8'> and week3-roots.pem
Creating connection for 199.189.224.116 using <_io.TextIOWrapper name='logs.json' mode='a' encoding='UTF-8'> and week3-roots.pem
Creating connection for 34.160.113.1 using <_io.TextIOWrapper name='logs.json' mode='a' encoding='UTF-8'> and week3-roots.pem
CONNECTION ERROR:  
CONNECTION ERROR:  
Creating connection for 82.202.173.14 using <_io.TextIOWrapper name='logs.json' mode='a' encoding='UTF-8'> and week3-roots.pem
Creating connection for 104.26.14.195 using <_io.TextIOWrapper name='logs.json' mode='a' encoding='UTF-8'> and week3-roots.pem
Creating connection for 185.3.235.165 using <_io.TextIOWrapper name='logs.json' mode='a' encoding='UTF-8'> and week3-roots.pem
CONNECTION ERROR:  
CONNECTION ERROR:  
Creating connection for 162.241.100.48 using <_io.TextIOWrapper name='logs.json' mode='a' encoding='UTF-8'> and week3-roots.pem
Creating connection for 195.50.7.36 using <_io.TextIOWrapper name='logs.json' mode='a' encoding='UTF-8'> and week3-roots.pem
CONNECTION ERROR:  
Creating connection for 111.90.144.131 using <_io.TextIOWrapper name='logs.json' mode='a' encoding='UTF-8'> and week3-roots.pem
CONNECTION ERROR:  
CONNECTION ERROR:  
Creating connection for 107.154.135.203 using <_io.TextIOWrapper name='logs.json' mode='a' encoding='UTF-8'> and week3-roots.pem
CONNECTION ERROR:  timed out
Creating connection for 104.26.12.26 using <_io.TextIOWrapper name='logs.json' mode='a' encoding='UTF-8'> and week3-roots.pem
CONNECTION ERROR:  
Creating connection for 166.62.28.85 using <_io.TextIOWrapper name='logs.json' mode='a' encoding='UTF-8'> and week3-roots.pem
CONNECTION ERROR:  
CONNECTION ERROR:  
CONNECTION ERROR:  
Creating connection for 84.201.184.210 using <_io.TextIOWrapper name='logs.json' mode='a' encoding='UTF-8'> and week3-roots.pem
Creating connection for 51.195.79.252 using <_io.TextIOWrapper name='logs.json' mode='a' encoding='UTF-8'> and week3-roots.pem
CONNECTION ERROR:  
Creating connection for 62.113.238.212 using <_io.TextIOWrapper name='logs.json' mode='a' encoding='UTF-8'> and week3-roots.pem
CONNECTION ERROR:  
CONNECTION ERROR:  
Creating connection for 146.88.108.198 using <_io.TextIOWrapper name='logs.json' mode='a' encoding='UTF-8'> and week3-roots.pem
CONNECTION ERROR:  
Creating connection for 104.18.110.82 using <_io.TextIOWrapper name='logs.json' mode='a' encoding='UTF-8'> and week3-roots.pem
Creating connection for 172.67.180.197 using <_io.TextIOWrapper name='logs.json' mode='a' encoding='UTF-8'> and week3-roots.pem
Creating connection for 104.198.14.52 using <_io.TextIOWrapper name='logs.json' mode='a' encoding='UTF-8'> and week3-roots.pem
CONNECTION ERROR:  
CONNECTION ERROR:  
CONNECTION ERROR:  
Creating connection for 34.192.117.253 using <_io.TextIOWrapper name='logs.json' mode='a' encoding='UTF-8'> and week3-roots.pem
Creating connection for 3.64.163.50 using <_io.TextIOWrapper name='logs.json' mode='a' encoding='UTF-8'> and week3-roots.pem
Creating connection for 178.32.207.26 using <_io.TextIOWrapper name='logs.json' mode='a' encoding='UTF-8'> and week3-roots.pem
Creating connection for 104.18.41.21 using <_io.TextIOWrapper name='logs.json' mode='a' encoding='UTF-8'> and week3-roots.pem
Creating connection for 188.114.97.12 using <_io.TextIOWrapper name='logs.json' mode='a' encoding='UTF-8'> and week3-roots.pem
Creating connection for 104.21.26.203 using <_io.TextIOWrapper name='logs.json' mode='a' encoding='UTF-8'> and week3-roots.pem
Creating connection for 185.61.25.134 using <_io.TextIOWrapper name='logs.json' mode='a' encoding='UTF-8'> and week3-roots.pem
Creating connection for 213.186.33.4 using <_io.TextIOWrapper name='logs.json' mode='a' encoding='UTF-8'> and week3-roots.pem
CONNECTION ERROR:  
CONNECTION ERROR:  
CONNECTION ERROR:  
CONNECTION ERROR:  
Creating connection for 54.208.177.153 using <_io.TextIOWrapper name='logs.json' mode='a' encoding='UTF-8'> and week3-roots.pem
Creating connection for 65.9.86.103 using <_io.TextIOWrapper name='logs.json' mode='a' encoding='UTF-8'> and week3-roots.pem
Creating connection for 59.83.204.153 using <_io.TextIOWrapper name='logs.json' mode='a' encoding='UTF-8'> and week3-roots.pem
CONNECTION ERROR:  
CONNECTION ERROR:  
Creating connection for 34.251.201.224 using <_io.TextIOWrapper name='logs.json' mode='a' encoding='UTF-8'> and week3-roots.pem
Creating connection for 13.238.122.88 using <_io.TextIOWrapper name='logs.json' mode='a' encoding='UTF-8'> and week3-roots.pem
Creating connection for 52.5.0.255 using <_io.TextIOWrapper name='logs.json' mode='a' encoding='UTF-8'> and week3-roots.pem
Creating connection for 151.101.2.197 using <_io.TextIOWrapper name='logs.json' mode='a' encoding='UTF-8'> and week3-roots.pem
CONNECTION ERROR:  
Creating connection for 111.13.28.191 using <_io.TextIOWrapper name='logs.json' mode='a' encoding='UTF-8'> and week3-roots.pem
CONNECTION ERROR:  
CONNECTION ERROR:  timed out
CONNECTION ERROR:  [Errno 111] Connection refused
CONNECTION ERROR:  
CONNECTION ERROR:  
Creating connection for 104.26.8.48 using <_io.TextIOWrapper name='logs.json' mode='a' encoding='UTF-8'> and week3-roots.pem
CONNECTION ERROR:  
CONNECTION ERROR:  
Creating connection for 172.67.75.96 using <_io.TextIOWrapper name='logs.json' mode='a' encoding='UTF-8'> and week3-roots.pem
CONNECTION ERROR:  
CONNECTION ERROR:  (32, 'EPIPE')
CONNECTION ERROR:  timed out
Creating connection for 173.203.155.125 using <_io.TextIOWrapper name='logs.json' mode='a' encoding='UTF-8'> and week3-roots.pem
CONNECTION ERROR:  
CONNECTION ERROR:  
CONNECTION ERROR:  
CONNECTION ERROR:  
CONNECTION ERROR:  
CONNECTION ERROR:  
Creating connection for 172.67.146.190 using <_io.TextIOWrapper name='logs.json' mode='a' encoding='UTF-8'> and week3-roots.pem
Creating connection for 141.193.213.11 using <_io.TextIOWrapper name='logs.json' mode='a' encoding='UTF-8'> and week3-roots.pem
Creating connection for 172.67.186.195 using <_io.TextIOWrapper name='logs.json' mode='a' encoding='UTF-8'> and week3-roots.pem
Creating connection for 3.33.152.147 using <_io.TextIOWrapper name='logs.json' mode='a' encoding='UTF-8'> and week3-roots.pem
Creating connection for 151.101.65.140 using <_io.TextIOWrapper name='logs.json' mode='a' encoding='UTF-8'> and week3-roots.pem
CONNECTION ERROR:  
Creating connection for 91.226.31.82 using <_io.TextIOWrapper name='logs.json' mode='a' encoding='UTF-8'> and week3-roots.pem
Creating connection for 3.33.152.147 using <_io.TextIOWrapper name='logs.json' mode='a' encoding='UTF-8'> and week3-roots.pem
Creating connection for 199.15.163.128 using <_io.TextIOWrapper name='logs.json' mode='a' encoding='UTF-8'> and week3-roots.pem
CONNECTION ERROR:  
CONNECTION ERROR:  
CONNECTION ERROR:  
Creating connection for 104.21.24.92 using <_io.TextIOWrapper name='logs.json' mode='a' encoding='UTF-8'> and week3-roots.pem
CONNECTION ERROR:  
CONNECTION ERROR:  
CONNECTION ERROR:  
Creating connection for 78.41.207.156 using <_io.TextIOWrapper name='logs.json' mode='a' encoding='UTF-8'> and week3-roots.pem
Creating connection for 158.85.81.11 using <_io.TextIOWrapper name='logs.json' mode='a' encoding='UTF-8'> and week3-roots.pem
Creating connection for 188.75.128.90 using <_io.TextIOWrapper name='logs.json' mode='a' encoding='UTF-8'> and week3-roots.pem
CONNECTION ERROR:  
Creating connection for 47.246.48.228 using <_io.TextIOWrapper name='logs.json' mode='a' encoding='UTF-8'> and week3-roots.pem
CONNECTION ERROR:  
CONNECTION ERROR:  
Creating connection for 45.77.210.194 using <_io.TextIOWrapper name='logs.json' mode='a' encoding='UTF-8'> and week3-roots.pem
CONNECTION ERROR:  
CONNECTION ERROR:  
Creating connection for 168.235.109.86 using <_io.TextIOWrapper name='logs.json' mode='a' encoding='UTF-8'> and week3-roots.pem
CONNECTION ERROR:  
CONNECTION ERROR:  
CONNECTION ERROR:  
CONNECTION ERROR:  
CONNECTION ERROR:  
CONNECTION ERROR:  
Creating connection for 203.175.162.10 using <_io.TextIOWrapper name='logs.json' mode='a' encoding='UTF-8'> and week3-roots.pem
CONNECTION ERROR:  
Creating connection for 45.130.168.178 using <_io.TextIOWrapper name='logs.json' mode='a' encoding='UTF-8'> and week3-roots.pem
Creating connection for 94.102.215.101 using <_io.TextIOWrapper name='logs.json' mode='a' encoding='UTF-8'> and week3-roots.pem
CONNECTION ERROR:  
CONNECTION ERROR:  
Creating connection for 192.195.77.27 using <_io.TextIOWrapper name='logs.json' mode='a' encoding='UTF-8'> and week3-roots.pem
CONNECTION ERROR:  
CONNECTION ERROR:  
CONNECTION ERROR:  
Creating connection for 54.209.91.188 using <_io.TextIOWrapper name='logs.json' mode='a' encoding='UTF-8'> and week3-roots.pem
Creating connection for 62.171.189.153 using <_io.TextIOWrapper name='logs.json' mode='a' encoding='UTF-8'> and week3-roots.pem
CONNECTION ERROR:  timed out
Creating connection for 112.90.43.132 using <_io.TextIOWrapper name='logs.json' mode='a' encoding='UTF-8'> and week3-roots.pem
Creating connection for 13.235.119.224 using <_io.TextIOWrapper name='logs.json' mode='a' encoding='UTF-8'> and week3-roots.pem
CONNECTION ERROR:  [Errno 111] Connection refused
CONNECTION ERROR:  
CONNECTION ERROR:  
Creating connection for 23.38.22.127 using <_io.TextIOWrapper name='logs.json' mode='a' encoding='UTF-8'> and week3-roots.pem
CONNECTION ERROR:  (32, 'EPIPE')
Creating connection for 65.49.206.217 using <_io.TextIOWrapper name='logs.json' mode='a' encoding='UTF-8'> and week3-roots.pem
Creating connection for 175.102.6.96 using <_io.TextIOWrapper name='logs.json' mode='a' encoding='UTF-8'> and week3-roots.pem
Creating connection for 50.112.101.61 using <_io.TextIOWrapper name='logs.json' mode='a' encoding='UTF-8'> and week3-roots.pem
Creating connection for 54.208.245.112 using <_io.TextIOWrapper name='logs.json' mode='a' encoding='UTF-8'> and week3-roots.pem
Creating connection for 188.164.199.47 using <_io.TextIOWrapper name='logs.json' mode='a' encoding='UTF-8'> and week3-roots.pem
Creating connection for 172.66.40.187 using <_io.TextIOWrapper name='logs.json' mode='a' encoding='UTF-8'> and week3-roots.pem
Creating connection for 104.21.23.55 using <_io.TextIOWrapper name='logs.json' mode='a' encoding='UTF-8'> and week3-roots.pem
Creating connection for 172.67.222.73 using <_io.TextIOWrapper name='logs.json' mode='a' encoding='UTF-8'> and week3-roots.pem
CONNECTION ERROR:  
Creating connection for 202.134.54.34 using <_io.TextIOWrapper name='logs.json' mode='a' encoding='UTF-8'> and week3-roots.pem
Creating connection for 65.9.86.23 using <_io.TextIOWrapper name='logs.json' mode='a' encoding='UTF-8'> and week3-roots.pem
Creating connection for 188.114.96.2 using <_io.TextIOWrapper name='logs.json' mode='a' encoding='UTF-8'> and week3-roots.pem
Creating connection for 112.175.235.196 using <_io.TextIOWrapper name='logs.json' mode='a' encoding='UTF-8'> and week3-roots.pem
Creating connection for 104.18.112.219 using <_io.TextIOWrapper name='logs.json' mode='a' encoding='UTF-8'> and week3-roots.pem
CONNECTION ERROR:  
CONNECTION ERROR:  
Creating connection for 162.0.215.250 using <_io.TextIOWrapper name='logs.json' mode='a' encoding='UTF-8'> and week3-roots.pem
Creating connection for 52.69.201.176 using <_io.TextIOWrapper name='logs.json' mode='a' encoding='UTF-8'> and week3-roots.pem
CONNECTION ERROR:  timed out
CONNECTION ERROR:  
Creating connection for 65.9.86.45 using <_io.TextIOWrapper name='logs.json' mode='a' encoding='UTF-8'> and week3-roots.pem
CONNECTION ERROR:  
Creating connection for 192.163.202.54 using <_io.TextIOWrapper name='logs.json' mode='a' encoding='UTF-8'> and week3-roots.pem
CONNECTION ERROR:  
CONNECTION ERROR:  
CONNECTION ERROR:  
Creating connection for 18.210.173.238 using <_io.TextIOWrapper name='logs.json' mode='a' encoding='UTF-8'> and week3-roots.pem
CONNECTION ERROR:  
CONNECTION ERROR:  
Creating connection for 104.18.4.96 using <_io.TextIOWrapper name='logs.json' mode='a' encoding='UTF-8'> and week3-roots.pem
CONNECTION ERROR:  
Creating connection for 104.21.56.104 using <_io.TextIOWrapper name='logs.json' mode='a' encoding='UTF-8'> and week3-roots.pem
CONNECTION ERROR:  
Creating connection for 104.21.20.129 using <_io.TextIOWrapper name='logs.json' mode='a' encoding='UTF-8'> and week3-roots.pem
CONNECTION ERROR:  
CONNECTION ERROR:  
CONNECTION ERROR:  timed out
CONNECTION ERROR:  
CONNECTION ERROR:  
CONNECTION ERROR:  
CONNECTION ERROR:  
CONNECTION ERROR:  
Creating connection for 104.73.131.52 using <_io.TextIOWrapper name='logs.json' mode='a' encoding='UTF-8'> and week3-roots.pem
Creating connection for 217.114.85.70 using <_io.TextIOWrapper name='logs.json' mode='a' encoding='UTF-8'> and week3-roots.pem
CONNECTION ERROR:  
CONNECTION ERROR:  
Creating connection for 185.185.70.146 using <_io.TextIOWrapper name='logs.json' mode='a' encoding='UTF-8'> and week3-roots.pem
CONNECTION ERROR:  [Errno 111] Connection refused
Creating connection for 104.21.94.181 using <_io.TextIOWrapper name='logs.json' mode='a' encoding='UTF-8'> and week3-roots.pem
CONNECTION ERROR:  (32, 'EPIPE')
Creating connection for 172.67.135.1 using <_io.TextIOWrapper name='logs.json' mode='a' encoding='UTF-8'> and week3-roots.pem
Creating connection for 162.214.157.106 using <_io.TextIOWrapper name='logs.json' mode='a' encoding='UTF-8'> and week3-roots.pem
CONNECTION ERROR:  
Creating connection for 172.96.191.203 using <_io.TextIOWrapper name='logs.json' mode='a' encoding='UTF-8'> and week3-roots.pem
CONNECTION ERROR:  
Creating connection for 172.67.71.220 using <_io.TextIOWrapper name='logs.json' mode='a' encoding='UTF-8'> and week3-roots.pem
CONNECTION ERROR:  
CONNECTION ERROR:  
Creating connection for 65.9.86.16 using <_io.TextIOWrapper name='logs.json' mode='a' encoding='UTF-8'> and week3-roots.pem
Creating connection for 80.245.152.169 using <_io.TextIOWrapper name='logs.json' mode='a' encoding='UTF-8'> and week3-roots.pem
Creating connection for 52.222.139.88 using <_io.TextIOWrapper name='logs.json' mode='a' encoding='UTF-8'> and week3-roots.pem
Creating connection for 3.99.110.78 using <_io.TextIOWrapper name='logs.json' mode='a' encoding='UTF-8'> and week3-roots.pem
Creating connection for 65.9.86.128 using <_io.TextIOWrapper name='logs.json' mode='a' encoding='UTF-8'> and week3-roots.pem
CONNECTION ERROR:  
Creating connection for 104.16.243.78 using <_io.TextIOWrapper name='logs.json' mode='a' encoding='UTF-8'> and week3-roots.pem
CONNECTION ERROR:  
CONNECTION ERROR:  
CONNECTION ERROR:  
CONNECTION ERROR:  
Creating connection for 74.208.236.220 using <_io.TextIOWrapper name='logs.json' mode='a' encoding='UTF-8'> and week3-roots.pem
Creating connection for 164.138.208.209 using <_io.TextIOWrapper name='logs.json' mode='a' encoding='UTF-8'> and week3-roots.pem
Creating connection for 194.246.78.102 using <_io.TextIOWrapper name='logs.json' mode='a' encoding='UTF-8'> and week3-roots.pem
Creating connection for 65.9.86.72 using <_io.TextIOWrapper name='logs.json' mode='a' encoding='UTF-8'> and week3-roots.pem
CONNECTION ERROR:  
Creating connection for 193.17.41.135 using <_io.TextIOWrapper name='logs.json' mode='a' encoding='UTF-8'> and week3-roots.pem
CONNECTION ERROR:  
Creating connection for 204.11.56.48 using <_io.TextIOWrapper name='logs.json' mode='a' encoding='UTF-8'> and week3-roots.pem
CONNECTION ERROR:  
Creating connection for 104.26.9.94 using <_io.TextIOWrapper name='logs.json' mode='a' encoding='UTF-8'> and week3-roots.pem
Creating connection for 172.67.69.171 using <_io.TextIOWrapper name='logs.json' mode='a' encoding='UTF-8'> and week3-roots.pem
CONNECTION ERROR:  
Creating connection for 222.190.135.194 using <_io.TextIOWrapper name='logs.json' mode='a' encoding='UTF-8'> and week3-roots.pem
CONNECTION ERROR:  
CONNECTION ERROR:  
CONNECTION ERROR:  
CONNECTION ERROR:  
Creating connection for 35.225.14.97 using <_io.TextIOWrapper name='logs.json' mode='a' encoding='UTF-8'> and week3-roots.pem
Creating connection for 172.67.68.44 using <_io.TextIOWrapper name='logs.json' mode='a' encoding='UTF-8'> and week3-roots.pem
CONNECTION ERROR:  
CONNECTION ERROR:  
Creating connection for 172.67.219.168 using <_io.TextIOWrapper name='logs.json' mode='a' encoding='UTF-8'> and week3-roots.pem
Creating connection for 81.91.178.33 using <_io.TextIOWrapper name='logs.json' mode='a' encoding='UTF-8'> and week3-roots.pem
Creating connection for 185.63.229.10 using <_io.TextIOWrapper name='logs.json' mode='a' encoding='UTF-8'> and week3-roots.pem
Creating connection for 65.9.86.52 using <_io.TextIOWrapper name='logs.json' mode='a' encoding='UTF-8'> and week3-roots.pem
Creating connection for 172.67.71.128 using <_io.TextIOWrapper name='logs.json' mode='a' encoding='UTF-8'> and week3-roots.pem
Creating connection for 198.54.117.210 using <_io.TextIOWrapper name='logs.json' mode='a' encoding='UTF-8'> and week3-roots.pem
CONNECTION ERROR:  
Creating connection for 162.19.47.199 using <_io.TextIOWrapper name='logs.json' mode='a' encoding='UTF-8'> and week3-roots.pem
CONNECTION ERROR:  
CONNECTION ERROR:  
Creating connection for 45.189.184.241 using <_io.TextIOWrapper name='logs.json' mode='a' encoding='UTF-8'> and week3-roots.pem
CONNECTION ERROR:  
CONNECTION ERROR:  
CONNECTION ERROR:  
CONNECTION ERROR:  
Creating connection for 92.205.13.202 using <_io.TextIOWrapper name='logs.json' mode='a' encoding='UTF-8'> and week3-roots.pem
Creating connection for 172.67.131.58 using <_io.TextIOWrapper name='logs.json' mode='a' encoding='UTF-8'> and week3-roots.pem
Creating connection for 139.99.88.30 using <_io.TextIOWrapper name='logs.json' mode='a' encoding='UTF-8'> and week3-roots.pem
Creating connection for 2.22.15.87 using <_io.TextIOWrapper name='logs.json' mode='a' encoding='UTF-8'> and week3-roots.pem
Creating connection for 104.21.47.202 using <_io.TextIOWrapper name='logs.json' mode='a' encoding='UTF-8'> and week3-roots.pem
CONNECTION ERROR:  
CONNECTION ERROR:  
Creating connection for 3.104.16.177 using <_io.TextIOWrapper name='logs.json' mode='a' encoding='UTF-8'> and week3-roots.pem
Creating connection for 54.144.38.219 using <_io.TextIOWrapper name='logs.json' mode='a' encoding='UTF-8'> and week3-roots.pem
CONNECTION ERROR:  
CONNECTION ERROR:  
CONNECTION ERROR:  
CONNECTION ERROR:  
CONNECTION ERROR:  
CONNECTION ERROR:  
CONNECTION ERROR:  
Creating connection for 141.193.213.20 using <_io.TextIOWrapper name='logs.json' mode='a' encoding='UTF-8'> and week3-roots.pem
Creating connection for 172.67.188.80 using <_io.TextIOWrapper name='logs.json' mode='a' encoding='UTF-8'> and week3-roots.pem
Creating connection for 172.67.157.1 using <_io.TextIOWrapper name='logs.json' mode='a' encoding='UTF-8'> and week3-roots.pem
Creating connection for 62.148.172.73 using <_io.TextIOWrapper name='logs.json' mode='a' encoding='UTF-8'> and week3-roots.pem
CONNECTION ERROR:  
CONNECTION ERROR:  timed out
CONNECTION ERROR:  
Creating connection for 91.195.240.103 using <_io.TextIOWrapper name='logs.json' mode='a' encoding='UTF-8'> and week3-roots.pem
Creating connection for 101.99.66.88 using <_io.TextIOWrapper name='logs.json' mode='a' encoding='UTF-8'> and week3-roots.pem
CONNECTION ERROR:  
CONNECTION ERROR:  
Creating connection for 104.21.18.179 using <_io.TextIOWrapper name='logs.json' mode='a' encoding='UTF-8'> and week3-roots.pem
CONNECTION ERROR:  
Creating connection for 65.9.86.64 using <_io.TextIOWrapper name='logs.json' mode='a' encoding='UTF-8'> and week3-roots.pem
Creating connection for 207.246.147.250 using <_io.TextIOWrapper name='logs.json' mode='a' encoding='UTF-8'> and week3-roots.pem
Creating connection for 65.9.86.11 using <_io.TextIOWrapper name='logs.json' mode='a' encoding='UTF-8'> and week3-roots.pem
CONNECTION ERROR:  
CONNECTION ERROR:  
CONNECTION ERROR:  [Errno 111] Connection refused
CONNECTION ERROR:  
Creating connection for 172.241.27.187 using <_io.TextIOWrapper name='logs.json' mode='a' encoding='UTF-8'> and week3-roots.pem
CONNECTION ERROR:  
CONNECTION ERROR:  
Creating connection for 192.243.58.97 using <_io.TextIOWrapper name='logs.json' mode='a' encoding='UTF-8'> and week3-roots.pem
Creating connection for 196.216.249.8 using <_io.TextIOWrapper name='logs.json' mode='a' encoding='UTF-8'> and week3-roots.pem
Creating connection for 172.67.70.192 using <_io.TextIOWrapper name='logs.json' mode='a' encoding='UTF-8'> and week3-roots.pem
CONNECTION ERROR:  
Creating connection for 31.135.9.17 using <_io.TextIOWrapper name='logs.json' mode='a' encoding='UTF-8'> and week3-roots.pem
CONNECTION ERROR:  (32, 'EPIPE')
CONNECTION ERROR:  
CONNECTION ERROR:  
CONNECTION ERROR:  
Creating connection for 217.70.184.50 using <_io.TextIOWrapper name='logs.json' mode='a' encoding='UTF-8'> and week3-roots.pem
Creating connection for 58.216.14.244 using <_io.TextIOWrapper name='logs.json' mode='a' encoding='UTF-8'> and week3-roots.pem
CONNECTION ERROR:  
Creating connection for 104.21.11.98 using <_io.TextIOWrapper name='logs.json' mode='a' encoding='UTF-8'> and week3-roots.pem
CONNECTION ERROR:  
CONNECTION ERROR:  
CONNECTION ERROR:  
CONNECTION ERROR:  
CONNECTION ERROR:  
Creating connection for 172.67.166.126 using <_io.TextIOWrapper name='logs.json' mode='a' encoding='UTF-8'> and week3-roots.pem
Creating connection for 104.22.9.191 using <_io.TextIOWrapper name='logs.json' mode='a' encoding='UTF-8'> and week3-roots.pem
CONNECTION ERROR:  
CONNECTION ERROR:  
CONNECTION ERROR:  timed out
CONNECTION ERROR:  
CONNECTION ERROR:  
Creating connection for 58.218.208.110 using <_io.TextIOWrapper name='logs.json' mode='a' encoding='UTF-8'> and week3-roots.pem
CONNECTION ERROR:  
CONNECTION ERROR:  
Creating connection for 58.18.251.58 using <_io.TextIOWrapper name='logs.json' mode='a' encoding='UTF-8'> and week3-roots.pem
CONNECTION ERROR:  
Creating connection for 35.214.210.220 using <_io.TextIOWrapper name='logs.json' mode='a' encoding='UTF-8'> and week3-roots.pem
Creating connection for 104.21.86.171 using <_io.TextIOWrapper name='logs.json' mode='a' encoding='UTF-8'> and week3-roots.pem
CONNECTION ERROR:  timed out
CONNECTION ERROR:  
CONNECTION ERROR:  
CONNECTION ERROR:  timed out
Creating connection for 38.54.35.154 using <_io.TextIOWrapper name='logs.json' mode='a' encoding='UTF-8'> and week3-roots.pem
Creating connection for 144.76.246.3 using <_io.TextIOWrapper name='logs.json' mode='a' encoding='UTF-8'> and week3-roots.pem
Creating connection for 54.194.170.100 using <_io.TextIOWrapper name='logs.json' mode='a' encoding='UTF-8'> and week3-roots.pem
CONNECTION ERROR:  
Creating connection for 20.247.6.232 using <_io.TextIOWrapper name='logs.json' mode='a' encoding='UTF-8'> and week3-roots.pem
CONNECTION ERROR:  
Creating connection for 185.211.0.170 using <_io.TextIOWrapper name='logs.json' mode='a' encoding='UTF-8'> and week3-roots.pem
CONNECTION ERROR:  
CONNECTION ERROR:  
CONNECTION ERROR:  
CONNECTION ERROR:  timed out
CONNECTION ERROR:  
CONNECTION ERROR:  
CONNECTION ERROR:  
CONNECTION ERROR:  
CONNECTION ERROR:  
CONNECTION ERROR:  [Errno 111] Connection refused
Creating connection for 185.34.32.146 using <_io.TextIOWrapper name='logs.json' mode='a' encoding='UTF-8'> and week3-roots.pem
Creating connection for 153.92.7.131 using <_io.TextIOWrapper name='logs.json' mode='a' encoding='UTF-8'> and week3-roots.pem
Creating connection for 65.9.86.124 using <_io.TextIOWrapper name='logs.json' mode='a' encoding='UTF-8'> and week3-roots.pem
Creating connection for 172.67.72.163 using <_io.TextIOWrapper name='logs.json' mode='a' encoding='UTF-8'> and week3-roots.pem
Creating connection for 37.97.146.206 using <_io.TextIOWrapper name='logs.json' mode='a' encoding='UTF-8'> and week3-roots.pem
Creating connection for 75.2.70.75 using <_io.TextIOWrapper name='logs.json' mode='a' encoding='UTF-8'> and week3-roots.pem
Creating connection for 95.131.141.85 using <_io.TextIOWrapper name='logs.json' mode='a' encoding='UTF-8'> and week3-roots.pem
CONNECTION ERROR:  
Creating connection for 172.67.169.102 using <_io.TextIOWrapper name='logs.json' mode='a' encoding='UTF-8'> and week3-roots.pem
CONNECTION ERROR:  timed out
CONNECTION ERROR:  
CONNECTION ERROR:  (32, 'EPIPE')
Creating connection for 3.127.73.216 using <_io.TextIOWrapper name='logs.json' mode='a' encoding='UTF-8'> and week3-roots.pem
CONNECTION ERROR:  
Creating connection for 185.143.220.89 using <_io.TextIOWrapper name='logs.json' mode='a' encoding='UTF-8'> and week3-roots.pem
CONNECTION ERROR:  
Creating connection for 65.9.86.109 using <_io.TextIOWrapper name='logs.json' mode='a' encoding='UTF-8'> and week3-roots.pem
Creating connection for 62.182.86.209 using <_io.TextIOWrapper name='logs.json' mode='a' encoding='UTF-8'> and week3-roots.pem
Creating connection for 3.208.57.90 using <_io.TextIOWrapper name='logs.json' mode='a' encoding='UTF-8'> and week3-roots.pem
Creating connection for 172.67.202.3 using <_io.TextIOWrapper name='logs.json' mode='a' encoding='UTF-8'> and week3-roots.pem
Creating connection for 192.0.66.88 using <_io.TextIOWrapper name='logs.json' mode='a' encoding='UTF-8'> and week3-roots.pem
Creating connection for 91.121.69.10 using <_io.TextIOWrapper name='logs.json' mode='a' encoding='UTF-8'> and week3-roots.pem
CONNECTION ERROR:  
CONNECTION ERROR:  
CONNECTION ERROR:  
CONNECTION ERROR:  
CONNECTION ERROR:  
Creating connection for 192.104.182.209 using <_io.TextIOWrapper name='logs.json' mode='a' encoding='UTF-8'> and week3-roots.pem
CONNECTION ERROR:  
Creating connection for 18.215.17.77 using <_io.TextIOWrapper name='logs.json' mode='a' encoding='UTF-8'> and week3-roots.pem
CONNECTION ERROR:  
CONNECTION ERROR:  
CONNECTION ERROR:  
Creating connection for 87.236.16.242 using <_io.TextIOWrapper name='logs.json' mode='a' encoding='UTF-8'> and week3-roots.pem
Creating connection for 13.69.186.152 using <_io.TextIOWrapper name='logs.json' mode='a' encoding='UTF-8'> and week3-roots.pem
CONNECTION ERROR:  
Creating connection for 65.9.86.129 using <_io.TextIOWrapper name='logs.json' mode='a' encoding='UTF-8'> and week3-roots.pem
Creating connection for 212.109.197.212 using <_io.TextIOWrapper name='logs.json' mode='a' encoding='UTF-8'> and week3-roots.pem
Creating connection for 149.28.151.200 using <_io.TextIOWrapper name='logs.json' mode='a' encoding='UTF-8'> and week3-roots.pem
Creating connection for 188.225.23.170 using <_io.TextIOWrapper name='logs.json' mode='a' encoding='UTF-8'> and week3-roots.pem
CONNECTION ERROR:  
CONNECTION ERROR:  
CONNECTION ERROR:  
Creating connection for 34.251.201.224 using <_io.TextIOWrapper name='logs.json' mode='a' encoding='UTF-8'> and week3-roots.pem
Creating connection for 18.159.128.50 using <_io.TextIOWrapper name='logs.json' mode='a' encoding='UTF-8'> and week3-roots.pem
CONNECTION ERROR:  
CONNECTION ERROR:  
Creating connection for 172.67.181.57 using <_io.TextIOWrapper name='logs.json' mode='a' encoding='UTF-8'> and week3-roots.pem
Creating connection for 217.160.0.191 using <_io.TextIOWrapper name='logs.json' mode='a' encoding='UTF-8'> and week3-roots.pem
Creating connection for 46.10.150.228 using <_io.TextIOWrapper name='logs.json' mode='a' encoding='UTF-8'> and week3-roots.pem
Creating connection for 64.150.176.47 using <_io.TextIOWrapper name='logs.json' mode='a' encoding='UTF-8'> and week3-roots.pem
CONNECTION ERROR:  
CONNECTION ERROR:  
CONNECTION ERROR:  
CONNECTION ERROR:  
Creating connection for 172.67.160.114 using <_io.TextIOWrapper name='logs.json' mode='a' encoding='UTF-8'> and week3-roots.pem
Creating connection for 68.183.192.246 using <_io.TextIOWrapper name='logs.json' mode='a' encoding='UTF-8'> and week3-roots.pem
Creating connection for 185.199.110.153 using <_io.TextIOWrapper name='logs.json' mode='a' encoding='UTF-8'> and week3-roots.pem
Creating connection for 188.114.97.3 using <_io.TextIOWrapper name='logs.json' mode='a' encoding='UTF-8'> and week3-roots.pem
Creating connection for 212.147.60.89 using <_io.TextIOWrapper name='logs.json' mode='a' encoding='UTF-8'> and week3-roots.pem
CONNECTION ERROR:  timed out
CONNECTION ERROR:  
CONNECTION ERROR:  
Creating connection for 195.50.195.10 using <_io.TextIOWrapper name='logs.json' mode='a' encoding='UTF-8'> and week3-roots.pem
CONNECTION ERROR:  
Creating connection for 172.67.212.249 using <_io.TextIOWrapper name='logs.json' mode='a' encoding='UTF-8'> and week3-roots.pem
Creating connection for 104.26.1.105 using <_io.TextIOWrapper name='logs.json' mode='a' encoding='UTF-8'> and week3-roots.pem
CONNECTION ERROR:  
CONNECTION ERROR:  
CONNECTION ERROR:  
Creating connection for 185.199.111.153 using <_io.TextIOWrapper name='logs.json' mode='a' encoding='UTF-8'> and week3-roots.pem
CONNECTION ERROR:  
CONNECTION ERROR:  
CONNECTION ERROR:  
CONNECTION ERROR:  
CONNECTION ERROR:  
Creating connection for 117.18.106.76 using <_io.TextIOWrapper name='logs.json' mode='a' encoding='UTF-8'> and week3-roots.pem
CONNECTION ERROR:  
Creating connection for 18.119.154.66 using <_io.TextIOWrapper name='logs.json' mode='a' encoding='UTF-8'> and week3-roots.pem
Creating connection for 147.92.146.242 using <_io.TextIOWrapper name='logs.json' mode='a' encoding='UTF-8'> and week3-roots.pem
Creating connection for 185.38.187.6 using <_io.TextIOWrapper name='logs.json' mode='a' encoding='UTF-8'> and week3-roots.pem
Creating connection for 43.132.64.96 using <_io.TextIOWrapper name='logs.json' mode='a' encoding='UTF-8'> and week3-roots.pem
CONNECTION ERROR:  [Errno 113] No route to host
CONNECTION ERROR:  (32, 'EPIPE')
CONNECTION ERROR:  
CONNECTION ERROR:  
CONNECTION ERROR:  
CONNECTION ERROR:  
Creating connection for 87.98.132.62 using <_io.TextIOWrapper name='logs.json' mode='a' encoding='UTF-8'> and week3-roots.pem
Creating connection for 198.49.23.144 using <_io.TextIOWrapper name='logs.json' mode='a' encoding='UTF-8'> and week3-roots.pem
CONNECTION ERROR:  
CONNECTION ERROR:  
Creating connection for 178.172.161.123 using <_io.TextIOWrapper name='logs.json' mode='a' encoding='UTF-8'> and week3-roots.pem
Creating connection for 104.21.15.232 using <_io.TextIOWrapper name='logs.json' mode='a' encoding='UTF-8'> and week3-roots.pem
Creating connection for 35.227.224.187 using <_io.TextIOWrapper name='logs.json' mode='a' encoding='UTF-8'> and week3-roots.pem
Creating connection for 104.130.217.190 using <_io.TextIOWrapper name='logs.json' mode='a' encoding='UTF-8'> and week3-roots.pem
Creating connection for 85.128.74.200 using <_io.TextIOWrapper name='logs.json' mode='a' encoding='UTF-8'> and week3-roots.pem
Creating connection for 81.171.31.79 using <_io.TextIOWrapper name='logs.json' mode='a' encoding='UTF-8'> and week3-roots.pem
Creating connection for 104.21.87.103 using <_io.TextIOWrapper name='logs.json' mode='a' encoding='UTF-8'> and week3-roots.pem
CONNECTION ERROR:  
CONNECTION ERROR:  [Errno 111] Connection refused
Creating connection for 3.69.136.55 using <_io.TextIOWrapper name='logs.json' mode='a' encoding='UTF-8'> and week3-roots.pem
CONNECTION ERROR:  (32, 'EPIPE')
CONNECTION ERROR:  [Errno 111] Connection refused
CONNECTION ERROR:  (32, 'EPIPE')
CONNECTION ERROR:  
CONNECTION ERROR:  
CONNECTION ERROR:  
Creating connection for 52.218.152.226 using <_io.TextIOWrapper name='logs.json' mode='a' encoding='UTF-8'> and week3-roots.pem
Creating connection for 120.25.234.220 using <_io.TextIOWrapper name='logs.json' mode='a' encoding='UTF-8'> and week3-roots.pem
CONNECTION ERROR:  
Creating connection for 104.21.83.19 using <_io.TextIOWrapper name='logs.json' mode='a' encoding='UTF-8'> and week3-roots.pem
CONNECTION ERROR:  timed out
CONNECTION ERROR:  
CONNECTION ERROR:  
CONNECTION ERROR:  
Creating connection for 195.55.142.86 using <_io.TextIOWrapper name='logs.json' mode='a' encoding='UTF-8'> and week3-roots.pem
Creating connection for 216.228.2.9 using <_io.TextIOWrapper name='logs.json' mode='a' encoding='UTF-8'> and week3-roots.pem
Creating connection for 104.22.44.225 using <_io.TextIOWrapper name='logs.json' mode='a' encoding='UTF-8'> and week3-roots.pem
CONNECTION ERROR:  
CONNECTION ERROR:  
CONNECTION ERROR:  
CONNECTION ERROR:  
Creating connection for 88.198.85.155 using <_io.TextIOWrapper name='logs.json' mode='a' encoding='UTF-8'> and week3-roots.pem
Creating connection for 72.52.179.175 using <_io.TextIOWrapper name='logs.json' mode='a' encoding='UTF-8'> and week3-roots.pem
CONNECTION ERROR:  
CONNECTION ERROR:  
Creating connection for 104.26.9.77 using <_io.TextIOWrapper name='logs.json' mode='a' encoding='UTF-8'> and week3-roots.pem
Creating connection for 221.231.140.153 using <_io.TextIOWrapper name='logs.json' mode='a' encoding='UTF-8'> and week3-roots.pem
Creating connection for 65.9.86.74 using <_io.TextIOWrapper name='logs.json' mode='a' encoding='UTF-8'> and week3-roots.pem
Creating connection for 104.21.11.146 using <_io.TextIOWrapper name='logs.json' mode='a' encoding='UTF-8'> and week3-roots.pem
Creating connection for 185.151.30.162 using <_io.TextIOWrapper name='logs.json' mode='a' encoding='UTF-8'> and week3-roots.pem
Creating connection for 104.18.74.42 using <_io.TextIOWrapper name='logs.json' mode='a' encoding='UTF-8'> and week3-roots.pem
Creating connection for 213.129.128.82 using <_io.TextIOWrapper name='logs.json' mode='a' encoding='UTF-8'> and week3-roots.pem
CONNECTION ERROR:  
Creating connection for 192.161.187.200 using <_io.TextIOWrapper name='logs.json' mode='a' encoding='UTF-8'> and week3-roots.pem
CONNECTION ERROR:  
CONNECTION ERROR:  
CONNECTION ERROR:  
CONNECTION ERROR:  
CONNECTION ERROR:  
Creating connection for 104.21.48.111 using <_io.TextIOWrapper name='logs.json' mode='a' encoding='UTF-8'> and week3-roots.pem
Creating connection for 104.21.40.109 using <_io.TextIOWrapper name='logs.json' mode='a' encoding='UTF-8'> and week3-roots.pem
Creating connection for 104.21.4.146 using <_io.TextIOWrapper name='logs.json' mode='a' encoding='UTF-8'> and week3-roots.pem
CONNECTION ERROR:  
CONNECTION ERROR:  
CONNECTION ERROR:  
CONNECTION ERROR: CONNECTION ERROR:  
 
CONNECTION ERROR:  
CONNECTION ERROR:  
Creating connection for 65.9.86.10 using <_io.TextIOWrapper name='logs.json' mode='a' encoding='UTF-8'> and week3-roots.pem
Creating connection for 37.1.197.107 using <_io.TextIOWrapper name='logs.json' mode='a' encoding='UTF-8'> and week3-roots.pem
CONNECTION ERROR:  
CONNECTION ERROR:  timed out
CONNECTION ERROR:  
Creating connection for 104.26.2.94 using <_io.TextIOWrapper name='logs.json' mode='a' encoding='UTF-8'> and week3-roots.pem
CONNECTION ERROR:  
CONNECTION ERROR:  
CONNECTION ERROR:  
Creating connection for 45.223.18.117 using <_io.TextIOWrapper name='logs.json' mode='a' encoding='UTF-8'> and week3-roots.pem
Creating connection for 65.9.86.25 using <_io.TextIOWrapper name='logs.json' mode='a' encoding='UTF-8'> and week3-roots.pem
CONNECTION ERROR:  
CONNECTION ERROR:  
Creating connection for 207.120.32.134 using <_io.TextIOWrapper name='logs.json' mode='a' encoding='UTF-8'> and week3-roots.pem
CONNECTION ERROR:  
CONNECTION ERROR:  
CONNECTION ERROR:  
Creating connection for 172.67.221.152 using <_io.TextIOWrapper name='logs.json' mode='a' encoding='UTF-8'> and week3-roots.pem
CONNECTION ERROR:  
CONNECTION ERROR:  
CONNECTION ERROR:  
CONNECTION ERROR:  
CONNECTION ERROR:  
CONNECTION ERROR:  timed out
CONNECTION ERROR:  
Creating connection for 37.9.175.132 using <_io.TextIOWrapper name='logs.json' mode='a' encoding='UTF-8'> and week3-roots.pem
CONNECTION ERROR:  
Creating connection for 84.53.185.120 using <_io.TextIOWrapper name='logs.json' mode='a' encoding='UTF-8'> and week3-roots.pem
CONNECTION ERROR:  
Creating connection for 185.230.63.171 using <_io.TextIOWrapper name='logs.json' mode='a' encoding='UTF-8'> and week3-roots.pem
Creating connection for 65.9.86.76 using <_io.TextIOWrapper name='logs.json' mode='a' encoding='UTF-8'> and week3-roots.pem
Creating connection for 207.207.37.151 using <_io.TextIOWrapper name='logs.json' mode='a' encoding='UTF-8'> and week3-roots.pem
Creating connection for 23.227.38.65 using <_io.TextIOWrapper name='logs.json' mode='a' encoding='UTF-8'> and week3-roots.pem
CONNECTION ERROR:  
CONNECTION ERROR:  
Creating connection for 145.14.153.208 using <_io.TextIOWrapper name='logs.json' mode='a' encoding='UTF-8'> and week3-roots.pem
CONNECTION ERROR:  timed out
Creating connection for 119.47.116.50 using <_io.TextIOWrapper name='logs.json' mode='a' encoding='UTF-8'> and week3-roots.pem
Creating connection for 185.208.164.103 using <_io.TextIOWrapper name='logs.json' mode='a' encoding='UTF-8'> and week3-roots.pem
Creating connection for 172.66.43.155 using <_io.TextIOWrapper name='logs.json' mode='a' encoding='UTF-8'> and week3-roots.pem
CONNECTION ERROR:  
CONNECTION ERROR:  
CONNECTION ERROR:  
Creating connection for 104.21.85.5 using <_io.TextIOWrapper name='logs.json' mode='a' encoding='UTF-8'> and week3-roots.pem
Creating connection for 58.216.118.248 using <_io.TextIOWrapper name='logs.json' mode='a' encoding='UTF-8'> and week3-roots.pem
Creating connection for 108.156.60.122 using <_io.TextIOWrapper name='logs.json' mode='a' encoding='UTF-8'> and week3-roots.pem
Creating connection for 23.227.38.65 using <_io.TextIOWrapper name='logs.json' mode='a' encoding='UTF-8'> and week3-roots.pem
Creating connection for 45.33.20.235 using <_io.TextIOWrapper name='logs.json' mode='a' encoding='UTF-8'> and week3-roots.pem
Creating connection for 209.95.34.155 using <_io.TextIOWrapper name='logs.json' mode='a' encoding='UTF-8'> and week3-roots.pem
Creating connection for 188.114.97.3 using <_io.TextIOWrapper name='logs.json' mode='a' encoding='UTF-8'> and week3-roots.pem
CONNECTION ERROR:  [Errno 111] Connection refused
CONNECTION ERROR:  
CONNECTION ERROR:  (32, 'EPIPE')
CONNECTION ERROR:  
CONNECTION ERROR:  
CONNECTION ERROR:  
Creating connection for 178.124.138.89 using <_io.TextIOWrapper name='logs.json' mode='a' encoding='UTF-8'> and week3-roots.pem
CONNECTION ERROR:  
CONNECTION ERROR:  
CONNECTION ERROR:  
CONNECTION ERROR:  
CONNECTION ERROR:  
Creating connection for 54.154.216.171 using <_io.TextIOWrapper name='logs.json' mode='a' encoding='UTF-8'> and week3-roots.pem
CONNECTION ERROR:  
CONNECTION ERROR:  
CONNECTION ERROR:  
CONNECTION ERROR:  
CONNECTION ERROR:  
CONNECTION ERROR:  
CONNECTION ERROR:  
Creating connection for 172.67.71.174 using <_io.TextIOWrapper name='logs.json' mode='a' encoding='UTF-8'> and week3-roots.pem
Creating connection for 65.9.86.65 using <_io.TextIOWrapper name='logs.json' mode='a' encoding='UTF-8'> and week3-roots.pem
Creating connection for 104.17.227.32 using <_io.TextIOWrapper name='logs.json' mode='a' encoding='UTF-8'> and week3-roots.pem
CONNECTION ERROR:  
Creating connection for 172.67.186.162 using <_io.TextIOWrapper name='logs.json' mode='a' encoding='UTF-8'> and week3-roots.pem
Creating connection for 172.67.155.32 using <_io.TextIOWrapper name='logs.json' mode='a' encoding='UTF-8'> and week3-roots.pem
Creating connection for 219.117.231.138 using <_io.TextIOWrapper name='logs.json' mode='a' encoding='UTF-8'> and week3-roots.pem
Creating connection for 65.9.86.14 using <_io.TextIOWrapper name='logs.json' mode='a' encoding='UTF-8'> and week3-roots.pem
CONNECTION ERROR:  
Creating connection for 172.67.216.134 using <_io.TextIOWrapper name='logs.json' mode='a' encoding='UTF-8'> and week3-roots.pem
Creating connection for 77.68.64.3 using <_io.TextIOWrapper name='logs.json' mode='a' encoding='UTF-8'> and week3-roots.pem
Creating connection for 172.67.186.169 using <_io.TextIOWrapper name='logs.json' mode='a' encoding='UTF-8'> and week3-roots.pem
Creating connection for 88.221.24.43 using <_io.TextIOWrapper name='logs.json' mode='a' encoding='UTF-8'> and week3-roots.pem
CONNECTION ERROR:  
Creating connection for 45.148.37.34 using <_io.TextIOWrapper name='logs.json' mode='a' encoding='UTF-8'> and week3-roots.pem
CONNECTION ERROR:  
CONNECTION ERROR:  
CONNECTION ERROR:  
CONNECTION ERROR:  
Creating connection for 202.32.158.54 using <_io.TextIOWrapper name='logs.json' mode='a' encoding='UTF-8'> and week3-roots.pem
Creating connection for 172.67.74.154 using <_io.TextIOWrapper name='logs.json' mode='a' encoding='UTF-8'> and week3-roots.pem
CONNECTION ERROR:  
CONNECTION ERROR:  
Creating connection for 91.134.170.62 using <_io.TextIOWrapper name='logs.json' mode='a' encoding='UTF-8'> and week3-roots.pem
CONNECTION ERROR:  
Creating connection for 94.23.164.151 using <_io.TextIOWrapper name='logs.json' mode='a' encoding='UTF-8'> and week3-roots.pem
Creating connection for 172.67.141.146 using <_io.TextIOWrapper name='logs.json' mode='a' encoding='UTF-8'> and week3-roots.pem
Creating connection for 172.67.152.21 using <_io.TextIOWrapper name='logs.json' mode='a' encoding='UTF-8'> and week3-roots.pem
CONNECTION ERROR:  
CONNECTION ERROR:  
CONNECTION ERROR:  
Creating connection for 195.43.90.122 using <_io.TextIOWrapper name='logs.json' mode='a' encoding='UTF-8'> and week3-roots.pem
CONNECTION ERROR:  timed out
Creating connection for 34.196.1.111 using <_io.TextIOWrapper name='logs.json' mode='a' encoding='UTF-8'> and week3-roots.pem
CONNECTION ERROR:  
Creating connection for 70.32.90.218 using <_io.TextIOWrapper name='logs.json' mode='a' encoding='UTF-8'> and week3-roots.pem
Creating connection for 65.9.86.51 using <_io.TextIOWrapper name='logs.json' mode='a' encoding='UTF-8'> and week3-roots.pem
Creating connection for 104.26.15.4 using <_io.TextIOWrapper name='logs.json' mode='a' encoding='UTF-8'> and week3-roots.pem
CONNECTION ERROR:  
CONNECTION ERROR:  
CONNECTION ERROR:  
CONNECTION ERROR:  [Errno 111] Connection refused
Creating connection for 217.21.84.172 using <_io.TextIOWrapper name='logs.json' mode='a' encoding='UTF-8'> and week3-roots.pem
Creating connection for 173.237.139.43 using <_io.TextIOWrapper name='logs.json' mode='a' encoding='UTF-8'> and week3-roots.pem
Creating connection for 212.60.5.76 using <_io.TextIOWrapper name='logs.json' mode='a' encoding='UTF-8'> and week3-roots.pem
CONNECTION ERROR:  
CONNECTION ERROR:  timed out
CONNECTION ERROR:  (32, 'EPIPE')
CONNECTION ERROR:  
CONNECTION ERROR:  
CONNECTION ERROR:  
CONNECTION ERROR:  
Creating connection for 103.17.109.75 using <_io.TextIOWrapper name='logs.json' mode='a' encoding='UTF-8'> and week3-roots.pem
Creating connection for 203.107.44.133 using <_io.TextIOWrapper name='logs.json' mode='a' encoding='UTF-8'> and week3-roots.pem
Creating connection for 104.17.101.37 using <_io.TextIOWrapper name='logs.json' mode='a' encoding='UTF-8'> and week3-roots.pem
CONNECTION ERROR:  
Creating connection for 92.53.96.127 using <_io.TextIOWrapper name='logs.json' mode='a' encoding='UTF-8'> and week3-roots.pem
CONNECTION ERROR:  
CONNECTION ERROR:  
CONNECTION ERROR:  
Creating connection for 104.21.27.36 using <_io.TextIOWrapper name='logs.json' mode='a' encoding='UTF-8'> and week3-roots.pem
CONNECTION ERROR:  
Creating connection for 91.195.240.12 using <_io.TextIOWrapper name='logs.json' mode='a' encoding='UTF-8'> and week3-roots.pem
Creating connection for 96.46.249.19 using <_io.TextIOWrapper name='logs.json' mode='a' encoding='UTF-8'> and week3-roots.pem
Creating connection for 188.114.96.12 using <_io.TextIOWrapper name='logs.json' mode='a' encoding='UTF-8'> and week3-roots.pem
Creating connection for 188.114.96.12 using <_io.TextIOWrapper name='logs.json' mode='a' encoding='UTF-8'> and week3-roots.pem
CONNECTION ERROR:  
CONNECTION ERROR:  
CONNECTION ERROR:  
Creating connection for 104.21.80.93 using <_io.TextIOWrapper name='logs.json' mode='a' encoding='UTF-8'> and week3-roots.pem
CONNECTION ERROR:  
CONNECTION ERROR:  
CONNECTION ERROR:  
Creating connection for 65.9.86.21 using <_io.TextIOWrapper name='logs.json' mode='a' encoding='UTF-8'> and week3-roots.pem
CONNECTION ERROR:  
Creating connection for 104.16.62.3 using <_io.TextIOWrapper name='logs.json' mode='a' encoding='UTF-8'> and week3-roots.pem
Creating connection for 194.156.65.39 using <_io.TextIOWrapper name='logs.json' mode='a' encoding='UTF-8'> and week3-roots.pem
Creating connection for 104.21.39.233 using <_io.TextIOWrapper name='logs.json' mode='a' encoding='UTF-8'> and week3-roots.pem
Creating connection for 89.38.97.71 using <_io.TextIOWrapper name='logs.json' mode='a' encoding='UTF-8'> and week3-roots.pem
Creating connection for 46.36.210.3 using <_io.TextIOWrapper name='logs.json' mode='a' encoding='UTF-8'> and week3-roots.pem
CONNECTION ERROR:  
Creating connection for 133.242.145.114 using <_io.TextIOWrapper name='logs.json' mode='a' encoding='UTF-8'> and week3-roots.pem
Creating connection for 213.166.69.220 using <_io.TextIOWrapper name='logs.json' mode='a' encoding='UTF-8'> and week3-roots.pem
Creating connection for 200.229.195.209 using <_io.TextIOWrapper name='logs.json' mode='a' encoding='UTF-8'> and week3-roots.pem
CONNECTION ERROR:  
CONNECTION ERROR:  
CONNECTION ERROR:  
CONNECTION ERROR:  
CONNECTION ERROR:  
CONNECTION ERROR:  
Creating connection for 72.32.48.91 using <_io.TextIOWrapper name='logs.json' mode='a' encoding='UTF-8'> and week3-roots.pem
Creating connection for 104.21.6.133 using <_io.TextIOWrapper name='logs.json' mode='a' encoding='UTF-8'> and week3-roots.pem
Creating connection for 5.188.81.118 using <_io.TextIOWrapper name='logs.json' mode='a' encoding='UTF-8'> and week3-roots.pem
Creating connection for 216.239.38.21 using <_io.TextIOWrapper name='logs.json' mode='a' encoding='UTF-8'> and week3-roots.pem
CONNECTION ERROR:  
Creating connection for 99.83.190.102 using <_io.TextIOWrapper name='logs.json' mode='a' encoding='UTF-8'> and week3-roots.pem
CONNECTION ERROR:  
CONNECTION ERROR:  
CONNECTION ERROR:  
CONNECTION ERROR:  
Creating connection for 151.101.1.195 using <_io.TextIOWrapper name='logs.json' mode='a' encoding='UTF-8'> and week3-roots.pem
CONNECTION ERROR:  
Creating connection for 104.26.10.184 using <_io.TextIOWrapper name='logs.json' mode='a' encoding='UTF-8'> and week3-roots.pem
Creating connection for 208.91.197.26 using <_io.TextIOWrapper name='logs.json' mode='a' encoding='UTF-8'> and week3-roots.pem
Creating connection for 212.8.245.252 using <_io.TextIOWrapper name='logs.json' mode='a' encoding='UTF-8'> and week3-roots.pem
CONNECTION ERROR:  
Creating connection for 81.91.86.11 using <_io.TextIOWrapper name='logs.json' mode='a' encoding='UTF-8'> and week3-roots.pem
Creating connection for 83.247.135.202 using <_io.TextIOWrapper name='logs.json' mode='a' encoding='UTF-8'> and week3-roots.pem
Creating connection for 18.205.36.100 using <_io.TextIOWrapper name='logs.json' mode='a' encoding='UTF-8'> and week3-roots.pem
CONNECTION ERROR:  
Creating connection for 94.100.132.27 using <_io.TextIOWrapper name='logs.json' mode='a' encoding='UTF-8'> and week3-roots.pem
CONNECTION ERROR:  
CONNECTION ERROR:  
Creating connection for 98.129.90.235 using <_io.TextIOWrapper name='logs.json' mode='a' encoding='UTF-8'> and week3-roots.pem
Creating connection for 54.172.169.36 using <_io.TextIOWrapper name='logs.json' mode='a' encoding='UTF-8'> and week3-roots.pem
Creating connection for 172.67.222.191 using <_io.TextIOWrapper name='logs.json' mode='a' encoding='UTF-8'> and week3-roots.pem
CONNECTION ERROR:  
CONNECTION ERROR:  
CONNECTION ERROR:  
CONNECTION ERROR:  [Errno 113] No route to host
CONNECTION ERROR:  timed out
Creating connection for 109.106.253.92 using <_io.TextIOWrapper name='logs.json' mode='a' encoding='UTF-8'> and week3-roots.pem
CONNECTION ERROR:  timed out
CONNECTION ERROR:  
CONNECTION ERROR:  
Creating connection for 172.67.75.106 using <_io.TextIOWrapper name='logs.json' mode='a' encoding='UTF-8'> and week3-roots.pem
CONNECTION ERROR:  
CONNECTION ERROR:  
CONNECTION ERROR:  (32, 'EPIPE')
CONNECTION ERROR:  
CONNECTION ERROR:  
Creating connection for 85.13.150.46 using <_io.TextIOWrapper name='logs.json' mode='a' encoding='UTF-8'> and week3-roots.pem
Creating connection for 76.76.21.98 using <_io.TextIOWrapper name='logs.json' mode='a' encoding='UTF-8'> and week3-roots.pem
Creating connection for 52.206.191.232 using <_io.TextIOWrapper name='logs.json' mode='a' encoding='UTF-8'> and week3-roots.pem
Creating connection for 159.89.239.140 using <_io.TextIOWrapper name='logs.json' mode='a' encoding='UTF-8'> and week3-roots.pem
CONNECTION ERROR:  
Creating connection for 104.21.14.48 using <_io.TextIOWrapper name='logs.json' mode='a' encoding='UTF-8'> and week3-roots.pem
Creating connection for 212.129.2.10 using <_io.TextIOWrapper name='logs.json' mode='a' encoding='UTF-8'> and week3-roots.pem
Creating connection for 65.9.86.101 using <_io.TextIOWrapper name='logs.json' mode='a' encoding='UTF-8'> and week3-roots.pem
CONNECTION ERROR:  
Creating connection for 27.125.93.244 using <_io.TextIOWrapper name='logs.json' mode='a' encoding='UTF-8'> and week3-roots.pem
Creating connection for 104.22.72.107 using <_io.TextIOWrapper name='logs.json' mode='a' encoding='UTF-8'> and week3-roots.pem
Creating connection for 183.111.174.94 using <_io.TextIOWrapper name='logs.json' mode='a' encoding='UTF-8'> and week3-roots.pem
CONNECTION ERROR:  
CONNECTION ERROR:  
Creating connection for 44.232.88.137 using <_io.TextIOWrapper name='logs.json' mode='a' encoding='UTF-8'> and week3-roots.pem
Creating connection for 172.67.69.150 using <_io.TextIOWrapper name='logs.json' mode='a' encoding='UTF-8'> and week3-roots.pem
CONNECTION ERROR:  
Creating connection for 65.9.86.103 using <_io.TextIOWrapper name='logs.json' mode='a' encoding='UTF-8'> and week3-roots.pem
CONNECTION ERROR:  
CONNECTION ERROR:  
Creating connection for 147.135.36.165 using <_io.TextIOWrapper name='logs.json' mode='a' encoding='UTF-8'> and week3-roots.pem
Creating connection for 170.249.209.74 using <_io.TextIOWrapper name='logs.json' mode='a' encoding='UTF-8'> and week3-roots.pem
Creating connection for 62.149.183.228 using <_io.TextIOWrapper name='logs.json' mode='a' encoding='UTF-8'> and week3-roots.pem
CONNECTION ERROR:  
CONNECTION ERROR:  
CONNECTION ERROR:  
Creating connection for 216.224.202.70 using <_io.TextIOWrapper name='logs.json' mode='a' encoding='UTF-8'> and week3-roots.pem
Creating connection for 88.99.23.210 using <_io.TextIOWrapper name='logs.json' mode='a' encoding='UTF-8'> and week3-roots.pem
CONNECTION ERROR:  
Creating connection for 172.67.6.222 using <_io.TextIOWrapper name='logs.json' mode='a' encoding='UTF-8'> and week3-roots.pem
CONNECTION ERROR:  
Creating connection for 91.198.92.184 using <_io.TextIOWrapper name='logs.json' mode='a' encoding='UTF-8'> and week3-roots.pem
Creating connection for 188.114.96.3 using <_io.TextIOWrapper name='logs.json' mode='a' encoding='UTF-8'> and week3-roots.pem
CONNECTION ERROR:  
Creating connection for 172.67.173.105 using <_io.TextIOWrapper name='logs.json' mode='a' encoding='UTF-8'> and week3-roots.pem
CONNECTION ERROR:  
Creating connection for 172.67.138.70 using <_io.TextIOWrapper name='logs.json' mode='a' encoding='UTF-8'> and week3-roots.pem
Creating connection for 172.67.166.243 using <_io.TextIOWrapper name='logs.json' mode='a' encoding='UTF-8'> and week3-roots.pem
Creating connection for 65.9.86.19 using <_io.TextIOWrapper name='logs.json' mode='a' encoding='UTF-8'> and week3-roots.pem
Creating connection for 172.67.70.25 using <_io.TextIOWrapper name='logs.json' mode='a' encoding='UTF-8'> and week3-roots.pem
CONNECTION ERROR:  
CONNECTION ERROR:  
Creating connection for 188.120.250.116 using <_io.TextIOWrapper name='logs.json' mode='a' encoding='UTF-8'> and week3-roots.pem
CONNECTION ERROR:  timed out
CONNECTION ERROR:  
CONNECTION ERROR:  
CONNECTION ERROR:  
Creating connection for 172.67.159.226 using <_io.TextIOWrapper name='logs.json' mode='a' encoding='UTF-8'> and week3-roots.pem
CONNECTION ERROR:  
CONNECTION ERROR:  
CONNECTION ERROR:  
Creating connection for 52.41.61.31 using <_io.TextIOWrapper name='logs.json' mode='a' encoding='UTF-8'> and week3-roots.pem
Creating connection for 62.149.128.154 using <_io.TextIOWrapper name='logs.json' mode='a' encoding='UTF-8'> and week3-roots.pem
Creating connection for 104.20.89.163 using <_io.TextIOWrapper name='logs.json' mode='a' encoding='UTF-8'> and week3-roots.pem
Creating connection for 23.236.62.147 using <_io.TextIOWrapper name='logs.json' mode='a' encoding='UTF-8'> and week3-roots.pem
Creating connection for 195.234.160.30 using <_io.TextIOWrapper name='logs.json' mode='a' encoding='UTF-8'> and week3-roots.pem
Creating connection for 5.101.152.161 using <_io.TextIOWrapper name='logs.json' mode='a' encoding='UTF-8'> and week3-roots.pem
CONNECTION ERROR:  
CONNECTION ERROR:  
CONNECTION ERROR:  
CONNECTION ERROR:  
CONNECTION ERROR:  
CONNECTION ERROR:  
CONNECTION ERROR:  timed out
Creating connection for 172.67.208.49 using <_io.TextIOWrapper name='logs.json' mode='a' encoding='UTF-8'> and week3-roots.pem
CONNECTION ERROR:  
CONNECTION ERROR:  
CONNECTION ERROR:  
CONNECTION ERROR:  
CONNECTION ERROR:  
CONNECTION ERROR:  
CONNECTION ERROR:  
Creating connection for 65.9.86.20 using <_io.TextIOWrapper name='logs.json' mode='a' encoding='UTF-8'> and week3-roots.pem
Creating connection for 104.21.8.199 using <_io.TextIOWrapper name='logs.json' mode='a' encoding='UTF-8'> and week3-roots.pem
Creating connection for 104.130.67.190 using <_io.TextIOWrapper name='logs.json' mode='a' encoding='UTF-8'> and week3-roots.pem
Creating connection for 185.195.92.4 using <_io.TextIOWrapper name='logs.json' mode='a' encoding='UTF-8'> and week3-roots.pem
Creating connection for 34.120.144.214 using <_io.TextIOWrapper name='logs.json' mode='a' encoding='UTF-8'> and week3-roots.pem
CONNECTION ERROR:  
Creating connection for 45.33.2.79 using <_io.TextIOWrapper name='logs.json' mode='a' encoding='UTF-8'> and week3-roots.pem
Creating connection for 51.89.237.82 using <_io.TextIOWrapper name='logs.json' mode='a' encoding='UTF-8'> and week3-roots.pem
CONNECTION ERROR:  
CONNECTION ERROR:  
Creating connection for 104.22.22.94 using <_io.TextIOWrapper name='logs.json' mode='a' encoding='UTF-8'> and week3-roots.pem
Creating connection for 85.119.149.179 using <_io.TextIOWrapper name='logs.json' mode='a' encoding='UTF-8'> and week3-roots.pem
Creating connection for 172.67.72.176 using <_io.TextIOWrapper name='logs.json' mode='a' encoding='UTF-8'> and week3-roots.pem
Creating connection for 65.9.86.74 using <_io.TextIOWrapper name='logs.json' mode='a' encoding='UTF-8'> and week3-roots.pem
CONNECTION ERROR:  
CONNECTION ERROR:  
Creating connection for 192.185.101.15 using <_io.TextIOWrapper name='logs.json' mode='a' encoding='UTF-8'> and week3-roots.pem
Creating connection for 77.52.182.98 using <_io.TextIOWrapper name='logs.json' mode='a' encoding='UTF-8'> and week3-roots.pem
CONNECTION ERROR:  
Creating connection for 23.20.73.192 using <_io.TextIOWrapper name='logs.json' mode='a' encoding='UTF-8'> and week3-roots.pem
CONNECTION ERROR:  
CONNECTION ERROR:  
CONNECTION ERROR:  
Creating connection for 104.16.12.194 using <_io.TextIOWrapper name='logs.json' mode='a' encoding='UTF-8'> and week3-roots.pem
Creating connection for 13.238.176.179 using <_io.TextIOWrapper name='logs.json' mode='a' encoding='UTF-8'> and week3-roots.pem
CONNECTION ERROR:  
CONNECTION ERROR:  
Creating connection for 198.54.117.212 using <_io.TextIOWrapper name='logs.json' mode='a' encoding='UTF-8'> and week3-roots.pem
CONNECTION ERROR:  
CONNECTION ERROR:  
Creating connection for 35.209.223.1 using <_io.TextIOWrapper name='logs.json' mode='a' encoding='UTF-8'> and week3-roots.pem
Creating connection for 104.73.141.21 using <_io.TextIOWrapper name='logs.json' mode='a' encoding='UTF-8'> and week3-roots.pem
Creating connection for 104.22.15.227 using <_io.TextIOWrapper name='logs.json' mode='a' encoding='UTF-8'> and week3-roots.pem
Creating connection for 52.89.72.129 using <_io.TextIOWrapper name='logs.json' mode='a' encoding='UTF-8'> and week3-roots.pem
Creating connection for 65.9.86.12 using <_io.TextIOWrapper name='logs.json' mode='a' encoding='UTF-8'> and week3-roots.pem
Creating connection for 5.188.189.103 using <_io.TextIOWrapper name='logs.json' mode='a' encoding='UTF-8'> and week3-roots.pem
CONNECTION ERROR:  
CONNECTION ERROR:  
CONNECTION ERROR:  
CONNECTION ERROR:  
CONNECTION ERROR:  
CONNECTION ERROR:  
Creating connection for 78.135.103.112 using <_io.TextIOWrapper name='logs.json' mode='a' encoding='UTF-8'> and week3-roots.pem
CONNECTION ERROR:  
CONNECTION ERROR:  
Creating connection for 172.67.168.81 using <_io.TextIOWrapper name='logs.json' mode='a' encoding='UTF-8'> and week3-roots.pem
CONNECTION ERROR:  timed out
Creating connection for 223.27.28.111 using <_io.TextIOWrapper name='logs.json' mode='a' encoding='UTF-8'> and week3-roots.pem
CONNECTION ERROR:  timed out
CONNECTION ERROR:  timed out
Creating connection for 208.91.197.130 using <_io.TextIOWrapper name='logs.json' mode='a' encoding='UTF-8'> and week3-roots.pem
Creating connection for 13.59.144.195 using <_io.TextIOWrapper name='logs.json' mode='a' encoding='UTF-8'> and week3-roots.pem
CONNECTION ERROR:  
Creating connection for 94.23.174.84 using <_io.TextIOWrapper name='logs.json' mode='a' encoding='UTF-8'> and week3-roots.pem
Creating connection for 47.106.248.181 using <_io.TextIOWrapper name='logs.json' mode='a' encoding='UTF-8'> and week3-roots.pem
CONNECTION ERROR:  
Creating connection for 192.236.200.34 using <_io.TextIOWrapper name='logs.json' mode='a' encoding='UTF-8'> and week3-roots.pem
Creating connection for 65.9.86.27 using <_io.TextIOWrapper name='logs.json' mode='a' encoding='UTF-8'> and week3-roots.pem
CONNECTION ERROR:  
CONNECTION ERROR:  
CONNECTION ERROR:  
Creating connection for 65.9.86.33 using <_io.TextIOWrapper name='logs.json' mode='a' encoding='UTF-8'> and week3-roots.pem
Creating connection for 168.200.5.63 using <_io.TextIOWrapper name='logs.json' mode='a' encoding='UTF-8'> and week3-roots.pem
Creating connection for 104.21.27.7 using <_io.TextIOWrapper name='logs.json' mode='a' encoding='UTF-8'> and week3-roots.pem
CONNECTION ERROR:  timed out
Creating connection for 150.95.55.37 using <_io.TextIOWrapper name='logs.json' mode='a' encoding='UTF-8'> and week3-roots.pem
CONNECTION ERROR:  timed out
CONNECTION ERROR:  
Creating connection for 34.253.101.190 using <_io.TextIOWrapper name='logs.json' mode='a' encoding='UTF-8'> and week3-roots.pem
CONNECTION ERROR:  
CONNECTION ERROR:  [Errno 111] Connection refused
Creating connection for 104.21.234.10 using <_io.TextIOWrapper name='logs.json' mode='a' encoding='UTF-8'> and week3-roots.pem
CONNECTION ERROR:  
CONNECTION ERROR:  (32, 'EPIPE')
CONNECTION ERROR:  
Creating connection for 209.151.154.77 using <_io.TextIOWrapper name='logs.json' mode='a' encoding='UTF-8'> and week3-roots.pem
Creating connection for 172.67.183.62 using <_io.TextIOWrapper name='logs.json' mode='a' encoding='UTF-8'> and week3-roots.pem
CONNECTION ERROR:  
CONNECTION ERROR:  
Creating connection for 172.67.176.25 using <_io.TextIOWrapper name='logs.json' mode='a' encoding='UTF-8'> and week3-roots.pem
Creating connection for 197.159.70.81 using <_io.TextIOWrapper name='logs.json' mode='a' encoding='UTF-8'> and week3-roots.pem
Creating connection for 198.54.117.212 using <_io.TextIOWrapper name='logs.json' mode='a' encoding='UTF-8'> and week3-roots.pem
Creating connection for 104.21.12.51 using <_io.TextIOWrapper name='logs.json' mode='a' encoding='UTF-8'> and week3-roots.pem
CONNECTION ERROR:  
Creating connection for 195.85.215.215 using <_io.TextIOWrapper name='logs.json' mode='a' encoding='UTF-8'> and week3-roots.pem
Creating connection for 172.67.211.36 using <_io.TextIOWrapper name='logs.json' mode='a' encoding='UTF-8'> and week3-roots.pem
Creating connection for 104.21.42.81 using <_io.TextIOWrapper name='logs.json' mode='a' encoding='UTF-8'> and week3-roots.pem
CONNECTION ERROR:  
CONNECTION ERROR:  
Creating connection for 173.44.46.16 using <_io.TextIOWrapper name='logs.json' mode='a' encoding='UTF-8'> and week3-roots.pem
CONNECTION ERROR:  
Creating connection for 104.21.38.228 using <_io.TextIOWrapper name='logs.json' mode='a' encoding='UTF-8'> and week3-roots.pem
Creating connection for 178.176.43.169 using <_io.TextIOWrapper name='logs.json' mode='a' encoding='UTF-8'> and week3-roots.pem
CONNECTION ERROR:  
Creating connection for 185.143.234.120 using <_io.TextIOWrapper name='logs.json' mode='a' encoding='UTF-8'> and week3-roots.pem
CONNECTION ERROR:  timed out
CONNECTION ERROR:  
CONNECTION ERROR:  
CONNECTION ERROR:  
CONNECTION ERROR:  
Creating connection for 172.67.7.11 using <_io.TextIOWrapper name='logs.json' mode='a' encoding='UTF-8'> and week3-roots.pem
CONNECTION ERROR:  
Creating connection for 52.0.131.136 using <_io.TextIOWrapper name='logs.json' mode='a' encoding='UTF-8'> and week3-roots.pem
CONNECTION ERROR:  
CONNECTION ERROR:  
CONNECTION ERROR:  timed out
CONNECTION ERROR:  
Creating connection for 216.239.38.21 using <_io.TextIOWrapper name='logs.json' mode='a' encoding='UTF-8'> and week3-roots.pem
Creating connection for 172.67.68.49 using <_io.TextIOWrapper name='logs.json' mode='a' encoding='UTF-8'> and week3-roots.pem
Creating connection for 151.101.130.132 using <_io.TextIOWrapper name='logs.json' mode='a' encoding='UTF-8'> and week3-roots.pem
Creating connection for 172.67.178.222 using <_io.TextIOWrapper name='logs.json' mode='a' encoding='UTF-8'> and week3-roots.pem
Creating connection for 188.114.97.3 using <_io.TextIOWrapper name='logs.json' mode='a' encoding='UTF-8'> and week3-roots.pem
CONNECTION ERROR:  
Creating connection for 65.9.86.35 using <_io.TextIOWrapper name='logs.json' mode='a' encoding='UTF-8'> and week3-roots.pem
CONNECTION ERROR:  [Errno 111] Connection refused
CONNECTION ERROR:  
Creating connection for 208.91.60.54 using <_io.TextIOWrapper name='logs.json' mode='a' encoding='UTF-8'> and week3-roots.pem
CONNECTION ERROR:  (32, 'EPIPE')
CONNECTION ERROR:  timed out
CONNECTION ERROR:  
Creating connection for 104.21.32.201 using <_io.TextIOWrapper name='logs.json' mode='a' encoding='UTF-8'> and week3-roots.pem
CONNECTION ERROR:  
CONNECTION ERROR:  
Creating connection for 210.90.109.30 using <_io.TextIOWrapper name='logs.json' mode='a' encoding='UTF-8'> and week3-roots.pem
CONNECTION ERROR:  
CONNECTION ERROR:  
CONNECTION ERROR:  
CONNECTION ERROR:  
Creating connection for 67.192.3.54 using <_io.TextIOWrapper name='logs.json' mode='a' encoding='UTF-8'> and week3-roots.pem
Creating connection for 65.9.86.51 using <_io.TextIOWrapper name='logs.json' mode='a' encoding='UTF-8'> and week3-roots.pem
CONNECTION ERROR:  
Creating connection for 162.0.229.9 using <_io.TextIOWrapper name='logs.json' mode='a' encoding='UTF-8'> and week3-roots.pem
CONNECTION ERROR:  
Creating connection for 188.114.97.12 using <_io.TextIOWrapper name='logs.json' mode='a' encoding='UTF-8'> and week3-roots.pem
Creating connection for 172.67.173.36 using <_io.TextIOWrapper name='logs.json' mode='a' encoding='UTF-8'> and week3-roots.pem
Creating connection for 134.119.0.193 using <_io.TextIOWrapper name='logs.json' mode='a' encoding='UTF-8'> and week3-roots.pem
CONNECTION ERROR:  
Creating connection for 192.104.183.109 using <_io.TextIOWrapper name='logs.json' mode='a' encoding='UTF-8'> and week3-roots.pem
CONNECTION ERROR:  
CONNECTION ERROR:  
Creating connection for 35.190.16.47 using <_io.TextIOWrapper name='logs.json' mode='a' encoding='UTF-8'> and week3-roots.pem
CONNECTION ERROR:  
Creating connection for 188.225.17.145 using <_io.TextIOWrapper name='logs.json' mode='a' encoding='UTF-8'> and week3-roots.pem
CONNECTION ERROR:  
CONNECTION ERROR:  
Creating connection for 88.150.141.155 using <_io.TextIOWrapper name='logs.json' mode='a' encoding='UTF-8'> and week3-roots.pem
CONNECTION ERROR:  
CONNECTION ERROR:  
Creating connection for 194.88.154.185 using <_io.TextIOWrapper name='logs.json' mode='a' encoding='UTF-8'> and week3-roots.pem
Creating connection for 62.113.98.211 using <_io.TextIOWrapper name='logs.json' mode='a' encoding='UTF-8'> and week3-roots.pem
CONNECTION ERROR:  [Errno 111] Connection refused
CONNECTION ERROR:  
Creating connection for 5.45.74.108 using <_io.TextIOWrapper name='logs.json' mode='a' encoding='UTF-8'> and week3-roots.pem
Creating connection for 141.193.213.11 using <_io.TextIOWrapper name='logs.json' mode='a' encoding='UTF-8'> and week3-roots.pem
Creating connection for 141.193.213.11 using <_io.TextIOWrapper name='logs.json' mode='a' encoding='UTF-8'> and week3-roots.pem
Creating connection for 52.215.174.180 using <_io.TextIOWrapper name='logs.json' mode='a' encoding='UTF-8'> and week3-roots.pem
Creating connection for 76.76.21.164 using <_io.TextIOWrapper name='logs.json' mode='a' encoding='UTF-8'> and week3-roots.pem
CONNECTION ERROR:  
CONNECTION ERROR:  timed out
CONNECTION ERROR:  
CONNECTION ERROR:  (32, 'EPIPE')
Creating connection for 203.24.108.215 using <_io.TextIOWrapper name='logs.json' mode='a' encoding='UTF-8'> and week3-roots.pem
Creating connection for 176.99.11.167 using <_io.TextIOWrapper name='logs.json' mode='a' encoding='UTF-8'> and week3-roots.pem
CONNECTION ERROR:  
CONNECTION ERROR:  
CONNECTION ERROR:  timed out
CONNECTION ERROR:  
Creating connection for 194.40.217.52 using <_io.TextIOWrapper name='logs.json' mode='a' encoding='UTF-8'> and week3-roots.pem
Creating connection for 185.199.111.153 using <_io.TextIOWrapper name='logs.json' mode='a' encoding='UTF-8'> and week3-roots.pem
CONNECTION ERROR:  
CONNECTION ERROR:  
CONNECTION ERROR:  [Errno 111] Connection refused
Creating connection for 47.110.229.162 using <_io.TextIOWrapper name='logs.json' mode='a' encoding='UTF-8'> and week3-roots.pem
Creating connection for 104.18.29.125 using <_io.TextIOWrapper name='logs.json' mode='a' encoding='UTF-8'> and week3-roots.pem
Creating connection for 157.56.160.177 using <_io.TextIOWrapper name='logs.json' mode='a' encoding='UTF-8'> and week3-roots.pem
CONNECTION ERROR:  (32, 'EPIPE')
Creating connection for 3.64.163.50 using <_io.TextIOWrapper name='logs.json' mode='a' encoding='UTF-8'> and week3-roots.pem
CONNECTION ERROR:  
CONNECTION ERROR:  
Creating connection for 193.233.15.192 using <_io.TextIOWrapper name='logs.json' mode='a' encoding='UTF-8'> and week3-roots.pem
CONNECTION ERROR:  
Creating connection for 188.114.97.2 using <_io.TextIOWrapper name='logs.json' mode='a' encoding='UTF-8'> and week3-roots.pem
CONNECTION ERROR:  timed out
Creating connection for 192.185.5.174 using <_io.TextIOWrapper name='logs.json' mode='a' encoding='UTF-8'> and week3-roots.pem
CONNECTION ERROR:  
CONNECTION ERROR:  
CONNECTION ERROR:  
CONNECTION ERROR:  
CONNECTION ERROR:  
CONNECTION ERROR:  
CONNECTION ERROR:  
Creating connection for 37.252.185.160 using <_io.TextIOWrapper name='logs.json' mode='a' encoding='UTF-8'> and week3-roots.pem
Creating connection for 109.237.131.141 using <_io.TextIOWrapper name='logs.json' mode='a' encoding='UTF-8'> and week3-roots.pem
CONNECTION ERROR:  
Creating connection for 13.248.206.15 using <_io.TextIOWrapper name='logs.json' mode='a' encoding='UTF-8'> and week3-roots.pemCONNECTION ERROR:  timed out

Creating connection for 192.124.249.9 using <_io.TextIOWrapper name='logs.json' mode='a' encoding='UTF-8'> and week3-roots.pem
Creating connection for 141.101.239.211 using <_io.TextIOWrapper name='logs.json' mode='a' encoding='UTF-8'> and week3-roots.pem
CONNECTION ERROR:  
CONNECTION ERROR:  
Creating connection for 194.135.87.107 using <_io.TextIOWrapper name='logs.json' mode='a' encoding='UTF-8'> and week3-roots.pem
Creating connection for 188.114.97.3 using <_io.TextIOWrapper name='logs.json' mode='a' encoding='UTF-8'> and week3-roots.pem
Creating connection for 91.228.115.10 using <_io.TextIOWrapper name='logs.json' mode='a' encoding='UTF-8'> and week3-roots.pem
Creating connection for 172.67.145.177 using <_io.TextIOWrapper name='logs.json' mode='a' encoding='UTF-8'> and week3-roots.pem
CONNECTION ERROR:  
CONNECTION ERROR:  timed out
CONNECTION ERROR:  
CONNECTION ERROR:  
CONNECTION ERROR:  
Creating connection for 104.26.5.6 using <_io.TextIOWrapper name='logs.json' mode='a' encoding='UTF-8'> and week3-roots.pem
Creating connection for 63.34.118.209 using <_io.TextIOWrapper name='logs.json' mode='a' encoding='UTF-8'> and week3-roots.pem
CONNECTION ERROR:  
Creating connection for 104.26.4.17 using <_io.TextIOWrapper name='logs.json' mode='a' encoding='UTF-8'> and week3-roots.pem
CONNECTION ERROR:  
CONNECTION ERROR:  
Creating connection for 172.67.160.159 using <_io.TextIOWrapper name='logs.json' mode='a' encoding='UTF-8'> and week3-roots.pem
Creating connection for 62.122.171.6 using <_io.TextIOWrapper name='logs.json' mode='a' encoding='UTF-8'> and week3-roots.pem
CONNECTION ERROR:  
CONNECTION ERROR:  
Creating connection for 104.21.39.57 using <_io.TextIOWrapper name='logs.json' mode='a' encoding='UTF-8'> and week3-roots.pem
CONNECTION ERROR:  
Creating connection for 45.76.211.39 using <_io.TextIOWrapper name='logs.json' mode='a' encoding='UTF-8'> and week3-roots.pem
CONNECTION ERROR:  
CONNECTION ERROR:  
Creating connection for 65.9.86.23 using <_io.TextIOWrapper name='logs.json' mode='a' encoding='UTF-8'> and week3-roots.pem
Creating connection for 104.26.3.64 using <_io.TextIOWrapper name='logs.json' mode='a' encoding='UTF-8'> and week3-roots.pem
CONNECTION ERROR:  
Creating connection for 59.106.63.150 using <_io.TextIOWrapper name='logs.json' mode='a' encoding='UTF-8'> and week3-roots.pem
CONNECTION ERROR:  
Creating connection for 104.154.52.255 using <_io.TextIOWrapper name='logs.json' mode='a' encoding='UTF-8'> and week3-roots.pem
CONNECTION ERROR:  timed out
Creating connection for 172.67.96.230 using <_io.TextIOWrapper name='logs.json' mode='a' encoding='UTF-8'> and week3-roots.pem
CONNECTION ERROR:  
Creating connection for 172.67.71.184 using <_io.TextIOWrapper name='logs.json' mode='a' encoding='UTF-8'> and week3-roots.pem
CONNECTION ERROR:  
CONNECTION ERROR:  
CONNECTION ERROR:  
CONNECTION ERROR:  
CONNECTION ERROR:  
CONNECTION ERROR:  
CONNECTION ERROR:  
Creating connection for 104.18.14.184 using <_io.TextIOWrapper name='logs.json' mode='a' encoding='UTF-8'> and week3-roots.pem
CONNECTION ERROR:  
Creating connection for 203.18.34.40 using <_io.TextIOWrapper name='logs.json' mode='a' encoding='UTF-8'> and week3-roots.pem
CONNECTION ERROR:  
Creating connection for 68.183.139.144 using <_io.TextIOWrapper name='logs.json' mode='a' encoding='UTF-8'> and week3-roots.pem
Creating connection for 58.216.101.83 using <_io.TextIOWrapper name='logs.json' mode='a' encoding='UTF-8'> and week3-roots.pem
Creating connection for 185.76.10.12 using <_io.TextIOWrapper name='logs.json' mode='a' encoding='UTF-8'> and week3-roots.pem
Creating connection for 35.169.44.192 using <_io.TextIOWrapper name='logs.json' mode='a' encoding='UTF-8'> and week3-roots.pem
Creating connection for 208.109.22.165 using <_io.TextIOWrapper name='logs.json' mode='a' encoding='UTF-8'> and week3-roots.pem
CONNECTION ERROR:  
CONNECTION ERROR:  
CONNECTION ERROR:  
CONNECTION ERROR:  
CONNECTION ERROR:  
CONNECTION ERROR:  timed out
CONNECTION ERROR:  
CONNECTION ERROR:  
CONNECTION ERROR:  
Creating connection for 193.233.202.191 using <_io.TextIOWrapper name='logs.json' mode='a' encoding='UTF-8'> and week3-roots.pem
CONNECTION ERROR:  
CONNECTION ERROR:  
CONNECTION ERROR:  
CONNECTION ERROR:  
CONNECTION ERROR:  
Creating connection for 162.0.209.181 using <_io.TextIOWrapper name='logs.json' mode='a' encoding='UTF-8'> and week3-roots.pem
CONNECTION ERROR:  
Creating connection for 104.22.40.222 using <_io.TextIOWrapper name='logs.json' mode='a' encoding='UTF-8'> and week3-roots.pem
Creating connection for 217.70.184.56 using <_io.TextIOWrapper name='logs.json' mode='a' encoding='UTF-8'> and week3-roots.pem
Creating connection for 65.9.86.34 using <_io.TextIOWrapper name='logs.json' mode='a' encoding='UTF-8'> and week3-roots.pem
Creating connection for 46.182.182.25 using <_io.TextIOWrapper name='logs.json' mode='a' encoding='UTF-8'> and week3-roots.pem
Creating connection for 107.23.211.62 using <_io.TextIOWrapper name='logs.json' mode='a' encoding='UTF-8'> and week3-roots.pem
CONNECTION ERROR:  
Creating connection for 185.151.30.137 using <_io.TextIOWrapper name='logs.json' mode='a' encoding='UTF-8'> and week3-roots.pem
Creating connection for 104.18.25.133 using <_io.TextIOWrapper name='logs.json' mode='a' encoding='UTF-8'> and week3-roots.pem
Creating connection for 3.230.229.214 using <_io.TextIOWrapper name='logs.json' mode='a' encoding='UTF-8'> and week3-roots.pem
Creating connection for 50.112.208.116 using <_io.TextIOWrapper name='logs.json' mode='a' encoding='UTF-8'> and week3-roots.pem
CONNECTION ERROR:  
CONNECTION ERROR:  
CONNECTION ERROR:  
CONNECTION ERROR:  
CONNECTION ERROR:  
Creating connection for 103.4.188.86 using <_io.TextIOWrapper name='logs.json' mode='a' encoding='UTF-8'> and week3-roots.pem
Creating connection for 213.95.207.103 using <_io.TextIOWrapper name='logs.json' mode='a' encoding='UTF-8'> and week3-roots.pem
Creating connection for 144.91.88.248 using <_io.TextIOWrapper name='logs.json' mode='a' encoding='UTF-8'> and week3-roots.pem
Creating connection for 18.153.5.137 using <_io.TextIOWrapper name='logs.json' mode='a' encoding='UTF-8'> and week3-roots.pem
CONNECTION ERROR:  
Creating connection for 104.21.6.33 using <_io.TextIOWrapper name='logs.json' mode='a' encoding='UTF-8'> and week3-roots.pem
Creating connection for 188.114.97.3 using <_io.TextIOWrapper name='logs.json' mode='a' encoding='UTF-8'> and week3-roots.pem
Creating connection for 107.6.74.76 using <_io.TextIOWrapper name='logs.json' mode='a' encoding='UTF-8'> and week3-roots.pem
CONNECTION ERROR:  
CONNECTION ERROR:  
CONNECTION ERROR:  
Creating connection for 104.21.86.241 using <_io.TextIOWrapper name='logs.json' mode='a' encoding='UTF-8'> and week3-roots.pem
CONNECTION ERROR:  
CONNECTION ERROR:  
CONNECTION ERROR:  
CONNECTION ERROR:  
CONNECTION ERROR:  
CONNECTION ERROR:  
CONNECTION ERROR:  
CONNECTION ERROR:  
CONNECTION ERROR:  
CONNECTION ERROR:  
CONNECTION ERROR:  
CONNECTION ERROR:  
Creating connection for 119.23.94.234 using <_io.TextIOWrapper name='logs.json' mode='a' encoding='UTF-8'> and week3-roots.pem
CONNECTION ERROR:  
Creating connection for 216.239.34.21 using <_io.TextIOWrapper name='logs.json' mode='a' encoding='UTF-8'> and week3-roots.pem
CONNECTION ERROR:  
CONNECTION ERROR:  
Creating connection for 165.22.218.211 using <_io.TextIOWrapper name='logs.json' mode='a' encoding='UTF-8'> and week3-roots.pem
Creating connection for 141.95.73.18 using <_io.TextIOWrapper name='logs.json' mode='a' encoding='UTF-8'> and week3-roots.pem
CONNECTION ERROR:  
Creating connection for 172.66.43.153 using <_io.TextIOWrapper name='logs.json' mode='a' encoding='UTF-8'> and week3-roots.pem
CONNECTION ERROR:  timed out
Creating connection for 104.21.6.210 using <_io.TextIOWrapper name='logs.json' mode='a' encoding='UTF-8'> and week3-roots.pem
Creating connection for 54.161.241.46 using <_io.TextIOWrapper name='logs.json' mode='a' encoding='UTF-8'> and week3-roots.pem
CONNECTION ERROR:  
Creating connection for 65.9.86.35 using <_io.TextIOWrapper name='logs.json' mode='a' encoding='UTF-8'> and week3-roots.pem
CONNECTION ERROR:  
Creating connection for 185.151.30.163 using <_io.TextIOWrapper name='logs.json' mode='a' encoding='UTF-8'> and week3-roots.pem
CONNECTION ERROR:  
CONNECTION ERROR:  
CONNECTION ERROR:  
Creating connection for 13.80.248.238 using <_io.TextIOWrapper name='logs.json' mode='a' encoding='UTF-8'> and week3-roots.pem
Creating connection for 83.69.207.85 using <_io.TextIOWrapper name='logs.json' mode='a' encoding='UTF-8'> and week3-roots.pem
Creating connection for 104.21.44.145 using <_io.TextIOWrapper name='logs.json' mode='a' encoding='UTF-8'> and week3-roots.pem
Creating connection for 134.209.47.142 using <_io.TextIOWrapper name='logs.json' mode='a' encoding='UTF-8'> and week3-roots.pem
CONNECTION ERROR:  
Creating connection for 172.67.68.44 using <_io.TextIOWrapper name='logs.json' mode='a' encoding='UTF-8'> and week3-roots.pem
Creating connection for 185.230.63.171 using <_io.TextIOWrapper name='logs.json' mode='a' encoding='UTF-8'> and week3-roots.pem
Creating connection for 103.11.40.101 using <_io.TextIOWrapper name='logs.json' mode='a' encoding='UTF-8'> and week3-roots.pem
Creating connection for 172.67.191.50 using <_io.TextIOWrapper name='logs.json' mode='a' encoding='UTF-8'> and week3-roots.pem
Creating connection for 51.83.73.108 using <_io.TextIOWrapper name='logs.json' mode='a' encoding='UTF-8'> and week3-roots.pem
Creating connection for 35.208.132.10 using <_io.TextIOWrapper name='logs.json' mode='a' encoding='UTF-8'> and week3-roots.pem
CONNECTION ERROR:  [Errno 111] Connection refused
CONNECTION ERROR:  
CONNECTION ERROR:  (32, 'EPIPE')
Creating connection for 3.73.114.146 using <_io.TextIOWrapper name='logs.json' mode='a' encoding='UTF-8'> and week3-roots.pem
Creating connection for 185.61.153.117 using <_io.TextIOWrapper name='logs.json' mode='a' encoding='UTF-8'> and week3-roots.pem
Creating connection for 65.9.86.14 using <_io.TextIOWrapper name='logs.json' mode='a' encoding='UTF-8'> and week3-roots.pem
CONNECTION ERROR:  
Creating connection for 172.67.165.90 using <_io.TextIOWrapper name='logs.json' mode='a' encoding='UTF-8'> and week3-roots.pem
CONNECTION ERROR:  
CONNECTION ERROR:  
CONNECTION ERROR:  
CONNECTION ERROR:  
CONNECTION ERROR:  
Creating connection for 104.22.42.121 using <_io.TextIOWrapper name='logs.json' mode='a' encoding='UTF-8'> and week3-roots.pem
CONNECTION ERROR:  
Creating connection for 47.246.48.224 using <_io.TextIOWrapper name='logs.json' mode='a' encoding='UTF-8'> and week3-roots.pem
Creating connection for 31.220.123.188 using <_io.TextIOWrapper name='logs.json' mode='a' encoding='UTF-8'> and week3-roots.pem
CONNECTION ERROR:  
CONNECTION ERROR:  
Creating connection for 104.21.78.101 using <_io.TextIOWrapper name='logs.json' mode='a' encoding='UTF-8'> and week3-roots.pem
Creating connection for 94.131.255.2 using <_io.TextIOWrapper name='logs.json' mode='a' encoding='UTF-8'> and week3-roots.pem
Creating connection for 116.251.205.20 using <_io.TextIOWrapper name='logs.json' mode='a' encoding='UTF-8'> and week3-roots.pem
Creating connection for 172.67.191.252 using <_io.TextIOWrapper name='logs.json' mode='a' encoding='UTF-8'> and week3-roots.pem
CONNECTION ERROR:  
Creating connection for 65.9.86.12 using <_io.TextIOWrapper name='logs.json' mode='a' encoding='UTF-8'> and week3-roots.pem
CONNECTION ERROR:  
Creating connection for 188.114.96.2 using <_io.TextIOWrapper name='logs.json' mode='a' encoding='UTF-8'> and week3-roots.pem
Creating connection for 42.4.53.189 using <_io.TextIOWrapper name='logs.json' mode='a' encoding='UTF-8'> and week3-roots.pem
Creating connection for 91.200.40.23 using <_io.TextIOWrapper name='logs.json' mode='a' encoding='UTF-8'> and week3-roots.pem
Creating connection for 35.197.62.235 using <_io.TextIOWrapper name='logs.json' mode='a' encoding='UTF-8'> and week3-roots.pem
CONNECTION ERROR:  
CONNECTION ERROR:  
CONNECTION ERROR:  
Creating connection for 104.26.7.75 using <_io.TextIOWrapper name='logs.json' mode='a' encoding='UTF-8'> and week3-roots.pem
CONNECTION ERROR:  
CONNECTION ERROR:  
Creating connection for 104.26.9.213 using <_io.TextIOWrapper name='logs.json' mode='a' encoding='UTF-8'> and week3-roots.pem
CONNECTION ERROR:  
CONNECTION ERROR:  
CONNECTION ERROR:  
Creating connection for 217.114.85.70 using <_io.TextIOWrapper name='logs.json' mode='a' encoding='UTF-8'> and week3-roots.pem
CONNECTION ERROR:  
CONNECTION ERROR:  
CONNECTION ERROR:  [Errno 111] Connection refused
CONNECTION ERROR:  
CONNECTION ERROR:  (32, 'EPIPE')
CONNECTION ERROR:  
Creating connection for 172.66.43.4 using <_io.TextIOWrapper name='logs.json' mode='a' encoding='UTF-8'> and week3-roots.pem
Creating connection for 103.224.182.210 using <_io.TextIOWrapper name='logs.json' mode='a' encoding='UTF-8'> and week3-roots.pem
Creating connection for 52.50.75.101 using <_io.TextIOWrapper name='logs.json' mode='a' encoding='UTF-8'> and week3-roots.pem
Creating connection for 65.9.86.119 using <_io.TextIOWrapper name='logs.json' mode='a' encoding='UTF-8'> and week3-roots.pem
Creating connection for 65.9.86.56 using <_io.TextIOWrapper name='logs.json' mode='a' encoding='UTF-8'> and week3-roots.pem
CONNECTION ERROR:  
Creating connection for 172.67.159.1 using <_io.TextIOWrapper name='logs.json' mode='a' encoding='UTF-8'> and week3-roots.pem
Creating connection for 172.67.174.253 using <_io.TextIOWrapper name='logs.json' mode='a' encoding='UTF-8'> and week3-roots.pem
CONNECTION ERROR:  timed out
CONNECTION ERROR:  
Creating connection for 169.60.129.70 using <_io.TextIOWrapper name='logs.json' mode='a' encoding='UTF-8'> and week3-roots.pem
Creating connection for 207.7.80.40 using <_io.TextIOWrapper name='logs.json' mode='a' encoding='UTF-8'> and week3-roots.pem
CONNECTION ERROR:  
CONNECTION ERROR:  
Creating connection for 104.21.35.235 using <_io.TextIOWrapper name='logs.json' mode='a' encoding='UTF-8'> and week3-roots.pem
Creating connection for 145.236.99.2 using <_io.TextIOWrapper name='logs.json' mode='a' encoding='UTF-8'> and week3-roots.pem
Creating connection for 151.139.128.10 using <_io.TextIOWrapper name='logs.json' mode='a' encoding='UTF-8'> and week3-roots.pem
CONNECTION ERROR:  
Creating connection for 52.6.76.151 using <_io.TextIOWrapper name='logs.json' mode='a' encoding='UTF-8'> and week3-roots.pem
CONNECTION ERROR:  timed out
CONNECTION ERROR:  
CONNECTION ERROR:  
CONNECTION ERROR:  
Creating connection for 54.153.31.21 using <_io.TextIOWrapper name='logs.json' mode='a' encoding='UTF-8'> and week3-roots.pem
CONNECTION ERROR:  
Creating connection for 185.183.56.150 using <_io.TextIOWrapper name='logs.json' mode='a' encoding='UTF-8'> and week3-roots.pem
Creating connection for 213.196.235.21 using <_io.TextIOWrapper name='logs.json' mode='a' encoding='UTF-8'> and week3-roots.pem
CONNECTION ERROR:  
CONNECTION ERROR:  
Creating connection for 198.252.105.90 using <_io.TextIOWrapper name='logs.json' mode='a' encoding='UTF-8'> and week3-roots.pem
Creating connection for 34.225.49.104 using <_io.TextIOWrapper name='logs.json' mode='a' encoding='UTF-8'> and week3-roots.pem
Creating connection for 104.21.23.224 using <_io.TextIOWrapper name='logs.json' mode='a' encoding='UTF-8'> and week3-roots.pem
Creating connection for 93.126.3.98 using <_io.TextIOWrapper name='logs.json' mode='a' encoding='UTF-8'> and week3-roots.pem
Creating connection for 223.25.232.2 using <_io.TextIOWrapper name='logs.json' mode='a' encoding='UTF-8'> and week3-roots.pem
Creating connection for 151.101.0.239 using <_io.TextIOWrapper name='logs.json' mode='a' encoding='UTF-8'> and week3-roots.pem
CONNECTION ERROR:  
Creating connection for 75.2.118.107 using <_io.TextIOWrapper name='logs.json' mode='a' encoding='UTF-8'> and week3-roots.pem
Creating connection for 116.203.93.228 using <_io.TextIOWrapper name='logs.json' mode='a' encoding='UTF-8'> and week3-roots.pem
CONNECTION ERROR:  
CONNECTION ERROR:  
CONNECTION ERROR:  
CONNECTION ERROR:  
CONNECTION ERROR:  
Creating connection for 198.54.117.210 using <_io.TextIOWrapper name='logs.json' mode='a' encoding='UTF-8'> and week3-roots.pem
CONNECTION ERROR:  
CONNECTION ERROR:  
Creating connection for 160.153.131.140 using <_io.TextIOWrapper name='logs.json' mode='a' encoding='UTF-8'> and week3-roots.pem
Creating connection for 65.9.86.62 using <_io.TextIOWrapper name='logs.json' mode='a' encoding='UTF-8'> and week3-roots.pem
CONNECTION ERROR:  
Creating connection for 151.101.129.124 using <_io.TextIOWrapper name='logs.json' mode='a' encoding='UTF-8'> and week3-roots.pem
CONNECTION ERROR:  
CONNECTION ERROR:  
CONNECTION ERROR:  timed out
Creating connection for 172.67.205.9 using <_io.TextIOWrapper name='logs.json' mode='a' encoding='UTF-8'> and week3-roots.pem
Creating connection for 104.18.126.68 using <_io.TextIOWrapper name='logs.json' mode='a' encoding='UTF-8'> and week3-roots.pem
CONNECTION ERROR:  
Creating connection for 65.9.86.2 using <_io.TextIOWrapper name='logs.json' mode='a' encoding='UTF-8'> and week3-roots.pem
CONNECTION ERROR:  
Creating connection for 198.49.23.144 using <_io.TextIOWrapper name='logs.json' mode='a' encoding='UTF-8'> and week3-roots.pem
Creating connection for 20.84.181.62 using <_io.TextIOWrapper name='logs.json' mode='a' encoding='UTF-8'> and week3-roots.pem
Creating connection for 141.193.213.21 using <_io.TextIOWrapper name='logs.json' mode='a' encoding='UTF-8'> and week3-roots.pem
Creating connection for 95.56.227.243 using <_io.TextIOWrapper name='logs.json' mode='a' encoding='UTF-8'> and week3-roots.pem
CONNECTION ERROR:  
CONNECTION ERROR:  
CONNECTION ERROR:  
CONNECTION ERROR:  
CONNECTION ERROR:  
CONNECTION ERROR:  
CONNECTION ERROR:  
Creating connection for 23.227.38.65 using <_io.TextIOWrapper name='logs.json' mode='a' encoding='UTF-8'> and week3-roots.pem
CONNECTION ERROR:  
CONNECTION ERROR:  
Creating connection for 63.141.128.21 using <_io.TextIOWrapper name='logs.json' mode='a' encoding='UTF-8'> and week3-roots.pem
CONNECTION ERROR:  
CONNECTION ERROR:  
CONNECTION ERROR:  
CONNECTION ERROR:  
CONNECTION ERROR:  
CONNECTION ERROR:  
Creating connection for 159.203.170.52 using <_io.TextIOWrapper name='logs.json' mode='a' encoding='UTF-8'> and week3-roots.pem
Creating connection for 172.67.196.239 using <_io.TextIOWrapper name='logs.json' mode='a' encoding='UTF-8'> and week3-roots.pem
Creating connection for 5.101.152.6 using <_io.TextIOWrapper name='logs.json' mode='a' encoding='UTF-8'> and week3-roots.pem
Creating connection for 31.192.212.135 using <_io.TextIOWrapper name='logs.json' mode='a' encoding='UTF-8'> and week3-roots.pem
Creating connection for 54.91.108.129 using <_io.TextIOWrapper name='logs.json' mode='a' encoding='UTF-8'> and week3-roots.pem
Creating connection for 172.66.40.96 using <_io.TextIOWrapper name='logs.json' mode='a' encoding='UTF-8'> and week3-roots.pem
Creating connection for 209.99.40.222 using <_io.TextIOWrapper name='logs.json' mode='a' encoding='UTF-8'> and week3-roots.pem
CONNECTION ERROR:  
CONNECTION ERROR:  
Creating connection for 138.68.117.192 using <_io.TextIOWrapper name='logs.json' mode='a' encoding='UTF-8'> and week3-roots.pem
Creating connection for 91.207.60.11 using <_io.TextIOWrapper name='logs.json' mode='a' encoding='UTF-8'> and week3-roots.pem
CONNECTION ERROR:  
CONNECTION ERROR:  
Creating connection for 104.26.7.32 using <_io.TextIOWrapper name='logs.json' mode='a' encoding='UTF-8'> and week3-roots.pem
CONNECTION ERROR:  
CONNECTION ERROR:  
CONNECTION ERROR:  
Creating connection for 52.58.119.154 using <_io.TextIOWrapper name='logs.json' mode='a' encoding='UTF-8'> and week3-roots.pem
Creating connection for 104.21.50.163 using <_io.TextIOWrapper name='logs.json' mode='a' encoding='UTF-8'> and week3-roots.pem
Creating connection for 136.243.25.10 using <_io.TextIOWrapper name='logs.json' mode='a' encoding='UTF-8'> and week3-roots.pem
Creating connection for 193.233.15.192 using <_io.TextIOWrapper name='logs.json' mode='a' encoding='UTF-8'> and week3-roots.pem
Creating connection for 141.8.194.42 using <_io.TextIOWrapper name='logs.json' mode='a' encoding='UTF-8'> and week3-roots.pem
Creating connection for 172.67.15.97 using <_io.TextIOWrapper name='logs.json' mode='a' encoding='UTF-8'> and week3-roots.pem
CONNECTION ERROR:  
Creating connection for 104.22.23.162 using <_io.TextIOWrapper name='logs.json' mode='a' encoding='UTF-8'> and week3-roots.pem
CONNECTION ERROR:  
Creating connection for 185.129.169.136 using <_io.TextIOWrapper name='logs.json' mode='a' encoding='UTF-8'> and week3-roots.pem
CONNECTION ERROR:  
Creating connection for 65.9.86.106 using <_io.TextIOWrapper name='logs.json' mode='a' encoding='UTF-8'> and week3-roots.pem
Creating connection for 65.9.86.99 using <_io.TextIOWrapper name='logs.json' mode='a' encoding='UTF-8'> and week3-roots.pem
Creating connection for 13.210.172.51 using <_io.TextIOWrapper name='logs.json' mode='a' encoding='UTF-8'> and week3-roots.pem
Creating connection for 61.206.143.51 using <_io.TextIOWrapper name='logs.json' mode='a' encoding='UTF-8'> and week3-roots.pem
Creating connection for 87.106.152.18 using <_io.TextIOWrapper name='logs.json' mode='a' encoding='UTF-8'> and week3-roots.pem
Creating connection for 81.171.31.73 using <_io.TextIOWrapper name='logs.json' mode='a' encoding='UTF-8'> and week3-roots.pem
CONNECTION ERROR:  
Creating connection for 141.193.213.10 using <_io.TextIOWrapper name='logs.json' mode='a' encoding='UTF-8'> and week3-roots.pem
CONNECTION ERROR:  
CONNECTION ERROR:  
Creating connection for 185.99.205.201 using <_io.TextIOWrapper name='logs.json' mode='a' encoding='UTF-8'> and week3-roots.pem
CONNECTION ERROR:  
CONNECTION ERROR:  
CONNECTION ERROR:  
CONNECTION ERROR:  
Creating connection for 208.91.197.26 using <_io.TextIOWrapper name='logs.json' mode='a' encoding='UTF-8'> and week3-roots.pem
CONNECTION ERROR:  
CONNECTION ERROR:  
Creating connection for 159.69.59.206 using <_io.TextIOWrapper name='logs.json' mode='a' encoding='UTF-8'> and week3-roots.pem
Creating connection for 104.26.5.75 using <_io.TextIOWrapper name='logs.json' mode='a' encoding='UTF-8'> and week3-roots.pem
Creating connection for 93.158.118.45 using <_io.TextIOWrapper name='logs.json' mode='a' encoding='UTF-8'> and week3-roots.pem
Creating connection for 104.26.15.70 using <_io.TextIOWrapper name='logs.json' mode='a' encoding='UTF-8'> and week3-roots.pem
CONNECTION ERROR:  
CONNECTION ERROR:  
CONNECTION ERROR:  
CONNECTION ERROR:  timed out
CONNECTION ERROR:  
Creating connection for 52.41.176.125 using <_io.TextIOWrapper name='logs.json' mode='a' encoding='UTF-8'> and week3-roots.pem
Creating connection for 64.202.189.170 using <_io.TextIOWrapper name='logs.json' mode='a' encoding='UTF-8'> and week3-roots.pem
CONNECTION ERROR:  
CONNECTION ERROR:  [Errno 111] Connection refused
CONNECTION ERROR:  
Creating connection for 198.49.23.144 using <_io.TextIOWrapper name='logs.json' mode='a' encoding='UTF-8'> and week3-roots.pem
CONNECTION ERROR:  
CONNECTION ERROR:  (32, 'EPIPE')
CONNECTION ERROR:  timed out
Creating connection for 74.208.252.198 using <_io.TextIOWrapper name='logs.json' mode='a' encoding='UTF-8'> and week3-roots.pem
CONNECTION ERROR:  
Creating connection for 104.21.96.96 using <_io.TextIOWrapper name='logs.json' mode='a' encoding='UTF-8'> and week3-roots.pem
CONNECTION ERROR:  
CONNECTION ERROR:  
Creating connection for 45.55.49.28 using <_io.TextIOWrapper name='logs.json' mode='a' encoding='UTF-8'> and week3-roots.pem
Creating connection for 172.67.68.50 using <_io.TextIOWrapper name='logs.json' mode='a' encoding='UTF-8'> and week3-roots.pem
Creating connection for 103.66.94.133 using <_io.TextIOWrapper name='logs.json' mode='a' encoding='UTF-8'> and week3-roots.pem
Creating connection for 35.244.195.67 using <_io.TextIOWrapper name='logs.json' mode='a' encoding='UTF-8'> and week3-roots.pem
Creating connection for 65.9.86.49 using <_io.TextIOWrapper name='logs.json' mode='a' encoding='UTF-8'> and week3-roots.pem
CONNECTION ERROR:  
CONNECTION ERROR:  
Creating connection for 91.237.117.25 using <_io.TextIOWrapper name='logs.json' mode='a' encoding='UTF-8'> and week3-roots.pem
CONNECTION ERROR:  
Creating connection for 202.228.215.60 using <_io.TextIOWrapper name='logs.json' mode='a' encoding='UTF-8'> and week3-roots.pem
Creating connection for 46.137.165.193 using <_io.TextIOWrapper name='logs.json' mode='a' encoding='UTF-8'> and week3-roots.pem
Creating connection for 65.9.86.25 using <_io.TextIOWrapper name='logs.json' mode='a' encoding='UTF-8'> and week3-roots.pem
Creating connection for 218.247.87.43 using <_io.TextIOWrapper name='logs.json' mode='a' encoding='UTF-8'> and week3-roots.pem
Creating connection for 74.121.196.117 using <_io.TextIOWrapper name='logs.json' mode='a' encoding='UTF-8'> and week3-roots.pem
Creating connection for 221.231.81.238 using <_io.TextIOWrapper name='logs.json' mode='a' encoding='UTF-8'> and week3-roots.pem
Creating connection for 5.187.6.214 using <_io.TextIOWrapper name='logs.json' mode='a' encoding='UTF-8'> and week3-roots.pem
CONNECTION ERROR:  
CONNECTION ERROR:  
CONNECTION ERROR:  
Creating connection for 150.158.225.15 using <_io.TextIOWrapper name='logs.json' mode='a' encoding='UTF-8'> and week3-roots.pem
Creating connection for 13.230.117.187 using <_io.TextIOWrapper name='logs.json' mode='a' encoding='UTF-8'> and week3-roots.pem
CONNECTION ERROR:  
CONNECTION ERROR:  
CONNECTION ERROR:  
CONNECTION ERROR:  
Creating connection for 195.206.51.10 using <_io.TextIOWrapper name='logs.json' mode='a' encoding='UTF-8'> and week3-roots.pem
CONNECTION ERROR:  
Creating connection for 78.140.185.130 using <_io.TextIOWrapper name='logs.json' mode='a' encoding='UTF-8'> and week3-roots.pem
Creating connection for 3.13.31.214 using <_io.TextIOWrapper name='logs.json' mode='a' encoding='UTF-8'> and week3-roots.pem
Creating connection for 65.9.86.74 using <_io.TextIOWrapper name='logs.json' mode='a' encoding='UTF-8'> and week3-roots.pem
Creating connection for 172.67.177.71 using <_io.TextIOWrapper name='logs.json' mode='a' encoding='UTF-8'> and week3-roots.pem
Creating connection for 172.67.219.228 using <_io.TextIOWrapper name='logs.json' mode='a' encoding='UTF-8'> and week3-roots.pem
CONNECTION ERROR:  
Creating connection for 104.21.15.113 using <_io.TextIOWrapper name='logs.json' mode='a' encoding='UTF-8'> and week3-roots.pem
Creating connection for 3.122.83.68 using <_io.TextIOWrapper name='logs.json' mode='a' encoding='UTF-8'> and week3-roots.pem
CONNECTION ERROR:  
Creating connection for 138.197.225.99 using <_io.TextIOWrapper name='logs.json' mode='a' encoding='UTF-8'> and week3-roots.pem
CONNECTION ERROR:  timed out
CONNECTION ERROR:  
CONNECTION ERROR:  
Creating connection for 172.67.131.193 using <_io.TextIOWrapper name='logs.json' mode='a' encoding='UTF-8'> and week3-roots.pem
Creating connection for 90.156.201.104 using <_io.TextIOWrapper name='logs.json' mode='a' encoding='UTF-8'> and week3-roots.pem
Creating connection for 199.60.103.225 using <_io.TextIOWrapper name='logs.json' mode='a' encoding='UTF-8'> and week3-roots.pem
CONNECTION ERROR:  
CONNECTION ERROR:  
CONNECTION ERROR:  
CONNECTION ERROR:  
CONNECTION ERROR:  
CONNECTION ERROR:  
CONNECTION ERROR:  [Errno 111] Connection refused
Creating connection for 45.154.240.57 using <_io.TextIOWrapper name='logs.json' mode='a' encoding='UTF-8'> and week3-roots.pem
CONNECTION ERROR:  
CONNECTION ERROR:  (32, 'EPIPE')
Creating connection for 104.17.164.222 using <_io.TextIOWrapper name='logs.json' mode='a' encoding='UTF-8'> and week3-roots.pem
CONNECTION ERROR:  
CONNECTION ERROR:  timed out
CONNECTION ERROR:  timed out
CONNECTION ERROR:  
Creating connection for 195.24.65.208 using <_io.TextIOWrapper name='logs.json' mode='a' encoding='UTF-8'> and week3-roots.pem
CONNECTION ERROR:  
Creating connection for 69.30.242.170 using <_io.TextIOWrapper name='logs.json' mode='a' encoding='UTF-8'> and week3-roots.pem
CONNECTION ERROR:  
Creating connection for 64.58.191.125 using <_io.TextIOWrapper name='logs.json' mode='a' encoding='UTF-8'> and week3-roots.pem
Creating connection for 104.18.0.134 using <_io.TextIOWrapper name='logs.json' mode='a' encoding='UTF-8'> and week3-roots.pem
CONNECTION ERROR:  
CONNECTION ERROR:  
Creating connection for 83.221.126.90 using <_io.TextIOWrapper name='logs.json' mode='a' encoding='UTF-8'> and week3-roots.pem
Creating connection for 199.16.172.199 using <_io.TextIOWrapper name='logs.json' mode='a' encoding='UTF-8'> and week3-roots.pem
Creating connection for 104.21.20.7 using <_io.TextIOWrapper name='logs.json' mode='a' encoding='UTF-8'> and week3-roots.pem
CONNECTION ERROR:  
Creating connection for 185.68.16.94 using <_io.TextIOWrapper name='logs.json' mode='a' encoding='UTF-8'> and week3-roots.pem
Creating connection for 82.202.254.2 using <_io.TextIOWrapper name='logs.json' mode='a' encoding='UTF-8'> and week3-roots.pem
CONNECTION ERROR:  
Creating connection for 52.217.66.171 using <_io.TextIOWrapper name='logs.json' mode='a' encoding='UTF-8'> and week3-roots.pem
CONNECTION ERROR:  timed out
CONNECTION ERROR:  
CONNECTION ERROR:  [Errno 111] Connection refused
CONNECTION ERROR:  
CONNECTION ERROR:  
CONNECTION ERROR:  (32, 'EPIPE')
Creating connection for 118.112.250.248 using <_io.TextIOWrapper name='logs.json' mode='a' encoding='UTF-8'> and week3-roots.pem
CONNECTION ERROR:  
CONNECTION ERROR:  
Creating connection for 54.211.45.11 using <_io.TextIOWrapper name='logs.json' mode='a' encoding='UTF-8'> and week3-roots.pem
CONNECTION ERROR:  
CONNECTION ERROR:  
CONNECTION ERROR:  
Creating connection for 172.67.145.236 using <_io.TextIOWrapper name='logs.json' mode='a' encoding='UTF-8'> and week3-roots.pem
Creating connection for 182.18.139.140 using <_io.TextIOWrapper name='logs.json' mode='a' encoding='UTF-8'> and week3-roots.pem
Creating connection for 140.109.4.18 using <_io.TextIOWrapper name='logs.json' mode='a' encoding='UTF-8'> and week3-roots.pem
CONNECTION ERROR:  
CONNECTION ERROR:  
CONNECTION ERROR:  
Creating connection for 54.93.88.165 using <_io.TextIOWrapper name='logs.json' mode='a' encoding='UTF-8'> and week3-roots.pem
Creating connection for 176.9.182.59 using <_io.TextIOWrapper name='logs.json' mode='a' encoding='UTF-8'> and week3-roots.pem
CONNECTION ERROR:  
Creating connection for 178.170.118.47 using <_io.TextIOWrapper name='logs.json' mode='a' encoding='UTF-8'> and week3-roots.pem
Creating connection for 75.146.151.146 using <_io.TextIOWrapper name='logs.json' mode='a' encoding='UTF-8'> and week3-roots.pem
Creating connection for 104.21.235.111 using <_io.TextIOWrapper name='logs.json' mode='a' encoding='UTF-8'> and week3-roots.pem
Creating connection for 5.134.6.40 using <_io.TextIOWrapper name='logs.json' mode='a' encoding='UTF-8'> and week3-roots.pem
Creating connection for 130.0.232.205 using <_io.TextIOWrapper name='logs.json' mode='a' encoding='UTF-8'> and week3-roots.pem
Creating connection for 198.55.51.50 using <_io.TextIOWrapper name='logs.json' mode='a' encoding='UTF-8'> and week3-roots.pem
CONNECTION ERROR:  
CONNECTION ERROR:  
CONNECTION ERROR:  
Creating connection for 3.14.224.31 using <_io.TextIOWrapper name='logs.json' mode='a' encoding='UTF-8'> and week3-roots.pem
Creating connection for 65.9.86.113 using <_io.TextIOWrapper name='logs.json' mode='a' encoding='UTF-8'> and week3-roots.pem
Creating connection for 103.180.162.171 using <_io.TextIOWrapper name='logs.json' mode='a' encoding='UTF-8'> and week3-roots.pem
Creating connection for 172.64.154.161 using <_io.TextIOWrapper name='logs.json' mode='a' encoding='UTF-8'> and week3-roots.pem
Creating connection for 104.26.12.35 using <_io.TextIOWrapper name='logs.json' mode='a' encoding='UTF-8'> and week3-roots.pem
CONNECTION ERROR:  
CONNECTION ERROR:  
Creating connection for 94.130.188.32 using <_io.TextIOWrapper name='logs.json' mode='a' encoding='UTF-8'> and week3-roots.pem
Creating connection for 121.46.130.87 using <_io.TextIOWrapper name='logs.json' mode='a' encoding='UTF-8'> and week3-roots.pem
Creating connection for 185.143.233.90 using <_io.TextIOWrapper name='logs.json' mode='a' encoding='UTF-8'> and week3-roots.pem
CONNECTION ERROR:  
CONNECTION ERROR:  
CONNECTION ERROR:  
CONNECTION ERROR:  
Creating connection for 35.209.208.28 using <_io.TextIOWrapper name='logs.json' mode='a' encoding='UTF-8'> and week3-roots.pem
Creating connection for 41.67.16.171 using <_io.TextIOWrapper name='logs.json' mode='a' encoding='UTF-8'> and week3-roots.pem
Creating connection for 192.124.249.13 using <_io.TextIOWrapper name='logs.json' mode='a' encoding='UTF-8'> and week3-roots.pem
Creating connection for 213.182.13.37 using <_io.TextIOWrapper name='logs.json' mode='a' encoding='UTF-8'> and week3-roots.pem
CONNECTION ERROR:  timed out
Creating connection for 203.107.62.235 using <_io.TextIOWrapper name='logs.json' mode='a' encoding='UTF-8'> and week3-roots.pem
CONNECTION ERROR:  
Creating connection for 65.9.86.128 using <_io.TextIOWrapper name='logs.json' mode='a' encoding='UTF-8'> and week3-roots.pem
Creating connection for 162.241.120.214 using <_io.TextIOWrapper name='logs.json' mode='a' encoding='UTF-8'> and week3-roots.pem
CONNECTION ERROR:  
CONNECTION ERROR:  
Creating connection for 13.80.147.7 using <_io.TextIOWrapper name='logs.json' mode='a' encoding='UTF-8'> and week3-roots.pem
CONNECTION ERROR:  
CONNECTION ERROR:  
Creating connection for 18.195.174.160 using <_io.TextIOWrapper name='logs.json' mode='a' encoding='UTF-8'> and week3-roots.pem
CONNECTION ERROR:  timed out
CONNECTION ERROR:  
CONNECTION ERROR:  
CONNECTION ERROR:  
Creating connection for 104.21.7.184 using <_io.TextIOWrapper name='logs.json' mode='a' encoding='UTF-8'> and week3-roots.pem
CONNECTION ERROR:  
CONNECTION ERROR:  
Creating connection for 83.169.43.127 using <_io.TextIOWrapper name='logs.json' mode='a' encoding='UTF-8'> and week3-roots.pem
CONNECTION ERROR:  
Creating connection for 183.90.232.16 using <_io.TextIOWrapper name='logs.json' mode='a' encoding='UTF-8'> and week3-roots.pem
CONNECTION ERROR:  
CONNECTION ERROR:  
CONNECTION ERROR:  
Creating connection for 104.26.9.227 using <_io.TextIOWrapper name='logs.json' mode='a' encoding='UTF-8'> and week3-roots.pem
Creating connection for 104.26.8.154 using <_io.TextIOWrapper name='logs.json' mode='a' encoding='UTF-8'> and week3-roots.pem
CONNECTION ERROR:  timed out
CONNECTION ERROR:  
Creating connection for 162.211.80.76 using <_io.TextIOWrapper name='logs.json' mode='a' encoding='UTF-8'> and week3-roots.pem
Creating connection for 47.99.146.60 using <_io.TextIOWrapper name='logs.json' mode='a' encoding='UTF-8'> and week3-roots.pem
Creating connection for 141.193.213.11 using <_io.TextIOWrapper name='logs.json' mode='a' encoding='UTF-8'> and week3-roots.pem
Creating connection for 104.22.21.66 using <_io.TextIOWrapper name='logs.json' mode='a' encoding='UTF-8'> and week3-roots.pem
CONNECTION ERROR:  
CONNECTION ERROR:  
CONNECTION ERROR:  
CONNECTION ERROR:  timed out
Creating connection for 5.61.36.80 using <_io.TextIOWrapper name='logs.json' mode='a' encoding='UTF-8'> and week3-roots.pem
Creating connection for 195.160.166.174 using <_io.TextIOWrapper name='logs.json' mode='a' encoding='UTF-8'> and week3-roots.pem
CONNECTION ERROR:  
CONNECTION ERROR:  
CONNECTION ERROR:  
CONNECTION ERROR:  
CONNECTION ERROR:  
CONNECTION ERROR:  
CONNECTION ERROR:  
CONNECTION ERROR:  
CONNECTION ERROR:  
Creating connection for 216.239.32.21 using <_io.TextIOWrapper name='logs.json' mode='a' encoding='UTF-8'> and week3-roots.pem
CONNECTION ERROR:  
Creating connection for 20.49.97.22 using <_io.TextIOWrapper name='logs.json' mode='a' encoding='UTF-8'> and week3-roots.pem
Creating connection for 104.26.10.14 using <_io.TextIOWrapper name='logs.json' mode='a' encoding='UTF-8'> and week3-roots.pem
Creating connection for 104.26.5.77 using <_io.TextIOWrapper name='logs.json' mode='a' encoding='UTF-8'> and week3-roots.pem
Creating connection for 185.151.30.162 using <_io.TextIOWrapper name='logs.json' mode='a' encoding='UTF-8'> and week3-roots.pem
CONNECTION ERROR:  [Errno 111] Connection refused
CONNECTION ERROR:  
Creating connection for 172.67.68.115 using <_io.TextIOWrapper name='logs.json' mode='a' encoding='UTF-8'> and week3-roots.pem
Creating connection for 66.42.107.55 using <_io.TextIOWrapper name='logs.json' mode='a' encoding='UTF-8'> and week3-roots.pem
CONNECTION ERROR:  (32, 'EPIPE')
CONNECTION ERROR:  
CONNECTION ERROR:  timed out
CONNECTION ERROR:  
Creating connection for 185.99.0.240 using <_io.TextIOWrapper name='logs.json' mode='a' encoding='UTF-8'> and week3-roots.pem
Creating connection for 164.97.249.13 using <_io.TextIOWrapper name='logs.json' mode='a' encoding='UTF-8'> and week3-roots.pem
CONNECTION ERROR:  
CONNECTION ERROR:  
CONNECTION ERROR:  
CONNECTION ERROR:  
CONNECTION ERROR:  
CONNECTION ERROR:  
CONNECTION ERROR:  
Creating connection for 114.200.199.45 using <_io.TextIOWrapper name='logs.json' mode='a' encoding='UTF-8'> and week3-roots.pem
CONNECTION ERROR:  
Creating connection for 104.21.84.157 using <_io.TextIOWrapper name='logs.json' mode='a' encoding='UTF-8'> and week3-roots.pem
CONNECTION ERROR:  
CONNECTION ERROR:  
CONNECTION ERROR:  
Creating connection for 195.208.136.142 using <_io.TextIOWrapper name='logs.json' mode='a' encoding='UTF-8'> and week3-roots.pem
Creating connection for 104.24.15.3 using <_io.TextIOWrapper name='logs.json' mode='a' encoding='UTF-8'> and week3-roots.pem
Creating connection for 141.94.131.94 using <_io.TextIOWrapper name='logs.json' mode='a' encoding='UTF-8'> and week3-roots.pem
CONNECTION ERROR:  
CONNECTION ERROR:  
Creating connection for 162.159.135.42 using <_io.TextIOWrapper name='logs.json' mode='a' encoding='UTF-8'> and week3-roots.pem
CONNECTION ERROR:  
CONNECTION ERROR:  
CONNECTION ERROR:  
CONNECTION ERROR:  
Creating connection for 172.67.145.140 using <_io.TextIOWrapper name='logs.json' mode='a' encoding='UTF-8'> and week3-roots.pem
CONNECTION ERROR:  
Creating connection for 52.202.168.65 using <_io.TextIOWrapper name='logs.json' mode='a' encoding='UTF-8'> and week3-roots.pem
CONNECTION ERROR:  
CONNECTION ERROR:  
Creating connection for 88.221.144.97 using <_io.TextIOWrapper name='logs.json' mode='a' encoding='UTF-8'> and week3-roots.pem
Creating connection for 5.61.58.170 using <_io.TextIOWrapper name='logs.json' mode='a' encoding='UTF-8'> and week3-roots.pem
Creating connection for 91.218.228.97 using <_io.TextIOWrapper name='logs.json' mode='a' encoding='UTF-8'> and week3-roots.pem
Creating connection for 172.66.42.226 using <_io.TextIOWrapper name='logs.json' mode='a' encoding='UTF-8'> and week3-roots.pem
Creating connection for 211.132.11.29 using <_io.TextIOWrapper name='logs.json' mode='a' encoding='UTF-8'> and week3-roots.pem
CONNECTION ERROR:  
Creating connection for 37.140.192.138 using <_io.TextIOWrapper name='logs.json' mode='a' encoding='UTF-8'> and week3-roots.pem
CONNECTION ERROR:  
Creating connection for 104.26.12.134 using <_io.TextIOWrapper name='logs.json' mode='a' encoding='UTF-8'> and week3-roots.pem
CONNECTION ERROR:  
Creating connection for 104.18.30.13 using <_io.TextIOWrapper name='logs.json' mode='a' encoding='UTF-8'> and week3-roots.pem
Creating connection for 34.201.80.84 using <_io.TextIOWrapper name='logs.json' mode='a' encoding='UTF-8'> and week3-roots.pem
Creating connection for 112.213.85.51 using <_io.TextIOWrapper name='logs.json' mode='a' encoding='UTF-8'> and week3-roots.pem
Creating connection for 52.210.124.245 using <_io.TextIOWrapper name='logs.json' mode='a' encoding='UTF-8'> and week3-roots.pem
CONNECTION ERROR:  
CONNECTION ERROR:  
Creating connection for 172.64.149.129 using <_io.TextIOWrapper name='logs.json' mode='a' encoding='UTF-8'> and week3-roots.pem
Creating connection for 159.203.73.121 using <_io.TextIOWrapper name='logs.json' mode='a' encoding='UTF-8'> and week3-roots.pem
Creating connection for 218.92.216.53 using <_io.TextIOWrapper name='logs.json' mode='a' encoding='UTF-8'> and week3-roots.pem
Creating connection for 104.18.41.72 using <_io.TextIOWrapper name='logs.json' mode='a' encoding='UTF-8'> and week3-roots.pem
CONNECTION ERROR:  
CONNECTION ERROR:  
CONNECTION ERROR:  
CONNECTION ERROR:  
Creating connection for 65.9.86.48 using <_io.TextIOWrapper name='logs.json' mode='a' encoding='UTF-8'> and week3-roots.pem
Creating connection for 34.200.199.205 using <_io.TextIOWrapper name='logs.json' mode='a' encoding='UTF-8'> and week3-roots.pem
Creating connection for 23.227.38.74 using <_io.TextIOWrapper name='logs.json' mode='a' encoding='UTF-8'> and week3-roots.pem
CONNECTION ERROR:  
Creating connection for 45.154.183.183 using <_io.TextIOWrapper name='logs.json' mode='a' encoding='UTF-8'> and week3-roots.pem
CONNECTION ERROR:  
CONNECTION ERROR:  
Creating connection for 35.190.42.233 using <_io.TextIOWrapper name='logs.json' mode='a' encoding='UTF-8'> and week3-roots.pem
CONNECTION ERROR:  timed out
CONNECTION ERROR:  
CONNECTION ERROR:  
Creating connection for 23.22.54.45 using <_io.TextIOWrapper name='logs.json' mode='a' encoding='UTF-8'> and week3-roots.pem
Creating connection for 112.90.43.190 using <_io.TextIOWrapper name='logs.json' mode='a' encoding='UTF-8'> and week3-roots.pem
Creating connection for 65.9.86.2 using <_io.TextIOWrapper name='logs.json' mode='a' encoding='UTF-8'> and week3-roots.pem
CONNECTION ERROR:  
CONNECTION ERROR:  
Creating connection for 208.113.222.56 using <_io.TextIOWrapper name='logs.json' mode='a' encoding='UTF-8'> and week3-roots.pem
CONNECTION ERROR:  
Creating connection for 52.8.174.221 using <_io.TextIOWrapper name='logs.json' mode='a' encoding='UTF-8'> and week3-roots.pem
CONNECTION ERROR:  
Creating connection for 172.67.141.55 using <_io.TextIOWrapper name='logs.json' mode='a' encoding='UTF-8'> and week3-roots.pem
CONNECTION ERROR:  
Creating connection for 18.198.216.84 using <_io.TextIOWrapper name='logs.json' mode='a' encoding='UTF-8'> and week3-roots.pem
CONNECTION ERROR:  
Creating connection for 83.147.29.207 using <_io.TextIOWrapper name='logs.json' mode='a' encoding='UTF-8'> and week3-roots.pem
Creating connection for 65.9.86.14 using <_io.TextIOWrapper name='logs.json' mode='a' encoding='UTF-8'> and week3-roots.pem
Creating connection for 65.9.86.122 using <_io.TextIOWrapper name='logs.json' mode='a' encoding='UTF-8'> and week3-roots.pem
Creating connection for 172.67.167.193 using <_io.TextIOWrapper name='logs.json' mode='a' encoding='UTF-8'> and week3-roots.pem
Creating connection for 217.182.197.116 using <_io.TextIOWrapper name='logs.json' mode='a' encoding='UTF-8'> and week3-roots.pem
CONNECTION ERROR:  
Creating connection for 208.80.123.166 using <_io.TextIOWrapper name='logs.json' mode='a' encoding='UTF-8'> and week3-roots.pem
CONNECTION ERROR:  
Creating connection for 185.50.69.102 using <_io.TextIOWrapper name='logs.json' mode='a' encoding='UTF-8'> and week3-roots.pem
CONNECTION ERROR:  
CONNECTION ERROR:  
Creating connection for 23.22.5.68 using <_io.TextIOWrapper name='logs.json' mode='a' encoding='UTF-8'> and week3-roots.pem
Creating connection for 172.67.68.105 using <_io.TextIOWrapper name='logs.json' mode='a' encoding='UTF-8'> and week3-roots.pem
CONNECTION ERROR:  
Creating connection for 178.33.178.81 using <_io.TextIOWrapper name='logs.json' mode='a' encoding='UTF-8'> and week3-roots.pem
CONNECTION ERROR:  
Creating connection for 216.239.36.21 using <_io.TextIOWrapper name='logs.json' mode='a' encoding='UTF-8'> and week3-roots.pem
CONNECTION ERROR:  
Creating connection for 147.135.50.216 using <_io.TextIOWrapper name='logs.json' mode='a' encoding='UTF-8'> and week3-roots.pem
CONNECTION ERROR:  
Creating connection for 65.9.86.96 using <_io.TextIOWrapper name='logs.json' mode='a' encoding='UTF-8'> and week3-roots.pem
CONNECTION ERROR:  
Creating connection for 208.91.197.24 using <_io.TextIOWrapper name='logs.json' mode='a' encoding='UTF-8'> and week3-roots.pem
CONNECTION ERROR:  
CONNECTION ERROR:  
CONNECTION ERROR:  
Creating connection for 172.67.70.249 using <_io.TextIOWrapper name='logs.json' mode='a' encoding='UTF-8'> and week3-roots.pem
CONNECTION ERROR:  
Creating connection for 104.21.69.85 using <_io.TextIOWrapper name='logs.json' mode='a' encoding='UTF-8'> and week3-roots.pem
CONNECTION ERROR:  
CONNECTION ERROR:  
Creating connection for 185.143.234.98 using <_io.TextIOWrapper name='logs.json' mode='a' encoding='UTF-8'> and week3-roots.pem
CONNECTION ERROR:  
CONNECTION ERROR:  
CONNECTION ERROR:  
Creating connection for 104.21.92.125 using <_io.TextIOWrapper name='logs.json' mode='a' encoding='UTF-8'> and week3-roots.pem
Creating connection for 104.26.1.26 using <_io.TextIOWrapper name='logs.json' mode='a' encoding='UTF-8'> and week3-roots.pem
Creating connection for 195.2.84.111 using <_io.TextIOWrapper name='logs.json' mode='a' encoding='UTF-8'> and week3-roots.pem
Creating connection for 153.92.220.105 using <_io.TextIOWrapper name='logs.json' mode='a' encoding='UTF-8'> and week3-roots.pem
Creating connection for 185.189.68.180 using <_io.TextIOWrapper name='logs.json' mode='a' encoding='UTF-8'> and week3-roots.pem
CONNECTION ERROR:  
CONNECTION ERROR:  
Creating connection for 217.118.10.195 using <_io.TextIOWrapper name='logs.json' mode='a' encoding='UTF-8'> and week3-roots.pem
CONNECTION ERROR:  timed out
CONNECTION ERROR:  
CONNECTION ERROR:  timed out
CONNECTION ERROR:  
CONNECTION ERROR:  
CONNECTION ERROR:  
Creating connection for 217.21.76.92 using <_io.TextIOWrapper name='logs.json' mode='a' encoding='UTF-8'> and week3-roots.pem
CONNECTION ERROR:  
Creating connection for 170.82.173.30 using <_io.TextIOWrapper name='logs.json' mode='a' encoding='UTF-8'> and week3-roots.pem
Creating connection for 54.161.241.46 using <_io.TextIOWrapper name='logs.json' mode='a' encoding='UTF-8'> and week3-roots.pem
CONNECTION ERROR:  
CONNECTION ERROR:  timed out
Creating connection for 173.230.246.232 using <_io.TextIOWrapper name='logs.json' mode='a' encoding='UTF-8'> and week3-roots.pem
CONNECTION ERROR:  
CONNECTION ERROR:  
CONNECTION ERROR:  
CONNECTION ERROR:  
CONNECTION ERROR:  
CONNECTION ERROR:  
CONNECTION ERROR:  
CONNECTION ERROR:  
Creating connection for 37.1.202.216 using <_io.TextIOWrapper name='logs.json' mode='a' encoding='UTF-8'> and week3-roots.pem
Creating connection for 172.67.71.160 using <_io.TextIOWrapper name='logs.json' mode='a' encoding='UTF-8'> and week3-roots.pem
CONNECTION ERROR:  
Creating connection for 162.248.188.100 using <_io.TextIOWrapper name='logs.json' mode='a' encoding='UTF-8'> and week3-roots.pem
Creating connection for 47.96.121.186 using <_io.TextIOWrapper name='logs.json' mode='a' encoding='UTF-8'> and week3-roots.pem
Creating connection for 75.2.70.75 using <_io.TextIOWrapper name='logs.json' mode='a' encoding='UTF-8'> and week3-roots.pem
Creating connection for 176.74.21.32 using <_io.TextIOWrapper name='logs.json' mode='a' encoding='UTF-8'> and week3-roots.pem
CONNECTION ERROR:  
CONNECTION ERROR:  
Creating connection for 104.109.143.157 using <_io.TextIOWrapper name='logs.json' mode='a' encoding='UTF-8'> and week3-roots.pem
Creating connection for 141.193.213.20 using <_io.TextIOWrapper name='logs.json' mode='a' encoding='UTF-8'> and week3-roots.pem
CONNECTION ERROR:  
Creating connection for 54.69.67.102 using <_io.TextIOWrapper name='logs.json' mode='a' encoding='UTF-8'> and week3-roots.pem
Creating connection for 104.26.13.124 using <_io.TextIOWrapper name='logs.json' mode='a' encoding='UTF-8'> and week3-roots.pem
Creating connection for 74.220.199.9 using <_io.TextIOWrapper name='logs.json' mode='a' encoding='UTF-8'> and week3-roots.pem
CONNECTION ERROR:  
CONNECTION ERROR:  
Creating connection for 14.225.23.179 using <_io.TextIOWrapper name='logs.json' mode='a' encoding='UTF-8'> and week3-roots.pem
CONNECTION ERROR:  
Creating connection for 198.49.23.145 using <_io.TextIOWrapper name='logs.json' mode='a' encoding='UTF-8'> and week3-roots.pem
CONNECTION ERROR:  
Creating connection for 18.159.80.129 using <_io.TextIOWrapper name='logs.json' mode='a' encoding='UTF-8'> and week3-roots.pem
CONNECTION ERROR:  
CONNECTION ERROR:  
Creating connection for 5.77.32.213 using <_io.TextIOWrapper name='logs.json' mode='a' encoding='UTF-8'> and week3-roots.pem
Creating connection for 31.177.80.40 using <_io.TextIOWrapper name='logs.json' mode='a' encoding='UTF-8'> and week3-roots.pem
CONNECTION ERROR:  timed out
CONNECTION ERROR:  
Creating connection for 81.169.145.143 using <_io.TextIOWrapper name='logs.json' mode='a' encoding='UTF-8'> and week3-roots.pem
Creating connection for 91.121.168.11 using <_io.TextIOWrapper name='logs.json' mode='a' encoding='UTF-8'> and week3-roots.pem
CONNECTION ERROR:  
CONNECTION ERROR:  timed out
Creating connection for 199.60.103.254 using <_io.TextIOWrapper name='logs.json' mode='a' encoding='UTF-8'> and week3-roots.pem
Creating connection for 50.116.2.21 using <_io.TextIOWrapper name='logs.json' mode='a' encoding='UTF-8'> and week3-roots.pem
Creating connection for 110.45.146.143 using <_io.TextIOWrapper name='logs.json' mode='a' encoding='UTF-8'> and week3-roots.pemCONNECTION ERROR:  
CONNECTION ERROR:  
CONNECTION ERROR:  

CONNECTION ERROR:  
Creating connection for 212.83.145.7 using <_io.TextIOWrapper name='logs.json' mode='a' encoding='UTF-8'> and week3-roots.pem
Creating connection for 163.172.244.80 using <_io.TextIOWrapper name='logs.json' mode='a' encoding='UTF-8'> and week3-roots.pem
Creating connection for 172.64.146.71 using <_io.TextIOWrapper name='logs.json' mode='a' encoding='UTF-8'> and week3-roots.pem
CONNECTION ERROR:  
Creating connection for 92.240.253.72 using <_io.TextIOWrapper name='logs.json' mode='a' encoding='UTF-8'> and week3-roots.pem
Creating connection for 47.89.40.34 using <_io.TextIOWrapper name='logs.json' mode='a' encoding='UTF-8'> and week3-roots.pem
Creating connection for 152.199.21.86 using <_io.TextIOWrapper name='logs.json' mode='a' encoding='UTF-8'> and week3-roots.pem
CONNECTION ERROR:  
Creating connection for 213.174.158.242 using <_io.TextIOWrapper name='logs.json' mode='a' encoding='UTF-8'> and week3-roots.pem
Creating connection for 185.197.163.121 using <_io.TextIOWrapper name='logs.json' mode='a' encoding='UTF-8'> and week3-roots.pem
Creating connection for 93.94.252.20 using <_io.TextIOWrapper name='logs.json' mode='a' encoding='UTF-8'> and week3-roots.pem
Creating connection for 208.91.197.26 using <_io.TextIOWrapper name='logs.json' mode='a' encoding='UTF-8'> and week3-roots.pem
CONNECTION ERROR:  
CONNECTION ERROR:  
CONNECTION ERROR:  
CONNECTION ERROR:  
Creating connection for 37.9.4.139 using <_io.TextIOWrapper name='logs.json' mode='a' encoding='UTF-8'> and week3-roots.pem
Creating connection for 65.9.86.23 using <_io.TextIOWrapper name='logs.json' mode='a' encoding='UTF-8'> and week3-roots.pem
CONNECTION ERROR:  timed out
Creating connection for 104.21.78.143 using <_io.TextIOWrapper name='logs.json' mode='a' encoding='UTF-8'> and week3-roots.pem
Creating connection for 35.158.91.151 using <_io.TextIOWrapper name='logs.json' mode='a' encoding='UTF-8'> and week3-roots.pem
Creating connection for 85.10.245.89 using <_io.TextIOWrapper name='logs.json' mode='a' encoding='UTF-8'> and week3-roots.pem
CONNECTION ERROR:  
Creating connection for 104.26.9.86 using <_io.TextIOWrapper name='logs.json' mode='a' encoding='UTF-8'> and week3-roots.pem
CONNECTION ERROR:  
Creating connection for 149.210.209.7 using <_io.TextIOWrapper name='logs.json' mode='a' encoding='UTF-8'> and week3-roots.pem
Creating connection for 218.92.132.230 using <_io.TextIOWrapper name='logs.json' mode='a' encoding='UTF-8'> and week3-roots.pem
CONNECTION ERROR:  
Creating connection for 104.22.13.224 using <_io.TextIOWrapper name='logs.json' mode='a' encoding='UTF-8'> and week3-roots.pem
Creating connection for 172.67.130.140 using <_io.TextIOWrapper name='logs.json' mode='a' encoding='UTF-8'> and week3-roots.pem
Creating connection for 85.17.122.21 using <_io.TextIOWrapper name='logs.json' mode='a' encoding='UTF-8'> and week3-roots.pem
CONNECTION ERROR:  
CONNECTION ERROR:  
CONNECTION ERROR:  
CONNECTION ERROR:  
CONNECTION ERROR:  
Creating connection for 192.243.61.225 using <_io.TextIOWrapper name='logs.json' mode='a' encoding='UTF-8'> and week3-roots.pem
CONNECTION ERROR:  
Creating connection for 46.61.247.175 using <_io.TextIOWrapper name='logs.json' mode='a' encoding='UTF-8'> and week3-roots.pem
CONNECTION ERROR:  
CONNECTION ERROR:  
Creating connection for 104.26.7.235 using <_io.TextIOWrapper name='logs.json' mode='a' encoding='UTF-8'> and week3-roots.pem
CONNECTION ERROR:  timed out
CONNECTION ERROR:  
CONNECTION ERROR:  
Creating connection for 172.67.134.221 using <_io.TextIOWrapper name='logs.json' mode='a' encoding='UTF-8'> and week3-roots.pem
CONNECTION ERROR:  
CONNECTION ERROR:  
Creating connection for 65.9.86.23 using <_io.TextIOWrapper name='logs.json' mode='a' encoding='UTF-8'> and week3-roots.pem
CONNECTION ERROR:  
CONNECTION ERROR:  
CONNECTION ERROR:  
Creating connection for 42.4.53.213 using <_io.TextIOWrapper name='logs.json' mode='a' encoding='UTF-8'> and week3-roots.pem
Creating connection for 54.151.130.249 using <_io.TextIOWrapper name='logs.json' mode='a' encoding='UTF-8'> and week3-roots.pem
Creating connection for 35.197.227.153 using <_io.TextIOWrapper name='logs.json' mode='a' encoding='UTF-8'> and week3-roots.pem
CONNECTION ERROR:  
CONNECTION ERROR:  
CONNECTION ERROR:  
CONNECTION ERROR:  
CONNECTION ERROR:  
CONNECTION ERROR:  
Creating connection for 162.159.136.54 using <_io.TextIOWrapper name='logs.json' mode='a' encoding='UTF-8'> and week3-roots.pem
CONNECTION ERROR:  
CONNECTION ERROR:  
CONNECTION ERROR:  
CONNECTION ERROR:  
Creating connection for 140.82.62.72 using <_io.TextIOWrapper name='logs.json' mode='a' encoding='UTF-8'> and week3-roots.pem
Creating connection for 5.23.48.49 using <_io.TextIOWrapper name='logs.json' mode='a' encoding='UTF-8'> and week3-roots.pem
Creating connection for 52.232.56.79 using <_io.TextIOWrapper name='logs.json' mode='a' encoding='UTF-8'> and week3-roots.pem
Creating connection for 45.79.19.196 using <_io.TextIOWrapper name='logs.json' mode='a' encoding='UTF-8'> and week3-roots.pem
CONNECTION ERROR:  
CONNECTION ERROR:  
Creating connection for 104.21.91.214 using <_io.TextIOWrapper name='logs.json' mode='a' encoding='UTF-8'> and week3-roots.pem
Creating connection for 65.9.86.46 using <_io.TextIOWrapper name='logs.json' mode='a' encoding='UTF-8'> and week3-roots.pem
Creating connection for 46.137.38.62 using <_io.TextIOWrapper name='logs.json' mode='a' encoding='UTF-8'> and week3-roots.pem
Creating connection for 34.238.164.172 using <_io.TextIOWrapper name='logs.json' mode='a' encoding='UTF-8'> and week3-roots.pem
CONNECTION ERROR:  
CONNECTION ERROR:  
Creating connection for 120.132.37.46 using <_io.TextIOWrapper name='logs.json' mode='a' encoding='UTF-8'> and week3-roots.pem
Creating connection for 193.148.244.2 using <_io.TextIOWrapper name='logs.json' mode='a' encoding='UTF-8'> and week3-roots.pem
Creating connection for 65.9.86.100 using <_io.TextIOWrapper name='logs.json' mode='a' encoding='UTF-8'> and week3-roots.pem
Creating connection for 104.21.14.59 using <_io.TextIOWrapper name='logs.json' mode='a' encoding='UTF-8'> and week3-roots.pem
Creating connection for 104.21.23.130 using <_io.TextIOWrapper name='logs.json' mode='a' encoding='UTF-8'> and week3-roots.pem
Creating connection for 172.67.68.112 using <_io.TextIOWrapper name='logs.json' mode='a' encoding='UTF-8'> and week3-roots.pem
CONNECTION ERROR:  
CONNECTION ERROR:  
CONNECTION ERROR:  
Creating connection for 45.33.18.44 using <_io.TextIOWrapper name='logs.json' mode='a' encoding='UTF-8'> and week3-roots.pem
CONNECTION ERROR:  
Creating connection for 151.101.130.150 using <_io.TextIOWrapper name='logs.json' mode='a' encoding='UTF-8'> and week3-roots.pem
Creating connection for 18.159.80.129 using <_io.TextIOWrapper name='logs.json' mode='a' encoding='UTF-8'> and week3-roots.pem
CONNECTION ERROR:  
Creating connection for 34.159.75.132 using <_io.TextIOWrapper name='logs.json' mode='a' encoding='UTF-8'> and week3-roots.pem
Creating connection for 18.193.24.55 using <_io.TextIOWrapper name='logs.json' mode='a' encoding='UTF-8'> and week3-roots.pem
Creating connection for 185.199.111.153 using <_io.TextIOWrapper name='logs.json' mode='a' encoding='UTF-8'> and week3-roots.pem
Creating connection for 172.67.146.1 using <_io.TextIOWrapper name='logs.json' mode='a' encoding='UTF-8'> and week3-roots.pem
CONNECTION ERROR:  
CONNECTION ERROR:  
Creating connection for 172.67.136.15 using <_io.TextIOWrapper name='logs.json' mode='a' encoding='UTF-8'> and week3-roots.pem
Creating connection for 82.223.21.245 using <_io.TextIOWrapper name='logs.json' mode='a' encoding='UTF-8'> and week3-roots.pem
CONNECTION ERROR:  
Creating connection for 104.26.5.125 using <_io.TextIOWrapper name='logs.json' mode='a' encoding='UTF-8'> and week3-roots.pem
CONNECTION ERROR:  
CONNECTION ERROR:  
Creating connection for 62.33.105.28 using <_io.TextIOWrapper name='logs.json' mode='a' encoding='UTF-8'> and week3-roots.pem
CONNECTION ERROR:  
Creating connection for 65.9.86.56 using <_io.TextIOWrapper name='logs.json' mode='a' encoding='UTF-8'> and week3-roots.pemCONNECTION ERROR:  
CONNECTION ERROR:  
CONNECTION ERROR:  

CONNECTION ERROR:  
CONNECTION ERROR:  
Creating connection for 104.26.5.154 using <_io.TextIOWrapper name='logs.json' mode='a' encoding='UTF-8'> and week3-roots.pem
CONNECTION ERROR:  
CONNECTION ERROR:  
Creating connection for 104.21.57.154 using <_io.TextIOWrapper name='logs.json' mode='a' encoding='UTF-8'> and week3-roots.pem
CONNECTION ERROR:  
Creating connection for 51.38.144.150 using <_io.TextIOWrapper name='logs.json' mode='a' encoding='UTF-8'> and week3-roots.pem
CONNECTION ERROR:  
CONNECTION ERROR:  
CONNECTION ERROR:  
Creating connection for 162.217.220.5 using <_io.TextIOWrapper name='logs.json' mode='a' encoding='UTF-8'> and week3-roots.pem
CONNECTION ERROR:  
CONNECTION ERROR:  
Creating connection for 172.67.73.82 using <_io.TextIOWrapper name='logs.json' mode='a' encoding='UTF-8'> and week3-roots.pem
CONNECTION ERROR:  
CONNECTION ERROR:  
CONNECTION ERROR:  
CONNECTION ERROR:  
Creating connection for 31.31.196.163 using <_io.TextIOWrapper name='logs.json' mode='a' encoding='UTF-8'> and week3-roots.pem
Creating connection for 178.63.41.11 using <_io.TextIOWrapper name='logs.json' mode='a' encoding='UTF-8'> and week3-roots.pem
Creating connection for 104.18.13.110 using <_io.TextIOWrapper name='logs.json' mode='a' encoding='UTF-8'> and week3-roots.pem
CONNECTION ERROR:  
CONNECTION ERROR:  
CONNECTION ERROR:  
Creating connection for 141.193.213.21 using <_io.TextIOWrapper name='logs.json' mode='a' encoding='UTF-8'> and week3-roots.pem
Creating connection for 8.9.3.160 using <_io.TextIOWrapper name='logs.json' mode='a' encoding='UTF-8'> and week3-roots.pem
Creating connection for 216.172.184.248 using <_io.TextIOWrapper name='logs.json' mode='a' encoding='UTF-8'> and week3-roots.pem
Creating connection for 37.143.13.250 using <_io.TextIOWrapper name='logs.json' mode='a' encoding='UTF-8'> and week3-roots.pem
Creating connection for 184.50.169.130 using <_io.TextIOWrapper name='logs.json' mode='a' encoding='UTF-8'> and week3-roots.pem
Creating connection for 65.9.86.24 using <_io.TextIOWrapper name='logs.json' mode='a' encoding='UTF-8'> and week3-roots.pem
CONNECTION ERROR:  
CONNECTION ERROR:  timed out
CONNECTION ERROR:  
CONNECTION ERROR:  
CONNECTION ERROR:  
CONNECTION ERROR:  
Creating connection for 104.20.98.130 using <_io.TextIOWrapper name='logs.json' mode='a' encoding='UTF-8'> and week3-roots.pem
CONNECTION ERROR:  
Creating connection for 104.18.30.208 using <_io.TextIOWrapper name='logs.json' mode='a' encoding='UTF-8'> and week3-roots.pem
Creating connection for 165.227.216.162 using <_io.TextIOWrapper name='logs.json' mode='a' encoding='UTF-8'> and week3-roots.pem
CONNECTION ERROR:  
CONNECTION ERROR:  
Creating connection for 124.232.179.19 using <_io.TextIOWrapper name='logs.json' mode='a' encoding='UTF-8'> and week3-roots.pem
CONNECTION ERROR:  
Creating connection for 65.9.86.103 using <_io.TextIOWrapper name='logs.json' mode='a' encoding='UTF-8'> and week3-roots.pem
Creating connection for 109.230.255.164 using <_io.TextIOWrapper name='logs.json' mode='a' encoding='UTF-8'> and week3-roots.pem
Creating connection for 104.20.51.68 using <_io.TextIOWrapper name='logs.json' mode='a' encoding='UTF-8'> and week3-roots.pem
Creating connection for 27.254.153.4 using <_io.TextIOWrapper name='logs.json' mode='a' encoding='UTF-8'> and week3-roots.pem
Creating connection for 185.230.63.171 using <_io.TextIOWrapper name='logs.json' mode='a' encoding='UTF-8'> and week3-roots.pem
CONNECTION ERROR:  
CONNECTION ERROR:  
CONNECTION ERROR:  timed out
CONNECTION ERROR:  
Creating connection for 216.69.141.59 using <_io.TextIOWrapper name='logs.json' mode='a' encoding='UTF-8'> and week3-roots.pem
Creating connection for 141.193.213.21 using <_io.TextIOWrapper name='logs.json' mode='a' encoding='UTF-8'> and week3-roots.pem
CONNECTION ERROR:  
CONNECTION ERROR:  
CONNECTION ERROR:  
Creating connection for 50.116.10.192 using <_io.TextIOWrapper name='logs.json' mode='a' encoding='UTF-8'> and week3-roots.pem
Creating connection for 184.31.10.133 using <_io.TextIOWrapper name='logs.json' mode='a' encoding='UTF-8'> and week3-roots.pem
Creating connection for 104.21.83.162 using <_io.TextIOWrapper name='logs.json' mode='a' encoding='UTF-8'> and week3-roots.pem
CONNECTION ERROR:  timed out
CONNECTION ERROR:  
CONNECTION ERROR:  
CONNECTION ERROR:  
CONNECTION ERROR:  
Creating connection for 104.26.14.52 using <_io.TextIOWrapper name='logs.json' mode='a' encoding='UTF-8'> and week3-roots.pem
Creating connection for 34.193.204.92 using <_io.TextIOWrapper name='logs.json' mode='a' encoding='UTF-8'> and week3-roots.pem
Creating connection for 104.26.10.240 using <_io.TextIOWrapper name='logs.json' mode='a' encoding='UTF-8'> and week3-roots.pem
Creating connection for 84.252.128.89 using <_io.TextIOWrapper name='logs.json' mode='a' encoding='UTF-8'> and week3-roots.pem
CONNECTION ERROR:  
Creating connection for 69.128.137.165 using <_io.TextIOWrapper name='logs.json' mode='a' encoding='UTF-8'> and week3-roots.pem
CONNECTION ERROR:  
Creating connection for 172.67.71.17 using <_io.TextIOWrapper name='logs.json' mode='a' encoding='UTF-8'> and week3-roots.pem
CONNECTION ERROR:  
CONNECTION ERROR:  
Creating connection for 172.67.158.72 using <_io.TextIOWrapper name='logs.json' mode='a' encoding='UTF-8'> and week3-roots.pem
Creating connection for 104.21.69.223 using <_io.TextIOWrapper name='logs.json' mode='a' encoding='UTF-8'> and week3-roots.pem
CONNECTION ERROR:  
Creating connection for 115.68.207.22 using <_io.TextIOWrapper name='logs.json' mode='a' encoding='UTF-8'> and week3-roots.pem
Creating connection for 13.68.115.184 using <_io.TextIOWrapper name='logs.json' mode='a' encoding='UTF-8'> and week3-roots.pem
Creating connection for 211.233.64.227 using <_io.TextIOWrapper name='logs.json' mode='a' encoding='UTF-8'> and week3-roots.pem
Creating connection for 172.67.34.23 using <_io.TextIOWrapper name='logs.json' mode='a' encoding='UTF-8'> and week3-roots.pem
CONNECTION ERROR:  
CONNECTION ERROR:  
CONNECTION ERROR:  
CONNECTION ERROR:  
CONNECTION ERROR:  
Creating connection for 172.67.222.125 using <_io.TextIOWrapper name='logs.json' mode='a' encoding='UTF-8'> and week3-roots.pem
Creating connection for 62.233.65.9 using <_io.TextIOWrapper name='logs.json' mode='a' encoding='UTF-8'> and week3-roots.pem
Creating connection for 77.222.56.23 using <_io.TextIOWrapper name='logs.json' mode='a' encoding='UTF-8'> and week3-roots.pem
CONNECTION ERROR:  
Creating connection for 104.21.15.12 using <_io.TextIOWrapper name='logs.json' mode='a' encoding='UTF-8'> and week3-roots.pem
CONNECTION ERROR:  
CONNECTION ERROR:  
Creating connection for 85.192.12.169 using <_io.TextIOWrapper name='logs.json' mode='a' encoding='UTF-8'> and week3-roots.pem
CONNECTION ERROR:  
Creating connection for 40.118.40.109 using <_io.TextIOWrapper name='logs.json' mode='a' encoding='UTF-8'> and week3-roots.pem
CONNECTION ERROR:  
CONNECTION ERROR:  
CONNECTION ERROR:  
CONNECTION ERROR:  
Creating connection for 104.18.5.42 using <_io.TextIOWrapper name='logs.json' mode='a' encoding='UTF-8'> and week3-roots.pem
CONNECTION ERROR:  
CONNECTION ERROR:  
Creating connection for 34.253.101.190 using <_io.TextIOWrapper name='logs.json' mode='a' encoding='UTF-8'> and week3-roots.pem
Creating connection for 104.21.93.62 using <_io.TextIOWrapper name='logs.json' mode='a' encoding='UTF-8'> and week3-roots.pem
CONNECTION ERROR:  
Creating connection for 206.168.225.55 using <_io.TextIOWrapper name='logs.json' mode='a' encoding='UTF-8'> and week3-roots.pem
CONNECTION ERROR:  
Creating connection for 45.136.49.237 using <_io.TextIOWrapper name='logs.json' mode='a' encoding='UTF-8'> and week3-roots.pem
CONNECTION ERROR:  
Creating connection for 172.67.146.106 using <_io.TextIOWrapper name='logs.json' mode='a' encoding='UTF-8'> and week3-roots.pem
Creating connection for 104.21.7.254 using <_io.TextIOWrapper name='logs.json' mode='a' encoding='UTF-8'> and week3-roots.pem
CONNECTION ERROR:  
CONNECTION ERROR:  timed out
CONNECTION ERROR:  
CONNECTION ERROR:  
CONNECTION ERROR:  [Errno 111] Connection refused
CONNECTION ERROR:  
CONNECTION ERROR:  
Creating connection for 172.67.148.238 using <_io.TextIOWrapper name='logs.json' mode='a' encoding='UTF-8'> and week3-roots.pem
Creating connection for 188.114.97.3 using <_io.TextIOWrapper name='logs.json' mode='a' encoding='UTF-8'> and week3-roots.pem
CONNECTION ERROR:  
Creating connection for 172.67.157.201 using <_io.TextIOWrapper name='logs.json' mode='a' encoding='UTF-8'> and week3-roots.pem
CONNECTION ERROR:  (32, 'EPIPE')
CONNECTION ERROR:  
Creating connection for 172.64.155.225 using <_io.TextIOWrapper name='logs.json' mode='a' encoding='UTF-8'> and week3-roots.pem
CONNECTION ERROR:  
Creating connection for 61.163.87.67 using <_io.TextIOWrapper name='logs.json' mode='a' encoding='UTF-8'> and week3-roots.pem
Creating connection for 141.193.213.21 using <_io.TextIOWrapper name='logs.json' mode='a' encoding='UTF-8'> and week3-roots.pem
CONNECTION ERROR:  [Errno 111] Connection refused
Creating connection for 172.67.132.165 using <_io.TextIOWrapper name='logs.json' mode='a' encoding='UTF-8'> and week3-roots.pem
CONNECTION ERROR:  
CONNECTION ERROR:  (32, 'EPIPE')
CONNECTION ERROR:  
CONNECTION ERROR:  
Creating connection for 3.126.196.52 using <_io.TextIOWrapper name='logs.json' mode='a' encoding='UTF-8'> and week3-roots.pem
Creating connection for 153.127.76.183 using <_io.TextIOWrapper name='logs.json' mode='a' encoding='UTF-8'> and week3-roots.pem
CONNECTION ERROR:  
CONNECTION ERROR:  
CONNECTION ERROR:  
Creating connection for 104.154.227.177 using <_io.TextIOWrapper name='logs.json' mode='a' encoding='UTF-8'> and week3-roots.pem
Creating connection for 109.205.76.14 using <_io.TextIOWrapper name='logs.json' mode='a' encoding='UTF-8'> and week3-roots.pem
CONNECTION ERROR:  
Creating connection for 194.9.94.85 using <_io.TextIOWrapper name='logs.json' mode='a' encoding='UTF-8'> and week3-roots.pem
CONNECTION ERROR:  
Creating connection for 88.86.103.245 using <_io.TextIOWrapper name='logs.json' mode='a' encoding='UTF-8'> and week3-roots.pem
Creating connection for 98.139.28.145 using <_io.TextIOWrapper name='logs.json' mode='a' encoding='UTF-8'> and week3-roots.pem
Creating connection for 193.162.30.87 using <_io.TextIOWrapper name='logs.json' mode='a' encoding='UTF-8'> and week3-roots.pem
CONNECTION ERROR:  
CONNECTION ERROR:  
Creating connection for 104.16.201.233 using <_io.TextIOWrapper name='logs.json' mode='a' encoding='UTF-8'> and week3-roots.pem
CONNECTION ERROR:  timed out
CONNECTION ERROR:  
CONNECTION ERROR:  
CONNECTION ERROR:  
CONNECTION ERROR:  
Creating connection for 185.26.122.59 using <_io.TextIOWrapper name='logs.json' mode='a' encoding='UTF-8'> and week3-roots.pem
CONNECTION ERROR:  timed out
CONNECTION ERROR:  
Creating connection for 184.168.115.171 using <_io.TextIOWrapper name='logs.json' mode='a' encoding='UTF-8'> and week3-roots.pem
CONNECTION ERROR:  
Creating connection for 5.45.66.233 using <_io.TextIOWrapper name='logs.json' mode='a' encoding='UTF-8'> and week3-roots.pem
CONNECTION ERROR:  timed out
CONNECTION ERROR:  
Creating connection for 172.67.200.63 using <_io.TextIOWrapper name='logs.json' mode='a' encoding='UTF-8'> and week3-roots.pem
Creating connection for 104.210.154.101 using <_io.TextIOWrapper name='logs.json' mode='a' encoding='UTF-8'> and week3-roots.pem
Creating connection for 3.122.135.67 using <_io.TextIOWrapper name='logs.json' mode='a' encoding='UTF-8'> and week3-roots.pem
CONNECTION ERROR:  
Creating connection for 172.67.174.216 using <_io.TextIOWrapper name='logs.json' mode='a' encoding='UTF-8'> and week3-roots.pem
CONNECTION ERROR:  
Creating connection for 192.104.183.209 using <_io.TextIOWrapper name='logs.json' mode='a' encoding='UTF-8'> and week3-roots.pem
Creating connection for 104.21.89.243 using <_io.TextIOWrapper name='logs.json' mode='a' encoding='UTF-8'> and week3-roots.pem
CONNECTION ERROR:  timed out
Creating connection for 91.195.240.12 using <_io.TextIOWrapper name='logs.json' mode='a' encoding='UTF-8'> and week3-roots.pem
Creating connection for 216.150.240.165 using <_io.TextIOWrapper name='logs.json' mode='a' encoding='UTF-8'> and week3-roots.pem
CONNECTION ERROR:  
CONNECTION ERROR:  
Creating connection for 172.67.182.228 using <_io.TextIOWrapper name='logs.json' mode='a' encoding='UTF-8'> and week3-roots.pem
Creating connection for 65.9.86.77 using <_io.TextIOWrapper name='logs.json' mode='a' encoding='UTF-8'> and week3-roots.pem
CONNECTION ERROR:  [Errno 111] Connection refused
CONNECTION ERROR:  
CONNECTION ERROR:  (32, 'EPIPE')
CONNECTION ERROR:  
CONNECTION ERROR:  
Creating connection for 103.224.182.24 using <_io.TextIOWrapper name='logs.json' mode='a' encoding='UTF-8'> and week3-roots.pem
CONNECTION ERROR:  
Creating connection for 45.178.7.164 using <_io.TextIOWrapper name='logs.json' mode='a' encoding='UTF-8'> and week3-roots.pem
Creating connection for 35.202.21.90 using <_io.TextIOWrapper name='logs.json' mode='a' encoding='UTF-8'> and week3-roots.pem
Creating connection for 52.89.14.193 using <_io.TextIOWrapper name='logs.json' mode='a' encoding='UTF-8'> and week3-roots.pem
CONNECTION ERROR:  
CONNECTION ERROR:  
CONNECTION ERROR:  [Errno 111] Connection refused
Creating connection for 203.30.191.209 using <_io.TextIOWrapper name='logs.json' mode='a' encoding='UTF-8'> and week3-roots.pem
Creating connection for 185.230.63.107 using <_io.TextIOWrapper name='logs.json' mode='a' encoding='UTF-8'> and week3-roots.pem
CONNECTION ERROR:  (32, 'EPIPE')
CONNECTION ERROR:  
CONNECTION ERROR:  
CONNECTION ERROR:  
Creating connection for 216.40.34.41 using <_io.TextIOWrapper name='logs.json' mode='a' encoding='UTF-8'> and week3-roots.pem
CONNECTION ERROR:  
CONNECTION ERROR:  
Creating connection for 49.212.168.165 using <_io.TextIOWrapper name='logs.json' mode='a' encoding='UTF-8'> and week3-roots.pem
CONNECTION ERROR:  
CONNECTION ERROR:  
CONNECTION ERROR:  
CONNECTION ERROR:  
Creating connection for 140.143.152.98 using <_io.TextIOWrapper name='logs.json' mode='a' encoding='UTF-8'> and week3-roots.pem
Creating connection for 172.64.151.153 using <_io.TextIOWrapper name='logs.json' mode='a' encoding='UTF-8'> and week3-roots.pem
CONNECTION ERROR:  
Creating connection for 182.16.38.164 using <_io.TextIOWrapper name='logs.json' mode='a' encoding='UTF-8'> and week3-roots.pem
Creating connection for 58.218.208.120 using <_io.TextIOWrapper name='logs.json' mode='a' encoding='UTF-8'> and week3-roots.pem
Creating connection for 23.222.37.123 using <_io.TextIOWrapper name='logs.json' mode='a' encoding='UTF-8'> and week3-roots.pem
Creating connection for 212.98.224.64 using <_io.TextIOWrapper name='logs.json' mode='a' encoding='UTF-8'> and week3-roots.pem
Creating connection for 185.117.72.243 using <_io.TextIOWrapper name='logs.json' mode='a' encoding='UTF-8'> and week3-roots.pem
CONNECTION ERROR:  
Creating connection for 104.26.12.235 using <_io.TextIOWrapper name='logs.json' mode='a' encoding='UTF-8'> and week3-roots.pem
CONNECTION ERROR:  
Creating connection for 103.246.18.12 using <_io.TextIOWrapper name='logs.json' mode='a' encoding='UTF-8'> and week3-roots.pem
Creating connection for 51.104.253.133 using <_io.TextIOWrapper name='logs.json' mode='a' encoding='UTF-8'> and week3-roots.pem
Creating connection for 195.15.225.113 using <_io.TextIOWrapper name='logs.json' mode='a' encoding='UTF-8'> and week3-roots.pem
CONNECTION ERROR:  
Creating connection for 45.130.41.25 using <_io.TextIOWrapper name='logs.json' mode='a' encoding='UTF-8'> and week3-roots.pem
Creating connection for 192.124.249.59 using <_io.TextIOWrapper name='logs.json' mode='a' encoding='UTF-8'> and week3-roots.pem
Creating connection for 173.236.225.76 using <_io.TextIOWrapper name='logs.json' mode='a' encoding='UTF-8'> and week3-roots.pem
Creating connection for 80.247.237.68 using <_io.TextIOWrapper name='logs.json' mode='a' encoding='UTF-8'> and week3-roots.pem
CONNECTION ERROR:  
CONNECTION ERROR:  
Creating connection for 192.169.190.211 using <_io.TextIOWrapper name='logs.json' mode='a' encoding='UTF-8'> and week3-roots.pem
Creating connection for 104.21.15.136 using <_io.TextIOWrapper name='logs.json' mode='a' encoding='UTF-8'> and week3-roots.pem
CONNECTION ERROR:  
Creating connection for 84.53.185.120 using <_io.TextIOWrapper name='logs.json' mode='a' encoding='UTF-8'> and week3-roots.pem
Creating connection for 172.67.170.208 using <_io.TextIOWrapper name='logs.json' mode='a' encoding='UTF-8'> and week3-roots.pem
CONNECTION ERROR:  
CONNECTION ERROR:  
Creating connection for 47.98.175.124 using <_io.TextIOWrapper name='logs.json' mode='a' encoding='UTF-8'> and week3-roots.pem
Creating connection for 104.26.3.136 using <_io.TextIOWrapper name='logs.json' mode='a' encoding='UTF-8'> and week3-roots.pem
CONNECTION ERROR:  
CONNECTION ERROR:  
CONNECTION ERROR:  
CONNECTION ERROR:  
CONNECTION ERROR:  
CONNECTION ERROR:  
CONNECTION ERROR:  
CONNECTION ERROR:  
CONNECTION ERROR:  
Creating connection for 72.52.179.174 using <_io.TextIOWrapper name='logs.json' mode='a' encoding='UTF-8'> and week3-roots.pem
Creating connection for 104.18.21.80 using <_io.TextIOWrapper name='logs.json' mode='a' encoding='UTF-8'> and week3-roots.pem
Creating connection for 172.67.138.168 using <_io.TextIOWrapper name='logs.json' mode='a' encoding='UTF-8'> and week3-roots.pem
CONNECTION ERROR:  
Creating connection for 132.145.57.0 using <_io.TextIOWrapper name='logs.json' mode='a' encoding='UTF-8'> and week3-roots.pem
CONNECTION ERROR:  
CONNECTION ERROR:  
CONNECTION ERROR:  timed out
CONNECTION ERROR:  
CONNECTION ERROR:  
CONNECTION ERROR:  
CONNECTION ERROR:  
CONNECTION ERROR:  
Creating connection for 52.69.4.119 using <_io.TextIOWrapper name='logs.json' mode='a' encoding='UTF-8'> and week3-roots.pem
Creating connection for 194.67.71.175 using <_io.TextIOWrapper name='logs.json' mode='a' encoding='UTF-8'> and week3-roots.pem
CONNECTION ERROR:  
CONNECTION ERROR:  
Creating connection for 65.9.86.34 using <_io.TextIOWrapper name='logs.json' mode='a' encoding='UTF-8'> and week3-roots.pem
Creating connection for 172.67.69.165 using <_io.TextIOWrapper name='logs.json' mode='a' encoding='UTF-8'> and week3-roots.pem
CONNECTION ERROR:  
CONNECTION ERROR:  
CONNECTION ERROR:  
Creating connection for 203.34.28.103 using <_io.TextIOWrapper name='logs.json' mode='a' encoding='UTF-8'> and week3-roots.pem
Creating connection for 104.22.76.91 using <_io.TextIOWrapper name='logs.json' mode='a' encoding='UTF-8'> and week3-roots.pem
Creating connection for 172.67.218.162 using <_io.TextIOWrapper name='logs.json' mode='a' encoding='UTF-8'> and week3-roots.pem
Creating connection for 104.21.80.65 using <_io.TextIOWrapper name='logs.json' mode='a' encoding='UTF-8'> and week3-roots.pem
CONNECTION ERROR:  
Creating connection for 34.70.39.227 using <_io.TextIOWrapper name='logs.json' mode='a' encoding='UTF-8'> and week3-roots.pem
CONNECTION ERROR:  
Creating connection for 34.253.157.59 using <_io.TextIOWrapper name='logs.json' mode='a' encoding='UTF-8'> and week3-roots.pem
CONNECTION ERROR:  
Creating connection for 13.107.246.67 using <_io.TextIOWrapper name='logs.json' mode='a' encoding='UTF-8'> and week3-roots.pem
Creating connection for 195.78.122.161 using <_io.TextIOWrapper name='logs.json' mode='a' encoding='UTF-8'> and week3-roots.pem
Creating connection for 65.9.86.39 using <_io.TextIOWrapper name='logs.json' mode='a' encoding='UTF-8'> and week3-roots.pem
Creating connection for 39.98.217.21 using <_io.TextIOWrapper name='logs.json' mode='a' encoding='UTF-8'> and week3-roots.pem
Creating connection for 104.18.38.198 using <_io.TextIOWrapper name='logs.json' mode='a' encoding='UTF-8'> and week3-roots.pem
Creating connection for 192.254.249.213 using <_io.TextIOWrapper name='logs.json' mode='a' encoding='UTF-8'> and week3-roots.pem
Creating connection for 198.46.84.61 using <_io.TextIOWrapper name='logs.json' mode='a' encoding='UTF-8'> and week3-roots.pem
Creating connection for 62.182.23.124 using <_io.TextIOWrapper name='logs.json' mode='a' encoding='UTF-8'> and week3-roots.pem
Creating connection for 45.81.224.12 using <_io.TextIOWrapper name='logs.json' mode='a' encoding='UTF-8'> and week3-roots.pem
Creating connection for 217.160.0.167 using <_io.TextIOWrapper name='logs.json' mode='a' encoding='UTF-8'> and week3-roots.pem
Creating connection for 162.159.128.234 using <_io.TextIOWrapper name='logs.json' mode='a' encoding='UTF-8'> and week3-roots.pem
CONNECTION ERROR:  
Creating connection for 198.49.71.249 using <_io.TextIOWrapper name='logs.json' mode='a' encoding='UTF-8'> and week3-roots.pem
CONNECTION ERROR:  
CONNECTION ERROR:  
CONNECTION ERROR:  
CONNECTION ERROR:  
CONNECTION ERROR:  
CONNECTION ERROR:  timed out
CONNECTION ERROR:  
Creating connection for 198.61.216.171 using <_io.TextIOWrapper name='logs.json' mode='a' encoding='UTF-8'> and week3-roots.pem
Creating connection for 104.22.24.160 using <_io.TextIOWrapper name='logs.json' mode='a' encoding='UTF-8'> and week3-roots.pem
CONNECTION ERROR:  
CONNECTION ERROR:  
Creating connection for 190.115.24.54 using <_io.TextIOWrapper name='logs.json' mode='a' encoding='UTF-8'> and week3-roots.pem
CONNECTION ERROR:  
Creating connection for 151.101.1.122 using <_io.TextIOWrapper name='logs.json' mode='a' encoding='UTF-8'> and week3-roots.pem
Creating connection for 95.163.97.105 using <_io.TextIOWrapper name='logs.json' mode='a' encoding='UTF-8'> and week3-roots.pem
Creating connection for 104.24.146.6 using <_io.TextIOWrapper name='logs.json' mode='a' encoding='UTF-8'> and week3-roots.pem
Creating connection for 18.164.116.92 using <_io.TextIOWrapper name='logs.json' mode='a' encoding='UTF-8'> and week3-roots.pem
Creating connection for 104.20.83.204 using <_io.TextIOWrapper name='logs.json' mode='a' encoding='UTF-8'> and week3-roots.pem
CONNECTION ERROR:  
Creating connection for 66.22.125.29 using <_io.TextIOWrapper name='logs.json' mode='a' encoding='UTF-8'> and week3-roots.pem
Creating connection for 80.247.233.137 using <_io.TextIOWrapper name='logs.json' mode='a' encoding='UTF-8'> and week3-roots.pem
Creating connection for 151.101.37.73 using <_io.TextIOWrapper name='logs.json' mode='a' encoding='UTF-8'> and week3-roots.pem
Creating connection for 45.130.41.14 using <_io.TextIOWrapper name='logs.json' mode='a' encoding='UTF-8'> and week3-roots.pem
Creating connection for 104.26.2.223 using <_io.TextIOWrapper name='logs.json' mode='a' encoding='UTF-8'> and week3-roots.pem
Creating connection for 66.170.250.4 using <_io.TextIOWrapper name='logs.json' mode='a' encoding='UTF-8'> and week3-roots.pem
CONNECTION ERROR:  
CONNECTION ERROR:  
CONNECTION ERROR:  
CONNECTION ERROR:  
Creating connection for 104.253.21.70 using <_io.TextIOWrapper name='logs.json' mode='a' encoding='UTF-8'> and week3-roots.pem
Creating connection for 104.26.11.196 using <_io.TextIOWrapper name='logs.json' mode='a' encoding='UTF-8'> and week3-roots.pem
CONNECTION ERROR:  
CONNECTION ERROR:  
CONNECTION ERROR:  
CONNECTION ERROR:  
Creating connection for 172.67.178.231 using <_io.TextIOWrapper name='logs.json' mode='a' encoding='UTF-8'> and week3-roots.pem
CONNECTION ERROR:  
CONNECTION ERROR:  
CONNECTION ERROR:  
CONNECTION ERROR:  
CONNECTION ERROR:  
CONNECTION ERROR:  
Creating connection for 104.21.55.44 using <_io.TextIOWrapper name='logs.json' mode='a' encoding='UTF-8'> and week3-roots.pem
Creating connection for 108.157.4.67 using <_io.TextIOWrapper name='logs.json' mode='a' encoding='UTF-8'> and week3-roots.pem
Creating connection for 104.22.15.32 using <_io.TextIOWrapper name='logs.json' mode='a' encoding='UTF-8'> and week3-roots.pem
CONNECTION ERROR:  
CONNECTION ERROR:  
CONNECTION ERROR:  
CONNECTION ERROR:  [Errno 111] Connection refused
CONNECTION ERROR:  (32, 'EPIPE')
CONNECTION ERROR:  
CONNECTION ERROR:  
Creating connection for 37.1.197.107 using <_io.TextIOWrapper name='logs.json' mode='a' encoding='UTF-8'> and week3-roots.pem
CONNECTION ERROR:  
CONNECTION ERROR:  
CONNECTION ERROR:  
CONNECTION ERROR:  [Errno 111] Connection refused
CONNECTION ERROR:  (32, 'EPIPE')
CONNECTION ERROR:  
Creating connection for 104.21.16.193 using <_io.TextIOWrapper name='logs.json' mode='a' encoding='UTF-8'> and week3-roots.pem
Creating connection for 18.192.76.182 using <_io.TextIOWrapper name='logs.json' mode='a' encoding='UTF-8'> and week3-roots.pem
Creating connection for 208.91.197.25 using <_io.TextIOWrapper name='logs.json' mode='a' encoding='UTF-8'> and week3-roots.pem
Creating connection for 188.114.97.12 using <_io.TextIOWrapper name='logs.json' mode='a' encoding='UTF-8'> and week3-roots.pem
Creating connection for 15.197.157.79 using <_io.TextIOWrapper name='logs.json' mode='a' encoding='UTF-8'> and week3-roots.pem
CONNECTION ERROR:  
Creating connection for 130.242.29.34 using <_io.TextIOWrapper name='logs.json' mode='a' encoding='UTF-8'> and week3-roots.pem
CONNECTION ERROR:  
Creating connection for 104.26.15.177 using <_io.TextIOWrapper name='logs.json' mode='a' encoding='UTF-8'> and week3-roots.pem
Creating connection for 185.221.160.19 using <_io.TextIOWrapper name='logs.json' mode='a' encoding='UTF-8'> and week3-roots.pem
Creating connection for 54.194.170.100 using <_io.TextIOWrapper name='logs.json' mode='a' encoding='UTF-8'> and week3-roots.pem
Creating connection for 82.202.213.242 using <_io.TextIOWrapper name='logs.json' mode='a' encoding='UTF-8'> and week3-roots.pem
Creating connection for 151.101.193.124 using <_io.TextIOWrapper name='logs.json' mode='a' encoding='UTF-8'> and week3-roots.pem
Creating connection for 212.1.205.35 using <_io.TextIOWrapper name='logs.json' mode='a' encoding='UTF-8'> and week3-roots.pem
CONNECTION ERROR:  
Creating connection for 43.135.21.55 using <_io.TextIOWrapper name='logs.json' mode='a' encoding='UTF-8'> and week3-roots.pem
Creating connection for 109.70.26.37 using <_io.TextIOWrapper name='logs.json' mode='a' encoding='UTF-8'> and week3-roots.pem
Creating connection for 104.21.91.48 using <_io.TextIOWrapper name='logs.json' mode='a' encoding='UTF-8'> and week3-roots.pem
CONNECTION ERROR:  
CONNECTION ERROR:  
CONNECTION ERROR:  
CONNECTION ERROR:  
Creating connection for 79.99.71.171 using <_io.TextIOWrapper name='logs.json' mode='a' encoding='UTF-8'> and week3-roots.pem
Creating connection for 50.62.57.200 using <_io.TextIOWrapper name='logs.json' mode='a' encoding='UTF-8'> and week3-roots.pem
CONNECTION ERROR:  
CONNECTION ERROR:  
Creating connection for 104.21.4.62 using <_io.TextIOWrapper name='logs.json' mode='a' encoding='UTF-8'> and week3-roots.pem
CONNECTION ERROR:  
CONNECTION ERROR:  
CONNECTION ERROR:  
Creating connection for 211.103.207.122 using <_io.TextIOWrapper name='logs.json' mode='a' encoding='UTF-8'> and week3-roots.pem
Creating connection for 188.166.138.94 using <_io.TextIOWrapper name='logs.json' mode='a' encoding='UTF-8'> and week3-roots.pem
Creating connection for 192.124.249.3 using <_io.TextIOWrapper name='logs.json' mode='a' encoding='UTF-8'> and week3-roots.pem
CONNECTION ERROR:  
CONNECTION ERROR:  
Creating connection for 35.153.78.113 using <_io.TextIOWrapper name='logs.json' mode='a' encoding='UTF-8'> and week3-roots.pem
Creating connection for 104.21.234.123 using <_io.TextIOWrapper name='logs.json' mode='a' encoding='UTF-8'> and week3-roots.pem
Creating connection for 162.55.125.11 using <_io.TextIOWrapper name='logs.json' mode='a' encoding='UTF-8'> and week3-roots.pem
Creating connection for 172.67.74.123 using <_io.TextIOWrapper name='logs.json' mode='a' encoding='UTF-8'> and week3-roots.pem
Creating connection for 188.114.97.3 using <_io.TextIOWrapper name='logs.json' mode='a' encoding='UTF-8'> and week3-roots.pem
Creating connection for 188.114.96.2 using <_io.TextIOWrapper name='logs.json' mode='a' encoding='UTF-8'> and week3-roots.pem
Creating connection for 85.13.166.62 using <_io.TextIOWrapper name='logs.json' mode='a' encoding='UTF-8'> and week3-roots.pem
Creating connection for 81.169.145.79 using <_io.TextIOWrapper name='logs.json' mode='a' encoding='UTF-8'> and week3-roots.pem
Creating connection for 198.1.79.120 using <_io.TextIOWrapper name='logs.json' mode='a' encoding='UTF-8'> and week3-roots.pem
Creating connection for 104.73.129.95 using <_io.TextIOWrapper name='logs.json' mode='a' encoding='UTF-8'> and week3-roots.pem
CONNECTION ERROR:  
CONNECTION ERROR:  
CONNECTION ERROR:  timed out
Creating connection for 153.120.158.87 using <_io.TextIOWrapper name='logs.json' mode='a' encoding='UTF-8'> and week3-roots.pem
CONNECTION ERROR:  
CONNECTION ERROR:  
CONNECTION ERROR:  
CONNECTION ERROR:  
CONNECTION ERROR:  
CONNECTION ERROR:  
Creating connection for 217.70.184.38 using <_io.TextIOWrapper name='logs.json' mode='a' encoding='UTF-8'> and week3-roots.pem
Creating connection for 5.61.54.95 using <_io.TextIOWrapper name='logs.json' mode='a' encoding='UTF-8'> and week3-roots.pem
Creating connection for 66.96.149.2 using <_io.TextIOWrapper name='logs.json' mode='a' encoding='UTF-8'> and week3-roots.pem
CONNECTION ERROR:  
CONNECTION ERROR:  
CONNECTION ERROR:  
Creating connection for 104.21.45.36 using <_io.TextIOWrapper name='logs.json' mode='a' encoding='UTF-8'> and week3-roots.pem
Creating connection for 143.204.231.71 using <_io.TextIOWrapper name='logs.json' mode='a' encoding='UTF-8'> and week3-roots.pem
Creating connection for 162.159.135.42 using <_io.TextIOWrapper name='logs.json' mode='a' encoding='UTF-8'> and week3-roots.pem
Creating connection for 65.9.86.51 using <_io.TextIOWrapper name='logs.json' mode='a' encoding='UTF-8'> and week3-roots.pem
CONNECTION ERROR:  
CONNECTION ERROR:  
Creating connection for 65.9.86.113 using <_io.TextIOWrapper name='logs.json' mode='a' encoding='UTF-8'> and week3-roots.pem
Creating connection for 91.196.124.127 using <_io.TextIOWrapper name='logs.json' mode='a' encoding='UTF-8'> and week3-roots.pem
Creating connection for 5.188.43.150 using <_io.TextIOWrapper name='logs.json' mode='a' encoding='UTF-8'> and week3-roots.pem
CONNECTION ERROR:  
CONNECTION ERROR:  
CONNECTION ERROR:  
CONNECTION ERROR:  
Creating connection for 84.17.46.54 using <_io.TextIOWrapper name='logs.json' mode='a' encoding='UTF-8'> and week3-roots.pem
Creating connection for 46.234.100.104 using <_io.TextIOWrapper name='logs.json' mode='a' encoding='UTF-8'> and week3-roots.pem
Creating connection for 35.82.237.91 using <_io.TextIOWrapper name='logs.json' mode='a' encoding='UTF-8'> and week3-roots.pem
Creating connection for 45.67.58.147 using <_io.TextIOWrapper name='logs.json' mode='a' encoding='UTF-8'> and week3-roots.pem
Creating connection for 52.79.98.212 using <_io.TextIOWrapper name='logs.json' mode='a' encoding='UTF-8'> and week3-roots.pem
CONNECTION ERROR:  
Creating connection for 188.244.81.92 using <_io.TextIOWrapper name='logs.json' mode='a' encoding='UTF-8'> and week3-roots.pem
CONNECTION ERROR:  
Creating connection for 104.20.63.188 using <_io.TextIOWrapper name='logs.json' mode='a' encoding='UTF-8'> and week3-roots.pem
CONNECTION ERROR:  
CONNECTION ERROR:  
Creating connection for 131.72.237.10 using <_io.TextIOWrapper name='logs.json' mode='a' encoding='UTF-8'> and week3-roots.pem
CONNECTION ERROR:  
Creating connection for 86.105.244.1 using <_io.TextIOWrapper name='logs.json' mode='a' encoding='UTF-8'> and week3-roots.pem
Creating connection for 13.248.155.104 using <_io.TextIOWrapper name='logs.json' mode='a' encoding='UTF-8'> and week3-roots.pem
CONNECTION ERROR:  
CONNECTION ERROR:  
CONNECTION ERROR:  timed out
CONNECTION ERROR:  
CONNECTION ERROR:  [Errno 111] Connection refused
CONNECTION ERROR:  (32, 'EPIPE')
CONNECTION ERROR:  
CONNECTION ERROR:  
Creating connection for 172.67.69.93 using <_io.TextIOWrapper name='logs.json' mode='a' encoding='UTF-8'> and week3-roots.pem
CONNECTION ERROR:  
CONNECTION ERROR:  
CONNECTION ERROR:  
CONNECTION ERROR:  
CONNECTION ERROR:  
CONNECTION ERROR:  
Creating connection for 91.206.178.13 using <_io.TextIOWrapper name='logs.json' mode='a' encoding='UTF-8'> and week3-roots.pem
Creating connection for 198.12.144.78 using <_io.TextIOWrapper name='logs.json' mode='a' encoding='UTF-8'> and week3-roots.pem
Creating connection for 81.17.29.148 using <_io.TextIOWrapper name='logs.json' mode='a' encoding='UTF-8'> and week3-roots.pem
CONNECTION ERROR:  
CONNECTION ERROR:  
Creating connection for 208.91.197.26 using <_io.TextIOWrapper name='logs.json' mode='a' encoding='UTF-8'> and week3-roots.pem
Creating connection for 172.67.164.2 using <_io.TextIOWrapper name='logs.json' mode='a' encoding='UTF-8'> and week3-roots.pem
CONNECTION ERROR:  
Creating connection for 188.114.96.3 using <_io.TextIOWrapper name='logs.json' mode='a' encoding='UTF-8'> and week3-roots.pem
Creating connection for 212.193.156.184 using <_io.TextIOWrapper name='logs.json' mode='a' encoding='UTF-8'> and week3-roots.pem
Creating connection for 161.53.8.4 using <_io.TextIOWrapper name='logs.json' mode='a' encoding='UTF-8'> and week3-roots.pem
Creating connection for 99.83.154.118 using <_io.TextIOWrapper name='logs.json' mode='a' encoding='UTF-8'> and week3-roots.pem
Creating connection for 104.21.33.154 using <_io.TextIOWrapper name='logs.json' mode='a' encoding='UTF-8'> and week3-roots.pem
Creating connection for 222.240.205.89 using <_io.TextIOWrapper name='logs.json' mode='a' encoding='UTF-8'> and week3-roots.pem
Creating connection for 47.246.48.231 using <_io.TextIOWrapper name='logs.json' mode='a' encoding='UTF-8'> and week3-roots.pem
CONNECTION ERROR:  
CONNECTION ERROR:  
CONNECTION ERROR:  
Creating connection for 62.113.105.167 using <_io.TextIOWrapper name='logs.json' mode='a' encoding='UTF-8'> and week3-roots.pem
Creating connection for 52.29.161.228 using <_io.TextIOWrapper name='logs.json' mode='a' encoding='UTF-8'> and week3-roots.pem
Creating connection for 160.153.75.130 using <_io.TextIOWrapper name='logs.json' mode='a' encoding='UTF-8'> and week3-roots.pem
Creating connection for 172.67.73.12 using <_io.TextIOWrapper name='logs.json' mode='a' encoding='UTF-8'> and week3-roots.pem
Creating connection for 172.67.141.212 using <_io.TextIOWrapper name='logs.json' mode='a' encoding='UTF-8'> and week3-roots.pem
Creating connection for 151.101.130.159 using <_io.TextIOWrapper name='logs.json' mode='a' encoding='UTF-8'> and week3-roots.pem
CONNECTION ERROR:  
CONNECTION ERROR:  
CONNECTION ERROR:  
CONNECTION ERROR:  
Creating connection for 104.21.21.53 using <_io.TextIOWrapper name='logs.json' mode='a' encoding='UTF-8'> and week3-roots.pem
Creating connection for 205.251.18.51 using <_io.TextIOWrapper name='logs.json' mode='a' encoding='UTF-8'> and week3-roots.pem
Creating connection for 104.22.10.178 using <_io.TextIOWrapper name='logs.json' mode='a' encoding='UTF-8'> and week3-roots.pem
Creating connection for 104.26.6.218 using <_io.TextIOWrapper name='logs.json' mode='a' encoding='UTF-8'> and week3-roots.pem
CONNECTION ERROR:  
Creating connection for 198.185.159.145 using <_io.TextIOWrapper name='logs.json' mode='a' encoding='UTF-8'> and week3-roots.pem
Creating connection for 88.221.24.130 using <_io.TextIOWrapper name='logs.json' mode='a' encoding='UTF-8'> and week3-roots.pem
Creating connection for 151.101.194.217 using <_io.TextIOWrapper name='logs.json' mode='a' encoding='UTF-8'> and week3-roots.pem
Creating connection for 96.16.53.197 using <_io.TextIOWrapper name='logs.json' mode='a' encoding='UTF-8'> and week3-roots.pem
Creating connection for 188.114.96.3 using <_io.TextIOWrapper name='logs.json' mode='a' encoding='UTF-8'> and week3-roots.pem
Creating connection for 185.178.208.148 using <_io.TextIOWrapper name='logs.json' mode='a' encoding='UTF-8'> and week3-roots.pem
Creating connection for 189.240.126.18 using <_io.TextIOWrapper name='logs.json' mode='a' encoding='UTF-8'> and week3-roots.pem
CONNECTION ERROR:  
CONNECTION ERROR:  
CONNECTION ERROR:  
CONNECTION ERROR:  
CONNECTION ERROR:  
CONNECTION ERROR:  [Errno 111] Connection refused
CONNECTION ERROR:  
CONNECTION ERROR:  
CONNECTION ERROR:  
CONNECTION ERROR:  
CONNECTION ERROR:  
CONNECTION ERROR:  (32, 'EPIPE')
Creating connection for 104.26.12.36 using <_io.TextIOWrapper name='logs.json' mode='a' encoding='UTF-8'> and week3-roots.pem
CONNECTION ERROR:  
Creating connection for 104.18.18.224 using <_io.TextIOWrapper name='logs.json' mode='a' encoding='UTF-8'> and week3-roots.pem
Creating connection for 65.9.86.66 using <_io.TextIOWrapper name='logs.json' mode='a' encoding='UTF-8'> and week3-roots.pem
Creating connection for 103.224.212.220 using <_io.TextIOWrapper name='logs.json' mode='a' encoding='UTF-8'> and week3-roots.pem
Creating connection for 172.67.132.54 using <_io.TextIOWrapper name='logs.json' mode='a' encoding='UTF-8'> and week3-roots.pem
CONNECTION ERROR:  
CONNECTION ERROR:  
CONNECTION ERROR:  
CONNECTION ERROR:  
CONNECTION ERROR:  
CONNECTION ERROR:  
CONNECTION ERROR:  
Creating connection for 104.21.26.172 using <_io.TextIOWrapper name='logs.json' mode='a' encoding='UTF-8'> and week3-roots.pem
CONNECTION ERROR:  
CONNECTION ERROR:  
CONNECTION ERROR:  [Errno 111] Connection refused
Creating connection for 87.236.16.158 using <_io.TextIOWrapper name='logs.json' mode='a' encoding='UTF-8'> and week3-roots.pem
CONNECTION ERROR:  
CONNECTION ERROR:  (32, 'EPIPE')
CONNECTION ERROR:  
Creating connection for 172.67.69.220 using <_io.TextIOWrapper name='logs.json' mode='a' encoding='UTF-8'> and week3-roots.pem
CONNECTION ERROR:  
CONNECTION ERROR:  
Creating connection for 172.67.222.236 using <_io.TextIOWrapper name='logs.json' mode='a' encoding='UTF-8'> and week3-roots.pem
Creating connection for 107.154.80.30 using <_io.TextIOWrapper name='logs.json' mode='a' encoding='UTF-8'> and week3-roots.pem
Creating connection for 104.21.85.38 using <_io.TextIOWrapper name='logs.json' mode='a' encoding='UTF-8'> and week3-roots.pem
Creating connection for 199.15.163.128 using <_io.TextIOWrapper name='logs.json' mode='a' encoding='UTF-8'> and week3-roots.pem
CONNECTION ERROR:  
Creating connection for 172.64.131.38 using <_io.TextIOWrapper name='logs.json' mode='a' encoding='UTF-8'> and week3-roots.pem
Creating connection for 35.197.227.153 using <_io.TextIOWrapper name='logs.json' mode='a' encoding='UTF-8'> and week3-roots.pem
Creating connection for 172.67.152.224 using <_io.TextIOWrapper name='logs.json' mode='a' encoding='UTF-8'> and week3-roots.pem
Creating connection for 63.250.43.5 using <_io.TextIOWrapper name='logs.json' mode='a' encoding='UTF-8'> and week3-roots.pem
CONNECTION ERROR:  timed out
CONNECTION ERROR:  
CONNECTION ERROR:  
CONNECTION ERROR:  
Creating connection for 185.75.252.137 using <_io.TextIOWrapper name='logs.json' mode='a' encoding='UTF-8'> and week3-roots.pem
Creating connection for 104.22.15.199 using <_io.TextIOWrapper name='logs.json' mode='a' encoding='UTF-8'> and week3-roots.pem
Creating connection for 172.67.145.223 using <_io.TextIOWrapper name='logs.json' mode='a' encoding='UTF-8'> and week3-roots.pem
Creating connection for 159.89.238.125 using <_io.TextIOWrapper name='logs.json' mode='a' encoding='UTF-8'> and week3-roots.pem
Creating connection for 85.93.128.66 using <_io.TextIOWrapper name='logs.json' mode='a' encoding='UTF-8'> and week3-roots.pem
CONNECTION ERROR:  
CONNECTION ERROR:  
Creating connection for 62.221.211.223 using <_io.TextIOWrapper name='logs.json' mode='a' encoding='UTF-8'> and week3-roots.pem
CONNECTION ERROR:  
CONNECTION ERROR:  [Errno 111] Connection refused
CONNECTION ERROR:  
CONNECTION ERROR:  
CONNECTION ERROR:  (32, 'EPIPE')
Creating connection for 188.166.204.212 using <_io.TextIOWrapper name='logs.json' mode='a' encoding='UTF-8'> and week3-roots.pem
Creating connection for 188.64.59.253 using <_io.TextIOWrapper name='logs.json' mode='a' encoding='UTF-8'> and week3-roots.pem
Creating connection for 87.236.16.36 using <_io.TextIOWrapper name='logs.json' mode='a' encoding='UTF-8'> and week3-roots.pem
Creating connection for 208.91.197.26 using <_io.TextIOWrapper name='logs.json' mode='a' encoding='UTF-8'> and week3-roots.pem
Creating connection for 151.101.2.98 using <_io.TextIOWrapper name='logs.json' mode='a' encoding='UTF-8'> and week3-roots.pem
CONNECTION ERROR:  timed out
Creating connection for 3.234.25.49 using <_io.TextIOWrapper name='logs.json' mode='a' encoding='UTF-8'> and week3-roots.pem
CONNECTION ERROR:  
CONNECTION ERROR:  
CONNECTION ERROR:  
CONNECTION ERROR:  
CONNECTION ERROR:  
CONNECTION ERROR:  
CONNECTION ERROR:  
CONNECTION ERROR:  timed out
CONNECTION ERROR:  timed out
CONNECTION ERROR:  
Creating connection for 104.26.7.169 using <_io.TextIOWrapper name='logs.json' mode='a' encoding='UTF-8'> and week3-roots.pem
CONNECTION ERROR:  
CONNECTION ERROR:  
CONNECTION ERROR:  
CONNECTION ERROR:  
CONNECTION ERROR:  
CONNECTION ERROR:  
CONNECTION ERROR:  
Creating connection for 172.67.31.249 using <_io.TextIOWrapper name='logs.json' mode='a' encoding='UTF-8'> and week3-roots.pem
Creating connection for 185.88.181.57 using <_io.TextIOWrapper name='logs.json' mode='a' encoding='UTF-8'> and week3-roots.pem
CONNECTION ERROR:  
CONNECTION ERROR:  
CONNECTION ERROR:  timed out
CONNECTION ERROR:  
CONNECTION ERROR:  
CONNECTION ERROR:  
CONNECTION ERROR:  
CONNECTION ERROR:  
Creating connection for 192.254.186.217 using <_io.TextIOWrapper name='logs.json' mode='a' encoding='UTF-8'> and week3-roots.pem
CONNECTION ERROR:  timed out
CONNECTION ERROR:  
Creating connection for 35.208.139.109 using <_io.TextIOWrapper name='logs.json' mode='a' encoding='UTF-8'> and week3-roots.pem
CONNECTION ERROR:  
Creating connection for 45.132.242.245 using <_io.TextIOWrapper name='logs.json' mode='a' encoding='UTF-8'> and week3-roots.pem
CONNECTION ERROR:  
CONNECTION ERROR:  
CONNECTION ERROR:  
CONNECTION ERROR:  
CONNECTION ERROR:  
Creating connection for 45.148.36.138 using <_io.TextIOWrapper name='logs.json' mode='a' encoding='UTF-8'> and week3-roots.pem
Creating connection for 104.208.91.119 using <_io.TextIOWrapper name='logs.json' mode='a' encoding='UTF-8'> and week3-roots.pem
Creating connection for 18.159.80.129 using <_io.TextIOWrapper name='logs.json' mode='a' encoding='UTF-8'> and week3-roots.pem
Creating connection for 192.46.208.14 using <_io.TextIOWrapper name='logs.json' mode='a' encoding='UTF-8'> and week3-roots.pem
CONNECTION ERROR:  
CONNECTION ERROR:  
Creating connection for 172.67.218.6 using <_io.TextIOWrapper name='logs.json' mode='a' encoding='UTF-8'> and week3-roots.pem
Creating connection for 172.67.73.180 using <_io.TextIOWrapper name='logs.json' mode='a' encoding='UTF-8'> and week3-roots.pem
Creating connection for 104.21.48.4 using <_io.TextIOWrapper name='logs.json' mode='a' encoding='UTF-8'> and week3-roots.pem
Creating connection for 89.185.39.158 using <_io.TextIOWrapper name='logs.json' mode='a' encoding='UTF-8'> and week3-roots.pem
Creating connection for 34.193.204.92 using <_io.TextIOWrapper name='logs.json' mode='a' encoding='UTF-8'> and week3-roots.pem
Creating connection for 172.67.75.170 using <_io.TextIOWrapper name='logs.json' mode='a' encoding='UTF-8'> and week3-roots.pem
CONNECTION ERROR:  timed out
CONNECTION ERROR:  timed out
CONNECTION ERROR:  timed out
CONNECTION ERROR:  
CONNECTION ERROR:  
CONNECTION ERROR:  
CONNECTION ERROR:  
CONNECTION ERROR:  
CONNECTION ERROR:  
CONNECTION ERROR:  
CONNECTION ERROR:  
CONNECTION ERROR:  
CONNECTION ERROR:  
Creating connection for 163.44.78.17 using <_io.TextIOWrapper name='logs.json' mode='a' encoding='UTF-8'> and week3-roots.pem
Creating connection for 104.21.36.130 using <_io.TextIOWrapper name='logs.json' mode='a' encoding='UTF-8'> and week3-roots.pem
Creating connection for 172.66.43.25 using <_io.TextIOWrapper name='logs.json' mode='a' encoding='UTF-8'> and week3-roots.pem
Creating connection for 172.67.185.157 using <_io.TextIOWrapper name='logs.json' mode='a' encoding='UTF-8'> and week3-roots.pem
CONNECTION ERROR:  
CONNECTION ERROR:  
CONNECTION ERROR:  
CONNECTION ERROR:  
CONNECTION ERROR:  
CONNECTION ERROR:  
CONNECTION ERROR:  
CONNECTION ERROR:  
Creating connection for 34.251.203.128 using <_io.TextIOWrapper name='logs.json' mode='a' encoding='UTF-8'> and week3-roots.pem
Creating connection for 35.190.19.52 using <_io.TextIOWrapper name='logs.json' mode='a' encoding='UTF-8'> and week3-roots.pem
CONNECTION ERROR:  
CONNECTION ERROR:  
Creating connection for 104.17.70.73 using <_io.TextIOWrapper name='logs.json' mode='a' encoding='UTF-8'> and week3-roots.pem
CONNECTION ERROR:  timed out
Creating connection for 172.67.168.83 using <_io.TextIOWrapper name='logs.json' mode='a' encoding='UTF-8'> and week3-roots.pem
CONNECTION ERROR:  
Creating connection for 172.67.72.91 using <_io.TextIOWrapper name='logs.json' mode='a' encoding='UTF-8'> and week3-roots.pem
CONNECTION ERROR:  
Creating connection for 104.18.9.249 using <_io.TextIOWrapper name='logs.json' mode='a' encoding='UTF-8'> and week3-roots.pem
Creating connection for 107.162.228.20 using <_io.TextIOWrapper name='logs.json' mode='a' encoding='UTF-8'> and week3-roots.pem
Creating connection for 95.130.173.50 using <_io.TextIOWrapper name='logs.json' mode='a' encoding='UTF-8'> and week3-roots.pem
CONNECTION ERROR:  
CONNECTION ERROR:  
CONNECTION ERROR:  
CONNECTION ERROR:  
Creating connection for 172.67.138.45 using <_io.TextIOWrapper name='logs.json' mode='a' encoding='UTF-8'> and week3-roots.pem
CONNECTION ERROR:  [Errno 111] Connection refused
CONNECTION ERROR:  
CONNECTION ERROR:  (32, 'EPIPE')
Creating connection for 154.86.243.238 using <_io.TextIOWrapper name='logs.json' mode='a' encoding='UTF-8'> and week3-roots.pem
CONNECTION ERROR:  
CONNECTION ERROR:  
Creating connection for 46.30.213.105 using <_io.TextIOWrapper name='logs.json' mode='a' encoding='UTF-8'> and week3-roots.pem
Creating connection for 31.31.196.135 using <_io.TextIOWrapper name='logs.json' mode='a' encoding='UTF-8'> and week3-roots.pem
Creating connection for 172.67.208.4 using <_io.TextIOWrapper name='logs.json' mode='a' encoding='UTF-8'> and week3-roots.pem
CONNECTION ERROR:  
Creating connection for 104.26.9.91 using <_io.TextIOWrapper name='logs.json' mode='a' encoding='UTF-8'> and week3-roots.pem
Creating connection for 45.56.223.152 using <_io.TextIOWrapper name='logs.json' mode='a' encoding='UTF-8'> and week3-roots.pem
Creating connection for 209.142.64.25 using <_io.TextIOWrapper name='logs.json' mode='a' encoding='UTF-8'> and week3-roots.pem
CONNECTION ERROR:  
Creating connection for 192.243.59.13 using <_io.TextIOWrapper name='logs.json' mode='a' encoding='UTF-8'> and week3-roots.pem
Creating connection for 151.101.1.124 using <_io.TextIOWrapper name='logs.json' mode='a' encoding='UTF-8'> and week3-roots.pem
Creating connection for 35.214.143.173 using <_io.TextIOWrapper name='logs.json' mode='a' encoding='UTF-8'> and week3-roots.pem
CONNECTION ERROR:  
Creating connection for 104.22.22.230 using <_io.TextIOWrapper name='logs.json' mode='a' encoding='UTF-8'> and week3-roots.pem
Creating connection for 104.21.89.57 using <_io.TextIOWrapper name='logs.json' mode='a' encoding='UTF-8'> and week3-roots.pem
CONNECTION ERROR:  
Creating connection for 34.117.122.137 using <_io.TextIOWrapper name='logs.json' mode='a' encoding='UTF-8'> and week3-roots.pem
CONNECTION ERROR:  
Creating connection for 34.98.99.30 using <_io.TextIOWrapper name='logs.json' mode='a' encoding='UTF-8'> and week3-roots.pem
CONNECTION ERROR:  
Creating connection for 98.142.97.2 using <_io.TextIOWrapper name='logs.json' mode='a' encoding='UTF-8'> and week3-roots.pem
Creating connection for 35.205.61.67 using <_io.TextIOWrapper name='logs.json' mode='a' encoding='UTF-8'> and week3-roots.pem
CONNECTION ERROR:  
Creating connection for 172.67.145.240 using <_io.TextIOWrapper name='logs.json' mode='a' encoding='UTF-8'> and week3-roots.pem
CONNECTION ERROR:  
CONNECTION ERROR:  
CONNECTION ERROR:  
Creating connection for 47.99.236.13 using <_io.TextIOWrapper name='logs.json' mode='a' encoding='UTF-8'> and week3-roots.pem
CONNECTION ERROR:  
Creating connection for 104.21.233.172 using <_io.TextIOWrapper name='logs.json' mode='a' encoding='UTF-8'> and week3-roots.pem
CONNECTION ERROR:  timed out
CONNECTION ERROR:  
Creating connection for 195.20.49.198 using <_io.TextIOWrapper name='logs.json' mode='a' encoding='UTF-8'> and week3-roots.pem
Creating connection for 100.24.137.42 using <_io.TextIOWrapper name='logs.json' mode='a' encoding='UTF-8'> and week3-roots.pem
CONNECTION ERROR:  
CONNECTION ERROR:  
Creating connection for 172.67.13.62 using <_io.TextIOWrapper name='logs.json' mode='a' encoding='UTF-8'> and week3-roots.pem
CONNECTION ERROR:  
Creating connection for 50.87.182.201 using <_io.TextIOWrapper name='logs.json' mode='a' encoding='UTF-8'> and week3-roots.pem
Creating connection for 173.255.118.175 using <_io.TextIOWrapper name='logs.json' mode='a' encoding='UTF-8'> and week3-roots.pem
Creating connection for 65.9.86.38 using <_io.TextIOWrapper name='logs.json' mode='a' encoding='UTF-8'> and week3-roots.pem
CONNECTION ERROR:  
Creating connection for 212.96.192.5 using <_io.TextIOWrapper name='logs.json' mode='a' encoding='UTF-8'> and week3-roots.pemCONNECTION ERROR:  
CONNECTION ERROR:  

Creating connection for 193.58.164.49 using <_io.TextIOWrapper name='logs.json' mode='a' encoding='UTF-8'> and week3-roots.pem
CONNECTION ERROR:  
Creating connection for 104.26.6.65 using <_io.TextIOWrapper name='logs.json' mode='a' encoding='UTF-8'> and week3-roots.pem
CONNECTION ERROR:  
CONNECTION ERROR:  timed out
CONNECTION ERROR:  
Creating connection for 185.199.110.153 using <_io.TextIOWrapper name='logs.json' mode='a' encoding='UTF-8'> and week3-roots.pem
Creating connection for 62.217.178.172 using <_io.TextIOWrapper name='logs.json' mode='a' encoding='UTF-8'> and week3-roots.pem
CONNECTION ERROR:  
Creating connection for 91.123.100.206 using <_io.TextIOWrapper name='logs.json' mode='a' encoding='UTF-8'> and week3-roots.pem
Creating connection for 37.59.176.89 using <_io.TextIOWrapper name='logs.json' mode='a' encoding='UTF-8'> and week3-roots.pem
Creating connection for 162.213.253.52 using <_io.TextIOWrapper name='logs.json' mode='a' encoding='UTF-8'> and week3-roots.pem
Creating connection for 45.148.37.11 using <_io.TextIOWrapper name='logs.json' mode='a' encoding='UTF-8'> and week3-roots.pem
CONNECTION ERROR:  timed out
Creating connection for 157.112.176.24 using <_io.TextIOWrapper name='logs.json' mode='a' encoding='UTF-8'> and week3-roots.pem
Creating connection for 172.67.156.21 using <_io.TextIOWrapper name='logs.json' mode='a' encoding='UTF-8'> and week3-roots.pem
CONNECTION ERROR:  
Creating connection for 141.136.113.14 using <_io.TextIOWrapper name='logs.json' mode='a' encoding='UTF-8'> and week3-roots.pem
CONNECTION ERROR:  
Creating connection for 188.114.96.12 using <_io.TextIOWrapper name='logs.json' mode='a' encoding='UTF-8'> and week3-roots.pem
Creating connection for 198.185.159.145 using <_io.TextIOWrapper name='logs.json' mode='a' encoding='UTF-8'> and week3-roots.pem
CONNECTION ERROR:  
CONNECTION ERROR:  
Creating connection for 47.92.12.149 using <_io.TextIOWrapper name='logs.json' mode='a' encoding='UTF-8'> and week3-roots.pem
CONNECTION ERROR:  
CONNECTION ERROR:  
CONNECTION ERROR:  
CONNECTION ERROR:  
Creating connection for 104.21.18.96 using <_io.TextIOWrapper name='logs.json' mode='a' encoding='UTF-8'> and week3-roots.pem
Creating connection for 34.251.201.224 using <_io.TextIOWrapper name='logs.json' mode='a' encoding='UTF-8'> and week3-roots.pem
Creating connection for 3.36.161.124 using <_io.TextIOWrapper name='logs.json' mode='a' encoding='UTF-8'> and week3-roots.pem
CONNECTION ERROR:  timed out
CONNECTION ERROR:  
Creating connection for 52.45.156.125 using <_io.TextIOWrapper name='logs.json' mode='a' encoding='UTF-8'> and week3-roots.pem
Creating connection for 172.67.157.3 using <_io.TextIOWrapper name='logs.json' mode='a' encoding='UTF-8'> and week3-roots.pem
CONNECTION ERROR:  
CONNECTION ERROR:  
Creating connection for 188.114.96.3 using <_io.TextIOWrapper name='logs.json' mode='a' encoding='UTF-8'> and week3-roots.pem
Creating connection for 149.7.16.233 using <_io.TextIOWrapper name='logs.json' mode='a' encoding='UTF-8'> and week3-roots.pem
Creating connection for 3.64.163.50 using <_io.TextIOWrapper name='logs.json' mode='a' encoding='UTF-8'> and week3-roots.pem
CONNECTION ERROR:  
CONNECTION ERROR:  
CONNECTION ERROR:  
Creating connection for 65.9.86.15 using <_io.TextIOWrapper name='logs.json' mode='a' encoding='UTF-8'> and week3-roots.pem
Creating connection for 54.207.48.134 using <_io.TextIOWrapper name='logs.json' mode='a' encoding='UTF-8'> and week3-roots.pem
Creating connection for 104.21.10.38 using <_io.TextIOWrapper name='logs.json' mode='a' encoding='UTF-8'> and week3-roots.pem
CONNECTION ERROR:  
Creating connection for 151.101.2.159 using <_io.TextIOWrapper name='logs.json' mode='a' encoding='UTF-8'> and week3-roots.pem
Creating connection for 104.21.90.186 using <_io.TextIOWrapper name='logs.json' mode='a' encoding='UTF-8'> and week3-roots.pem
Creating connection for 188.114.96.2 using <_io.TextIOWrapper name='logs.json' mode='a' encoding='UTF-8'> and week3-roots.pem
Creating connection for 46.8.8.100 using <_io.TextIOWrapper name='logs.json' mode='a' encoding='UTF-8'> and week3-roots.pem
Creating connection for 185.148.241.245 using <_io.TextIOWrapper name='logs.json' mode='a' encoding='UTF-8'> and week3-roots.pem
Creating connection for 104.17.90.30 using <_io.TextIOWrapper name='logs.json' mode='a' encoding='UTF-8'> and week3-roots.pem
Creating connection for 104.21.41.35 using <_io.TextIOWrapper name='logs.json' mode='a' encoding='UTF-8'> and week3-roots.pem
Creating connection for 104.21.80.118 using <_io.TextIOWrapper name='logs.json' mode='a' encoding='UTF-8'> and week3-roots.pem
CONNECTION ERROR:  
CONNECTION ERROR:  
CONNECTION ERROR:  timed out
CONNECTION ERROR:  
Creating connection for 209.182.210.209 using <_io.TextIOWrapper name='logs.json' mode='a' encoding='UTF-8'> and week3-roots.pem
Creating connection for 192.243.61.227 using <_io.TextIOWrapper name='logs.json' mode='a' encoding='UTF-8'> and week3-roots.pem
CONNECTION ERROR:  
CONNECTION ERROR:  
Creating connection for 51.254.46.56 using <_io.TextIOWrapper name='logs.json' mode='a' encoding='UTF-8'> and week3-roots.pem
Creating connection for 185.197.160.32 using <_io.TextIOWrapper name='logs.json' mode='a' encoding='UTF-8'> and week3-roots.pem
Creating connection for 69.164.223.124 using <_io.TextIOWrapper name='logs.json' mode='a' encoding='UTF-8'> and week3-roots.pem
Creating connection for 172.64.155.241 using <_io.TextIOWrapper name='logs.json' mode='a' encoding='UTF-8'> and week3-roots.pem
Creating connection for 192.243.59.12 using <_io.TextIOWrapper name='logs.json' mode='a' encoding='UTF-8'> and week3-roots.pem
CONNECTION ERROR:  
CONNECTION ERROR:  
CONNECTION ERROR:  
CONNECTION ERROR:  
Creating connection for 145.239.138.235 using <_io.TextIOWrapper name='logs.json' mode='a' encoding='UTF-8'> and week3-roots.pem
Creating connection for 62.122.172.253 using <_io.TextIOWrapper name='logs.json' mode='a' encoding='UTF-8'> and week3-roots.pem
CONNECTION ERROR:  
CONNECTION ERROR:  
CONNECTION ERROR:  
CONNECTION ERROR:  
CONNECTION ERROR:  
CONNECTION ERROR:  timed out
CONNECTION ERROR:  
CONNECTION ERROR:  
CONNECTION ERROR:  
CONNECTION ERROR:  
CONNECTION ERROR:  
Creating connection for 192.124.249.160 using <_io.TextIOWrapper name='logs.json' mode='a' encoding='UTF-8'> and week3-roots.pem
CONNECTION ERROR:  
Creating connection for 34.196.73.120 using <_io.TextIOWrapper name='logs.json' mode='a' encoding='UTF-8'> and week3-roots.pem
Creating connection for 3.219.142.49 using <_io.TextIOWrapper name='logs.json' mode='a' encoding='UTF-8'> and week3-roots.pem
Creating connection for 51.140.146.132 using <_io.TextIOWrapper name='logs.json' mode='a' encoding='UTF-8'> and week3-roots.pem
CONNECTION ERROR:  
Creating connection for 188.114.96.3 using <_io.TextIOWrapper name='logs.json' mode='a' encoding='UTF-8'> and week3-roots.pem
Creating connection for 158.69.119.19 using <_io.TextIOWrapper name='logs.json' mode='a' encoding='UTF-8'> and week3-roots.pem
Creating connection for 104.21.48.79 using <_io.TextIOWrapper name='logs.json' mode='a' encoding='UTF-8'> and week3-roots.pem
CONNECTION ERROR:  
CONNECTION ERROR:  
CONNECTION ERROR:  
CONNECTION ERROR:  
Creating connection for 46.4.70.114 using <_io.TextIOWrapper name='logs.json' mode='a' encoding='UTF-8'> and week3-roots.pem
CONNECTION ERROR:  
CONNECTION ERROR:  
CONNECTION ERROR:  timed out
CONNECTION ERROR:  
Creating connection for 208.91.197.23 using <_io.TextIOWrapper name='logs.json' mode='a' encoding='UTF-8'> and week3-roots.pem
CONNECTION ERROR:  
Creating connection for 52.85.151.6 using <_io.TextIOWrapper name='logs.json' mode='a' encoding='UTF-8'> and week3-roots.pem
Creating connection for 104.21.86.154 using <_io.TextIOWrapper name='logs.json' mode='a' encoding='UTF-8'> and week3-roots.pem
CONNECTION ERROR:  
Creating connection for 47.242.30.238 using <_io.TextIOWrapper name='logs.json' mode='a' encoding='UTF-8'> and week3-roots.pem
Creating connection for 104.19.154.92 using <_io.TextIOWrapper name='logs.json' mode='a' encoding='UTF-8'> and week3-roots.pem
Creating connection for 4.31.160.76 using <_io.TextIOWrapper name='logs.json' mode='a' encoding='UTF-8'> and week3-roots.pem
CONNECTION ERROR:  
Creating connection for 216.239.36.21 using <_io.TextIOWrapper name='logs.json' mode='a' encoding='UTF-8'> and week3-roots.pem
Creating connection for 172.66.43.137 using <_io.TextIOWrapper name='logs.json' mode='a' encoding='UTF-8'> and week3-roots.pem
CONNECTION ERROR:  
CONNECTION ERROR:  
CONNECTION ERROR:  timed out
CONNECTION ERROR:  
CONNECTION ERROR:  
CONNECTION ERROR:  
Creating connection for 23.227.38.65 using <_io.TextIOWrapper name='logs.json' mode='a' encoding='UTF-8'> and week3-roots.pem
Creating connection for 98.142.101.218 using <_io.TextIOWrapper name='logs.json' mode='a' encoding='UTF-8'> and week3-roots.pem
CONNECTION ERROR:  
Creating connection for 162.159.135.49 using <_io.TextIOWrapper name='logs.json' mode='a' encoding='UTF-8'> and week3-roots.pem
Creating connection for 124.147.15.113 using <_io.TextIOWrapper name='logs.json' mode='a' encoding='UTF-8'> and week3-roots.pem
CONNECTION ERROR:  
CONNECTION ERROR:  
Creating connection for 172.67.72.9 using <_io.TextIOWrapper name='logs.json' mode='a' encoding='UTF-8'> and week3-roots.pem
Creating connection for 104.26.3.233 using <_io.TextIOWrapper name='logs.json' mode='a' encoding='UTF-8'> and week3-roots.pem
CONNECTION ERROR:  timed out
Creating connection for 3.33.152.147 using <_io.TextIOWrapper name='logs.json' mode='a' encoding='UTF-8'> and week3-roots.pem
Creating connection for 20.75.101.58 using <_io.TextIOWrapper name='logs.json' mode='a' encoding='UTF-8'> and week3-roots.pem
Creating connection for 172.67.213.197 using <_io.TextIOWrapper name='logs.json' mode='a' encoding='UTF-8'> and week3-roots.pem
CONNECTION ERROR:  
Creating connection for 65.9.86.17 using <_io.TextIOWrapper name='logs.json' mode='a' encoding='UTF-8'> and week3-roots.pem
CONNECTION ERROR:  
CONNECTION ERROR:  
CONNECTION ERROR:  
CONNECTION ERROR:  
CONNECTION ERROR:  
CONNECTION ERROR:  
CONNECTION ERROR:  timed out
CONNECTION ERROR:  
CONNECTION ERROR:  
Creating connection for 188.114.97.3 using <_io.TextIOWrapper name='logs.json' mode='a' encoding='UTF-8'> and week3-roots.pem
CONNECTION ERROR:  
CONNECTION ERROR:  
Creating connection for 104.21.37.230 using <_io.TextIOWrapper name='logs.json' mode='a' encoding='UTF-8'> and week3-roots.pem
CONNECTION ERROR:  
Creating connection for 159.89.146.131 using <_io.TextIOWrapper name='logs.json' mode='a' encoding='UTF-8'> and week3-roots.pem
Creating connection for 103.21.58.196 using <_io.TextIOWrapper name='logs.json' mode='a' encoding='UTF-8'> and week3-roots.pem
CONNECTION ERROR:  
CONNECTION ERROR:  timed out
Creating connection for 5.61.250.176 using <_io.TextIOWrapper name='logs.json' mode='a' encoding='UTF-8'> and week3-roots.pem
Creating connection for 104.21.90.219 using <_io.TextIOWrapper name='logs.json' mode='a' encoding='UTF-8'> and week3-roots.pem
CONNECTION ERROR:  
Creating connection for 195.169.88.174 using <_io.TextIOWrapper name='logs.json' mode='a' encoding='UTF-8'> and week3-roots.pem
CONNECTION ERROR:  
CONNECTION ERROR:  
Creating connection for 35.214.92.71 using <_io.TextIOWrapper name='logs.json' mode='a' encoding='UTF-8'> and week3-roots.pem
Creating connection for 38.29.223.162 using <_io.TextIOWrapper name='logs.json' mode='a' encoding='UTF-8'> and week3-roots.pem
CONNECTION ERROR:  
Creating connection for 89.136.210.5 using <_io.TextIOWrapper name='logs.json' mode='a' encoding='UTF-8'> and week3-roots.pem
CONNECTION ERROR:  
Creating connection for 162.255.164.5 using <_io.TextIOWrapper name='logs.json' mode='a' encoding='UTF-8'> and week3-roots.pem
Creating connection for 172.64.146.39 using <_io.TextIOWrapper name='logs.json' mode='a' encoding='UTF-8'> and week3-roots.pem
Creating connection for 91.142.215.11 using <_io.TextIOWrapper name='logs.json' mode='a' encoding='UTF-8'> and week3-roots.pem
Creating connection for 151.101.66.159 using <_io.TextIOWrapper name='logs.json' mode='a' encoding='UTF-8'> and week3-roots.pem
Creating connection for 52.215.88.119 using <_io.TextIOWrapper name='logs.json' mode='a' encoding='UTF-8'> and week3-roots.pem
Creating connection for 188.254.62.124 using <_io.TextIOWrapper name='logs.json' mode='a' encoding='UTF-8'> and week3-roots.pem
Creating connection for 45.88.202.115 using <_io.TextIOWrapper name='logs.json' mode='a' encoding='UTF-8'> and week3-roots.pem
Creating connection for 188.114.96.2 using <_io.TextIOWrapper name='logs.json' mode='a' encoding='UTF-8'> and week3-roots.pem
CONNECTION ERROR:  
CONNECTION ERROR:  
CONNECTION ERROR:  
CONNECTION ERROR:  
Creating connection for 92.43.203.181 using <_io.TextIOWrapper name='logs.json' mode='a' encoding='UTF-8'> and week3-roots.pem
Creating connection for 68.74.117.177 using <_io.TextIOWrapper name='logs.json' mode='a' encoding='UTF-8'> and week3-roots.pem
CONNECTION ERROR:  
Creating connection for 154.215.153.89 using <_io.TextIOWrapper name='logs.json' mode='a' encoding='UTF-8'> and week3-roots.pem
CONNECTION ERROR:  
CONNECTION ERROR:  
Creating connection for 192.229.144.71 using <_io.TextIOWrapper name='logs.json' mode='a' encoding='UTF-8'> and week3-roots.pem
Creating connection for 194.87.245.135 using <_io.TextIOWrapper name='logs.json' mode='a' encoding='UTF-8'> and week3-roots.pem
Creating connection for 104.18.13.251 using <_io.TextIOWrapper name='logs.json' mode='a' encoding='UTF-8'> and week3-roots.pem
Creating connection for 69.167.161.101 using <_io.TextIOWrapper name='logs.json' mode='a' encoding='UTF-8'> and week3-roots.pem
Creating connection for 34.148.19.16 using <_io.TextIOWrapper name='logs.json' mode='a' encoding='UTF-8'> and week3-roots.pem
CONNECTION ERROR:  timed out
CONNECTION ERROR:  
CONNECTION ERROR:  timed out
CONNECTION ERROR:  
CONNECTION ERROR:  
CONNECTION ERROR:  
CONNECTION ERROR:  
Creating connection for 172.67.142.43 using <_io.TextIOWrapper name='logs.json' mode='a' encoding='UTF-8'> and week3-roots.pem
Creating connection for 64.185.234.190 using <_io.TextIOWrapper name='logs.json' mode='a' encoding='UTF-8'> and week3-roots.pem
Creating connection for 144.208.71.140 using <_io.TextIOWrapper name='logs.json' mode='a' encoding='UTF-8'> and week3-roots.pem
CONNECTION ERROR:  
Creating connection for 89.43.29.106 using <_io.TextIOWrapper name='logs.json' mode='a' encoding='UTF-8'> and week3-roots.pem
CONNECTION ERROR:  
CONNECTION ERROR:  
Creating connection for 198.61.251.164 using <_io.TextIOWrapper name='logs.json' mode='a' encoding='UTF-8'> and week3-roots.pem
Creating connection for 87.230.26.168 using <_io.TextIOWrapper name='logs.json' mode='a' encoding='UTF-8'> and week3-roots.pem
Creating connection for 13.211.241.228 using <_io.TextIOWrapper name='logs.json' mode='a' encoding='UTF-8'> and week3-roots.pem
Creating connection for 172.67.212.62 using <_io.TextIOWrapper name='logs.json' mode='a' encoding='UTF-8'> and week3-roots.pem
CONNECTION ERROR:  
Creating connection for 203.107.45.167 using <_io.TextIOWrapper name='logs.json' mode='a' encoding='UTF-8'> and week3-roots.pem
CONNECTION ERROR:  timed out
CONNECTION ERROR:  timed out
CONNECTION ERROR:  
Creating connection for 104.196.15.98 using <_io.TextIOWrapper name='logs.json' mode='a' encoding='UTF-8'> and week3-roots.pem
Creating connection for 136.159.96.125 using <_io.TextIOWrapper name='logs.json' mode='a' encoding='UTF-8'> and week3-roots.pem
CONNECTION ERROR:  
Creating connection for 167.99.39.236 using <_io.TextIOWrapper name='logs.json' mode='a' encoding='UTF-8'> and week3-roots.pem
Creating connection for 51.81.14.206 using <_io.TextIOWrapper name='logs.json' mode='a' encoding='UTF-8'> and week3-roots.pem
CONNECTION ERROR:  
CONNECTION ERROR:  
Creating connection for 54.213.129.250 using <_io.TextIOWrapper name='logs.json' mode='a' encoding='UTF-8'> and week3-roots.pem
Creating connection for 206.130.114.173 using <_io.TextIOWrapper name='logs.json' mode='a' encoding='UTF-8'> and week3-roots.pem
Creating connection for 104.26.1.7 using <_io.TextIOWrapper name='logs.json' mode='a' encoding='UTF-8'> and week3-roots.pem
CONNECTION ERROR:  
Creating connection for 195.78.67.29 using <_io.TextIOWrapper name='logs.json' mode='a' encoding='UTF-8'> and week3-roots.pem
CONNECTION ERROR: Creating connection for 185.56.186.91 using <_io.TextIOWrapper name='logs.json' mode='a' encoding='UTF-8'> and week3-roots.pem
CONNECTION ERROR:  
 
CONNECTION ERROR:  
CONNECTION ERROR:  timed out
Creating connection for 142.93.185.114 using <_io.TextIOWrapper name='logs.json' mode='a' encoding='UTF-8'> and week3-roots.pem
CONNECTION ERROR:  
Creating connection for 213.229.119.220 using <_io.TextIOWrapper name='logs.json' mode='a' encoding='UTF-8'> and week3-roots.pem
Creating connection for 172.67.186.176 using <_io.TextIOWrapper name='logs.json' mode='a' encoding='UTF-8'> and week3-roots.pem
Creating connection for 40.121.61.42 using <_io.TextIOWrapper name='logs.json' mode='a' encoding='UTF-8'> and week3-roots.pem
Creating connection for 78.46.124.14 using <_io.TextIOWrapper name='logs.json' mode='a' encoding='UTF-8'> and week3-roots.pem
CONNECTION ERROR:  
Creating connection for 65.9.86.105 using <_io.TextIOWrapper name='logs.json' mode='a' encoding='UTF-8'> and week3-roots.pem
CONNECTION ERROR:  
CONNECTION ERROR:  
Creating connection for 213.251.184.58 using <_io.TextIOWrapper name='logs.json' mode='a' encoding='UTF-8'> and week3-roots.pem
CONNECTION ERROR:  
Creating connection for 192.104.182.209 using <_io.TextIOWrapper name='logs.json' mode='a' encoding='UTF-8'> and week3-roots.pem
CONNECTION ERROR:  
CONNECTION ERROR:  
CONNECTION ERROR:  
CONNECTION ERROR:  timed out
Creating connection for 65.9.86.76 using <_io.TextIOWrapper name='logs.json' mode='a' encoding='UTF-8'> and week3-roots.pem
CONNECTION ERROR:  timed out
CONNECTION ERROR:  
Creating connection for 180.211.79.202 using <_io.TextIOWrapper name='logs.json' mode='a' encoding='UTF-8'> and week3-roots.pem
CONNECTION ERROR:  
CONNECTION ERROR:  
Creating connection for 52.10.191.19 using <_io.TextIOWrapper name='logs.json' mode='a' encoding='UTF-8'> and week3-roots.pem
CONNECTION ERROR:  
Creating connection for 15.165.215.24 using <_io.TextIOWrapper name='logs.json' mode='a' encoding='UTF-8'> and week3-roots.pem
Creating connection for 185.154.54.8 using <_io.TextIOWrapper name='logs.json' mode='a' encoding='UTF-8'> and week3-roots.pem
Creating connection for 136.243.17.205 using <_io.TextIOWrapper name='logs.json' mode='a' encoding='UTF-8'> and week3-roots.pem
CONNECTION ERROR:  
CONNECTION ERROR:  
Creating connection for 104.130.8.235 using <_io.TextIOWrapper name='logs.json' mode='a' encoding='UTF-8'> and week3-roots.pem
Creating connection for 193.108.118.156 using <_io.TextIOWrapper name='logs.json' mode='a' encoding='UTF-8'> and week3-roots.pem
Creating connection for 208.113.187.174 using <_io.TextIOWrapper name='logs.json' mode='a' encoding='UTF-8'> and week3-roots.pem
CONNECTION ERROR:  
CONNECTION ERROR:  
Creating connection for 185.165.116.23 using <_io.TextIOWrapper name='logs.json' mode='a' encoding='UTF-8'> and week3-roots.pem
Creating connection for 65.9.86.93 using <_io.TextIOWrapper name='logs.json' mode='a' encoding='UTF-8'> and week3-roots.pem
Creating connection for 65.9.86.75 using <_io.TextIOWrapper name='logs.json' mode='a' encoding='UTF-8'> and week3-roots.pem
Creating connection for 65.9.86.86 using <_io.TextIOWrapper name='logs.json' mode='a' encoding='UTF-8'> and week3-roots.pem
Creating connection for 101.0.112.6 using <_io.TextIOWrapper name='logs.json' mode='a' encoding='UTF-8'> and week3-roots.pem
CONNECTION ERROR:  
CONNECTION ERROR:  
Creating connection for 81.19.132.19 using <_io.TextIOWrapper name='logs.json' mode='a' encoding='UTF-8'> and week3-roots.pem
Creating connection for 104.18.42.59 using <_io.TextIOWrapper name='logs.json' mode='a' encoding='UTF-8'> and week3-roots.pem
Creating connection for 104.22.63.161 using <_io.TextIOWrapper name='logs.json' mode='a' encoding='UTF-8'> and week3-roots.pem
Creating connection for 52.233.135.159 using <_io.TextIOWrapper name='logs.json' mode='a' encoding='UTF-8'> and week3-roots.pem
CONNECTION ERROR:  
Creating connection for 95.217.196.243 using <_io.TextIOWrapper name='logs.json' mode='a' encoding='UTF-8'> and week3-roots.pem
CONNECTION ERROR:  
CONNECTION ERROR:  
Creating connection for 207.120.33.13 using <_io.TextIOWrapper name='logs.json' mode='a' encoding='UTF-8'> and week3-roots.pem
Creating connection for 104.26.9.237 using <_io.TextIOWrapper name='logs.json' mode='a' encoding='UTF-8'> and week3-roots.pem
Creating connection for 211.202.2.160 using <_io.TextIOWrapper name='logs.json' mode='a' encoding='UTF-8'> and week3-roots.pem
CONNECTION ERROR:  
Creating connection for 67.222.54.196 using <_io.TextIOWrapper name='logs.json' mode='a' encoding='UTF-8'> and week3-roots.pem
Creating connection for 193.174.254.4 using <_io.TextIOWrapper name='logs.json' mode='a' encoding='UTF-8'> and week3-roots.pem
Creating connection for 162.241.143.224 using <_io.TextIOWrapper name='logs.json' mode='a' encoding='UTF-8'> and week3-roots.pem
CONNECTION ERROR:  
CONNECTION ERROR:  
CONNECTION ERROR:  
CONNECTION ERROR:  
CONNECTION ERROR:  
CONNECTION ERROR:  
CONNECTION ERROR:  
CONNECTION ERROR:  
CONNECTION ERROR:  
CONNECTION ERROR:  
CONNECTION ERROR:  
CONNECTION ERROR:  
Creating connection for 65.9.86.124 using <_io.TextIOWrapper name='logs.json' mode='a' encoding='UTF-8'> and week3-roots.pem
CONNECTION ERROR:  
Creating connection for 104.26.8.230 using <_io.TextIOWrapper name='logs.json' mode='a' encoding='UTF-8'> and week3-roots.pem
CONNECTION ERROR:  timed out
Creating connection for 10.1.17.33 using <_io.TextIOWrapper name='logs.json' mode='a' encoding='UTF-8'> and week3-roots.pem
CONNECTION ERROR:  
CONNECTION ERROR:  
Creating connection for 23.227.38.74 using <_io.TextIOWrapper name='logs.json' mode='a' encoding='UTF-8'> and week3-roots.pem
CONNECTION ERROR:  
Creating connection for 66.29.146.74 using <_io.TextIOWrapper name='logs.json' mode='a' encoding='UTF-8'> and week3-roots.pem
CONNECTION ERROR:  
Creating connection for 213.243.196.17 using <_io.TextIOWrapper name='logs.json' mode='a' encoding='UTF-8'> and week3-roots.pem
Creating connection for 50.31.174.24 using <_io.TextIOWrapper name='logs.json' mode='a' encoding='UTF-8'> and week3-roots.pem
Creating connection for 3.66.136.156 using <_io.TextIOWrapper name='logs.json' mode='a' encoding='UTF-8'> and week3-roots.pem
Creating connection for 62.109.47.77 using <_io.TextIOWrapper name='logs.json' mode='a' encoding='UTF-8'> and week3-roots.pem
Creating connection for 35.197.81.175 using <_io.TextIOWrapper name='logs.json' mode='a' encoding='UTF-8'> and week3-roots.pem
Creating connection for 45.138.36.103 using <_io.TextIOWrapper name='logs.json' mode='a' encoding='UTF-8'> and week3-roots.pem
Creating connection for 69.16.213.27 using <_io.TextIOWrapper name='logs.json' mode='a' encoding='UTF-8'> and week3-roots.pem
Creating connection for 185.88.181.10 using <_io.TextIOWrapper name='logs.json' mode='a' encoding='UTF-8'> and week3-roots.pem
Creating connection for 213.186.33.50 using <_io.TextIOWrapper name='logs.json' mode='a' encoding='UTF-8'> and week3-roots.pem
CONNECTION ERROR:  
CONNECTION ERROR:  
CONNECTION ERROR:  
Creating connection for 104.21.18.24 using <_io.TextIOWrapper name='logs.json' mode='a' encoding='UTF-8'> and week3-roots.pem
Creating connection for 23.224.160.210 using <_io.TextIOWrapper name='logs.json' mode='a' encoding='UTF-8'> and week3-roots.pem
Creating connection for 178.32.147.226 using <_io.TextIOWrapper name='logs.json' mode='a' encoding='UTF-8'> and week3-roots.pem
Creating connection for 216.239.38.21 using <_io.TextIOWrapper name='logs.json' mode='a' encoding='UTF-8'> and week3-roots.pem
CONNECTION ERROR:  
Creating connection for 193.192.37.70 using <_io.TextIOWrapper name='logs.json' mode='a' encoding='UTF-8'> and week3-roots.pem
Creating connection for 75.2.56.191 using <_io.TextIOWrapper name='logs.json' mode='a' encoding='UTF-8'> and week3-roots.pem
Creating connection for 18.194.106.113 using <_io.TextIOWrapper name='logs.json' mode='a' encoding='UTF-8'> and week3-roots.pem
Creating connection for 104.21.38.109 using <_io.TextIOWrapper name='logs.json' mode='a' encoding='UTF-8'> and week3-roots.pem
Creating connection for 216.239.36.21 using <_io.TextIOWrapper name='logs.json' mode='a' encoding='UTF-8'> and week3-roots.pemCONNECTION ERROR:  

Creating connection for 148.251.89.252 using <_io.TextIOWrapper name='logs.json' mode='a' encoding='UTF-8'> and week3-roots.pem
CONNECTION ERROR:  
CONNECTION ERROR:  
Creating connection for 139.180.157.200 using <_io.TextIOWrapper name='logs.json' mode='a' encoding='UTF-8'> and week3-roots.pem
Creating connection for 209.182.255.86 using <_io.TextIOWrapper name='logs.json' mode='a' encoding='UTF-8'> and week3-roots.pem
CONNECTION ERROR:  
CONNECTION ERROR:  
CONNECTION ERROR:  
Creating connection for 65.9.86.64 using <_io.TextIOWrapper name='logs.json' mode='a' encoding='UTF-8'> and week3-roots.pem
Creating connection for 199.34.228.57 using <_io.TextIOWrapper name='logs.json' mode='a' encoding='UTF-8'> and week3-roots.pem
Creating connection for 192.0.66.149 using <_io.TextIOWrapper name='logs.json' mode='a' encoding='UTF-8'> and week3-roots.pem
Creating connection for 185.57.173.112 using <_io.TextIOWrapper name='logs.json' mode='a' encoding='UTF-8'> and week3-roots.pem
Creating connection for 94.142.247.19 using <_io.TextIOWrapper name='logs.json' mode='a' encoding='UTF-8'> and week3-roots.pem
CONNECTION ERROR:  
CONNECTION ERROR:  
CONNECTION ERROR:  
Creating connection for 65.9.86.85 using <_io.TextIOWrapper name='logs.json' mode='a' encoding='UTF-8'> and week3-roots.pem
CONNECTION ERROR:  
CONNECTION ERROR:  
Creating connection for 64.190.63.111 using <_io.TextIOWrapper name='logs.json' mode='a' encoding='UTF-8'> and week3-roots.pem
CONNECTION ERROR:  
Creating connection for 172.67.216.59 using <_io.TextIOWrapper name='logs.json' mode='a' encoding='UTF-8'> and week3-roots.pem
CONNECTION ERROR:  
Creating connection for 23.185.0.3 using <_io.TextIOWrapper name='logs.json' mode='a' encoding='UTF-8'> and week3-roots.pem
CONNECTION ERROR:  
CONNECTION ERROR:  
Creating connection for 52.68.63.119 using <_io.TextIOWrapper name='logs.json' mode='a' encoding='UTF-8'> and week3-roots.pem
Creating connection for 104.21.34.104 using <_io.TextIOWrapper name='logs.json' mode='a' encoding='UTF-8'> and week3-roots.pem
CONNECTION ERROR:  
Creating connection for 172.67.164.175 using <_io.TextIOWrapper name='logs.json' mode='a' encoding='UTF-8'> and week3-roots.pem
CONNECTION ERROR:  
Creating connection for 195.64.225.206 using <_io.TextIOWrapper name='logs.json' mode='a' encoding='UTF-8'> and week3-roots.pem
CONNECTION ERROR:  
CONNECTION ERROR:  
Creating connection for 52.11.45.250 using <_io.TextIOWrapper name='logs.json' mode='a' encoding='UTF-8'> and week3-roots.pem
Creating connection for 104.21.10.32 using <_io.TextIOWrapper name='logs.json' mode='a' encoding='UTF-8'> and week3-roots.pem
Creating connection for 216.155.139.163 using <_io.TextIOWrapper name='logs.json' mode='a' encoding='UTF-8'> and week3-roots.pem
CONNECTION ERROR:  
CONNECTION ERROR:  
CONNECTION ERROR:  
CONNECTION ERROR:  
Creating connection for 64.227.77.194 using <_io.TextIOWrapper name='logs.json' mode='a' encoding='UTF-8'> and week3-roots.pem
CONNECTION ERROR:  
Creating connection for 45.86.181.229 using <_io.TextIOWrapper name='logs.json' mode='a' encoding='UTF-8'> and week3-roots.pem
Creating connection for 35.209.126.25 using <_io.TextIOWrapper name='logs.json' mode='a' encoding='UTF-8'> and week3-roots.pem
Creating connection for 65.9.86.86 using <_io.TextIOWrapper name='logs.json' mode='a' encoding='UTF-8'> and week3-roots.pem
CONNECTION ERROR:  
Creating connection for 90.156.201.114 using <_io.TextIOWrapper name='logs.json' mode='a' encoding='UTF-8'> and week3-roots.pem
Creating connection for 165.160.15.20 using <_io.TextIOWrapper name='logs.json' mode='a' encoding='UTF-8'> and week3-roots.pem
CONNECTION ERROR:  
CONNECTION ERROR:  
CONNECTION ERROR:  
CONNECTION ERROR:  
Creating connection for 168.61.21.249 using <_io.TextIOWrapper name='logs.json' mode='a' encoding='UTF-8'> and week3-roots.pem
CONNECTION ERROR:  
CONNECTION ERROR:  
Creating connection for 104.26.4.162 using <_io.TextIOWrapper name='logs.json' mode='a' encoding='UTF-8'> and week3-roots.pem
Creating connection for 34.202.171.165 using <_io.TextIOWrapper name='logs.json' mode='a' encoding='UTF-8'> and week3-roots.pem
CONNECTION ERROR:  
CONNECTION ERROR:  
Creating connection for 192.124.249.67 using <_io.TextIOWrapper name='logs.json' mode='a' encoding='UTF-8'> and week3-roots.pem
CONNECTION ERROR:  
CONNECTION ERROR:  
CONNECTION ERROR:  
CONNECTION ERROR:  
CONNECTION ERROR:  
Creating connection for 104.26.4.143 using <_io.TextIOWrapper name='logs.json' mode='a' encoding='UTF-8'> and week3-roots.pem
CONNECTION ERROR:  
Creating connection for 185.74.253.152 using <_io.TextIOWrapper name='logs.json' mode='a' encoding='UTF-8'> and week3-roots.pem
CONNECTION ERROR:  
Creating connection for 208.91.197.25 using <_io.TextIOWrapper name='logs.json' mode='a' encoding='UTF-8'> and week3-roots.pem
CONNECTION ERROR:  
Creating connection for 193.107.2.22 using <_io.TextIOWrapper name='logs.json' mode='a' encoding='UTF-8'> and week3-roots.pem
CONNECTION ERROR:  
Creating connection for 65.9.86.122 using <_io.TextIOWrapper name='logs.json' mode='a' encoding='UTF-8'> and week3-roots.pem
Creating connection for 104.21.8.65 using <_io.TextIOWrapper name='logs.json' mode='a' encoding='UTF-8'> and week3-roots.pem
CONNECTION ERROR:  
CONNECTION ERROR:  
CONNECTION ERROR:  
CONNECTION ERROR:  
CONNECTION ERROR:  
Creating connection for 188.114.96.3 using <_io.TextIOWrapper name='logs.json' mode='a' encoding='UTF-8'> and week3-roots.pem
CONNECTION ERROR:  
Creating connection for 104.26.7.250 using <_io.TextIOWrapper name='logs.json' mode='a' encoding='UTF-8'> and week3-roots.pem
CONNECTION ERROR:  
Creating connection for 104.21.81.122 using <_io.TextIOWrapper name='logs.json' mode='a' encoding='UTF-8'> and week3-roots.pem
CONNECTION ERROR:  
Creating connection for 65.9.86.76 using <_io.TextIOWrapper name='logs.json' mode='a' encoding='UTF-8'> and week3-roots.pem
Creating connection for 75.101.131.168 using <_io.TextIOWrapper name='logs.json' mode='a' encoding='UTF-8'> and week3-roots.pem
CONNECTION ERROR:  
Creating connection for 85.119.149.173 using <_io.TextIOWrapper name='logs.json' mode='a' encoding='UTF-8'> and week3-roots.pem
CONNECTION ERROR:  
Creating connection for 185.50.70.30 using <_io.TextIOWrapper name='logs.json' mode='a' encoding='UTF-8'> and week3-roots.pem
CONNECTION ERROR:  
Creating connection for 65.9.86.43 using <_io.TextIOWrapper name='logs.json' mode='a' encoding='UTF-8'> and week3-roots.pem
CONNECTION ERROR:  timed out
CONNECTION ERROR:  
CONNECTION ERROR:  
Creating connection for 93.186.173.19 using <_io.TextIOWrapper name='logs.json' mode='a' encoding='UTF-8'> and week3-roots.pem
Creating connection for 116.202.161.89 using <_io.TextIOWrapper name='logs.json' mode='a' encoding='UTF-8'> and week3-roots.pem
Creating connection for 185.3.233.21 using <_io.TextIOWrapper name='logs.json' mode='a' encoding='UTF-8'> and week3-roots.pem
CONNECTION ERROR:  
CONNECTION ERROR:  
CONNECTION ERROR:  
CONNECTION ERROR:  
CONNECTION ERROR:  
Creating connection for 192.0.78.134 using <_io.TextIOWrapper name='logs.json' mode='a' encoding='UTF-8'> and week3-roots.pem
Creating connection for 52.211.102.65 using <_io.TextIOWrapper name='logs.json' mode='a' encoding='UTF-8'> and week3-roots.pem
CONNECTION ERROR:  
CONNECTION ERROR:  
Creating connection for 208.91.197.27 using <_io.TextIOWrapper name='logs.json' mode='a' encoding='UTF-8'> and week3-roots.pem
Creating connection for 54.191.53.60 using <_io.TextIOWrapper name='logs.json' mode='a' encoding='UTF-8'> and week3-roots.pem
Creating connection for 202.134.18.89 using <_io.TextIOWrapper name='logs.json' mode='a' encoding='UTF-8'> and week3-roots.pem
Creating connection for 78.140.181.105 using <_io.TextIOWrapper name='logs.json' mode='a' encoding='UTF-8'> and week3-roots.pem
CONNECTION ERROR:  
Creating connection for 54.206.58.207 using <_io.TextIOWrapper name='logs.json' mode='a' encoding='UTF-8'> and week3-roots.pem
CONNECTION ERROR:  timed out
CONNECTION ERROR:  
CONNECTION ERROR:  
CONNECTION ERROR:  
CONNECTION ERROR:  
CONNECTION ERROR:  
CONNECTION ERROR:  
CONNECTION ERROR:  
CONNECTION ERROR:  
CONNECTION ERROR:  
CONNECTION ERROR:  
CONNECTION ERROR:  
CONNECTION ERROR:  
CONNECTION ERROR:  
CONNECTION ERROR:  
CONNECTION ERROR:  [Errno 111] Connection refused
CONNECTION ERROR:  
CONNECTION ERROR:  
CONNECTION ERROR:  
CONNECTION ERROR:  
CONNECTION ERROR:  (32, 'EPIPE')
CONNECTION ERROR:  
CONNECTION ERROR:  
CONNECTION ERROR:  
CONNECTION ERROR:  timed out
CONNECTION ERROR:  
CONNECTION ERROR:  timed out
CONNECTION ERROR:  
CONNECTION ERROR:  
CONNECTION ERROR:  
CONNECTION ERROR:  
CONNECTION ERROR:  
CONNECTION ERROR:  
CONNECTION ERROR:  
CONNECTION ERROR:  
CONNECTION ERROR:  
CONNECTION ERROR:  
CONNECTION ERROR:  
CONNECTION ERROR:  
CONNECTION ERROR:  
CONNECTION ERROR:  
CONNECTION ERROR:  
CONNECTION ERROR:  
CONNECTION ERROR:  
CONNECTION ERROR:  
CONNECTION ERROR:  
CONNECTION ERROR:  
CONNECTION ERROR:  
CONNECTION ERROR:  timed out
CONNECTION ERROR:  
CONNECTION ERROR:  
CONNECTION ERROR:  
CONNECTION ERROR:  
CONNECTION ERROR:  
CONNECTION ERROR:  
CONNECTION ERROR:  
CONNECTION ERROR:  timed out
CONNECTION ERROR:  
CONNECTION ERROR:  timed out
CONNECTION ERROR:  
CONNECTION ERROR:  
CONNECTION ERROR:  
CONNECTION ERROR:  
CONNECTION ERROR:  timed out
CONNECTION ERROR:  
CONNECTION ERROR:  timed out
CONNECTION ERROR:  
CONNECTION ERROR:  
CONNECTION ERROR:  timed out
CONNECTION ERROR:  
CONNECTION ERROR:  timed out
CONNECTION ERROR:  
CONNECTION ERROR:  timed out
CONNECTION ERROR:  
CONNECTION ERROR:  timed out
CONNECTION ERROR:  
CONNECTION ERROR:  timed out
CONNECTION ERROR:  
CONNECTION ERROR:  timed out
CONNECTION ERROR:  
CONNECTION ERROR:  timed out
CONNECTION ERROR:  
CONNECTION ERROR:  timed out
CONNECTION ERROR:  
CONNECTION ERROR:  timed out
CONNECTION ERROR:  
CONNECTION ERROR:  timed out
CONNECTION ERROR:  
CONNECTION ERROR:  timed out
CONNECTION ERROR:  
CONNECTION ERROR:  timed out
CONNECTION ERROR:  
CONNECTION ERROR:  timed out
CONNECTION ERROR:  
CONNECTION ERROR:  timed out
CONNECTION ERROR:  
CONNECTION ERROR:  timed out
CONNECTION ERROR:  
CONNECTION ERROR:  timed out
CONNECTION ERROR:  timed out
CONNECTION ERROR:  
CONNECTION ERROR:  
CONNECTION ERROR:  timed out
CONNECTION ERROR:  
CONNECTION ERROR:  timed out
CONNECTION ERROR:  
CONNECTION ERROR:  timed out
CONNECTION ERROR:  
CONNECTION ERROR:  timed out
CONNECTION ERROR:  
CONNECTION ERROR:  timed out
CONNECTION ERROR:  
CONNECTION ERROR:  timed out
CONNECTION ERROR:  
CONNECTION ERROR:  timed out
CONNECTION ERROR:  
CONNECTION ERROR:  timed out
CONNECTION ERROR:  
CONNECTION ERROR:  timed out
CONNECTION ERROR:  
CONNECTION ERROR:  timed out
CONNECTION ERROR:  
CONNECTION ERROR:  timed out
CONNECTION ERROR:  
CONNECTION ERROR:  timed out
CONNECTION ERROR:  
CONNECTION ERROR:  timed out
CONNECTION ERROR:  
CONNECTION ERROR:  timed out
CONNECTION ERROR:  
CONNECTION ERROR:  timed out
CONNECTION ERROR:  
CONNECTION ERROR:  timed out
CONNECTION ERROR:  
CONNECTION ERROR:  timed out
CONNECTION ERROR:  
CONNECTION ERROR:  timed out
CONNECTION ERROR:  timed out
CONNECTION ERROR:  
CONNECTION ERROR:  
CONNECTION ERROR:  timed out
CONNECTION ERROR:  
CONNECTION ERROR:  timed out
CONNECTION ERROR:  
CONNECTION ERROR:  timed out
CONNECTION ERROR:  
CONNECTION ERROR:  timed out
CONNECTION ERROR:  
CONNECTION ERROR:  timed out
CONNECTION ERROR:  
CONNECTION ERROR:  timed out
CONNECTION ERROR:  
CONNECTION ERROR:  timed out
CONNECTION ERROR:  
CONNECTION ERROR:  timed out
CONNECTION ERROR:  
CONNECTION ERROR:  timed out
CONNECTION ERROR:  
CONNECTION ERROR:  timed out
CONNECTION ERROR:  
CONNECTION ERROR:  timed out
CONNECTION ERROR:  
CONNECTION ERROR:  timed out
CONNECTION ERROR:  
CONNECTION ERROR:  timed out
CONNECTION ERROR:  
CONNECTION ERROR:  timed out
CONNECTION ERROR:  
CONNECTION ERROR:  timed out
CONNECTION ERROR:  
CONNECTION ERROR:  timed out
CONNECTION ERROR:  
CONNECTION ERROR:  timed out
CONNECTION ERROR:  
CONNECTION ERROR:  timed out
CONNECTION ERROR:  
CONNECTION ERROR:  timed out
CONNECTION ERROR:  
CONNECTION ERROR:  timed out
CONNECTION ERROR:  
CONNECTION ERROR:  timed out
CONNECTION ERROR:  
CONNECTION ERROR:  timed out
CONNECTION ERROR:  
CONNECTION ERROR:  timed out
CONNECTION ERROR:  
CONNECTION ERROR:  timed out
CONNECTION ERROR:  
CONNECTION ERROR:  timed out
CONNECTION ERROR:  
CONNECTION ERROR:  timed out
CONNECTION ERROR:  
CONNECTION ERROR:  timed out
CONNECTION ERROR:  
CONNECTION ERROR:  timed out
CONNECTION ERROR:  
CONNECTION ERROR:  timed out
CONNECTION ERROR:  
CONNECTION ERROR:  timed out
CONNECTION ERROR:  
CONNECTION ERROR:  timed out
CONNECTION ERROR:  
CONNECTION ERROR:  timed out
CONNECTION ERROR:  
CONNECTION ERROR:  timed out
CONNECTION ERROR:  
CONNECTION ERROR:  timed out
CONNECTION ERROR:  
CONNECTION ERROR:  timed out
CONNECTION ERROR:  timed out
CONNECTION ERROR:  
CONNECTION ERROR:  
CONNECTION ERROR:  timed out
CONNECTION ERROR:  
CONNECTION ERROR:  timed out
CONNECTION ERROR:  
CONNECTION ERROR:  timed out
CONNECTION ERROR:  
CONNECTION ERROR:  timed out
CONNECTION ERROR:  
CONNECTION ERROR:  timed out
CONNECTION ERROR:  
CONNECTION ERROR:  timed out
CONNECTION ERROR:  
I IS NOW  9124
